-691 NextPrime 2 Computed
-939 NextPrime 2 Computed
966 Factorial 7673 Computed
-869 Factorial 0 Computed
638 NextPrime 641 Computed
-48 NextPrime 2 Computed
-826 NextPrime 2 Computed
180 Factorial 9742 Computed
736 Factorial 2799 Computed
697 Factorial 3831 Computed
446 NextPrime 449 Computed
-311 Factorial 0 Computed
-646 NextPrime 2 Computed
750 Factorial 2330 Computed
-141 NextPrime 2 Computed
141 NextPrime 149 Computed
608 Factorial 5667 Computed
-924 Factorial 0 Computed
453 NextPrime 457 Computed
477 Factorial 5837 Computed
16 Factorial 772 Computed
121 Factorial 2584 Computed
379 Factorial 2304 Computed
495 Factorial 8471 Computed
-275 Factorial 0 Computed
-941 NextPrime 2 Computed
989 Factorial 7043 Computed
734 NextPrime 739 Computed
-898 NextPrime 2 Computed
-393 NextPrime 2 Computed
494 NextPrime 499 Computed
959 Factorial 9889 Computed
667 NextPrime 673 Computed
-768 NextPrime 2 Computed
-131 Factorial 0 Computed
111 Factorial 7927 Computed
564 Factorial 7648 Computed
980 Factorial 5632 Computed
548 Factorial 7547 Computed
129 Factorial 1539 Computed
928 Factorial 9488 Computed
597 NextPrime 599 Computed
274 NextPrime 277 Computed
245 NextPrime 251 Computed
-25 NextPrime 2 Computed
-994 Factorial 0 Computed
-348 NextPrime 2 Computed
369 NextPrime 373 Computed
596 NextPrime 599 Computed
333 Factorial 38 Computed
739 Factorial 3006 Computed
-464 NextPrime 2 Computed
-38 NextPrime 2 Computed
-629 NextPrime 2 Computed
-548 Factorial 0 Computed
546 Factorial 771 Computed
-360 NextPrime 2 Computed
-423 Factorial 0 Computed
-233 NextPrime 2 Computed
966 Factorial 7673 Computed
-106 NextPrime 2 Computed
194 Factorial 721 Computed
970 NextPrime 971 Computed
266 NextPrime 269 Computed
187 NextPrime 191 Computed
-949 NextPrime 2 Computed
-376 NextPrime 2 Computed
683 NextPrime 691 Computed
-569 NextPrime 2 Computed
282 Factorial 6936 Computed
156 Factorial 841 Computed
-230 NextPrime 2 Computed
-590 Factorial 0 Computed
651 NextPrime 653 Computed
853 Factorial 2076 Computed
877 Factorial 4262 Computed
-281 NextPrime 2 Computed
-659 Factorial 0 Computed
-785 Factorial 0 Computed
-703 NextPrime 2 Computed
-875 NextPrime 2 Computed
-655 NextPrime 2 Computed
-680 NextPrime 2 Computed
685 NextPrime 691 Computed
-201 Factorial 0 Computed
122 NextPrime 127 Computed
-820 NextPrime 2 Computed
994 Factorial 7499 Computed
37 Factorial 7962 Computed
-239 Factorial 0 Computed
440 Factorial 5198 Computed
497 NextPrime 499 Computed
-852 Factorial 0 Computed
-922 Factorial 0 Computed
447 NextPrime 449 Computed
-240 Factorial 0 Computed
23 NextPrime 29 Computed
-988 NextPrime 2 Computed
-802 Factorial 0 Computed
-567 NextPrime 2 Computed
463 NextPrime 467 Computed
-990 Factorial 0 Computed
916 Factorial 6935 Computed
796 NextPrime 797 Computed
99 NextPrime 101 Computed
-779 NextPrime 2 Computed
-698 NextPrime 2 Computed
383 NextPrime 389 Computed
-55 Factorial 0 Computed
-663 Factorial 0 Computed
-602 Factorial 0 Computed
941 Factorial 9319 Computed
491 NextPrime 499 Computed
839 NextPrime 853 Computed
-231 NextPrime 2 Computed
-253 NextPrime 2 Computed
-601 NextPrime 2 Computed
356 NextPrime 359 Computed
-987 Factorial 0 Computed
-361 Factorial 0 Computed
-536 Factorial 0 Computed
-937 Factorial 0 Computed
184 NextPrime 191 Computed
-26 NextPrime 2 Computed
-147 NextPrime 2 Computed
-614 Factorial 0 Computed
-711 NextPrime 2 Computed
-108 Factorial 0 Computed
350 NextPrime 353 Computed
384 NextPrime 389 Computed
-137 NextPrime 2 Computed
197 NextPrime 199 Computed
-846 NextPrime 2 Computed
481 NextPrime 487 Computed
-724 NextPrime 2 Computed
404 Factorial 7661 Computed
-397 NextPrime 2 Computed
234 Factorial 7038 Computed
761 Factorial 8743 Computed
369 Factorial 4450 Computed
125 Factorial 142 Computed
368 NextPrime 373 Computed
-290 NextPrime 2 Computed
848 Factorial 8687 Computed
-141 Factorial 0 Computed
-972 Factorial 0 Computed
70 Factorial 9205 Computed
699 NextPrime 701 Computed
187 Factorial 3479 Computed
371 NextPrime 373 Computed
3 Factorial 6 Computed
719 Factorial 4447 Computed
190 Factorial 3913 Computed
165 NextPrime 167 Computed
541 Factorial 1152 Computed
2 NextPrime 3 Computed
-960 NextPrime 2 Computed
-237 Factorial 0 Computed
-690 NextPrime 2 Computed
-563 Factorial 0 Computed
825 NextPrime 827 Computed
369 NextPrime 373 Computed
-206 Factorial 0 Computed
-89 NextPrime 2 Computed
163 NextPrime 167 Computed
583 Factorial 311 Computed
-555 NextPrime 2 Computed
663 Factorial 6630 Computed
547 NextPrime 557 Computed
-185 NextPrime 2 Computed
-258 NextPrime 2 Computed
-839 Factorial 0 Computed
-514 NextPrime 2 Computed
203 Factorial 5328 Computed
-378 NextPrime 2 Computed
485 NextPrime 487 Computed
160 Factorial 180 Computed
319 NextPrime 331 Computed
916 Factorial 6935 Computed
785 Factorial 1055 Computed
587 NextPrime 593 Computed
349 NextPrime 353 Computed
754 NextPrime 757 Computed
682 Factorial 7225 Computed
-826 Factorial 0 Computed
-949 NextPrime 2 Computed
-171 Factorial 0 Computed
-449 NextPrime 2 Computed
977 Factorial 1164 Computed
-668 NextPrime 2 Computed
117 Factorial 6701 Computed
175 Factorial 814 Computed
600 NextPrime 601 Computed
4 Factorial 24 Computed
886 Factorial 2474 Computed
-561 NextPrime 2 Computed
533 NextPrime 541 Computed
-191 Factorial 0 Computed
-652 NextPrime 2 Computed
802 Factorial 5771 Computed
