1000 NextPrime 1009 Computed
1001 Fibonacci 478 Computed
1003 NextPrime 1009 Computed
1001 Fibonacci 478 FromCache
1001 NextPrime 1009 Computed
1000 Fibonacci 7607 Computed
1000 NextPrime 1009 FromCache
1002 Fibonacci 8085 Computed
1000 NextPrime 1009 FromCache
1000 Fibonacci 7607 FromCache
