526 Factorial 3318 Computed
-853 Cube -620650477 Computed
299 Sqrt 17 Computed
915 NextPrime 919 Computed
-740 Square 547600 Computed
-108 Fibonacci -1 Computed
499 CheckPrime 1 Computed
690 Factorial 3895 Computed
-837 Cube -586376253 Computed
462 Sqrt 21 Computed
298 NextPrime 307 Computed
182 Square 33124 Computed
-916 Fibonacci -1 Computed
-46 CheckPrime 0 Computed
-107 Factorial 0 Computed
-586 Cube -201230056 Computed
-506 Sqrt 22 Computed
805 NextPrime 809 Computed
283 Square 80089 Computed
-526 Fibonacci -1 Computed
-164 CheckPrime 0 Computed
-335 Factorial 0 Computed
-434 Cube -81746504 Computed
494 Sqrt 22 Computed
-79 NextPrime 2 Computed
988 Square 976144 Computed
688 Fibonacci 4966 Computed
-975 CheckPrime 0 Computed
-67 Factorial 0 Computed
951 Cube 860085351 Computed
-734 Sqrt 27 Computed
-370 NextPrime 2 Computed
161 Square 25921 Computed
267 Fibonacci 5235 Computed
515 CheckPrime 0 Computed
-859 Factorial 0 Computed
-825 Cube -561515625 Computed
305 Sqrt 17 Computed
538 NextPrime 541 Computed
934 Square 872356 Computed
-681 Fibonacci -1 Computed
69 CheckPrime 0 Computed
464 Factorial 2830 Computed
-305 Cube -28372625 Computed
-339 Sqrt 18 Computed
-97 NextPrime 2 Computed
760 Square 577600 Computed
-292 Fibonacci -1 Computed
-194 CheckPrime 0 Computed
506 Factorial 797 Computed
313 Cube 30664297 Computed
-127 Sqrt 11 Computed
636 NextPrime 641 Computed
612 Square 374544 Computed
-259 Fibonacci -1 Computed
444 CheckPrime 0 Computed
163 Factorial 7617 Computed
-400 Cube -64000000 Computed
-999 Sqrt 31 Computed
714 NextPrime 719 Computed
326 Square 106276 Computed
184 Fibonacci 118 Computed
503 CheckPrime 1 Computed
534 Factorial 6699 Computed
871 Cube 660776311 Computed
770 Sqrt 27 Computed
635 NextPrime 641 Computed
-979 Square 958441 Computed
-971 Fibonacci -1 Computed
-255 CheckPrime 0 Computed
438 Factorial 6689 Computed
365 Cube 48627125 Computed
-653 Sqrt 25 Computed
990 NextPrime 991 Computed
-69 Square 4761 Computed
941 Fibonacci 1709 Computed
865 CheckPrime 0 Computed
624 Factorial 7810 Computed
878 Cube 676836152 Computed
149 Sqrt 12 Computed
93 NextPrime 97 Computed
997 Square 994009 Computed
-468 Fibonacci -1 Computed
309 CheckPrime 0 Computed
531 Factorial 5978 Computed
953 Cube 865523177 Computed
646 Sqrt 25 Computed
118 NextPrime 127 Computed
-423 Square 178929 Computed
743 Fibonacci 4328 Computed
54 CheckPrime 0 Computed
774 Factorial 2462 Computed
155 Cube 3723875 Computed
-307 Sqrt 17 Computed
842 NextPrime 853 Computed
762 Square 580644 Computed
510 Fibonacci 3483 Computed
-681 CheckPrime 0 Computed
-73 Factorial 0 Computed
683 Cube 318611987 Computed
2 Sqrt 1 Computed
708 NextPrime 709 Computed
80 Square 6400 Computed
249 Fibonacci 3958 Computed
475 CheckPrime 0 Computed
661 Factorial 8346 Computed
-289 Cube -24137569 Computed
-743 Sqrt 27 Computed
795 NextPrime 797 Computed
-749 Square 561001 Computed
521 Fibonacci 9600 Computed
489 CheckPrime 0 Computed
415 Factorial 8642 Computed
-164 Cube -4410944 Computed
-675 Sqrt 25 Computed
-481 NextPrime 2 Computed
-569 Square 323761 Computed
868 Fibonacci 9729 Computed
-296 CheckPrime 0 Computed
932 Factorial 4838 Computed
-291 Cube -24642171 Computed
-626 Sqrt 25 Computed
-674 NextPrime 2 Computed
550 Square 302500 Computed
269 Fibonacci 1612 Computed
595 CheckPrime 0 Computed
-935 Factorial 0 Computed
27 Cube 19683 Computed
852 Sqrt 29 Computed
-868 NextPrime 2 Computed
-314 Square 98596 Computed
-669 Fibonacci -1 Computed
-459 CheckPrime 0 Computed
573 Factorial 9817 Computed
-389 Cube -58863869 Computed
-480 Sqrt 21 Computed
352 NextPrime 353 Computed
-443 Square 196249 Computed
276 Fibonacci 6699 Computed
-410 CheckPrime 0 Computed
199 Factorial 7757 Computed
-95 Cube -857375 Computed
-314 Sqrt 17 Computed
824 NextPrime 827 Computed
118 Square 13924 Computed
-177 Fibonacci -1 Computed
-690 CheckPrime 0 Computed
-152 Factorial 0 Computed
1000 Cube 1000000000 Computed
-188 Sqrt 13 Computed
957 NextPrime 967 Computed
713 Square 508369 Computed
107 Fibonacci 5756 Computed
-208 CheckPrime 0 Computed
175 Factorial 814 Computed
989 Cube 967361669 Computed
-549 Sqrt 23 Computed
242 NextPrime 251 Computed
68 Square 4624 Computed
202 Fibonacci 8529 Computed
407 CheckPrime 0 Computed
-74 Factorial 0 Computed
-130 Cube -2197000 Computed
544 Sqrt 23 Computed
-819 NextPrime 2 Computed
-932 Square 868624 Computed
645 Fibonacci 6075 Computed
-677 CheckPrime 0 Computed
-365 Factorial 0 Computed
206 Cube 8741816 Computed
-593 Sqrt 24 Computed
-731 NextPrime 2 Computed
173 Square 29929 Computed
890 Fibonacci 2911 Computed
959 CheckPrime 0 Computed
381 Factorial 6189 Computed
-901 Cube -731432701 Computed
-385 Sqrt 19 Computed
-621 NextPrime 2 Computed
214 Square 45796 Computed
388 Fibonacci 7344 Computed
-150 CheckPrime 0 Computed
-800 Factorial 0 Computed
-141 Cube -2803221 Computed
-312 Sqrt 17 Computed
-780 NextPrime 2 Computed
554 Square 306916 Computed
-94 Fibonacci -1 Computed
501 CheckPrime 0 Computed
939 Factorial 8926 Computed
-378 Cube -54010152 Computed
-621 Sqrt 24 Computed
-902 NextPrime 2 Computed
-547 Square 299209 Computed
621 Fibonacci 5668 Computed
293 CheckPrime 1 Computed
-305 Factorial 0 Computed
649 Cube 273359449 Computed
629 Sqrt 25 Computed
-257 NextPrime 2 Computed
-694 Square 481636 Computed
378 Fibonacci 4026 Computed
-427 CheckPrime 0 Computed
631 Factorial 1468 Computed
750 Cube 421875000 Computed
-391 Sqrt 19 Computed
-30 NextPrime 2 Computed
851 Square 724201 Computed
617 Fibonacci 9773 Computed
152 CheckPrime 0 Computed
-238 Factorial 0 Computed
-240 Cube -13824000 Computed
556 Sqrt 23 Computed
508 NextPrime 509 Computed
26 Square 676 Computed
-589 Fibonacci -1 Computed
861 CheckPrime 0 Computed
494 Factorial 4510 Computed
-552 Cube -168196608 Computed
-593 Sqrt 24 Computed
-556 NextPrime 2 Computed
-502 Square 252004 Computed
-305 Fibonacci -1 Computed
141 CheckPrime 0 Computed
-285 Factorial 0 Computed
-125 Cube -1953125 Computed
748 Sqrt 27 Computed
-725 NextPrime 2 Computed
-670 Square 448900 Computed
420 Fibonacci 4105 Computed
-688 CheckPrime 0 Computed
387 Factorial 5904 Computed
-126 Cube -2000376 Computed
-363 Sqrt 19 Computed
-252 NextPrime 2 Computed
-863 Square 744769 Computed
-220 Fibonacci -1 Computed
131 CheckPrime 1 Computed
-513 Factorial 0 Computed
-284 Cube -22906304 Computed
153 Sqrt 12 Computed
555 NextPrime 557 Computed
-902 Square 813604 Computed
-516 Fibonacci -1 Computed
346 CheckPrime 0 Computed
575 Factorial 2799 Computed
-547 Cube -163667323 Computed
492 Sqrt 22 Computed
-75 NextPrime 2 Computed
-600 Square 360000 Computed
-641 Fibonacci -1 Computed
603 CheckPrime 0 Computed
668 Factorial 6951 Computed
913 Cube 761048497 Computed
-580 Sqrt 24 Computed
324 NextPrime 331 Computed
-695 Square 483025 Computed
247 Fibonacci 3386 Computed
-393 CheckPrime 0 Computed
166 Factorial 623 Computed
-104 Cube -1124864 Computed
166 Sqrt 12 Computed
-647 NextPrime 2 Computed
558 Square 311364 Computed
668 Fibonacci 32 Computed
83 CheckPrime 1 Computed
-217 Factorial 0 Computed
365 Cube 48627125 Computed
-537 Sqrt 23 Computed
-682 NextPrime 2 Computed
-97 Square 9409 Computed
734 Fibonacci 6028 Computed
-98 CheckPrime 0 Computed
831 Factorial 5012 Computed
-524 Cube -143877824 Computed
950 Sqrt 30 Computed
873 NextPrime 877 Computed
-47 Square 2209 Computed
252 Fibonacci 3045 Computed
246 CheckPrime 0 Computed
-831 Factorial 0 Computed
578 Cube 193100552 Computed
-895 Sqrt 29 Computed
368 NextPrime 373 Computed
-588 Square 345744 Computed
-808 Fibonacci -1 Computed
686 CheckPrime 0 Computed
-399 Factorial 0 Computed
963 Cube 893056347 Computed
-775 Sqrt 27 Computed
-378 NextPrime 2 Computed
726 Square 527076 Computed
523 Fibonacci 5786 Computed
741 CheckPrime 0 Computed
125 Factorial 142 Computed
365 Cube 48627125 Computed
431 Sqrt 20 Computed
-36 NextPrime 2 Computed
310 Square 96100 Computed
338 Fibonacci 3012 Computed
-874 CheckPrime 0 Computed
-268 Factorial 0 Computed
423 Cube 75686967 Computed
-879 Sqrt 29 Computed
-529 NextPrime 2 Computed
152 Square 23104 Computed
-667 Fibonacci -1 Computed
-567 CheckPrime 0 Computed
-40 Factorial 0 Computed
-324 Cube -34012224 Computed
658 Sqrt 25 Computed
-663 NextPrime 2 Computed
-432 Square 186624 Computed
336 Fibonacci 7534 Computed
-136 CheckPrime 0 Computed
988 Factorial 6481 Computed
673 Cube 304821217 Computed
-126 Sqrt 11 Computed
684 NextPrime 691 Computed
-592 Square 350464 Computed
822 Fibonacci 5018 Computed
-745 CheckPrime 0 Computed
79 Factorial 5789 Computed
-242 Cube -14172488 Computed
-600 Sqrt 24 Computed
386 NextPrime 389 Computed
456 Square 207936 Computed
201 Fibonacci 2913 Computed
-441 CheckPrime 0 Computed
888 Factorial 6555 Computed
770 Cube 456533000 Computed
-615 Sqrt 24 Computed
32 NextPrime 37 Computed
602 Square 362404 Computed
-298 Fibonacci -1 Computed
93 CheckPrime 0 Computed
-749 Factorial 0 Computed
-614 Cube -231475544 Computed
-692 Sqrt 26 Computed
930 NextPrime 937 Computed
573 Square 328329 Computed
-605 Fibonacci -1 Computed
320 CheckPrime 0 Computed
-637 Factorial 0 Computed
522 Cube 142236648 Computed
-893 Sqrt 29 Computed
-106 NextPrime 2 Computed
449 Square 201601 Computed
-261 Fibonacci -1 Computed
-653 CheckPrime 0 Computed
-847 Factorial 0 Computed
-738 Cube -401947272 Computed
-419 Sqrt 20 Computed
-428 NextPrime 2 Computed
-362 Square 131044 Computed
750 Fibonacci 1815 Computed
324 CheckPrime 0 Computed
-632 Factorial 0 Computed
-316 Cube -31554496 Computed
-951 Sqrt 30 Computed
-246 NextPrime 2 Computed
-520 Square 270400 Computed
971 Fibonacci 3182 Computed
836 CheckPrime 0 Computed
466 Factorial 2903 Computed
986 Cube 958585256 Computed
0 Sqrt 0 Computed
-234 NextPrime 2 Computed
-113 Square 12769 Computed
-720 Fibonacci -1 Computed
883 CheckPrime 1 Computed
590 Factorial 9839 Computed
-10 Cube -1000 Computed
890 Sqrt 29 Computed
-687 NextPrime 2 Computed
-280 Square 78400 Computed
843 Fibonacci 976 Computed
-860 CheckPrime 0 Computed
-548 Factorial 0 Computed
-144 Cube -2985984 Computed
713 Sqrt 26 Computed
-70 NextPrime 2 Computed
-86 Square 7396 Computed
142 Fibonacci 5819 Computed
-400 CheckPrime 0 Computed
-790 Factorial 0 Computed
914 Cube 763551944 Computed
871 Sqrt 29 Computed
472 NextPrime 479 Computed
824 Square 678976 Computed
-720 Fibonacci -1 Computed
444 CheckPrime 0 Computed
504 Factorial 4936 Computed
530 Cube 148877000 Computed
-307 Sqrt 17 Computed
998 NextPrime 1009 Computed
20 Square 400 Computed
472 Fibonacci 3803 Computed
-644 CheckPrime 0 Computed
8 Factorial 428 Computed
-387 Cube -57960603 Computed
-807 Sqrt 28 Computed
907 NextPrime 911 Computed
-541 Square 292681 Computed
636 Fibonacci 8110 Computed
915 CheckPrime 0 Computed
244 Factorial 750 Computed
896 Cube 719323136 Computed
-856 Sqrt 29 Computed
-574 NextPrime 2 Computed
827 Square 683929 Computed
-265 Fibonacci -1 Computed
201 CheckPrime 0 Computed
933 Factorial 6058 Computed
-732 Cube -392223168 Computed
-485 Sqrt 22 Computed
-594 NextPrime 2 Computed
-60 Square 3600 Computed
-240 Fibonacci -1 Computed
-544 CheckPrime 0 Computed
194 Factorial 721 Computed
-639 Cube -260917119 Computed
-948 Sqrt 30 Computed
-80 NextPrime 2 Computed
689 Square 474721 Computed
-206 Fibonacci -1 Computed
-358 CheckPrime 0 Computed
343 Factorial 1205 Computed
-475 Cube -107171875 Computed
-710 Sqrt 26 Computed
-722 NextPrime 2 Computed
-834 Square 695556 Computed
363 Fibonacci 4054 Computed
948 CheckPrime 0 Computed
352 Factorial 4710 Computed
-301 Cube -27270901 Computed
345 Sqrt 18 Computed
-522 NextPrime 2 Computed
-999 Square 998001 Computed
823 Fibonacci 4461 Computed
-786 CheckPrime 0 Computed
262 Factorial 165 Computed
708 Cube 354894912 Computed
-989 Sqrt 31 Computed
778 NextPrime 787 Computed
-59 Square 3481 Computed
-779 Fibonacci -1 Computed
-950 CheckPrime 0 Computed
-249 Factorial 0 Computed
-339 Cube -38958219 Computed
-175 Sqrt 13 Computed
880 NextPrime 881 Computed
235 Square 55225 Computed
981 Fibonacci 3243 Computed
662 CheckPrime 0 Computed
53 Factorial 2509 Computed
-755 Cube -430368875 Computed
-962 Sqrt 31 Computed
-950 NextPrime 2 Computed
-241 Square 58081 Computed
338 Fibonacci 3012 Computed
965 CheckPrime 0 Computed
-63 Factorial 0 Computed
-811 Cube -533411731 Computed
598 Sqrt 24 Computed
-271 NextPrime 2 Computed
-873 Square 762129 Computed
-357 Fibonacci -1 Computed
614 CheckPrime 0 Computed
902 Factorial 8081 Computed
-276 Cube -21024576 Computed
900 Sqrt 30 Computed
-664 NextPrime 2 Computed
233 Square 54289 Computed
187 Fibonacci 7582 Computed
-195 CheckPrime 0 Computed
-749 Factorial 0 Computed
-881 Cube -683797841 Computed
387 Sqrt 19 Computed
-550 NextPrime 2 Computed
660 Square 435600 Computed
-826 Fibonacci -1 Computed
-248 CheckPrime 0 Computed
-171 Factorial 0 Computed
917 Cube 771095213 Computed
344 Sqrt 18 Computed
507 NextPrime 509 Computed
-153 Square 23409 Computed
83 Fibonacci 8561 Computed
727 CheckPrime 1 Computed
-763 Factorial 0 Computed
-720 Cube -373248000 Computed
-191 Sqrt 13 Computed
-612 NextPrime 2 Computed
-595 Square 354025 Computed
-945 Fibonacci -1 Computed
398 CheckPrime 0 Computed
-170 Factorial 0 Computed
50 Cube 125000 Computed
-484 Sqrt 22 Computed
732 NextPrime 733 Computed
384 Square 147456 Computed
-659 Fibonacci -1 Computed
139 CheckPrime 1 Computed
-561 Factorial 0 Computed
-964 Cube -895841344 Computed
779 Sqrt 27 Computed
-347 NextPrime 2 Computed
701 Square 491401 Computed
-455 Fibonacci -1 Computed
-878 CheckPrime 0 Computed
-883 Factorial 0 Computed
-235 Cube -12977875 Computed
-678 Sqrt 26 Computed
201 NextPrime 211 Computed
653 Square 426409 Computed
335 Fibonacci 7890 Computed
438 CheckPrime 0 Computed
-155 Factorial 0 Computed
-81 Cube -531441 Computed
-71 Sqrt 8 Computed
-972 NextPrime 2 Computed
87 Square 7569 Computed
-927 Fibonacci -1 Computed
-301 CheckPrime 0 Computed
-223 Factorial 0 Computed
-148 Cube -3241792 Computed
-933 Sqrt 30 Computed
373 NextPrime 379 Computed
-657 Square 431649 Computed
991 Fibonacci 6760 Computed
-382 CheckPrime 0 Computed
-218 Factorial 0 Computed
-885 Cube -693154125 Computed
-883 Sqrt 29 Computed
844 NextPrime 853 Computed
-476 Square 226576 Computed
-949 Fibonacci -1 Computed
-680 CheckPrime 0 Computed
828 Factorial 6554 Computed
-46 Cube -97336 Computed
-787 Sqrt 28 Computed
-753 NextPrime 2 Computed
751 Square 564001 Computed
-394 Fibonacci -1 Computed
6 CheckPrime 0 Computed
988 Factorial 6481 Computed
-237 Cube -13312053 Computed
-600 Sqrt 24 Computed
-111 NextPrime 2 Computed
-693 Square 480249 Computed
250 Fibonacci 4530 Computed
513 CheckPrime 0 Computed
193 Factorial 3448 Computed
-362 Cube -47437928 Computed
645 Sqrt 25 Computed
-538 NextPrime 2 Computed
734 Square 538756 Computed
-617 Fibonacci -1 Computed
-242 CheckPrime 0 Computed
-494 Factorial 0 Computed
363 Cube 47832147 Computed
-813 Sqrt 28 Computed
-356 NextPrime 2 Computed
-396 Square 156816 Computed
-900 Fibonacci -1 Computed
480 CheckPrime 0 Computed
-950 Factorial 0 Computed
-67 Cube -300763 Computed
677 Sqrt 26 Computed
341 NextPrime 347 Computed
716 Square 512656 Computed
754 Fibonacci 5753 Computed
491 CheckPrime 1 Computed
-490 Factorial 0 Computed
-17 Cube -4913 Computed
-950 Sqrt 30 Computed
-651 NextPrime 2 Computed
-679 Square 461041 Computed
-730 Fibonacci -1 Computed
-475 CheckPrime 0 Computed
903 Factorial 6880 Computed
285 Cube 23149125 Computed
108 Sqrt 10 Computed
-720 NextPrime 2 Computed
-600 Square 360000 Computed
153 Fibonacci 1824 Computed
639 CheckPrime 0 Computed
576 Factorial 6571 Computed
927 Cube 796597983 Computed
-951 Sqrt 30 Computed
-904 NextPrime 2 Computed
-887 Square 786769 Computed
-850 Fibonacci -1 Computed
329 CheckPrime 0 Computed
268 Factorial 4698 Computed
-94 Cube -830584 Computed
-184 Sqrt 13 Computed
-770 NextPrime 2 Computed
822 Square 675684 Computed
874 Fibonacci 6746 Computed
-114 CheckPrime 0 Computed
468 Factorial 5754 Computed
-407 Cube -67419143 Computed
-912 Sqrt 30 Computed
28 NextPrime 29 Computed
-103 Square 10609 Computed
987 Fibonacci 6056 Computed
-111 CheckPrime 0 Computed
669 Factorial 2801 Computed
170 Cube 4913000 Computed
-494 Sqrt 22 Computed
-33 NextPrime 2 Computed
-814 Square 662596 Computed
931 Fibonacci 3118 Computed
-190 CheckPrime 0 Computed
525 Factorial 3002 Computed
579 Cube 194104539 Computed
-248 Sqrt 15 Computed
-878 NextPrime 2 Computed
266 Square 70756 Computed
425 Fibonacci 2646 Computed
257 CheckPrime 1 Computed
413 Factorial 8856 Computed
365 Cube 48627125 Computed
556 Sqrt 23 Computed
-502 NextPrime 2 Computed
-46 Square 2116 Computed
363 Fibonacci 4054 Computed
-459 CheckPrime 0 Computed
194 Factorial 721 Computed
-713 Cube -362467097 Computed
-160 Sqrt 12 Computed
690 NextPrime 691 Computed
-90 Square 8100 Computed
-912 Fibonacci -1 Computed
-968 CheckPrime 0 Computed
779 Factorial 9632 Computed
-862 Cube -640503928 Computed
-35 Sqrt 5 Computed
360 NextPrime 367 Computed
-531 Square 281961 Computed
232 Fibonacci 8811 Computed
-476 CheckPrime 0 Computed
583 Factorial 311 Computed
-340 Cube -39304000 Computed
-574 Sqrt 23 Computed
-911 NextPrime 2 Computed
727 Square 528529 Computed
929 Fibonacci 698 Computed
-691 CheckPrime 0 Computed
742 Factorial 4147 Computed
543 Cube 160103007 Computed
-737 Sqrt 27 Computed
806 NextPrime 809 Computed
44 Square 1936 Computed
-284 Fibonacci -1 Computed
709 CheckPrime 1 Computed
708 Factorial 5983 Computed
46 Cube 97336 Computed
-410 Sqrt 20 Computed
-173 NextPrime 2 Computed
111 Square 12321 Computed
486 Fibonacci 6988 Computed
775 CheckPrime 0 Computed
847 Factorial 2233 Computed
607 Cube 223648543 Computed
320 Sqrt 17 Computed
-545 NextPrime 2 Computed
901 Square 811801 Computed
-255 Fibonacci -1 Computed
818 CheckPrime 0 Computed
-378 Factorial 0 Computed
153 Cube 3581577 Computed
-740 Sqrt 27 Computed
852 NextPrime 853 Computed
77 Square 5929 Computed
-89 Fibonacci -1 Computed
-40 CheckPrime 0 Computed
972 Factorial 3995 Computed
297 Cube 26198073 Computed
-892 Sqrt 29 Computed
621 NextPrime 631 Computed
-821 Square 674041 Computed
960 Fibonacci 7524 Computed
-179 CheckPrime 0 Computed
-247 Factorial 0 Computed
-877 Cube -674526133 Computed
-877 Sqrt 29 Computed
573 NextPrime 577 Computed
-697 Square 485809 Computed
-733 Fibonacci -1 Computed
746 CheckPrime 0 Computed
733 Factorial 802 Computed
-288 Cube -23887872 Computed
288 Sqrt 16 Computed
-560 NextPrime 2 Computed
-953 Square 908209 Computed
236 Fibonacci 2136 Computed
385 CheckPrime 0 Computed
