10008 CheckPrime 0 Computed
10023 Fibonacci 8464 Computed
10004 CheckPrime 0 Computed
10001 Fibonacci 3042 Computed
10026 CheckPrime 0 Computed
10005 Factorial 0 Computed
10031 Fibonacci 7283 Computed
10001 NextPrime 10007 Computed
10016 Fibonacci 376 Computed
10010 Factorial 0 Computed
10024 Fibonacci 6030 Computed
10028 Fibonacci 5677 Computed
10019 Fibonacci 4284 Computed
10006 NextPrime 10007 Computed
10029 NextPrime 10037 Computed
10011 CheckPrime 0 Computed
10022 CheckPrime 0 Computed
10008 CheckPrime 0 FromCache
10010 CheckPrime 0 Computed
10015 CheckPrime 0 Computed
10028 Fibonacci 5677 FromCache
10022 NextPrime 10037 Computed
10014 Fibonacci 8771 Computed
10001 CheckPrime 0 Computed
10018 CheckPrime 0 Computed
10009 Factorial 0 Computed
10012 Factorial 0 Computed
10016 Factorial 0 Computed
10000 CheckPrime 0 Computed
10025 NextPrime 10037 Computed
10014 CheckPrime 0 Computed
10027 Factorial 0 Computed
10005 CheckPrime 0 Computed
10022 CheckPrime 0 FromCache
10014 Fibonacci 8771 FromCache
10009 Fibonacci 7533 Computed
10017 NextPrime 10037 Computed
10025 NextPrime 10037 FromCache
10003 Fibonacci 4367 Computed
10029 NextPrime 10037 FromCache
10008 Fibonacci 1669 Computed
10016 NextPrime 10037 Computed
10003 NextPrime 10007 Computed
10018 Factorial 0 Computed
10005 Fibonacci 86 Computed
10021 Factorial 0 Computed
10023 CheckPrime 0 Computed
10024 Factorial 0 Computed
10031 NextPrime 10037 Computed
10029 Factorial 0 Computed
10012 NextPrime 10037 Computed
10022 Fibonacci 7539 Computed
10020 CheckPrime 0 Computed
10003 NextPrime 10007 FromCache
10001 Factorial 0 Computed
10024 CheckPrime 0 Computed
10028 Factorial 0 Computed
10031 NextPrime 10037 FromCache
10029 CheckPrime 0 Computed
10006 Fibonacci 5778 Computed
10004 Factorial 0 Computed
10023 Factorial 0 Computed
10010 Fibonacci 9202 Computed
10021 NextPrime 10037 Computed
10007 CheckPrime 1 Computed
10024 CheckPrime 0 FromCache
10009 Factorial 0 Computed
10016 Factorial 0 Computed
10003 Fibonacci 4367 FromCache
10031 CheckPrime 0 Computed
10031 Fibonacci 7283 Computed
10011 Fibonacci 6762 Computed
10022 NextPrime 10037 Computed
10017 CheckPrime 0 Computed
10011 NextPrime 10037 Computed
10015 CheckPrime 0 Computed
10030 Fibonacci 6480 Computed
10017 NextPrime 10037 Computed
10021 NextPrime 10037 FromCache
10026 NextPrime 10037 Computed
10000 Factorial 0 Computed
10030 NextPrime 10037 Computed
10028 Factorial 0 FromCache
10008 NextPrime 10009 Computed
10006 NextPrime 10007 Computed
10024 CheckPrime 0 FromCache
10009 NextPrime 10037 Computed
10010 NextPrime 10037 Computed
10001 Factorial 0 FromCache
10015 NextPrime 10037 Computed
10030 NextPrime 10037 FromCache
10015 NextPrime 10037 FromCache
10029 NextPrime 10037 Computed
10029 CheckPrime 0 FromCache
10008 Fibonacci 1669 Computed
10003 Factorial 0 Computed
10020 Fibonacci 6614 Computed
10009 CheckPrime 1 Computed
10012 Factorial 0 Computed
10030 Fibonacci 6480 FromCache
