869 Cube 656234909 Computed
-828 Sqrt 28 Computed
-672 Square 451584 Computed
-787 Fibonacci -1 Computed
-545 Cube -161878625 Computed
353 Sqrt 18 Computed
-283 Square 80089 Computed
486 Fibonacci 6988 Computed
461 Cube 97972181 Computed
118 Sqrt 10 Computed
-627 Square 393129 Computed
-419 Fibonacci -1 Computed
921 Cube 781229961 Computed
633 Sqrt 25 Computed
-84 Square 7056 Computed
-221 Fibonacci -1 Computed
-851 Cube -616295051 Computed
-374 Sqrt 19 Computed
383 Square 146689 Computed
427 Fibonacci 5706 Computed
604 Cube 220348864 Computed
823 Sqrt 28 Computed
-365 Square 133225 Computed
335 Fibonacci 7890 Computed
-87 Cube -658503 Computed
-215 Sqrt 14 Computed
881 Square 776161 Computed
129 Fibonacci 1796 Computed
-735 Cube -397065375 Computed
676 Sqrt 26 Computed
-473 Square 223729 Computed
-941 Fibonacci -1 Computed
-676 Cube -308915776 Computed
893 Sqrt 29 Computed
291 Square 84681 Computed
-158 Fibonacci -1 Computed
-715 Cube -365525875 Computed
-535 Sqrt 23 Computed
-601 Square 361201 Computed
466 Fibonacci 7330 Computed
798 Cube 508169592 Computed
341 Sqrt 18 Computed
-874 Square 763876 Computed
-743 Fibonacci -1 Computed
906 Cube 743677416 Computed
-506 Sqrt 22 Computed
776 Square 602176 Computed
670 Fibonacci 7726 Computed
709 Cube 356400829 Computed
-189 Sqrt 13 Computed
-219 Square 47961 Computed
-345 Fibonacci -1 Computed
130 Cube 2197000 Computed
-821 Sqrt 28 Computed
-317 Square 100489 Computed
347 Fibonacci 1939 Computed
264 Cube 18399744 Computed
-564 Sqrt 23 Computed
-335 Square 112225 Computed
-553 Fibonacci -1 Computed
142 Cube 2863288 Computed
647 Sqrt 25 Computed
-770 Square 592900 Computed
140 Fibonacci 2215 Computed
885 Cube 693154125 Computed
-113 Sqrt 10 Computed
993 Square 986049 Computed
11 Fibonacci 89 Computed
788 Cube 489303872 Computed
697 Sqrt 26 Computed
-649 Square 421201 Computed
842 Fibonacci 7406 Computed
-221 Cube -10793861 Computed
930 Sqrt 30 Computed
220 Square 48400 Computed
-956 Fibonacci -1 Computed
-660 Cube -287496000 Computed
-942 Sqrt 30 Computed
-873 Square 762129 Computed
166 Fibonacci 5084 Computed
616 Cube 233744896 Computed
-615 Sqrt 24 Computed
-135 Square 18225 Computed
-913 Fibonacci -1 Computed
-573 Cube -188132517 Computed
-982 Sqrt 31 Computed
-856 Square 732736 Computed
923 Fibonacci 9660 Computed
-626 Cube -245314376 Computed
-357 Sqrt 18 Computed
-996 Square 992016 Computed
108 Fibonacci 6347 Computed
354 Cube 44361864 Computed
-75 Sqrt 8 Computed
586 Square 343396 Computed
-815 Fibonacci -1 Computed
298 Cube 26463592 Computed
290 Sqrt 17 Computed
291 Square 84681 Computed
320 Fibonacci 9643 Computed
-713 Cube -362467097 Computed
465 Sqrt 21 Computed
-505 Square 255025 Computed
-201 Fibonacci -1 Computed
971 Cube 915498611 Computed
822 Sqrt 28 Computed
534 Square 285156 Computed
-336 Fibonacci -1 Computed
-427 Cube -77854483 Computed
870 Sqrt 29 Computed
-730 Square 532900 Computed
-940 Fibonacci -1 Computed
6 Cube 216 Computed
-982 Sqrt 31 Computed
-323 Square 104329 Computed
365 Fibonacci 1457 Computed
-767 Cube -451217663 Computed
-586 Sqrt 24 Computed
645 Square 416025 Computed
-498 Fibonacci -1 Computed
-340 Cube -39304000 Computed
-667 Sqrt 25 Computed
110 Square 12100 Computed
176 Fibonacci 5424 Computed
-975 Cube -926859375 Computed
-13 Sqrt 3 Computed
-764 Square 583696 Computed
667 Fibonacci 7662 Computed
-499 Cube -124251499 Computed
552 Sqrt 23 Computed
325 Square 105625 Computed
680 Fibonacci 3781 Computed
387 Cube 57960603 Computed
-33 Sqrt 5 Computed
706 Square 498436 Computed
301 Fibonacci 2003 Computed
538 Cube 155720872 Computed
-612 Sqrt 24 Computed
258 Square 66564 Computed
-326 Fibonacci -1 Computed
530 Cube 148877000 Computed
-669 Sqrt 25 Computed
-545 Square 297025 Computed
544 Fibonacci 2205 Computed
951 Cube 860085351 Computed
-637 Sqrt 25 Computed
36 Square 1296 Computed
-377 Fibonacci -1 Computed
-520 Cube -140608000 Computed
224 Sqrt 14 Computed
-437 Square 190969 Computed
437 Fibonacci 7943 Computed
218 Cube 10360232 Computed
495 Sqrt 22 Computed
791 Square 625681 Computed
-884 Fibonacci -1 Computed
607 Cube 223648543 Computed
248 Sqrt 15 Computed
503 Square 253009 Computed
-314 Fibonacci -1 Computed
205 Cube 8615125 Computed
-264 Sqrt 16 Computed
-276 Square 76176 Computed
-857 Fibonacci -1 Computed
-214 Cube -9800344 Computed
-166 Sqrt 12 Computed
215 Square 46225 Computed
573 Fibonacci 1355 Computed
-290 Cube -24389000 Computed
-779 Sqrt 27 Computed
-955 Square 912025 Computed
-563 Fibonacci -1 Computed
-482 Cube -111980168 Computed
219 Sqrt 14 Computed
351 Square 123201 Computed
-946 Fibonacci -1 Computed
186 Cube 6434856 Computed
-305 Sqrt 17 Computed
-457 Square 208849 Computed
-593 Fibonacci -1 Computed
394 Cube 61162984 Computed
-363 Sqrt 19 Computed
-336 Square 112896 Computed
-303 Fibonacci -1 Computed
-273 Cube -20346417 Computed
-909 Sqrt 30 Computed
348 Square 121104 Computed
-861 Fibonacci -1 Computed
-961 Cube -887503681 Computed
-343 Sqrt 18 Computed
889 Square 790321 Computed
-467 Fibonacci -1 Computed
789 Cube 491169069 Computed
9 Sqrt 3 Computed
320 Square 102400 Computed
-510 Fibonacci -1 Computed
-805 Cube -521660125 Computed
745 Sqrt 27 Computed
541 Square 292681 Computed
382 Fibonacci 6426 Computed
853 Cube 620650477 Computed
580 Sqrt 24 Computed
120 Square 14400 Computed
-897 Fibonacci -1 Computed
192 Cube 7077888 Computed
-60 Sqrt 7 Computed
-843 Square 710649 Computed
-532 Fibonacci -1 Computed
862 Cube 640503928 Computed
20 Sqrt 4 Computed
488 Square 238144 Computed
714 Fibonacci 6637 Computed
-804 Cube -519718464 Computed
916 Sqrt 30 Computed
719 Square 516961 Computed
760 Fibonacci 4226 Computed
361 Cube 47045881 Computed
148 Sqrt 12 Computed
-449 Square 201601 Computed
357 Fibonacci 3667 Computed
504 Cube 128024064 Computed
-612 Sqrt 24 Computed
-463 Square 214369 Computed
-474 Fibonacci -1 Computed
234 Cube 12812904 Computed
-831 Sqrt 28 Computed
27 Square 729 Computed
213 Fibonacci 1456 Computed
836 Cube 584277056 Computed
306 Sqrt 17 Computed
41 Square 1681 Computed
-469 Fibonacci -1 Computed
-245 Cube -14706125 Computed
-362 Sqrt 19 Computed
5 Square 25 Computed
718 Fibonacci 7972 Computed
-667 Cube -296740963 Computed
-654 Sqrt 25 Computed
-474 Square 224676 Computed
963 Fibonacci 5916 Computed
827 Cube 565609283 Computed
406 Sqrt 20 Computed
745 Square 555025 Computed
828 Fibonacci 940 Computed
-859 Cube -633839779 Computed
-915 Sqrt 30 Computed
-355 Square 126025 Computed
-128 Fibonacci -1 Computed
634 Cube 254840104 Computed
-263 Sqrt 16 Computed
111 Square 12321 Computed
89 Fibonacci 5924 Computed
318 Cube 32157432 Computed
-18 Sqrt 4 Computed
367 Square 134689 Computed
-816 Fibonacci -1 Computed
-437 Cube -83453453 Computed
429 Sqrt 20 Computed
-404 Square 163216 Computed
5 Fibonacci 5 Computed
-748 Cube -418508992 Computed
-817 Sqrt 28 Computed
-120 Square 14400 Computed
-973 Fibonacci -1 Computed
215 Cube 9938375 Computed
572 Sqrt 23 Computed
-73 Square 5329 Computed
-776 Fibonacci -1 Computed
526 Cube 145531576 Computed
-475 Sqrt 21 Computed
-999 Square 998001 Computed
-65 Fibonacci -1 Computed
25 Cube 15625 Computed
589 Sqrt 24 Computed
967 Square 935089 Computed
69 Fibonacci 2813 Computed
-714 Cube -363994344 Computed
922 Sqrt 30 Computed
-841 Square 707281 Computed
-253 Fibonacci -1 Computed
-912 Cube -758550528 Computed
522 Sqrt 22 Computed
-899 Square 808201 Computed
637 Fibonacci 1916 Computed
-305 Cube -28372625 Computed
772 Sqrt 27 Computed
-814 Square 662596 Computed
-186 Fibonacci -1 Computed
-30 Cube -27000 Computed
955 Sqrt 30 Computed
526 Square 276676 Computed
986 Fibonacci 2133 Computed
83 Cube 571787 Computed
393 Sqrt 19 Computed
867 Square 751689 Computed
-539 Fibonacci -1 Computed
584 Cube 199176704 Computed
-873 Sqrt 29 Computed
-656 Square 430336 Computed
828 Fibonacci 940 Computed
-805 Cube -521660125 Computed
-9 Sqrt 3 Computed
83 Square 6889 Computed
333 Fibonacci 8246 Computed
892 Cube 709732288 Computed
-78 Sqrt 8 Computed
649 Square 421201 Computed
-322 Fibonacci -1 Computed
622 Cube 240641848 Computed
399 Sqrt 19 Computed
62 Square 3844 Computed
572 Fibonacci 5042 Computed
-328 Cube -35287552 Computed
-271 Sqrt 16 Computed
587 Square 344569 Computed
69 Fibonacci 2813 Computed
147 Cube 3176523 Computed
-118 Sqrt 10 Computed
-454 Square 206116 Computed
732 Fibonacci 2159 Computed
121 Cube 1771561 Computed
-266 Sqrt 16 Computed
-526 Square 276676 Computed
-593 Fibonacci -1 Computed
-434 Cube -81746504 Computed
-676 Sqrt 26 Computed
-741 Square 549081 Computed
81 Fibonacci 5526 Computed
-918 Cube -773620632 Computed
-187 Sqrt 13 Computed
-380 Square 144400 Computed
969 Fibonacci 1019 Computed
-642 Cube -264609288 Computed
-939 Sqrt 30 Computed
-414 Square 171396 Computed
-604 Fibonacci -1 Computed
-294 Cube -25412184 Computed
-691 Sqrt 26 Computed
-659 Square 434281 Computed
878 Fibonacci 4085 Computed
-233 Cube -12649337 Computed
-588 Sqrt 24 Computed
-522 Square 272484 Computed
-746 Fibonacci -1 Computed
-620 Cube -238328000 Computed
-622 Sqrt 24 Computed
444 Square 197136 Computed
-931 Fibonacci -1 Computed
-343 Cube -40353607 Computed
22 Sqrt 4 Computed
-113 Square 12769 Computed
-511 Fibonacci -1 Computed
789 Cube 491169069 Computed
-348 Sqrt 18 Computed
-793 Square 628849 Computed
-546 Fibonacci -1 Computed
581 Cube 196122941 Computed
-979 Sqrt 31 Computed
-114 Square 12996 Computed
265 Fibonacci 4120 Computed
920 Cube 778688000 Computed
-717 Sqrt 26 Computed
336 Square 112896 Computed
514 Fibonacci 8116 Computed
509 Cube 131872229 Computed
-709 Sqrt 26 Computed
-660 Square 435600 Computed
-151 Fibonacci -1 Computed
-429 Cube -78953589 Computed
423 Sqrt 20 Computed
365 Square 133225 Computed
-377 Fibonacci -1 Computed
-229 Cube -12008989 Computed
-231 Sqrt 15 Computed
410 Square 168100 Computed
-173 Fibonacci -1 Computed
997 Cube 991026973 Computed
-234 Sqrt 15 Computed
-502 Square 252004 Computed
-84 Fibonacci -1 Computed
-267 Cube -19034163 Computed
-83 Sqrt 9 Computed
728 Square 529984 Computed
966 Fibonacci 1269 Computed
425 Cube 76765625 Computed
229 Sqrt 15 Computed
689 Square 474721 Computed
158 Fibonacci 4867 Computed
-948 Cube -851971392 Computed
-170 Sqrt 13 Computed
-471 Square 221841 Computed
-623 Fibonacci -1 Computed
-263 Cube -18191447 Computed
521 Sqrt 22 Computed
457 Square 208849 Computed
-704 Fibonacci -1 Computed
-390 Cube -59319000 Computed
-777 Sqrt 27 Computed
-190 Square 36100 Computed
18 Fibonacci 2584 Computed
