-229 Factorial 0 Computed
-520 Factorial 0 Computed
192 Factorial 6012 Computed
-943 Factorial 0 Computed
528 Factorial 2933 Computed
-275 Factorial 0 Computed
301 Cube 27270901 Computed
410 Cube 68921000 Computed
802 Cube 515849608 Computed
-111 Sqrt 10 Computed
267 NextPrime 269 Computed
15 NextPrime 17 Computed
-15 NextPrime 2 Computed
418 NextPrime 419 Computed
-637 NextPrime 2 Computed
-736 Square 541696 Computed
776 Square 602176 Computed
584 Fibonacci 5586 Computed
-43 Fibonacci -1 Computed
622 Fibonacci 6189 Computed
334 Fibonacci 9617 Computed
-389 Fibonacci -1 Computed
757 Fibonacci 7098 Computed
-620 Fibonacci -1 Computed
-894 CheckPrime 0 Computed
-728 CheckPrime 0 Computed
-26 CheckPrime 0 Computed
415 CheckPrime 0 Computed
