653 Factorial 4100 Computed
137 NextPrime 139 Computed
391 CheckPrime 0 Computed
-425 Factorial 0 Computed
383 NextPrime 389 Computed
902 CheckPrime 0 Computed
-129 Factorial 0 Computed
290 NextPrime 293 Computed
-684 CheckPrime 0 Computed
752 Factorial 4621 Computed
-889 NextPrime 2 Computed
-565 CheckPrime 0 Computed
-682 Factorial 0 Computed
-203 NextPrime 2 Computed
226 CheckPrime 0 Computed
815 Factorial 7022 Computed
889 NextPrime 907 Computed
152 CheckPrime 0 Computed
-266 Factorial 0 Computed
910 NextPrime 911 Computed
-435 CheckPrime 0 Computed
857 Factorial 5911 Computed
-850 NextPrime 2 Computed
944 CheckPrime 0 Computed
431 Factorial 2473 Computed
-793 NextPrime 2 Computed
-589 CheckPrime 0 Computed
-59 Factorial 0 Computed
-315 NextPrime 2 Computed
-500 CheckPrime 0 Computed
207 Factorial 4931 Computed
-120 NextPrime 2 Computed
839 CheckPrime 1 Computed
-2 Factorial 0 Computed
-181 NextPrime 2 Computed
-245 CheckPrime 0 Computed
596 Factorial 5939 Computed
275 NextPrime 277 Computed
-833 CheckPrime 0 Computed
-814 Factorial 0 Computed
303 NextPrime 307 Computed
368 CheckPrime 0 Computed
-634 Factorial 0 Computed
-978 NextPrime 2 Computed
633 CheckPrime 0 Computed
-52 Factorial 0 Computed
-307 NextPrime 2 Computed
694 CheckPrime 0 Computed
460 Factorial 4820 Computed
654 NextPrime 659 Computed
-254 CheckPrime 0 Computed
737 Factorial 8425 Computed
-669 NextPrime 2 Computed
-472 CheckPrime 0 Computed
-139 Factorial 0 Computed
-152 NextPrime 2 Computed
-957 CheckPrime 0 Computed
370 Factorial 955 Computed
307 NextPrime 311 Computed
-450 CheckPrime 0 Computed
-676 Factorial 0 Computed
-24 NextPrime 2 Computed
-578 CheckPrime 0 Computed
219 Factorial 8349 Computed
906 NextPrime 907 Computed
-493 CheckPrime 0 Computed
-300 Factorial 0 Computed
-47 NextPrime 2 Computed
-871 CheckPrime 0 Computed
-445 Factorial 0 Computed
-359 NextPrime 2 Computed
-316 CheckPrime 0 Computed
489 Factorial 9663 Computed
-241 NextPrime 2 Computed
-830 CheckPrime 0 Computed
-378 Factorial 0 Computed
224 NextPrime 227 Computed
-441 CheckPrime 0 Computed
-962 Factorial 0 Computed
96 NextPrime 97 Computed
-159 CheckPrime 0 Computed
535 Factorial 3658 Computed
-464 NextPrime 2 Computed
-993 CheckPrime 0 Computed
87 Factorial 7103 Computed
-813 NextPrime 2 Computed
-560 CheckPrime 0 Computed
972 Factorial 3995 Computed
-504 NextPrime 2 Computed
-664 CheckPrime 0 Computed
605 Factorial 7852 Computed
-729 NextPrime 2 Computed
-891 CheckPrime 0 Computed
-227 Factorial 0 Computed
-404 NextPrime 2 Computed
595 CheckPrime 0 Computed
-677 Factorial 0 Computed
-262 NextPrime 2 Computed
-825 CheckPrime 0 Computed
204 Factorial 9828 Computed
-596 NextPrime 2 Computed
605 CheckPrime 0 Computed
940 Factorial 3147 Computed
-948 NextPrime 2 Computed
-685 CheckPrime 0 Computed
355 Factorial 4726 Computed
586 NextPrime 587 Computed
837 CheckPrime 0 Computed
-879 Factorial 0 Computed
272 NextPrime 277 Computed
-380 CheckPrime 0 Computed
-703 Factorial 0 Computed
-380 NextPrime 2 Computed
622 CheckPrime 0 Computed
805 Factorial 4534 Computed
-275 NextPrime 2 Computed
255 CheckPrime 0 Computed
-283 Factorial 0 Computed
-146 NextPrime 2 Computed
-710 CheckPrime 0 Computed
-394 Factorial 0 Computed
-465 NextPrime 2 Computed
-737 CheckPrime 0 Computed
993 Factorial 8305 Computed
-243 NextPrime 2 Computed
525 CheckPrime 0 Computed
-50 Factorial 0 Computed
-485 NextPrime 2 Computed
-335 CheckPrime 0 Computed
-445 Factorial 0 Computed
253 NextPrime 257 Computed
252 CheckPrime 0 Computed
-343 Factorial 0 Computed
-289 NextPrime 2 Computed
528 CheckPrime 0 Computed
-716 Factorial 0 Computed
-440 NextPrime 2 Computed
789 CheckPrime 0 Computed
-412 Factorial 0 Computed
972 NextPrime 977 Computed
604 CheckPrime 0 Computed
307 Factorial 3588 Computed
-362 NextPrime 2 Computed
-736 CheckPrime 0 Computed
421 Factorial 2060 Computed
419 NextPrime 421 Computed
-526 CheckPrime 0 Computed
20 Factorial 1187 Computed
932 NextPrime 937 Computed
110 CheckPrime 0 Computed
-338 Factorial 0 Computed
-301 NextPrime 2 Computed
-432 CheckPrime 0 Computed
171 Factorial 380 Computed
-891 NextPrime 2 Computed
368 CheckPrime 0 Computed
806 Factorial 4286 Computed
-282 NextPrime 2 Computed
-299 CheckPrime 0 Computed
45 Factorial 4270 Computed
-323 NextPrime 2 Computed
-765 CheckPrime 0 Computed
836 Factorial 444 Computed
-556 NextPrime 2 Computed
-150 CheckPrime 0 Computed
-791 Factorial 0 Computed
536 NextPrime 541 Computed
611 CheckPrime 0 Computed
-4 Factorial 0 Computed
-859 NextPrime 2 Computed
83 CheckPrime 1 Computed
790 Factorial 1950 Computed
637 NextPrime 641 Computed
-385 CheckPrime 0 Computed
-344 Factorial 0 Computed
-866 NextPrime 2 Computed
-538 CheckPrime 0 Computed
-999 Factorial 0 Computed
-159 NextPrime 2 Computed
967 CheckPrime 1 Computed
-8 Factorial 0 Computed
837 NextPrime 839 Computed
891 CheckPrime 0 Computed
-960 Factorial 0 Computed
-842 NextPrime 2 Computed
-104 CheckPrime 0 Computed
588 Factorial 1304 Computed
-899 NextPrime 2 Computed
-109 CheckPrime 0 Computed
358 Factorial 8833 Computed
155 NextPrime 157 Computed
501 CheckPrime 0 Computed
-376 Factorial 0 Computed
638 NextPrime 641 Computed
432 CheckPrime 0 Computed
818 Factorial 8424 Computed
-599 NextPrime 2 Computed
-394 CheckPrime 0 Computed
-19 Factorial 0 Computed
-655 NextPrime 2 Computed
39 CheckPrime 0 Computed
-85 Factorial 0 Computed
-475 NextPrime 2 Computed
42 CheckPrime 0 Computed
679 Factorial 6604 Computed
-566 NextPrime 2 Computed
-402 CheckPrime 0 Computed
-895 Factorial 0 Computed
999 NextPrime 1009 Computed
-959 CheckPrime 0 Computed
-390 Factorial 0 Computed
796 NextPrime 797 Computed
694 CheckPrime 0 Computed
-664 Factorial 0 Computed
-494 NextPrime 2 Computed
255 CheckPrime 0 Computed
-570 Factorial 0 Computed
-491 NextPrime 2 Computed
408 CheckPrime 0 Computed
-865 Factorial 0 Computed
48 NextPrime 53 Computed
-78 CheckPrime 0 Computed
-610 Factorial 0 Computed
-176 NextPrime 2 Computed
161 CheckPrime 0 Computed
252 Factorial 8582 Computed
178 NextPrime 179 Computed
-61 CheckPrime 0 Computed
-432 Factorial 0 Computed
867 NextPrime 877 Computed
765 CheckPrime 0 Computed
940 Factorial 3147 Computed
-668 NextPrime 2 Computed
-651 CheckPrime 0 Computed
784 Factorial 446 Computed
278 NextPrime 281 Computed
488 CheckPrime 0 Computed
-482 Factorial 0 Computed
588 NextPrime 593 Computed
368 CheckPrime 0 Computed
34 Factorial 8062 Computed
-780 NextPrime 2 Computed
-97 CheckPrime 0 Computed
-722 Factorial 0 Computed
37 NextPrime 41 Computed
634 CheckPrime 0 Computed
100 Factorial 8594 Computed
67 NextPrime 71 Computed
-662 CheckPrime 0 Computed
797 Factorial 351 Computed
578 NextPrime 587 Computed
-365 CheckPrime 0 Computed
-300 Factorial 0 Computed
-950 NextPrime 2 Computed
-976 CheckPrime 0 Computed
694 Factorial 5653 Computed
-145 NextPrime 2 Computed
327 CheckPrime 0 Computed
-633 Factorial 0 Computed
-348 NextPrime 2 Computed
16 CheckPrime 0 Computed
478 Factorial 7619 Computed
-267 NextPrime 2 Computed
283 CheckPrime 1 Computed
47 Factorial 6715 Computed
-224 NextPrime 2 Computed
-297 CheckPrime 0 Computed
178 Factorial 5487 Computed
412 NextPrime 419 Computed
636 CheckPrime 0 Computed
-134 Factorial 0 Computed
776 NextPrime 787 Computed
-861 CheckPrime 0 Computed
894 Factorial 3692 Computed
-298 NextPrime 2 Computed
432 CheckPrime 0 Computed
-280 Factorial 0 Computed
243 NextPrime 251 Computed
-51 CheckPrime 0 Computed
427 Factorial 4042 Computed
-368 NextPrime 2 Computed
333 CheckPrime 0 Computed
784 Factorial 446 Computed
884 NextPrime 887 Computed
-120 CheckPrime 0 Computed
-554 Factorial 0 Computed
654 NextPrime 659 Computed
126 CheckPrime 0 Computed
2 Factorial 2 Computed
930 NextPrime 937 Computed
-211 CheckPrime 0 Computed
-984 Factorial 0 Computed
590 NextPrime 593 Computed
940 CheckPrime 0 Computed
397 Factorial 3720 Computed
-599 NextPrime 2 Computed
-403 CheckPrime 0 Computed
990 Factorial 1443 Computed
-702 NextPrime 2 Computed
-439 CheckPrime 0 Computed
