-46 Square 2116 Computed
238 Fibonacci 2759 Computed
729 Fibonacci 1261 Computed
-746 Sqrt 27 Computed
705 Square 497025 Computed
-655 Sqrt 25 Computed
-192 Sqrt 13 Computed
-110 Sqrt 10 Computed
-793 Square 628849 Computed
-100 Sqrt 10 Computed
-671 Sqrt 25 Computed
-434 Sqrt 20 Computed
-657 Fibonacci -1 Computed
-814 Fibonacci -1 Computed
-274 Sqrt 16 Computed
-599 Square 358801 Computed
809 Square 654481 Computed
-455 Fibonacci -1 Computed
-940 Square 883600 Computed
58 Fibonacci 6183 Computed
63 Sqrt 7 Computed
-764 Square 583696 Computed
267 Square 71289 Computed
-517 Sqrt 22 Computed
-431 Square 185761 Computed
273 Square 74529 Computed
415 Sqrt 20 Computed
-277 Square 76729 Computed
410 Sqrt 20 Computed
618 Sqrt 24 Computed
-320 Sqrt 17 Computed
-441 Square 194481 Computed
-972 Sqrt 31 Computed
-488 Square 238144 Computed
-570 Square 324900 Computed
-425 Square 180625 Computed
-995 Fibonacci -1 Computed
540 Fibonacci 4042 Computed
-604 Square 364816 Computed
-305 Fibonacci -1 Computed
-613 Square 375769 Computed
162 Sqrt 12 Computed
11 Square 121 Computed
331 Fibonacci 6875 Computed
-864 Fibonacci -1 Computed
731 Square 534361 Computed
858 Sqrt 29 Computed
-904 Square 817216 Computed
-761 Square 579121 Computed
125 Fibonacci 2262 Computed
264 Fibonacci 6968 Computed
455 Fibonacci 8936 Computed
850 Fibonacci 7071 Computed
-412 Square 169744 Computed
191 Sqrt 13 Computed
-704 Fibonacci -1 Computed
849 Sqrt 29 Computed
896 Square 802816 Computed
117 Square 13689 Computed
116 Fibonacci 7565 Computed
-452 Sqrt 21 Computed
-978 Fibonacci -1 Computed
798 Square 636804 Computed
-674 Sqrt 25 Computed
807 Fibonacci 2396 Computed
-693 Fibonacci -1 Computed
706 Sqrt 26 Computed
970 Sqrt 31 Computed
-700 Sqrt 26 Computed
-130 Square 16900 Computed
498 Fibonacci 8364 Computed
-756 Sqrt 27 Computed
-245 Fibonacci -1 Computed
587 Fibonacci 4755 Computed
456 Fibonacci 4309 Computed
-886 Fibonacci -1 Computed
-196 Sqrt 14 Computed
-833 Fibonacci -1 Computed
602 Fibonacci 8412 Computed
-762 Square 580644 Computed
954 Fibonacci 4514 Computed
186 Sqrt 13 Computed
-338 Sqrt 18 Computed
-279 Fibonacci -1 Computed
-972 Square 944784 Computed
-531 Sqrt 23 Computed
993 Square 986049 Computed
859 Square 737881 Computed
-943 Sqrt 30 Computed
-683 Fibonacci -1 Computed
353 Square 124609 Computed
568 Sqrt 23 Computed
108 Fibonacci 6347 Computed
855 Fibonacci 7355 Computed
253 Sqrt 15 Computed
483 Square 233289 Computed
630 Fibonacci 345 Computed
681 Sqrt 26 Computed
-587 Sqrt 24 Computed
-288 Fibonacci -1 Computed
-83 Square 6889 Computed
637 Square 405769 Computed
946 Sqrt 30 Computed
560 Square 313600 Computed
237 Square 56169 Computed
442 Square 195364 Computed
800 Square 640000 Computed
177 Square 31329 Computed
-563 Sqrt 23 Computed
745 Square 555025 Computed
550 Fibonacci 6376 Computed
443 Sqrt 21 Computed
474 Sqrt 21 Computed
-666 Fibonacci -1 Computed
-766 Fibonacci -1 Computed
-491 Sqrt 22 Computed
826 Fibonacci 3473 Computed
-341 Sqrt 18 Computed
508 Fibonacci 9907 Computed
-462 Fibonacci -1 Computed
-705 Square 497025 Computed
394 Sqrt 19 Computed
648 Square 419904 Computed
-573 Fibonacci -1 Computed
-37 Sqrt 6 Computed
-673 Sqrt 25 Computed
568 Sqrt 23 Computed
109 Sqrt 10 Computed
-321 Sqrt 17 Computed
950 Sqrt 30 Computed
-801 Sqrt 28 Computed
-672 Fibonacci -1 Computed
238 Fibonacci 2759 Computed
-265 Square 70225 Computed
-740 Square 547600 Computed
-195 Sqrt 13 Computed
-581 Square 337561 Computed
670 Square 448900 Computed
986 Sqrt 31 Computed
-696 Fibonacci -1 Computed
-971 Fibonacci -1 Computed
-897 Sqrt 29 Computed
546 Sqrt 23 Computed
198 Fibonacci 8319 Computed
-69 Square 4761 Computed
-408 Sqrt 20 Computed
376 Square 141376 Computed
-971 Square 942841 Computed
223 Fibonacci 8078 Computed
183 Square 33489 Computed
796 Sqrt 28 Computed
359 Sqrt 18 Computed
200 Square 40000 Computed
-36 Sqrt 6 Computed
-346 Sqrt 18 Computed
778 Square 605284 Computed
-536 Fibonacci -1 Computed
-337 Square 113569 Computed
-51 Square 2601 Computed
893 Sqrt 29 Computed
-563 Fibonacci -1 Computed
954 Fibonacci 4514 Computed
-150 Square 22500 Computed
-475 Fibonacci -1 Computed
-257 Sqrt 16 Computed
281 Fibonacci 3479 Computed
-764 Fibonacci -1 Computed
528 Square 278784 Computed
134 Fibonacci 9936 Computed
-70 Square 4900 Computed
210 Square 44100 Computed
979 Square 958441 Computed
-810 Sqrt 28 Computed
25 Square 625 Computed
42 Fibonacci 9597 Computed
826 Fibonacci 3473 Computed
463 Square 214369 Computed
-273 Fibonacci -1 Computed
-623 Sqrt 24 Computed
-209 Square 43681 Computed
-287 Square 82369 Computed
-505 Square 255025 Computed
-380 Fibonacci -1 Computed
257 Square 66049 Computed
-237 Fibonacci -1 Computed
663 Sqrt 25 Computed
-376 Sqrt 19 Computed
-627 Square 393129 Computed
438 Fibonacci 6947 Computed
915 Sqrt 30 Computed
-941 Fibonacci -1 Computed
-497 Sqrt 22 Computed
918 Square 842724 Computed
171 Fibonacci 7284 Computed
-514 Sqrt 22 Computed
300 Sqrt 17 Computed
12 Sqrt 3 Computed
78 Fibonacci 9438 Computed
-701 Square 491401 Computed
560 Sqrt 23 Computed
-890 Square 792100 Computed
-968 Fibonacci -1 Computed
-992 Square 984064 Computed
376 Sqrt 19 Computed
-586 Fibonacci -1 Computed
833 Fibonacci 4828 Computed
-222 Sqrt 14 Computed
388 Sqrt 19 Computed
-911 Sqrt 30 Computed
-198 Fibonacci -1 Computed
-528 Sqrt 22 Computed
841 Square 707281 Computed
756 Square 571536 Computed
312 Square 97344 Computed
632 Fibonacci 4883 Computed
-492 Sqrt 22 Computed
261 Square 68121 Computed
-461 Sqrt 21 Computed
-554 Square 306916 Computed
912 Fibonacci 6670 Computed
710 Fibonacci 8568 Computed
-184 Square 33856 Computed
-20 Fibonacci -1 Computed
613 Sqrt 24 Computed
-130 Sqrt 11 Computed
-58 Fibonacci -1 Computed
850 Sqrt 29 Computed
875 Sqrt 29 Computed
-98 Sqrt 9 Computed
-428 Square 183184 Computed
-817 Sqrt 28 Computed
-231 Square 53361 Computed
158 Fibonacci 4867 Computed
-643 Sqrt 25 Computed
509 Fibonacci 3549 Computed
-256 Square 65536 Computed
-675 Sqrt 25 Computed
742 Fibonacci 6957 Computed
-787 Sqrt 28 Computed
900 Fibonacci 7002 Computed
547 Square 299209 Computed
-930 Sqrt 30 Computed
-523 Square 273529 Computed
-138 Sqrt 11 Computed
350 Fibonacci 763 Computed
550 Sqrt 23 Computed
531 Square 281961 Computed
573 Square 328329 Computed
159 Fibonacci 8152 Computed
-800 Square 640000 Computed
-455 Square 207025 Computed
865 Sqrt 29 Computed
-138 Sqrt 11 Computed
113 Square 12769 Computed
92 Square 8464 Computed
224 Sqrt 14 Computed
854 Sqrt 29 Computed
894 Square 799236 Computed
242 Sqrt 15 Computed
575 Sqrt 23 Computed
64 Square 4096 Computed
-870 Sqrt 29 Computed
696 Square 484416 Computed
383 Sqrt 19 Computed
-507 Fibonacci -1 Computed
-828 Square 685584 Computed
-294 Sqrt 17 Computed
-150 Sqrt 12 Computed
-653 Sqrt 25 Computed
949 Square 900601 Computed
800 Fibonacci 7447 Computed
442 Square 195364 Computed
449 Sqrt 21 Computed
839 Square 703921 Computed
107 Sqrt 10 Computed
-721 Square 519841 Computed
-586 Sqrt 24 Computed
-112 Fibonacci -1 Computed
-918 Sqrt 30 Computed
-212 Square 44944 Computed
-409 Sqrt 20 Computed
-379 Sqrt 19 Computed
-581 Sqrt 24 Computed
-821 Square 674041 Computed
749 Sqrt 27 Computed
56 Square 3136 Computed
-641 Fibonacci -1 Computed
3 Square 9 Computed
-664 Square 440896 Computed
-504 Sqrt 22 Computed
-676 Sqrt 26 Computed
-655 Sqrt 25 Computed
256 Square 65536 Computed
-230 Fibonacci -1 Computed
843 Fibonacci 976 Computed
698 Sqrt 26 Computed
-693 Fibonacci -1 Computed
-387 Sqrt 19 Computed
111 Square 12321 Computed
-424 Square 179776 Computed
