504 Cube 128024064 Computed
-107 Square 11449 Computed
236 CheckPrime 0 Computed
137 Cube 2571353 Computed
947 Sqrt 30 Computed
351 CheckPrime 0 Computed
-745 Fibonacci -1 Computed
879 CheckPrime 0 Computed
937 Square 877969 Computed
492 Factorial 9022 Computed
728 CheckPrime 0 Computed
911 Fibonacci 6013 Computed
998 Sqrt 31 Computed
-394 CheckPrime 0 Computed
686 CheckPrime 0 Computed
-972 Fibonacci -1 Computed
-35 Factorial 0 Computed
916 Factorial 6935 Computed
782 Sqrt 27 Computed
-527 Square 277729 Computed
308 Sqrt 17 Computed
-859 Sqrt 29 Computed
-32 NextPrime 2 Computed
-510 Factorial 0 Computed
-896 Cube -719323136 Computed
417 Fibonacci 5758 Computed
-942 Fibonacci -1 Computed
829 NextPrime 839 Computed
767 Sqrt 27 Computed
596 NextPrime 599 Computed
279 CheckPrime 0 Computed
-199 Factorial 0 Computed
-818 NextPrime 2 Computed
298 NextPrime 307 Computed
561 Square 314721 Computed
-914 Fibonacci -1 Computed
-160 NextPrime 2 Computed
-42 Fibonacci -1 Computed
187 NextPrime 191 Computed
-678 Fibonacci -1 Computed
-699 CheckPrime 0 Computed
-759 Cube -437245479 Computed
548 Fibonacci 1420 Computed
-113 CheckPrime 0 Computed
-465 Sqrt 21 Computed
-434 CheckPrime 0 Computed
304 Sqrt 17 Computed
799 Sqrt 28 Computed
642 Square 412164 Computed
-798 NextPrime 2 Computed
-860 Cube -636056000 Computed
-51 NextPrime 2 Computed
-748 CheckPrime 0 Computed
-884 Fibonacci -1 Computed
254 Square 64516 Computed
-163 Factorial 0 Computed
26 Cube 17576 Computed
-202 NextPrime 2 Computed
550 Sqrt 23 Computed
-708 Cube -354894912 Computed
-726 Factorial 0 Computed
-512 Fibonacci -1 Computed
347 CheckPrime 1 Computed
-292 Sqrt 17 Computed
-923 Sqrt 30 Computed
165 Square 27225 Computed
-605 NextPrime 2 Computed
310 Factorial 2310 Computed
-658 Fibonacci -1 Computed
-151 CheckPrime 0 Computed
347 Factorial 6289 Computed
-872 CheckPrime 0 Computed
-703 Cube -347428927 Computed
668 Factorial 6951 Computed
282 Cube 22425768 Computed
204 Cube 8489664 Computed
-782 Cube -478211768 Computed
845 Factorial 2168 Computed
13 Factorial 9249 Computed
-330 CheckPrime 0 Computed
-812 NextPrime 2 Computed
-194 Fibonacci -1 Computed
685 CheckPrime 0 Computed
232 Sqrt 15 Computed
-916 CheckPrime 0 Computed
-903 Cube -736314327 Computed
716 Square 512656 Computed
-467 Square 218089 Computed
-525 Factorial 0 Computed
434 Square 188356 Computed
305 NextPrime 307 Computed
-492 Square 242064 Computed
49 Sqrt 7 Computed
336 NextPrime 337 Computed
-9 Cube -729 Computed
880 Cube 681472000 Computed
26 NextPrime 29 Computed
913 Cube 761048497 Computed
913 CheckPrime 0 Computed
747 CheckPrime 0 Computed
-941 Square 885481 Computed
-724 Square 524176 Computed
-799 Fibonacci -1 Computed
-385 Square 148225 Computed
-907 CheckPrime 0 Computed
804 NextPrime 809 Computed
-776 Factorial 0 Computed
909 CheckPrime 0 Computed
742 Cube 408518488 Computed
18 CheckPrime 0 Computed
206 Fibonacci 1519 Computed
152 Fibonacci 8028 Computed
549 Sqrt 23 Computed
798 Square 636804 Computed
363 Sqrt 19 Computed
-276 Cube -21024576 Computed
-506 Cube -129554216 Computed
-996 Sqrt 31 Computed
847 NextPrime 853 Computed
375 Fibonacci 6784 Computed
548 Factorial 7547 Computed
584 Cube 199176704 Computed
808 Square 652864 Computed
-974 Cube -924010424 Computed
439 Factorial 4409 Computed
371 CheckPrime 0 Computed
717 CheckPrime 0 Computed
-314 Fibonacci -1 Computed
606 NextPrime 607 Computed
-602 Sqrt 24 Computed
473 CheckPrime 0 Computed
-320 Factorial 0 Computed
789 Cube 491169069 Computed
429 CheckPrime 0 Computed
668 NextPrime 673 Computed
411 NextPrime 419 Computed
-973 Sqrt 31 Computed
-369 Factorial 0 Computed
746 Factorial 2674 Computed
-577 Square 332929 Computed
-990 Fibonacci -1 Computed
66 CheckPrime 0 Computed
983 CheckPrime 1 Computed
-751 Square 564001 Computed
871 Square 758641 Computed
569 CheckPrime 1 Computed
-616 NextPrime 2 Computed
840 Cube 592704000 Computed
-114 Sqrt 10 Computed
179 CheckPrime 1 Computed
137 Sqrt 11 Computed
-15 Square 225 Computed
9 CheckPrime 0 Computed
-699 Sqrt 26 Computed
-287 Fibonacci -1 Computed
-787 NextPrime 2 Computed
445 Sqrt 21 Computed
673 CheckPrime 1 Computed
406 Square 164836 Computed
58 Sqrt 7 Computed
-823 Fibonacci -1 Computed
-545 Fibonacci -1 Computed
-289 Cube -24137569 Computed
922 CheckPrime 0 Computed
-974 Sqrt 31 Computed
179 CheckPrime 1 Computed
410 Factorial 2577 Computed
-870 Cube -658503000 Computed
-208 NextPrime 2 Computed
169 Fibonacci 5886 Computed
566 Fibonacci 4841 Computed
119 Cube 1685159 Computed
-843 Square 710649 Computed
961 Cube 887503681 Computed
-280 Sqrt 16 Computed
-701 CheckPrime 0 Computed
428 Factorial 4647 Computed
-351 Cube -43243551 Computed
-53 CheckPrime 0 Computed
169 Fibonacci 5886 Computed
938 CheckPrime 0 Computed
933 Square 870489 Computed
701 Sqrt 26 Computed
-651 Sqrt 25 Computed
568 Sqrt 23 Computed
-561 NextPrime 2 Computed
-118 Fibonacci -1 Computed
-201 Factorial 0 Computed
-55 Sqrt 7 Computed
101 NextPrime 103 Computed
-412 NextPrime 2 Computed
-63 Sqrt 7 Computed
361 Cube 47045881 Computed
25 Cube 15625 Computed
-982 Square 964324 Computed
175 Sqrt 13 Computed
-940 CheckPrime 0 Computed
504 Cube 128024064 Computed
271 CheckPrime 1 Computed
589 Cube 204336469 Computed
-620 NextPrime 2 Computed
-632 Factorial 0 Computed
-902 Factorial 0 Computed
-74 NextPrime 2 Computed
-344 Sqrt 18 Computed
599 Cube 214921799 Computed
-747 NextPrime 2 Computed
-778 Sqrt 27 Computed
659 Square 434281 Computed
-329 Fibonacci -1 Computed
589 Factorial 135 Computed
-625 Cube -244140625 Computed
-518 NextPrime 2 Computed
67 CheckPrime 1 Computed
280 Fibonacci 9411 Computed
-759 Factorial 0 Computed
565 NextPrime 569 Computed
843 Cube 599077107 Computed
-411 Cube -69426531 Computed
-577 NextPrime 2 Computed
-784 Factorial 0 Computed
68 Fibonacci 127 Computed
342 Factorial 1341 Computed
535 Cube 153130375 Computed
574 Factorial 213 Computed
209 CheckPrime 0 Computed
-15 Square 225 Computed
995 Fibonacci 1372 Computed
-161 Cube -4173281 Computed
369 CheckPrime 0 Computed
-39 Cube -59319 Computed
48 NextPrime 53 Computed
-936 Factorial 0 Computed
-830 Factorial 0 Computed
567 CheckPrime 0 Computed
-71 Square 5041 Computed
403 Fibonacci 9298 Computed
805 Sqrt 28 Computed
456 Factorial 9609 Computed
104 Cube 1124864 Computed
-18 Factorial 0 Computed
906 Sqrt 30 Computed
15 Square 225 Computed
901 NextPrime 907 Computed
-160 Sqrt 12 Computed
-363 Fibonacci -1 Computed
11 NextPrime 13 Computed
-356 Fibonacci -1 Computed
545 NextPrime 547 Computed
266 Cube 18821096 Computed
631 Cube 251239591 Computed
697 Factorial 3831 Computed
-842 Sqrt 29 Computed
616 Square 379456 Computed
-46 Square 2116 Computed
13 Cube 2197 Computed
-998 CheckPrime 0 Computed
619 Square 383161 Computed
219 Cube 10503459 Computed
134 Fibonacci 9936 Computed
536 Square 287296 Computed
-193 Factorial 0 Computed
-183 Factorial 0 Computed
-546 Factorial 0 Computed
-705 CheckPrime 0 Computed
355 Square 126025 Computed
-922 Sqrt 30 Computed
-72 NextPrime 2 Computed
-407 Square 165649 Computed
-856 CheckPrime 0 Computed
-61 Square 3721 Computed
-605 Square 366025 Computed
-863 NextPrime 2 Computed
-256 Square 65536 Computed
361 Square 130321 Computed
-77 Square 5929 Computed
172 Square 29584 Computed
-752 Factorial 0 Computed
-616 CheckPrime 0 Computed
-186 Cube -6434856 Computed
-981 Sqrt 31 Computed
-288 Sqrt 16 Computed
-699 Factorial 0 Computed
199 Sqrt 14 Computed
944 Cube 841232384 Computed
-996 Factorial 0 Computed
367 Cube 49430863 Computed
771 Sqrt 27 Computed
559 Square 312481 Computed
631 Factorial 1468 Computed
-310 NextPrime 2 Computed
-193 Factorial 0 Computed
-897 Fibonacci -1 Computed
537 Fibonacci 7225 Computed
-475 Factorial 0 Computed
-545 Cube -161878625 Computed
75 NextPrime 79 Computed
-428 Square 183184 Computed
138 Factorial 1096 Computed
-841 NextPrime 2 Computed
-399 Square 159201 Computed
833 CheckPrime 0 Computed
265 Square 70225 Computed
121 Cube 1771561 Computed
-227 Fibonacci -1 Computed
-704 Square 495616 Computed
37 Sqrt 6 Computed
-85 Square 7225 Computed
110 Sqrt 10 Computed
-284 CheckPrime 0 Computed
350 Factorial 5914 Computed
-290 Sqrt 17 Computed
457 Factorial 3193 Computed
-618 NextPrime 2 Computed
837 Fibonacci 5470 Computed
-692 Factorial 0 Computed
-351 Cube -43243551 Computed
640 NextPrime 641 Computed
-985 Sqrt 31 Computed
-162 Factorial 0 Computed
346 Sqrt 18 Computed
586 Square 343396 Computed
-414 Sqrt 20 Computed
816 Fibonacci 9600 Computed
-72 Factorial 0 Computed
388 NextPrime 389 Computed
598 Sqrt 24 Computed
555 Sqrt 23 Computed
-679 Fibonacci -1 Computed
4 CheckPrime 0 Computed
-681 Sqrt 26 Computed
101 Cube 1030301 Computed
714 NextPrime 719 Computed
433 CheckPrime 1 Computed
538 Sqrt 23 Computed
805 CheckPrime 0 Computed
-674 Sqrt 25 Computed
-592 Cube -207474688 Computed
513 Factorial 497 Computed
635 Sqrt 25 Computed
-625 CheckPrime 0 Computed
80 Factorial 4362 Computed
-528 Square 278784 Computed
-38 Sqrt 6 Computed
-794 Fibonacci -1 Computed
613 Factorial 1436 Computed
-613 Square 375769 Computed
264 Cube 18399744 Computed
5 CheckPrime 1 Computed
-987 Fibonacci -1 Computed
912 NextPrime 919 Computed
-129 CheckPrime 0 Computed
-916 Sqrt 30 Computed
893 Factorial 2793 Computed
-286 Factorial 0 Computed
996 NextPrime 997 Computed
-61 Cube -226981 Computed
120 Square 14400 Computed
161 Square 25921 Computed
124 Factorial 9655 Computed
-511 CheckPrime 0 Computed
984 Factorial 6372 Computed
-81 CheckPrime 0 Computed
707 Cube 353393243 Computed
-696 NextPrime 2 Computed
853 Cube 620650477 Computed
-214 NextPrime 2 Computed
-568 Factorial 0 Computed
-729 Fibonacci -1 Computed
-59 Sqrt 7 Computed
431 CheckPrime 1 Computed
-724 Fibonacci -1 Computed
405 Fibonacci 4572 Computed
614 CheckPrime 0 Computed
627 Sqrt 25 Computed
-304 Cube -28094464 Computed
581 CheckPrime 0 Computed
-180 Factorial 0 Computed
508 Cube 131096512 Computed
-787 Factorial 0 Computed
343 CheckPrime 0 Computed
226 Fibonacci 6244 Computed
-453 Fibonacci -1 Computed
574 Cube 189119224 Computed
514 Square 264196 Computed
-908 Fibonacci -1 Computed
-460 Square 211600 Computed
831 CheckPrime 0 Computed
-893 Square 797449 Computed
158 CheckPrime 0 Computed
787 CheckPrime 1 Computed
637 Cube 258474853 Computed
-621 Square 385641 Computed
-26 Square 676 Computed
810 Fibonacci 8214 Computed
-40 Sqrt 6 Computed
-257 Fibonacci -1 Computed
326 Factorial 4793 Computed
846 Fibonacci 7767 Computed
-387 Sqrt 19 Computed
-957 Fibonacci -1 Computed
265 Square 70225 Computed
-630 NextPrime 2 Computed
346 Sqrt 18 Computed
-352 CheckPrime 0 Computed
823 Factorial 885 Computed
855 Square 731025 Computed
-36 Sqrt 6 Computed
694 Factorial 5653 Computed
-171 Square 29241 Computed
-107 Factorial 0 Computed
118 NextPrime 127 Computed
20 NextPrime 23 Computed
406 Fibonacci 9819 Computed
475 Fibonacci 1864 Computed
-878 Sqrt 29 Computed
-941 Sqrt 30 Computed
-172 Fibonacci -1 Computed
-73 Square 5329 Computed
-27 Cube -19683 Computed
-819 CheckPrime 0 Computed
946 Factorial 5355 Computed
114 Square 12996 Computed
-707 CheckPrime 0 Computed
90 Cube 729000 Computed
530 Fibonacci 2113 Computed
744 Square 553536 Computed
-557 Factorial 0 Computed
-309 Sqrt 17 Computed
211 Cube 9393931 Computed
746 Cube 415160936 Computed
-991 NextPrime 2 Computed
-94 Cube -830584 Computed
322 NextPrime 331 Computed
827 Cube 565609283 Computed
130 Factorial 610 Computed
-493 NextPrime 2 Computed
-151 CheckPrime 0 Computed
510 Cube 132651000 Computed
-510 Square 260100 Computed
-148 Factorial 0 Computed
-937 Sqrt 30 Computed
305 NextPrime 307 Computed
-250 Sqrt 15 Computed
-359 Cube -46268279 Computed
717 Factorial 3595 Computed
-116 NextPrime 2 Computed
-366 CheckPrime 0 Computed
536 Square 287296 Computed
-404 Square 163216 Computed
-97 NextPrime 2 Computed
-27 NextPrime 2 Computed
-601 Cube -217081801 Computed
219 Factorial 8349 Computed
987 Sqrt 31 Computed
818 Square 669124 Computed
836 Factorial 444 Computed
13 Cube 2197 Computed
460 NextPrime 461 Computed
609 Fibonacci 589 Computed
-467 Factorial 0 Computed
-624 Fibonacci -1 Computed
887 Cube 697864103 Computed
131 CheckPrime 1 Computed
669 Square 447561 Computed
-453 Fibonacci -1 Computed
-810 Cube -531441000 Computed
532 Sqrt 23 Computed
37 Square 1369 Computed
-50 NextPrime 2 Computed
512 Factorial 5386 Computed
935 Cube 817400375 Computed
217 Sqrt 14 Computed
131 Sqrt 11 Computed
-537 NextPrime 2 Computed
-548 Factorial 0 Computed
714 Sqrt 26 Computed
504 Cube 128024064 Computed
19 Square 361 Computed
858 Square 736164 Computed
-113 CheckPrime 0 Computed
-723 CheckPrime 0 Computed
625 Square 390625 Computed
242 Sqrt 15 Computed
875 Fibonacci 3513 Computed
-61 Sqrt 7 Computed
-409 Fibonacci -1 Computed
-965 CheckPrime 0 Computed
977 Sqrt 31 Computed
146 Factorial 8036 Computed
-221 Square 48841 Computed
-395 Sqrt 19 Computed
924 Fibonacci 6516 Computed
-576 Cube -191102976 Computed
480 Factorial 3030 Computed
-271 Factorial 0 Computed
281 Sqrt 16 Computed
727 Sqrt 26 Computed
134 NextPrime 137 Computed
-441 CheckPrime 0 Computed
732 CheckPrime 0 Computed
-117 Cube -1601613 Computed
-669 Square 447561 Computed
872 CheckPrime 0 Computed
231 CheckPrime 0 Computed
759 CheckPrime 0 Computed
-916 Factorial 0 Computed
440 Cube 85184000 Computed
61 Factorial 6738 Computed
925 Factorial 2655 Computed
-563 Cube -178453547 Computed
-779 Factorial 0 Computed
-423 Sqrt 20 Computed
-332 Factorial 0 Computed
-106 Fibonacci -1 Computed
-297 Factorial 0 Computed
-854 CheckPrime 0 Computed
145 Factorial 4700 Computed
-546 NextPrime 2 Computed
977 Factorial 1164 Computed
-603 Fibonacci -1 Computed
-952 Square 906304 Computed
197 Factorial 1185 Computed
948 NextPrime 953 Computed
-519 Factorial 0 Computed
-481 Factorial 0 Computed
-474 Factorial 0 Computed
291 Cube 24642171 Computed
335 Cube 37595375 Computed
-841 Fibonacci -1 Computed
-54 NextPrime 2 Computed
256 CheckPrime 0 Computed
-146 Sqrt 12 Computed
-977 Cube -932574833 Computed
988 NextPrime 991 Computed
817 Sqrt 28 Computed
726 CheckPrime 0 Computed
175 Sqrt 13 Computed
-758 Sqrt 27 Computed
-228 Cube -11852352 Computed
-895 Cube -716917375 Computed
-867 Square 751689 Computed
37 Fibonacci 3211 Computed
204 Sqrt 14 Computed
-781 CheckPrime 0 Computed
729 Sqrt 27 Computed
777 Sqrt 27 Computed
235 Fibonacci 8460 Computed
737 NextPrime 739 Computed
-859 Cube -633839779 Computed
-230 Cube -12167000 Computed
-147 Cube -3176523 Computed
-511 Fibonacci -1 Computed
-971 NextPrime 2 Computed
-335 Square 112225 Computed
-729 NextPrime 2 Computed
-650 Sqrt 25 Computed
402 Factorial 9050 Computed
-544 Sqrt 23 Computed
439 NextPrime 443 Computed
307 NextPrime 311 Computed
784 Square 614656 Computed
628 NextPrime 631 Computed
96 NextPrime 97 Computed
675 Factorial 1557 Computed
-783 CheckPrime 0 Computed
224 NextPrime 227 Computed
-463 NextPrime 2 Computed
-406 Fibonacci -1 Computed
520 Cube 140608000 Computed
249 Sqrt 15 Computed
759 NextPrime 761 Computed
112 Cube 1404928 Computed
738 CheckPrime 0 Computed
657 Fibonacci 1994 Computed
258 Cube 17173512 Computed
6 Cube 216 Computed
-763 Fibonacci -1 Computed
-551 Fibonacci -1 Computed
610 Fibonacci 3900 Computed
136 NextPrime 137 Computed
-907 Sqrt 30 Computed
-614 Cube -231475544 Computed
665 Cube 294079625 Computed
-726 NextPrime 2 Computed
-718 Sqrt 26 Computed
660 Factorial 3000 Computed
603 CheckPrime 0 Computed
503 Fibonacci 8300 Computed
-750 CheckPrime 0 Computed
-264 Sqrt 16 Computed
878 CheckPrime 0 Computed
-563 Factorial 0 Computed
306 Cube 28652616 Computed
901 Square 811801 Computed
672 CheckPrime 0 Computed
551 Sqrt 23 Computed
-750 Fibonacci -1 Computed
317 Cube 31855013 Computed
675 CheckPrime 0 Computed
968 Factorial 2548 Computed
-584 Fibonacci -1 Computed
-997 Fibonacci -1 Computed
395 Factorial 2098 Computed
-229 NextPrime 2 Computed
573 Sqrt 23 Computed
-307 Square 94249 Computed
831 Sqrt 28 Computed
-559 Square 312481 Computed
151 Factorial 4084 Computed
471 Square 221841 Computed
-424 Factorial 0 Computed
-59 Square 3481 Computed
475 Cube 107171875 Computed
914 Sqrt 30 Computed
-632 Factorial 0 Computed
-354 Sqrt 18 Computed
724 Square 524176 Computed
-902 Fibonacci -1 Computed
695 Fibonacci 6562 Computed
-552 CheckPrime 0 Computed
313 Square 97969 Computed
-813 Fibonacci -1 Computed
-720 Square 518400 Computed
324 Factorial 3719 Computed
-774 NextPrime 2 Computed
-380 Square 144400 Computed
794 NextPrime 797 Computed
-363 Cube -47832147 Computed
-144 CheckPrime 0 Computed
195 Sqrt 13 Computed
454 NextPrime 457 Computed
-604 Factorial 0 Computed
-183 NextPrime 2 Computed
250 Square 62500 Computed
298 Sqrt 17 Computed
-882 Fibonacci -1 Computed
308 Square 94864 Computed
870 Sqrt 29 Computed
-335 Factorial 0 Computed
138 Factorial 1096 Computed
865 Cube 647214625 Computed
-20 Fibonacci -1 Computed
-281 NextPrime 2 Computed
227 Cube 11697083 Computed
256 CheckPrime 0 Computed
737 Fibonacci 5876 Computed
-139 Square 19321 Computed
777 Fibonacci 6225 Computed
-658 Fibonacci -1 Computed
114 CheckPrime 0 Computed
-801 Fibonacci -1 Computed
-802 Fibonacci -1 Computed
-336 Factorial 0 Computed
-315 Cube -31255875 Computed
-177 Sqrt 13 Computed
-149 NextPrime 2 Computed
963 Cube 893056347 Computed
996 Square 992016 Computed
91 Square 8281 Computed
513 Square 263169 Computed
226 Factorial 7909 Computed
437 NextPrime 439 Computed
875 Cube 669921875 Computed
625 Fibonacci 9957 Computed
547 CheckPrime 1 Computed
335 CheckPrime 0 Computed
731 Cube 390617891 Computed
775 Square 600625 Computed
-181 Factorial 0 Computed
787 NextPrime 797 Computed
45 NextPrime 47 Computed
371 NextPrime 373 Computed
724 Fibonacci 2130 Computed
-11 Cube -1331 Computed
-541 NextPrime 2 Computed
340 CheckPrime 0 Computed
573 Cube 188132517 Computed
-382 NextPrime 2 Computed
730 Factorial 2598 Computed
542 NextPrime 547 Computed
-815 Fibonacci -1 Computed
-474 NextPrime 2 Computed
-552 Square 304704 Computed
15 NextPrime 17 Computed
464 Factorial 2830 Computed
-493 Fibonacci -1 Computed
-81 NextPrime 2 Computed
66 Factorial 8881 Computed
68 Sqrt 8 Computed
62 NextPrime 67 Computed
-974 Fibonacci -1 Computed
663 NextPrime 673 Computed
-576 NextPrime 2 Computed
-742 Square 550564 Computed
542 Sqrt 23 Computed
-782 Fibonacci -1 Computed
873 NextPrime 877 Computed
-686 Sqrt 26 Computed
-23 CheckPrime 0 Computed
