1142 Factorial 9267 Computed
1140 NextPrime 1151 Computed
1028 Sqrt 32 Computed
1190 Fibonacci 3660 Computed
1243 Sqrt 35 Computed
1111 NextPrime 1117 Computed
1205 Sqrt 34 Computed
1215 CheckPrime 0 Computed
1048 CheckPrime 0 Computed
1252 Fibonacci 2466 Computed
1078 Factorial 7478 Computed
1114 CheckPrime 0 Computed
1201 NextPrime 1213 Computed
1042 Sqrt 32 Computed
1254 CheckPrime 0 Computed
1080 NextPrime 1087 Computed
1028 Fibonacci 1788 Computed
1151 NextPrime 1153 Computed
1129 Sqrt 33 Computed
1017 Fibonacci 3858 Computed
1145 NextPrime 1151 Computed
1174 NextPrime 1181 Computed
1062 CheckPrime 0 Computed
1013 Fibonacci 49 Computed
1084 Factorial 4104 Computed
1003 Sqrt 31 Computed
1058 Sqrt 32 Computed
1188 CheckPrime 0 Computed
1182 Fibonacci 6567 Computed
1113 Factorial 7290 Computed
1150 Fibonacci 3782 Computed
1021 Factorial 4980 Computed
1091 CheckPrime 1 Computed
1249 Factorial 6992 Computed
1223 NextPrime 1229 Computed
1219 Factorial 2534 Computed
1031 Sqrt 32 Computed
1159 CheckPrime 0 Computed
1165 Sqrt 34 Computed
1022 NextPrime 1031 Computed
1216 CheckPrime 0 Computed
1136 Factorial 8125 Computed
1074 Factorial 507 Computed
1185 Sqrt 34 Computed
1063 Sqrt 32 Computed
1117 Fibonacci 6884 Computed
1229 NextPrime 1231 Computed
1213 NextPrime 1217 Computed
1194 NextPrime 1201 Computed
1102 Sqrt 33 Computed
1092 Sqrt 33 Computed
1054 Fibonacci 5927 Computed
1172 NextPrime 1181 Computed
1151 Sqrt 33 Computed
1063 Fibonacci 6064 Computed
1115 NextPrime 1117 Computed
1166 Factorial 2756 Computed
1140 Factorial 5249 Computed
1018 NextPrime 1019 Computed
1016 Sqrt 31 Computed
1016 Fibonacci 5880 Computed
1183 NextPrime 1187 Computed
1150 NextPrime 1151 Computed
1218 CheckPrime 0 Computed
1208 CheckPrime 0 Computed
1056 Factorial 8047 Computed
1123 Fibonacci 1253 Computed
1122 NextPrime 1123 Computed
1035 CheckPrime 0 Computed
1255 Factorial 9204 Computed
1118 Factorial 9719 Computed
1113 CheckPrime 0 Computed
1137 Sqrt 33 Computed
1099 Factorial 7510 Computed
1116 Factorial 9351 Computed
1213 CheckPrime 1 Computed
1146 Sqrt 33 Computed
1199 Factorial 9162 Computed
1160 NextPrime 1163 Computed
1200 CheckPrime 0 Computed
1232 NextPrime 1237 Computed
1081 Sqrt 32 Computed
1173 NextPrime 1181 Computed
1189 Fibonacci 1953 Computed
1195 CheckPrime 0 Computed
1244 Fibonacci 5850 Computed
1066 Factorial 2520 Computed
1150 Sqrt 33 Computed
1078 Sqrt 32 Computed
1073 Sqrt 32 Computed
1152 Factorial 286 Computed
1140 Fibonacci 6348 Computed
1014 Factorial 4252 Computed
1085 NextPrime 1087 Computed
1026 NextPrime 1031 Computed
1162 Fibonacci 866 Computed
1025 CheckPrime 0 Computed
1218 CheckPrime 0 Computed
1087 Fibonacci 9140 Computed
1215 Sqrt 34 Computed
1087 Fibonacci 9140 FromCache
1232 NextPrime 1237 FromCache
1100 Factorial 3356 Computed
1166 Sqrt 34 Computed
1245 Sqrt 35 Computed
1141 Fibonacci 2491 Computed
1152 Sqrt 33 Computed
1018 Sqrt 31 Computed
1027 Fibonacci 8544 Computed
1083 Sqrt 32 Computed
1116 CheckPrime 0 Computed
1063 Fibonacci 6064 Computed
1154 NextPrime 1163 Computed
1181 Fibonacci 9488 Computed
1246 Sqrt 35 Computed
1162 Fibonacci 866 FromCache
1136 CheckPrime 0 Computed
1132 CheckPrime 0 Computed
1210 Sqrt 34 Computed
1042 CheckPrime 0 Computed
1036 Factorial 9571 Computed
1197 Factorial 3333 Computed
1017 NextPrime 1019 Computed
1112 NextPrime 1117 Computed
1074 CheckPrime 0 Computed
1241 Fibonacci 5361 Computed
1116 CheckPrime 0 FromCache
1039 Sqrt 32 Computed
1194 Sqrt 34 Computed
1067 NextPrime 1069 Computed
1036 NextPrime 1039 Computed
1087 NextPrime 1091 Computed
1169 NextPrime 1171 Computed
1114 Sqrt 33 Computed
1028 NextPrime 1031 Computed
1191 Fibonacci 5613 Computed
1235 NextPrime 1237 Computed
1253 NextPrime 1259 Computed
1225 CheckPrime 0 Computed
1181 Sqrt 34 Computed
1048 NextPrime 1049 Computed
1162 Factorial 8323 Computed
1127 Sqrt 33 Computed
1076 CheckPrime 0 Computed
1021 Factorial 4980 Computed
1167 Factorial 4946 Computed
1010 Fibonacci 5684 Computed
1048 Factorial 2443 Computed
1182 NextPrime 1187 Computed
1119 Sqrt 33 Computed
1236 Fibonacci 3213 Computed
1235 CheckPrime 0 Computed
1000 Sqrt 31 Computed
1107 Sqrt 33 Computed
1176 NextPrime 1181 Computed
1116 CheckPrime 0 FromCache
1077 CheckPrime 0 Computed
1020 Fibonacci 3388 Computed
1170 Fibonacci 6058 Computed
1125 NextPrime 1129 Computed
1057 CheckPrime 0 Computed
1245 CheckPrime 0 Computed
1143 Factorial 855 Computed
1086 Factorial 6189 Computed
1214 Fibonacci 6755 Computed
1148 Fibonacci 5186 Computed
1153 CheckPrime 1 Computed
1245 Sqrt 35 Computed
1100 Fibonacci 3439 Computed
1171 NextPrime 1181 Computed
1144 CheckPrime 0 Computed
1093 Fibonacci 6706 Computed
1043 Fibonacci 5469 Computed
1197 CheckPrime 0 Computed
1086 CheckPrime 0 Computed
1163 CheckPrime 1 Computed
1203 NextPrime 1213 Computed
1158 CheckPrime 0 Computed
1070 Factorial 1961 Computed
1205 Fibonacci 6737 Computed
1080 Sqrt 32 Computed
1162 CheckPrime 0 Computed
1098 CheckPrime 0 Computed
1229 Factorial 6896 Computed
1070 Fibonacci 5533 Computed
1225 Fibonacci 7700 Computed
1141 CheckPrime 0 Computed
1176 NextPrime 1181 Computed
1190 Sqrt 34 Computed
1070 Fibonacci 5533 FromCache
1092 NextPrime 1093 Computed
1109 Sqrt 33 Computed
1037 Sqrt 32 Computed
1197 CheckPrime 0 FromCache
1126 Fibonacci 1111 Computed
1145 CheckPrime 0 Computed
1051 CheckPrime 1 Computed
1006 CheckPrime 0 Computed
1060 CheckPrime 0 Computed
1129 NextPrime 1151 Computed
1022 NextPrime 1031 Computed
1112 NextPrime 1117 Computed
1243 CheckPrime 0 Computed
1080 NextPrime 1087 Computed
1099 CheckPrime 0 Computed
1089 Sqrt 33 Computed
1036 Fibonacci 864 Computed
1004 Fibonacci 6675 Computed
1158 Sqrt 34 Computed
1101 Sqrt 33 Computed
1170 Fibonacci 6058 Computed
1244 Fibonacci 5850 Computed
1099 NextPrime 1103 Computed
1080 Fibonacci 6486 Computed
1134 CheckPrime 0 Computed
1176 Fibonacci 6796 Computed
1213 Fibonacci 4957 Computed
1164 Factorial 4983 Computed
1048 Sqrt 32 Computed
1068 NextPrime 1069 Computed
1071 Sqrt 32 Computed
1242 Fibonacci 5231 Computed
1120 Fibonacci 6072 Computed
1067 Fibonacci 8347 Computed
1163 CheckPrime 1 Computed
1219 CheckPrime 0 Computed
1107 Factorial 7926 Computed
1235 CheckPrime 0 Computed
1230 CheckPrime 0 Computed
1081 NextPrime 1087 Computed
1125 Factorial 6171 Computed
1153 Fibonacci 8538 Computed
1205 NextPrime 1213 Computed
1163 CheckPrime 1 FromCache
1239 Sqrt 35 Computed
1215 Fibonacci 1739 Computed
1048 NextPrime 1049 Computed
1109 Sqrt 33 Computed
1253 NextPrime 1259 Computed
1112 Factorial 5571 Computed
1177 Fibonacci 7793 Computed
1097 Sqrt 33 Computed
1046 NextPrime 1049 Computed
1068 Factorial 5635 Computed
1245 Fibonacci 6469 Computed
1027 CheckPrime 0 Computed
1157 Fibonacci 1332 Computed
1041 Factorial 6360 Computed
1188 NextPrime 1193 Computed
1162 NextPrime 1163 Computed
