-47 CheckPrime 0 Computed
242 CheckPrime 0 Computed
-676 CheckPrime 0 Computed
274 CheckPrime 0 Computed
78 CheckPrime 0 Computed
581 CheckPrime 0 Computed
-353 CheckPrime 0 Computed
-318 CheckPrime 0 Computed
166 CheckPrime 0 Computed
701 CheckPrime 1 Computed
415 CheckPrime 0 Computed
-2 CheckPrime 0 Computed
-32 CheckPrime 0 Computed
137 CheckPrime 1 Computed
-201 CheckPrime 0 Computed
225 CheckPrime 0 Computed
-912 CheckPrime 0 Computed
962 CheckPrime 0 Computed
-262 CheckPrime 0 Computed
635 CheckPrime 0 Computed
86 CheckPrime 0 Computed
-733 CheckPrime 0 Computed
548 CheckPrime 0 Computed
569 CheckPrime 1 Computed
323 CheckPrime 0 Computed
146 CheckPrime 0 Computed
-847 CheckPrime 0 Computed
386 CheckPrime 0 Computed
-679 CheckPrime 0 Computed
-175 CheckPrime 0 Computed
-652 CheckPrime 0 Computed
-40 CheckPrime 0 Computed
257 CheckPrime 1 Computed
-639 CheckPrime 0 Computed
-313 CheckPrime 0 Computed
-139 CheckPrime 0 Computed
559 CheckPrime 0 Computed
869 CheckPrime 0 Computed
-932 CheckPrime 0 Computed
-822 CheckPrime 0 Computed
984 CheckPrime 0 Computed
622 CheckPrime 0 Computed
-139 CheckPrime 0 Computed
-356 CheckPrime 0 Computed
931 CheckPrime 0 Computed
97 CheckPrime 1 Computed
408 CheckPrime 0 Computed
-264 CheckPrime 0 Computed
834 CheckPrime 0 Computed
-983 CheckPrime 0 Computed
864 CheckPrime 0 Computed
743 CheckPrime 1 Computed
555 CheckPrime 0 Computed
217 CheckPrime 0 Computed
-960 CheckPrime 0 Computed
-444 CheckPrime 0 Computed
98 CheckPrime 0 Computed
-691 CheckPrime 0 Computed
-930 CheckPrime 0 Computed
166 CheckPrime 0 Computed
-78 CheckPrime 0 Computed
-772 CheckPrime 0 Computed
-395 CheckPrime 0 Computed
-15 CheckPrime 0 Computed
713 CheckPrime 0 Computed
249 CheckPrime 0 Computed
151 CheckPrime 1 Computed
-79 CheckPrime 0 Computed
907 CheckPrime 1 Computed
-695 CheckPrime 0 Computed
325 CheckPrime 0 Computed
782 CheckPrime 0 Computed
-554 CheckPrime 0 Computed
-71 CheckPrime 0 Computed
-880 CheckPrime 0 Computed
943 CheckPrime 0 Computed
558 CheckPrime 0 Computed
-954 CheckPrime 0 Computed
893 CheckPrime 0 Computed
80 CheckPrime 0 Computed
-960 CheckPrime 0 Computed
643 CheckPrime 1 Computed
-542 CheckPrime 0 Computed
25 CheckPrime 0 Computed
803 CheckPrime 0 Computed
689 CheckPrime 0 Computed
-924 CheckPrime 0 Computed
215 CheckPrime 0 Computed
-708 CheckPrime 0 Computed
-374 CheckPrime 0 Computed
171 CheckPrime 0 Computed
705 CheckPrime 0 Computed
-173 CheckPrime 0 Computed
-12 CheckPrime 0 Computed
-553 CheckPrime 0 Computed
522 CheckPrime 0 Computed
319 CheckPrime 0 Computed
206 CheckPrime 0 Computed
122 CheckPrime 0 Computed
281 CheckPrime 1 Computed
