799 Sqrt 28 Computed
51 Sqrt 7 Computed
28 Sqrt 5 Computed
735 Sqrt 27 Computed
-524 Square 274576 Computed
-542 Square 293764 Computed
215 Sqrt 14 Computed
-510 Square 260100 Computed
-688 Square 473344 Computed
212 Sqrt 14 Computed
279 Square 77841 Computed
454 Sqrt 21 Computed
219 Square 47961 Computed
12 Square 144 Computed
-242 Sqrt 15 Computed
-237 Square 56169 Computed
314 Sqrt 17 Computed
-727 Sqrt 26 Computed
-563 Square 316969 Computed
-776 Sqrt 27 Computed
105 Square 11025 Computed
486 Sqrt 22 Computed
666 Square 443556 Computed
-344 Square 118336 Computed
671 Square 450241 Computed
963 Sqrt 31 Computed
201 Square 40401 Computed
809 Square 654481 Computed
-448 Sqrt 21 Computed
-904 Square 817216 Computed
860 Square 739600 Computed
442 Sqrt 21 Computed
554 Sqrt 23 Computed
315 Square 99225 Computed
-384 Sqrt 19 Computed
-123 Sqrt 11 Computed
988 Sqrt 31 Computed
-616 Square 379456 Computed
55 Square 3025 Computed
480 Square 230400 Computed
93 Square 8649 Computed
929 Sqrt 30 Computed
-715 Square 511225 Computed
-944 Sqrt 30 Computed
-528 Square 278784 Computed
-96 Sqrt 9 Computed
393 Sqrt 19 Computed
-252 Square 63504 Computed
447 Square 199809 Computed
115 Square 13225 Computed
183 Square 33489 Computed
-637 Sqrt 25 Computed
11 Sqrt 3 Computed
-846 Sqrt 29 Computed
866 Square 749956 Computed
222 Square 49284 Computed
813 Square 660969 Computed
649 Square 421201 Computed
-203 Sqrt 14 Computed
-293 Square 85849 Computed
875 Square 765625 Computed
204 Square 41616 Computed
-768 Square 589824 Computed
-581 Sqrt 24 Computed
893 Sqrt 29 Computed
295 Square 87025 Computed
-368 Square 135424 Computed
967 Square 935089 Computed
-870 Sqrt 29 Computed
-617 Square 380689 Computed
-474 Sqrt 21 Computed
-189 Square 35721 Computed
567 Square 321489 Computed
-550 Sqrt 23 Computed
-806 Square 649636 Computed
987 Square 974169 Computed
143 Sqrt 11 Computed
99 Sqrt 9 Computed
-278 Square 77284 Computed
45 Sqrt 6 Computed
-293 Sqrt 17 Computed
833 Square 693889 Computed
-574 Sqrt 23 Computed
-89 Sqrt 9 Computed
167 Sqrt 12 Computed
633 Square 400689 Computed
854 Square 729316 Computed
378 Sqrt 19 Computed
348 Square 121104 Computed
661 Sqrt 25 Computed
450 Square 202500 Computed
640 Square 409600 Computed
240 Square 57600 Computed
-118 Sqrt 10 Computed
976 Sqrt 31 Computed
789 Sqrt 28 Computed
125 Square 15625 Computed
913 Square 833569 Computed
78 Sqrt 8 Computed
270 Sqrt 16 Computed
-144 Sqrt 12 Computed
-324 Sqrt 18 Computed
841 Square 707281 Computed
-365 Sqrt 19 Computed
54 Sqrt 7 Computed
-669 Sqrt 25 Computed
613 Sqrt 24 Computed
-132 Sqrt 11 Computed
387 Sqrt 19 Computed
525 Sqrt 22 Computed
-781 Square 609961 Computed
-808 Sqrt 28 Computed
-7 Square 49 Computed
-511 Sqrt 22 Computed
-139 Sqrt 11 Computed
528 Square 278784 Computed
-887 Square 786769 Computed
691 Sqrt 26 Computed
943 Sqrt 30 Computed
-81 Square 6561 Computed
-369 Square 136161 Computed
310 Sqrt 17 Computed
-999 Square 998001 Computed
-379 Sqrt 19 Computed
-108 Square 11664 Computed
839 Sqrt 28 Computed
-886 Sqrt 29 Computed
758 Square 574564 Computed
-99 Square 9801 Computed
-109 Sqrt 10 Computed
430 Square 184900 Computed
261 Sqrt 16 Computed
-267 Sqrt 16 Computed
535 Square 286225 Computed
357 Square 127449 Computed
-710 Sqrt 26 Computed
-290 Square 84100 Computed
-813 Sqrt 28 Computed
-783 Sqrt 27 Computed
-662 Square 438244 Computed
358 Sqrt 18 Computed
-906 Square 820836 Computed
-440 Square 193600 Computed
234 Sqrt 15 Computed
-300 Sqrt 17 Computed
809 Square 654481 Computed
267 Sqrt 16 Computed
832 Square 692224 Computed
-552 Square 304704 Computed
865 Sqrt 29 Computed
-382 Square 145924 Computed
770 Square 592900 Computed
-436 Square 190096 Computed
-555 Sqrt 23 Computed
426 Square 181476 Computed
406 Square 164836 Computed
-380 Square 144400 Computed
-521 Sqrt 22 Computed
256 Square 65536 Computed
599 Sqrt 24 Computed
478 Square 228484 Computed
-980 Square 960400 Computed
-903 Square 815409 Computed
104 Sqrt 10 Computed
-840 Sqrt 28 Computed
-46 Sqrt 6 Computed
-478 Sqrt 21 Computed
205 Square 42025 Computed
-952 Sqrt 30 Computed
-450 Square 202500 Computed
258 Square 66564 Computed
-653 Square 426409 Computed
-887 Square 786769 Computed
-867 Square 751689 Computed
560 Square 313600 Computed
689 Sqrt 26 Computed
933 Sqrt 30 Computed
451 Sqrt 21 Computed
609 Sqrt 24 Computed
-154 Sqrt 12 Computed
-907 Square 822649 Computed
-372 Square 138384 Computed
809 Sqrt 28 Computed
602 Sqrt 24 Computed
681 Sqrt 26 Computed
528 Sqrt 22 Computed
523 Sqrt 22 Computed
-93 Sqrt 9 Computed
455 Sqrt 21 Computed
712 Sqrt 26 Computed
-5 Sqrt 2 Computed
71 Square 5041 Computed
-570 Sqrt 23 Computed
-34 Sqrt 5 Computed
-443 Square 196249 Computed
616 Square 379456 Computed
-360 Sqrt 18 Computed
-214 Square 45796 Computed
-20 Sqrt 4 Computed
-976 Sqrt 31 Computed
