952 Square 906304 Computed
996 CheckPrime 0 Computed
-506 Sqrt 22 Computed
-554 Fibonacci -1 Computed
-11 Cube -1331 Computed
-326 Factorial 0 Computed
29 Cube 24389 Computed
-703 Sqrt 26 Computed
231 CheckPrime 0 Computed
943 CheckPrime 0 Computed
909 Square 826281 Computed
-966 CheckPrime 0 Computed
-981 Factorial 0 Computed
849 Sqrt 29 Computed
-404 Fibonacci -1 Computed
837 Factorial 2627 Computed
802 Cube 515849608 Computed
871 Factorial 3603 Computed
-710 Cube -357911000 Computed
20 CheckPrime 0 Computed
992 Square 984064 Computed
-25 Square 625 Computed
-651 Fibonacci -1 Computed
-296 Square 87616 Computed
-258 CheckPrime 0 Computed
77 Factorial 4353 Computed
560 Sqrt 23 Computed
238 Fibonacci 2759 Computed
-774 Cube -463684824 Computed
-724 Square 524176 Computed
-826 Cube -563559976 Computed
-39 Cube -59319 Computed
-59 Sqrt 7 Computed
785 Sqrt 28 Computed
295 CheckPrime 0 Computed
634 Cube 254840104 Computed
-570 Sqrt 23 Computed
-603 Cube -219256227 Computed
-513 Square 263169 Computed
823 Factorial 885 Computed
969 Sqrt 31 Computed
-13 Factorial 0 Computed
-995 Factorial 0 Computed
620 Fibonacci 521 Computed
962 Square 925444 Computed
-23 Fibonacci -1 Computed
341 Square 116281 Computed
742 Square 550564 Computed
133 Fibonacci 337 Computed
-534 Factorial 0 Computed
244 Square 59536 Computed
523 Cube 143055667 Computed
742 Fibonacci 6957 Computed
-140 Square 19600 Computed
-345 Factorial 0 Computed
-616 Square 379456 Computed
-518 Sqrt 22 Computed
-560 Factorial 0 Computed
944 Square 891136 Computed
413 Cube 70444997 Computed
259 Square 67081 Computed
-290 Factorial 0 Computed
487 Cube 115501303 Computed
663 CheckPrime 0 Computed
-250 CheckPrime 0 Computed
615 Square 378225 Computed
573 Fibonacci 1355 Computed
-35 Fibonacci -1 Computed
614 Cube 231475544 Computed
-834 Sqrt 28 Computed
970 Square 940900 Computed
-414 Sqrt 20 Computed
-295 Sqrt 17 Computed
-166 Cube -4574296 Computed
257 Sqrt 16 Computed
-263 Square 69169 Computed
-32 Factorial 0 Computed
-219 Cube -10503459 Computed
697 Factorial 3831 Computed
693 Cube 332812557 Computed
765 Cube 447697125 Computed
926 CheckPrime 0 Computed
873 Sqrt 29 Computed
325 CheckPrime 0 Computed
-246 Fibonacci -1 Computed
331 Cube 36264691 Computed
-85 Sqrt 9 Computed
-635 Sqrt 25 Computed
478 Factorial 7619 Computed
-66 Factorial 0 Computed
-612 Cube -229220928 Computed
505 Sqrt 22 Computed
885 Factorial 1286 Computed
-822 Cube -555412248 Computed
-543 Cube -160103007 Computed
823 Cube 557441767 Computed
-689 Square 474721 Computed
205 Cube 8615125 Computed
938 CheckPrime 0 Computed
-581 CheckPrime 0 Computed
-711 CheckPrime 0 Computed
-386 Cube -57512456 Computed
970 CheckPrime 0 Computed
-92 Sqrt 9 Computed
13 Fibonacci 233 Computed
-592 Sqrt 24 Computed
-638 Sqrt 25 Computed
352 Square 123904 Computed
53 Fibonacci 4874 Computed
-598 Factorial 0 Computed
-272 Sqrt 16 Computed
895 Cube 716917375 Computed
-863 CheckPrime 0 Computed
894 CheckPrime 0 Computed
467 Cube 101847563 Computed
296 Sqrt 17 Computed
-534 CheckPrime 0 Computed
-490 Factorial 0 Computed
-111 Cube -1367631 Computed
-697 Cube -338608873 Computed
484 Cube 113379904 Computed
-120 Sqrt 10 Computed
-135 Fibonacci -1 Computed
644 Cube 267089984 Computed
-71 Factorial 0 Computed
-572 Sqrt 23 Computed
461 Fibonacci 9341 Computed
367 Factorial 7420 Computed
-225 CheckPrime 0 Computed
-37 Factorial 0 Computed
182 CheckPrime 0 Computed
-779 Fibonacci -1 Computed
915 Sqrt 30 Computed
-563 Square 316969 Computed
733 Fibonacci 3869 Computed
889 Sqrt 29 Computed
308 Square 94864 Computed
-485 Fibonacci -1 Computed
-910 Square 828100 Computed
941 CheckPrime 1 Computed
223 Fibonacci 8078 Computed
-469 Fibonacci -1 Computed
796 Sqrt 28 Computed
-500 Factorial 0 Computed
920 Cube 778688000 Computed
-390 Cube -59319000 Computed
-512 Square 262144 Computed
-221 Sqrt 14 Computed
227 CheckPrime 1 Computed
8 Square 64 Computed
32 Fibonacci 4195 Computed
-321 Sqrt 17 Computed
913 Fibonacci 2710 Computed
68 Factorial 1375 Computed
-842 Factorial 0 Computed
-93 CheckPrime 0 Computed
-331 Cube -36264691 Computed
580 Sqrt 24 Computed
757 Cube 433798093 Computed
666 Fibonacci 2343 Computed
667 Sqrt 25 Computed
401 Cube 64481201 Computed
-316 CheckPrime 0 Computed
-419 Fibonacci -1 Computed
763 Fibonacci 4056 Computed
385 CheckPrime 0 Computed
-446 Cube -88716536 Computed
-464 Square 215296 Computed
-562 Cube -177504328 Computed
-881 Square 776161 Computed
404 Sqrt 20 Computed
-597 CheckPrime 0 Computed
-235 Factorial 0 Computed
397 Factorial 3720 Computed
88 Square 7744 Computed
349 Square 121801 Computed
322 Cube 33386248 Computed
945 Factorial 7944 Computed
-594 CheckPrime 0 Computed
911 Fibonacci 6013 Computed
751 Sqrt 27 Computed
-790 Factorial 0 Computed
-551 Sqrt 23 Computed
-597 Sqrt 24 Computed
350 CheckPrime 0 Computed
-928 Fibonacci -1 Computed
919 Factorial 6029 Computed
689 Cube 327082769 Computed
-702 CheckPrime 0 Computed
159 Sqrt 12 Computed
-296 Sqrt 17 Computed
-895 Factorial 0 Computed
312 Fibonacci 2373 Computed
-385 Square 148225 Computed
639 CheckPrime 0 Computed
973 CheckPrime 0 Computed
-59 Sqrt 7 Computed
663 Factorial 6630 Computed
308 Square 94864 Computed
-610 CheckPrime 0 Computed
-550 Cube -166375000 Computed
-843 Cube -599077107 Computed
-128 Sqrt 11 Computed
-597 Factorial 0 Computed
53 Sqrt 7 Computed
-242 Fibonacci -1 Computed
633 Cube 253636137 Computed
-678 Fibonacci -1 Computed
105 Factorial 8286 Computed
978 Square 956484 Computed
-918 CheckPrime 0 Computed
226 Sqrt 15 Computed
-632 Sqrt 25 Computed
-164 Square 26896 Computed
628 Fibonacci 6125 Computed
-301 Cube -27270901 Computed
633 Square 400689 Computed
455 Sqrt 21 Computed
-754 CheckPrime 0 Computed
-210 Sqrt 14 Computed
977 Sqrt 31 Computed
960 Factorial 9117 Computed
-291 Factorial 0 Computed
593 Cube 208527857 Computed
-647 Cube -270840023 Computed
597 Fibonacci 4476 Computed
528 Sqrt 22 Computed
7 CheckPrime 1 Computed
666 Fibonacci 2343 Computed
894 Sqrt 29 Computed
956 CheckPrime 0 Computed
443 Cube 86938307 Computed
-788 CheckPrime 0 Computed
-834 Factorial 0 Computed
245 Square 60025 Computed
7 Square 49 Computed
883 CheckPrime 1 Computed
-543 Factorial 0 Computed
-885 Factorial 0 Computed
-695 Sqrt 26 Computed
934 Sqrt 30 Computed
683 Square 466489 Computed
-800 Factorial 0 Computed
286 Square 81796 Computed
729 Factorial 3337 Computed
-184 Fibonacci -1 Computed
-423 Factorial 0 Computed
-134 Fibonacci -1 Computed
-223 Fibonacci -1 Computed
-192 Cube -7077888 Computed
773 Square 597529 Computed
660 Square 435600 Computed
505 Fibonacci 7296 Computed
715 Sqrt 26 Computed
993 Sqrt 31 Computed
506 Factorial 797 Computed
-203 Cube -8365427 Computed
989 Cube 967361669 Computed
578 CheckPrime 0 Computed
572 CheckPrime 0 Computed
-205 Fibonacci -1 Computed
-571 Square 326041 Computed
-598 Cube -213847192 Computed
805 CheckPrime 0 Computed
741 Square 549081 Computed
219 Fibonacci 3249 Computed
-131 Fibonacci -1 Computed
-568 Fibonacci -1 Computed
-188 CheckPrime 0 Computed
-383 Factorial 0 Computed
-791 Cube -494913671 Computed
233 CheckPrime 1 Computed
-154 Factorial 0 Computed
-532 Square 283024 Computed
222 Fibonacci 978 Computed
951 Cube 860085351 Computed
35 Cube 42875 Computed
-11 CheckPrime 0 Computed
717 Sqrt 26 Computed
952 Sqrt 30 Computed
231 Fibonacci 5973 Computed
723 CheckPrime 0 Computed
-497 CheckPrime 0 Computed
-201 Factorial 0 Computed
570 Square 324900 Computed
-453 Fibonacci -1 Computed
-224 Fibonacci -1 Computed
-191 Fibonacci -1 Computed
238 Fibonacci 2759 Computed
777 Square 603729 Computed
-641 Square 410881 Computed
-647 CheckPrime 0 Computed
520 Fibonacci 6532 Computed
-460 CheckPrime 0 Computed
825 Cube 561515625 Computed
120 CheckPrime 0 Computed
-95 Square 9025 Computed
-250 Fibonacci -1 Computed
-751 Square 564001 Computed
621 CheckPrime 0 Computed
-564 Factorial 0 Computed
-172 Sqrt 13 Computed
352 Cube 43614208 Computed
58 Factorial 5068 Computed
935 Cube 817400375 Computed
-390 Factorial 0 Computed
-852 Cube -618470208 Computed
-662 Factorial 0 Computed
63 Factorial 9854 Computed
-799 Fibonacci -1 Computed
-52 Factorial 0 Computed
661 Factorial 8346 Computed
769 Factorial 1712 Computed
-140 Factorial 0 Computed
-788 Sqrt 28 Computed
390 Square 152100 Computed
-94 CheckPrime 0 Computed
-604 Cube -220348864 Computed
-572 Square 327184 Computed
-80 Sqrt 8 Computed
-331 Cube -36264691 Computed
-821 CheckPrime 0 Computed
-884 Fibonacci -1 Computed
-660 CheckPrime 0 Computed
-416 Cube -71991296 Computed
-311 Fibonacci -1 Computed
421 Factorial 2060 Computed
158 Square 24964 Computed
-890 CheckPrime 0 Computed
368 Square 135424 Computed
-387 Cube -57960603 Computed
-802 Cube -515849608 Computed
-612 CheckPrime 0 Computed
674 Sqrt 25 Computed
-723 Fibonacci -1 Computed
-224 Sqrt 14 Computed
-855 Cube -625026375 Computed
-234 Sqrt 15 Computed
-956 Sqrt 30 Computed
68 Cube 314432 Computed
721 Sqrt 26 Computed
-41 CheckPrime 0 Computed
774 Factorial 2462 Computed
-51 Factorial 0 Computed
-504 CheckPrime 0 Computed
643 Factorial 514 Computed
187 Factorial 3479 Computed
839 Factorial 6787 Computed
74 Cube 405224 Computed
979 Cube 938313739 Computed
945 CheckPrime 0 Computed
-75 CheckPrime 0 Computed
-577 Square 332929 Computed
88 Square 7744 Computed
905 Fibonacci 4863 Computed
309 Cube 29503629 Computed
620 Factorial 2283 Computed
362 CheckPrime 0 Computed
-148 Fibonacci -1 Computed
-248 Sqrt 15 Computed
-369 Square 136161 Computed
372 Square 138384 Computed
-68 Square 4624 Computed
-640 Cube -262144000 Computed
771 Fibonacci 5459 Computed
957 CheckPrime 0 Computed
-528 Cube -147197952 Computed
930 CheckPrime 0 Computed
-906 Sqrt 30 Computed
-693 Cube -332812557 Computed
349 CheckPrime 1 Computed
-356 Square 126736 Computed
123 Fibonacci 2109 Computed
-930 Factorial 0 Computed
-264 Fibonacci -1 Computed
-921 Square 848241 Computed
475 Square 225625 Computed
-757 Factorial 0 Computed
-360 Square 129600 Computed
880 Factorial 2190 Computed
881 Square 776161 Computed
-985 Cube -955671625 Computed
5 Square 25 Computed
102 Square 10404 Computed
837 Sqrt 28 Computed
-72 Cube -373248 Computed
324 Square 104976 Computed
82 Fibonacci 3035 Computed
-793 CheckPrime 0 Computed
-428 Sqrt 20 Computed
827 Factorial 8656 Computed
-902 Sqrt 30 Computed
-261 CheckPrime 0 Computed
-374 Cube -52313624 Computed
-151 Sqrt 12 Computed
-275 Factorial 0 Computed
734 Factorial 261 Computed
644 Sqrt 25 Computed
-284 Sqrt 16 Computed
-886 Square 784996 Computed
-507 CheckPrime 0 Computed
-189 Square 35721 Computed
529 Factorial 5742 Computed
873 Square 762129 Computed
-289 Fibonacci -1 Computed
-522 Cube -142236648 Computed
877 Square 769129 Computed
705 Cube 350402625 Computed
-309 Square 95481 Computed
470 Factorial 8026 Computed
-760 Factorial 0 Computed
615 Sqrt 24 Computed
927 Factorial 7404 Computed
-388 CheckPrime 0 Computed
933 Sqrt 30 Computed
-138 Cube -2628072 Computed
688 CheckPrime 0 Computed
-852 Factorial 0 Computed
-123 Factorial 0 Computed
-971 CheckPrime 0 Computed
-638 Factorial 0 Computed
-63 Square 3969 Computed
877 Sqrt 29 Computed
-954 CheckPrime 0 Computed
-533 Cube -151419437 Computed
746 Square 556516 Computed
-699 Sqrt 26 Computed
-291 Cube -24642171 Computed
245 CheckPrime 0 Computed
102 Sqrt 10 Computed
996 Factorial 8759 Computed
-606 Square 367236 Computed
-350 Cube -42875000 Computed
-654 Cube -279726264 Computed
-852 Factorial 0 Computed
-311 Fibonacci -1 Computed
-156 CheckPrime 0 Computed
739 Sqrt 27 Computed
523 Fibonacci 5786 Computed
-495 Cube -121287375 Computed
225 Factorial 1756 Computed
-324 Square 104976 Computed
-520 Factorial 0 Computed
-110 Square 12100 Computed
-765 Cube -447697125 Computed
561 Sqrt 23 Computed
313 CheckPrime 1 Computed
821 Square 674041 Computed
-148 Factorial 0 Computed
-917 Sqrt 30 Computed
-271 Cube -19902511 Computed
-106 CheckPrime 0 Computed
867 Fibonacci 3733 Computed
-172 Cube -5088448 Computed
56 Sqrt 7 Computed
228 CheckPrime 0 Computed
-52 Cube -140608 Computed
-969 Cube -909853209 Computed
-109 Fibonacci -1 Computed
117 Cube 1601613 Computed
176 Sqrt 13 Computed
97 Fibonacci 3631 Computed
54 CheckPrime 0 Computed
351 Cube 43243551 Computed
-316 Square 99856 Computed
659 Fibonacci 538 Computed
-789 Square 622521 Computed
-475 Fibonacci -1 Computed
-324 Cube -34012224 Computed
537 Sqrt 23 Computed
774 Factorial 2462 Computed
415 Cube 71473375 Computed
-635 Sqrt 25 Computed
841 Sqrt 29 Computed
116 Factorial 4234 Computed
414 CheckPrime 0 Computed
-289 Square 83521 Computed
-652 CheckPrime 0 Computed
-360 Square 129600 Computed
-951 Sqrt 30 Computed
-901 CheckPrime 0 Computed
-425 Sqrt 20 Computed
171 Sqrt 13 Computed
-166 Square 27556 Computed
451 Square 203401 Computed
985 Square 970225 Computed
630 Cube 250047000 Computed
-569 Cube -184220009 Computed
-812 Cube -535387328 Computed
-174 Square 30276 Computed
209 Fibonacci 7545 Computed
-865 Fibonacci -1 Computed
250 Fibonacci 4530 Computed
-456 Factorial 0 Computed
191 CheckPrime 1 Computed
525 Cube 144703125 Computed
383 Cube 56181887 Computed
-369 Cube -50243409 Computed
-527 Factorial 0 Computed
-81 Fibonacci -1 Computed
-197 Fibonacci -1 Computed
362 Square 131044 Computed
571 Factorial 3693 Computed
-617 Fibonacci -1 Computed
226 Cube 11543176 Computed
-29 Cube -24389 Computed
428 Sqrt 20 Computed
890 Fibonacci 2911 Computed
-745 Factorial 0 Computed
-472 Square 222784 Computed
-853 Square 727609 Computed
-709 Cube -356400829 Computed
634 Cube 254840104 Computed
-785 CheckPrime 0 Computed
-959 Fibonacci -1 Computed
-143 Square 20449 Computed
-185 Factorial 0 Computed
-480 Sqrt 21 Computed
135 Fibonacci 300 Computed
292 Factorial 1830 Computed
-38 CheckPrime 0 Computed
482 Cube 111980168 Computed
840 Factorial 6497 Computed
847 Square 717409 Computed
878 Factorial 2161 Computed
485 Factorial 7698 Computed
-926 Sqrt 30 Computed
621 Sqrt 24 Computed
-51 Fibonacci -1 Computed
-458 CheckPrime 0 Computed
-12 CheckPrime 0 Computed
536 Factorial 5980 Computed
-907 Factorial 0 Computed
-780 Factorial 0 Computed
248 Square 61504 Computed
-445 Fibonacci -1 Computed
-345 Square 119025 Computed
-128 Sqrt 11 Computed
-305 CheckPrime 0 Computed
413 CheckPrime 0 Computed
-419 Cube -73560059 Computed
803 Square 644809 Computed
-193 Sqrt 13 Computed
933 Fibonacci 8656 Computed
494 Cube 120553784 Computed
-834 CheckPrime 0 Computed
132 Fibonacci 9599 Computed
-311 Sqrt 17 Computed
-16 Factorial 0 Computed
974 CheckPrime 0 Computed
674 Sqrt 25 Computed
728 Square 529984 Computed
682 Factorial 7225 Computed
-705 Square 497025 Computed
-779 Cube -472729139 Computed
-966 Factorial 0 Computed
680 Cube 314432000 Computed
-639 Square 408321 Computed
-647 Fibonacci -1 Computed
150 Fibonacci 4259 Computed
127 Fibonacci 4677 Computed
285 Factorial 1676 Computed
470 CheckPrime 0 Computed
21 Sqrt 4 Computed
-95 Sqrt 9 Computed
-811 CheckPrime 0 Computed
107 Cube 1225043 Computed
-628 CheckPrime 0 Computed
-241 Fibonacci -1 Computed
-635 CheckPrime 0 Computed
-568 Factorial 0 Computed
341 Square 116281 Computed
882 Cube 686128968 Computed
845 Cube 603351125 Computed
-722 Sqrt 26 Computed
-858 Cube -631628712 Computed
-829 Sqrt 28 Computed
265 Square 70225 Computed
618 Sqrt 24 Computed
547 Sqrt 23 Computed
16 Sqrt 4 Computed
-274 Fibonacci -1 Computed
330 Square 108900 Computed
599 CheckPrime 1 Computed
256 Square 65536 Computed
-994 Square 988036 Computed
645 Sqrt 25 Computed
-637 Sqrt 25 Computed
-833 CheckPrime 0 Computed
980 Square 960400 Computed
-130 Cube -2197000 Computed
471 Sqrt 21 Computed
-174 Square 30276 Computed
949 Fibonacci 1856 Computed
-815 Factorial 0 Computed
-288 CheckPrime 0 Computed
-330 Square 108900 Computed
217 Fibonacci 2647 Computed
930 Cube 804357000 Computed
-699 Factorial 0 Computed
