19 CheckPrime 1 Computed
20 CheckPrime 0 Computed
20 CheckPrime 0 FromCache
20 CheckPrime 0 FromCache
20 CheckPrime 0 FromCache
20 CheckPrime 0 FromCache
20 CheckPrime 0 FromCache
18 CheckPrime 0 Computed
18 CheckPrime 0 FromCache
17 CheckPrime 1 Computed
17 CheckPrime 1 FromCache
17 CheckPrime 1 FromCache
23 CheckPrime 1 Computed
19 CheckPrime 1 Computed
19 CheckPrime 1 FromCache
19 CheckPrime 1 FromCache
19 CheckPrime 1 FromCache
19 CheckPrime 1 FromCache
20 CheckPrime 0 FromCache
20 CheckPrime 0 FromCache
