829 Cube 569722789 Computed
-307 Cube -28934443 Computed
521 Cube 141420761 Computed
-797 Cube -506261573 Computed
-432 Cube -80621568 Computed
106 Cube 1191016 Computed
-967 Cube -904231063 Computed
-935 Cube -817400375 Computed
113 Cube 1442897 Computed
-377 Cube -53582633 Computed
137 Cube 2571353 Computed
-893 Cube -712121957 Computed
4 Cube 64 Computed
388 Cube 58411072 Computed
301 Cube 27270901 Computed
-845 Cube -603351125 Computed
-527 Cube -146363183 Computed
-509 Cube -131872229 Computed
-267 Cube -19034163 Computed
-783 Cube -480048687 Computed
-989 Cube -967361669 Computed
778 Cube 470910952 Computed
-234 Cube -12812904 Computed
982 Cube 946966168 Computed
-505 Cube -128787625 Computed
-317 Cube -31855013 Computed
-703 Cube -347428927 Computed
881 Cube 683797841 Computed
-842 Cube -596947688 Computed
65 Cube 274625 Computed
284 Cube 22906304 Computed
-384 Cube -56623104 Computed
918 Cube 773620632 Computed
-321 Cube -33076161 Computed
452 Cube 92345408 Computed
-218 Cube -10360232 Computed
542 Cube 159220088 Computed
-351 Cube -43243551 Computed
-163 Cube -4330747 Computed
-113 Cube -1442897 Computed
766 Cube 449455096 Computed
-319 Cube -32461759 Computed
-889 Cube -702595369 Computed
-880 Cube -681472000 Computed
716 Cube 367061696 Computed
791 Cube 494913671 Computed
-567 Cube -182284263 Computed
5 Cube 125 Computed
162 Cube 4251528 Computed
-472 Cube -105154048 Computed
-877 Cube -674526133 Computed
150 Cube 3375000 Computed
139 Cube 2685619 Computed
188 Cube 6644672 Computed
-735 Cube -397065375 Computed
836 Cube 584277056 Computed
550 Cube 166375000 Computed
648 Cube 272097792 Computed
-494 Cube -120553784 Computed
415 Cube 71473375 Computed
-457 Cube -95443993 Computed
485 Cube 114084125 Computed
-215 Cube -9938375 Computed
-649 Cube -273359449 Computed
493 Cube 119823157 Computed
824 Cube 559476224 Computed
92 Cube 778688 Computed
524 Cube 143877824 Computed
-427 Cube -77854483 Computed
-113 Cube -1442897 Computed
300 Cube 27000000 Computed
-303 Cube -27818127 Computed
-987 Cube -961504803 Computed
-450 Cube -91125000 Computed
-479 Cube -109902239 Computed
272 Cube 20123648 Computed
-591 Cube -206425071 Computed
-207 Cube -8869743 Computed
-757 Cube -433798093 Computed
484 Cube 113379904 Computed
-798 Cube -508169592 Computed
-510 Cube -132651000 Computed
23 Cube 12167 Computed
-616 Cube -233744896 Computed
143 Cube 2924207 Computed
405 Cube 66430125 Computed
890 Cube 704969000 Computed
-513 Cube -135005697 Computed
342 Cube 40001688 Computed
-932 Cube -809557568 Computed
304 Cube 28094464 Computed
-234 Cube -12812904 Computed
754 Cube 428661064 Computed
-943 Cube -838561807 Computed
472 Cube 105154048 Computed
403 Cube 65450827 Computed
-271 Cube -19902511 Computed
499 Cube 124251499 Computed
263 Cube 18191447 Computed
891 Cube 707347971 Computed
