10 Cube 1000 Computed
10 Cube 1000 FromCache
10 Sqrt 3 Computed
10 Square 100 Computed
10 Square 100 FromCache
10 Square 100 FromCache
11 Cube 1331 Computed
11 Cube 1331 FromCache
11 Sqrt 3 Computed
11 Square 121 Computed
11 Square 121 FromCache
11 Square 121 FromCache
