594 Factorial 8992 Computed
953 Cube 865523177 Computed
-776 NextPrime 2 Computed
647 Fibonacci 8221 Computed
770 CheckPrime 0 Computed
499 Factorial 7212 Computed
757 Cube 433798093 Computed
211 NextPrime 223 Computed
815 Fibonacci 2480 Computed
-826 CheckPrime 0 Computed
-455 Factorial 0 Computed
-363 Cube -47832147 Computed
-903 NextPrime 2 Computed
712 Fibonacci 1744 Computed
527 CheckPrime 0 Computed
-234 Factorial 0 Computed
543 Cube 160103007 Computed
-44 NextPrime 2 Computed
-350 Fibonacci -1 Computed
525 CheckPrime 0 Computed
-385 Factorial 0 Computed
-259 Cube -17373979 Computed
131 NextPrime 137 Computed
862 Fibonacci 8808 Computed
-669 CheckPrime 0 Computed
420 Factorial 1900 Computed
-551 Cube -167284151 Computed
230 NextPrime 233 Computed
-710 Fibonacci -1 Computed
810 CheckPrime 0 Computed
744 Factorial 4725 Computed
256 Cube 16777216 Computed
-301 NextPrime 2 Computed
-142 Fibonacci -1 Computed
-86 CheckPrime 0 Computed
-492 Factorial 0 Computed
922 Cube 783777448 Computed
861 NextPrime 863 Computed
127 Fibonacci 4677 Computed
505 CheckPrime 0 Computed
400 Factorial 6170 Computed
-81 Cube -531441 Computed
-224 NextPrime 2 Computed
-186 Fibonacci -1 Computed
-759 CheckPrime 0 Computed
164 Factorial 2563 Computed
909 Cube 751089429 Computed
-728 NextPrime 2 Computed
821 Fibonacci 9416 Computed
558 CheckPrime 0 Computed
-563 Factorial 0 Computed
58 Cube 195112 Computed
-532 NextPrime 2 Computed
-349 Fibonacci -1 Computed
627 CheckPrime 0 Computed
941 Factorial 9319 Computed
-14 Cube -2744 Computed
844 NextPrime 853 Computed
-977 Fibonacci -1 Computed
-755 CheckPrime 0 Computed
448 Factorial 8307 Computed
841 Cube 594823321 Computed
-280 NextPrime 2 Computed
580 Fibonacci 4244 Computed
-167 CheckPrime 0 Computed
-60 Factorial 0 Computed
-735 Cube -397065375 Computed
-538 NextPrime 2 Computed
-651 Fibonacci -1 Computed
-693 CheckPrime 0 Computed
930 Factorial 118 Computed
494 Cube 120553784 Computed
987 NextPrime 991 Computed
-566 Fibonacci -1 Computed
-96 CheckPrime 0 Computed
359 Factorial 9606 Computed
-212 Cube -9528128 Computed
-244 NextPrime 2 Computed
284 Fibonacci 9313 Computed
761 CheckPrime 1 Computed
700 Factorial 5835 Computed
556 Cube 171879616 Computed
-840 NextPrime 2 Computed
94 Fibonacci 6949 Computed
355 CheckPrime 0 Computed
718 Factorial 8176 Computed
143 Cube 2924207 Computed
956 NextPrime 967 Computed
376 Fibonacci 8594 Computed
-845 CheckPrime 0 Computed
924 Factorial 2860 Computed
182 Cube 6028568 Computed
403 NextPrime 409 Computed
824 Fibonacci 9479 Computed
474 CheckPrime 0 Computed
-860 Factorial 0 Computed
-180 Cube -5832000 Computed
580 NextPrime 587 Computed
-652 Fibonacci -1 Computed
183 CheckPrime 0 Computed
690 Factorial 3895 Computed
684 Cube 320013504 Computed
-329 NextPrime 2 Computed
350 Fibonacci 763 Computed
-714 CheckPrime 0 Computed
-442 Factorial 0 Computed
135 Cube 2460375 Computed
327 NextPrime 331 Computed
-341 Fibonacci -1 Computed
715 CheckPrime 0 Computed
712 Factorial 1215 Computed
-566 Cube -181321496 Computed
-312 NextPrime 2 Computed
91 Fibonacci 5754 Computed
-455 CheckPrime 0 Computed
-878 Factorial 0 Computed
465 Cube 100544625 Computed
-742 NextPrime 2 Computed
-920 Fibonacci -1 Computed
882 CheckPrime 0 Computed
532 Factorial 8882 Computed
408 Cube 67917312 Computed
95 NextPrime 97 Computed
-93 Fibonacci -1 Computed
208 CheckPrime 0 Computed
-29 Factorial 0 Computed
849 Cube 611960049 Computed
-170 NextPrime 2 Computed
-526 Fibonacci -1 Computed
180 CheckPrime 0 Computed
-795 Factorial 0 Computed
-735 Cube -397065375 Computed
973 NextPrime 977 Computed
292 Fibonacci 2173 Computed
-901 CheckPrime 0 Computed
363 Factorial 8348 Computed
656 Cube 282300416 Computed
-600 NextPrime 2 Computed
242 Fibonacci 5691 Computed
975 CheckPrime 0 Computed
-718 Factorial 0 Computed
-64 Cube -262144 Computed
-437 NextPrime 2 Computed
644 Fibonacci 6044 Computed
45 CheckPrime 0 Computed
-134 Factorial 0 Computed
-530 Cube -148877000 Computed
-597 NextPrime 2 Computed
900 Fibonacci 7002 Computed
287 CheckPrime 0 Computed
-270 Factorial 0 Computed
447 Cube 89314623 Computed
355 NextPrime 359 Computed
-906 Fibonacci -1 Computed
-619 CheckPrime 0 Computed
39 Factorial 1625 Computed
348 Cube 42144192 Computed
-897 NextPrime 2 Computed
-135 Fibonacci -1 Computed
820 CheckPrime 0 Computed
107 Factorial 4233 Computed
-700 Cube -343000000 Computed
-686 NextPrime 2 Computed
966 Fibonacci 1269 Computed
900 CheckPrime 0 Computed
-3 Factorial 0 Computed
389 Cube 58863869 Computed
-670 NextPrime 2 Computed
-391 Fibonacci -1 Computed
930 CheckPrime 0 Computed
383 Factorial 9245 Computed
738 Cube 401947272 Computed
-363 NextPrime 2 Computed
-740 Fibonacci -1 Computed
-341 CheckPrime 0 Computed
-357 Factorial 0 Computed
-600 Cube -216000000 Computed
-711 NextPrime 2 Computed
940 Fibonacci 4445 Computed
-427 CheckPrime 0 Computed
469 Factorial 5916 Computed
382 Cube 55742968 Computed
-555 NextPrime 2 Computed
-489 Fibonacci -1 Computed
81 CheckPrime 0 Computed
-53 Factorial 0 Computed
952 Cube 862801408 Computed
-407 NextPrime 2 Computed
-13 Fibonacci -1 Computed
754 CheckPrime 0 Computed
785 Factorial 1055 Computed
-537 Cube -154854153 Computed
-81 NextPrime 2 Computed
-485 Fibonacci -1 Computed
868 CheckPrime 0 Computed
783 Factorial 8269 Computed
102 Cube 1061208 Computed
-478 NextPrime 2 Computed
-445 Fibonacci -1 Computed
-569 CheckPrime 0 Computed
998 Factorial 2449 Computed
405 Cube 66430125 Computed
291 NextPrime 293 Computed
939 Fibonacci 7237 Computed
326 CheckPrime 0 Computed
-670 Factorial 0 Computed
-643 Cube -265847707 Computed
228 NextPrime 229 Computed
508 Fibonacci 9907 Computed
-172 CheckPrime 0 Computed
-426 Factorial 0 Computed
751 Cube 423564751 Computed
-46 NextPrime 2 Computed
409 Fibonacci 8682 Computed
-208 CheckPrime 0 Computed
-635 Factorial 0 Computed
480 Cube 110592000 Computed
402 NextPrime 409 Computed
-946 Fibonacci -1 Computed
-942 CheckPrime 0 Computed
211 Factorial 1067 Computed
321 Cube 33076161 Computed
-17 NextPrime 2 Computed
858 Fibonacci 5795 Computed
-553 CheckPrime 0 Computed
-18 Factorial 0 Computed
159 Cube 4019679 Computed
-121 NextPrime 2 Computed
655 Fibonacci 5444 Computed
928 CheckPrime 0 Computed
-85 Factorial 0 Computed
373 Cube 51895117 Computed
-756 NextPrime 2 Computed
-695 Fibonacci -1 Computed
-52 CheckPrime 0 Computed
-461 Factorial 0 Computed
449 Cube 90518849 Computed
956 NextPrime 967 Computed
-701 Fibonacci -1 Computed
220 CheckPrime 0 Computed
-875 Factorial 0 Computed
54 Cube 157464 Computed
-275 NextPrime 2 Computed
490 Fibonacci 7842 Computed
-139 CheckPrime 0 Computed
-311 Factorial 0 Computed
721 Cube 374805361 Computed
-440 NextPrime 2 Computed
-744 Fibonacci -1 Computed
231 CheckPrime 0 Computed
244 Factorial 750 Computed
26 Cube 17576 Computed
857 NextPrime 859 Computed
138 Fibonacci 826 Computed
-892 CheckPrime 0 Computed
-397 Factorial 0 Computed
-429 Cube -78953589 Computed
251 NextPrime 257 Computed
-599 Fibonacci -1 Computed
-411 CheckPrime 0 Computed
971 Factorial 9618 Computed
-974 Cube -924010424 Computed
-309 NextPrime 2 Computed
425 Fibonacci 2646 Computed
-202 CheckPrime 0 Computed
-418 Factorial 0 Computed
298 Cube 26463592 Computed
-148 NextPrime 2 Computed
889 Fibonacci 8835 Computed
151 CheckPrime 1 Computed
446 Factorial 9144 Computed
-964 Cube -895841344 Computed
833 NextPrime 839 Computed
-456 Fibonacci -1 Computed
-462 CheckPrime 0 Computed
-801 Factorial 0 Computed
705 Cube 350402625 Computed
558 NextPrime 563 Computed
-480 Fibonacci -1 Computed
612 CheckPrime 0 Computed
-223 Factorial 0 Computed
-518 Cube -138991832 Computed
-699 NextPrime 2 Computed
223 Fibonacci 8078 Computed
141 CheckPrime 0 Computed
66 Factorial 8881 Computed
482 Cube 111980168 Computed
310 NextPrime 311 Computed
-7 Fibonacci -1 Computed
-721 CheckPrime 0 Computed
459 Factorial 6081 Computed
-65 Cube -274625 Computed
343 NextPrime 347 Computed
713 Fibonacci 4893 Computed
-702 CheckPrime 0 Computed
-940 Factorial 0 Computed
-323 Cube -33698267 Computed
-624 NextPrime 2 Computed
90 Fibonacci 9803 Computed
-620 CheckPrime 0 Computed
-735 Factorial 0 Computed
-252 Cube -16003008 Computed
-965 NextPrime 2 Computed
-578 Fibonacci -1 Computed
839 CheckPrime 1 Computed
383 Factorial 9245 Computed
-637 Cube -258474853 Computed
672 NextPrime 673 Computed
615 Fibonacci 4226 Computed
308 CheckPrime 0 Computed
883 Factorial 7452 Computed
-494 Cube -120553784 Computed
-43 NextPrime 2 Computed
540 Fibonacci 4042 Computed
-418 CheckPrime 0 Computed
489 Factorial 9663 Computed
979 Cube 938313739 Computed
-177 NextPrime 2 Computed
-92 Fibonacci -1 Computed
-544 CheckPrime 0 Computed
518 Factorial 8394 Computed
815 Cube 541343375 Computed
593 NextPrime 599 Computed
-234 Fibonacci -1 Computed
587 CheckPrime 1 Computed
-599 Factorial 0 Computed
40 Cube 64000 Computed
-70 NextPrime 2 Computed
490 Fibonacci 7842 Computed
-909 CheckPrime 0 Computed
626 Factorial 5111 Computed
106 Cube 1191016 Computed
54 NextPrime 59 Computed
649 Fibonacci 8615 Computed
-174 CheckPrime 0 Computed
-729 Factorial 0 Computed
972 Cube 918330048 Computed
864 NextPrime 877 Computed
736 Fibonacci 5952 Computed
426 CheckPrime 0 Computed
-401 Factorial 0 Computed
-307 Cube -28934443 Computed
438 NextPrime 439 Computed
-875 Fibonacci -1 Computed
56 CheckPrime 0 Computed
-307 Factorial 0 Computed
274 Cube 20570824 Computed
587 NextPrime 593 Computed
-59 Fibonacci -1 Computed
-264 CheckPrime 0 Computed
-1 Factorial 0 Computed
131 Cube 2248091 Computed
417 NextPrime 419 Computed
455 Fibonacci 8936 Computed
639 CheckPrime 0 Computed
-76 Factorial 0 Computed
-217 Cube -10218313 Computed
799 NextPrime 809 Computed
-282 Fibonacci -1 Computed
-152 CheckPrime 0 Computed
704 Factorial 1833 Computed
-923 Cube -786330467 Computed
360 NextPrime 367 Computed
67 Fibonacci 2686 Computed
133 CheckPrime 0 Computed
-82 Factorial 0 Computed
-852 Cube -618470208 Computed
864 NextPrime 877 Computed
815 Fibonacci 2480 Computed
-611 CheckPrime 0 Computed
114 Factorial 2125 Computed
-687 Cube -324242703 Computed
396 NextPrime 397 Computed
-385 Fibonacci -1 Computed
253 CheckPrime 0 Computed
-662 Factorial 0 Computed
337 Cube 38272753 Computed
-687 NextPrime 2 Computed
-367 Fibonacci -1 Computed
302 CheckPrime 0 Computed
21 Factorial 4981 Computed
367 Cube 49430863 Computed
974 NextPrime 977 Computed
596 Fibonacci 8483 Computed
-528 CheckPrime 0 Computed
-880 Factorial 0 Computed
-620 Cube -238328000 Computed
-706 NextPrime 2 Computed
-595 Fibonacci -1 Computed
935 CheckPrime 0 Computed
632 Factorial 287 Computed
-462 Cube -98611128 Computed
-766 NextPrime 2 Computed
-576 Fibonacci -1 Computed
822 CheckPrime 0 Computed
-914 Factorial 0 Computed
-999 Cube -997002999 Computed
-868 NextPrime 2 Computed
883 Fibonacci 1810 Computed
939 CheckPrime 0 Computed
