10002 NextPrime 10007 Computed
10002 NextPrime 10007 FromCache
10001 NextPrime 10007 Computed
10002 NextPrime 10007 FromCache
10003 NextPrime 10007 Computed
10003 NextPrime 10007 FromCache
10002 NextPrime 10007 FromCache
10003 NextPrime 10007 FromCache
10002 NextPrime 10007 FromCache
10003 Fibonacci 4367 Computed
