740 Cube 405224000 Computed
-85 NextPrime 2 Computed
580 CheckPrime 0 Computed
-28 NextPrime 2 Computed
-864 Cube -644972544 Computed
-614 NextPrime 2 Computed
-996 CheckPrime 0 Computed
-259 Cube -17373979 Computed
-399 Factorial 0 Computed
60 Factorial 9266 Computed
985 Factorial 3403 Computed
343 Sqrt 18 Computed
-569 Square 323761 Computed
33 Cube 35937 Computed
901 Square 811801 Computed
429 Cube 78953589 Computed
106 Sqrt 10 Computed
6 CheckPrime 0 Computed
-756 NextPrime 2 Computed
338 CheckPrime 0 Computed
484 Cube 113379904 Computed
-5 Square 25 Computed
-378 NextPrime 2 Computed
-485 Cube -114084125 Computed
934 Sqrt 30 Computed
-363 Sqrt 19 Computed
-597 Cube -212776173 Computed
562 Sqrt 23 Computed
531 Factorial 5978 Computed
-104 CheckPrime 0 Computed
-815 Factorial 0 Computed
266 Cube 18821096 Computed
614 Sqrt 24 Computed
-934 CheckPrime 0 Computed
611 Cube 228099131 Computed
-649 NextPrime 2 Computed
176 Cube 5451776 Computed
-203 Sqrt 14 Computed
184 Square 33856 Computed
-405 Sqrt 20 Computed
504 Cube 128024064 Computed
-685 Sqrt 26 Computed
112 Square 12544 Computed
811 NextPrime 821 Computed
-811 Sqrt 28 Computed
360 CheckPrime 0 Computed
740 Sqrt 27 Computed
544 Square 295936 Computed
849 Cube 611960049 Computed
-859 Square 737881 Computed
-420 Sqrt 20 Computed
527 Factorial 3311 Computed
-511 Factorial 0 Computed
931 CheckPrime 0 Computed
-790 NextPrime 2 Computed
714 Square 509796 Computed
-329 Sqrt 18 Computed
695 Factorial 9446 Computed
42 Sqrt 6 Computed
129 CheckPrime 0 Computed
517 Cube 138188413 Computed
673 NextPrime 677 Computed
911 Square 829921 Computed
-422 Sqrt 20 Computed
-720 Cube -373248000 Computed
-584 NextPrime 2 Computed
664 Cube 292754944 Computed
444 Cube 87528384 Computed
159 Square 25281 Computed
-321 NextPrime 2 Computed
624 Sqrt 24 Computed
-282 Cube -22425768 Computed
550 Factorial 6096 Computed
-602 Factorial 0 Computed
647 Cube 270840023 Computed
669 Factorial 2801 Computed
830 Cube 571787000 Computed
192 CheckPrime 0 Computed
-895 Factorial 0 Computed
-694 Cube -334255384 Computed
593 Cube 208527857 Computed
1 NextPrime 2 Computed
-617 Cube -234885113 Computed
-16 Square 256 Computed
-630 Sqrt 25 Computed
586 NextPrime 587 Computed
-139 NextPrime 2 Computed
-614 CheckPrime 0 Computed
-508 CheckPrime 0 Computed
614 Sqrt 24 Computed
479 NextPrime 487 Computed
584 CheckPrime 0 Computed
692 Sqrt 26 Computed
468 Square 219024 Computed
598 Square 357604 Computed
-519 Sqrt 22 Computed
-126 Square 15876 Computed
228 Cube 11852352 Computed
713 Square 508369 Computed
-125 Sqrt 11 Computed
13 Factorial 9249 Computed
517 Cube 138188413 Computed
110 NextPrime 113 Computed
-732 CheckPrime 0 Computed
100 Square 10000 Computed
-391 Factorial 0 Computed
166 Sqrt 12 Computed
-120 Factorial 0 Computed
-968 CheckPrime 0 Computed
-411 Cube -69426531 Computed
-551 CheckPrime 0 Computed
-681 NextPrime 2 Computed
960 Factorial 9117 Computed
746 NextPrime 751 Computed
-770 CheckPrime 0 Computed
427 NextPrime 431 Computed
997 CheckPrime 1 Computed
-781 Cube -476379541 Computed
-107 CheckPrime 0 Computed
-986 Cube -958585256 Computed
536 Square 287296 Computed
-629 Cube -248858189 Computed
939 Factorial 8926 Computed
-792 Factorial 0 Computed
894 NextPrime 907 Computed
-172 CheckPrime 0 Computed
487 CheckPrime 1 Computed
-428 CheckPrime 0 Computed
-522 Factorial 0 Computed
798 Sqrt 28 Computed
779 NextPrime 787 Computed
986 Sqrt 31 Computed
803 Square 644809 Computed
-861 Factorial 0 Computed
-129 Factorial 0 Computed
157 Square 24649 Computed
-996 Cube -988047936 Computed
-471 Square 221841 Computed
164 NextPrime 167 Computed
799 NextPrime 809 Computed
-883 Sqrt 29 Computed
367 Sqrt 19 Computed
-470 Cube -103823000 Computed
386 Square 148996 Computed
-814 Sqrt 28 Computed
-542 Square 293764 Computed
278 Cube 21484952 Computed
721 Sqrt 26 Computed
226 Factorial 7909 Computed
74 Factorial 4016 Computed
643 CheckPrime 1 Computed
-877 Sqrt 29 Computed
839 CheckPrime 1 Computed
-266 NextPrime 2 Computed
-524 Square 274576 Computed
873 NextPrime 877 Computed
745 CheckPrime 0 Computed
793 NextPrime 797 Computed
-342 Cube -40001688 Computed
-899 Square 808201 Computed
523 CheckPrime 1 Computed
677 CheckPrime 1 Computed
648 Sqrt 25 Computed
-651 Sqrt 25 Computed
957 Sqrt 30 Computed
-433 CheckPrime 0 Computed
330 NextPrime 331 Computed
401 Factorial 866 Computed
638 Cube 259694072 Computed
-441 Factorial 0 Computed
485 CheckPrime 0 Computed
788 Sqrt 28 Computed
851 Factorial 8240 Computed
517 Factorial 1980 Computed
-748 NextPrime 2 Computed
72 Cube 373248 Computed
177 NextPrime 179 Computed
64 Factorial 2357 Computed
215 Sqrt 14 Computed
999 Factorial 3166 Computed
-58 Cube -195112 Computed
-774 Cube -463684824 Computed
-199 Factorial 0 Computed
560 Factorial 4553 Computed
317 Square 100489 Computed
-544 CheckPrime 0 Computed
565 Sqrt 23 Computed
-292 Cube -24897088 Computed
270 NextPrime 271 Computed
-880 Square 774400 Computed
826 Factorial 119 Computed
198 Square 39204 Computed
73 Square 5329 Computed
-791 CheckPrime 0 Computed
746 CheckPrime 0 Computed
-195 CheckPrime 0 Computed
-107 Sqrt 10 Computed
-159 CheckPrime 0 Computed
558 CheckPrime 0 Computed
209 Factorial 770 Computed
-787 Square 619369 Computed
638 Square 407044 Computed
-908 Square 824464 Computed
-44 NextPrime 2 Computed
-376 Square 141376 Computed
788 Square 620944 Computed
257 Square 66049 Computed
467 Cube 101847563 Computed
-215 Sqrt 14 Computed
906 CheckPrime 0 Computed
36 Cube 46656 Computed
-675 Square 455625 Computed
379 Cube 54439939 Computed
947 Sqrt 30 Computed
-676 NextPrime 2 Computed
-600 Sqrt 24 Computed
394 Sqrt 19 Computed
330 Factorial 3334 Computed
-51 Square 2601 Computed
-416 Cube -71991296 Computed
729 NextPrime 733 Computed
288 CheckPrime 0 Computed
-437 Factorial 0 Computed
895 Sqrt 29 Computed
-943 Factorial 0 Computed
663 Factorial 6630 Computed
703 Factorial 3105 Computed
961 NextPrime 967 Computed
-840 Sqrt 28 Computed
156 CheckPrime 0 Computed
-936 Cube -820025856 Computed
-361 Sqrt 19 Computed
-104 Cube -1124864 Computed
-617 Square 380689 Computed
57 Sqrt 7 Computed
-997 Cube -991026973 Computed
659 Square 434281 Computed
459 NextPrime 461 Computed
-244 Cube -14526784 Computed
125 NextPrime 127 Computed
-555 CheckPrime 0 Computed
483 Sqrt 21 Computed
251 NextPrime 257 Computed
-204 Cube -8489664 Computed
379 CheckPrime 1 Computed
452 Sqrt 21 Computed
588 Factorial 1304 Computed
-272 Square 73984 Computed
60 Cube 216000 Computed
-185 CheckPrime 0 Computed
-321 NextPrime 2 Computed
-813 Sqrt 28 Computed
486 CheckPrime 0 Computed
-80 Cube -512000 Computed
13 Sqrt 3 Computed
-391 Cube -59776471 Computed
273 Cube 20346417 Computed
684 Factorial 5715 Computed
550 Cube 166375000 Computed
961 Sqrt 31 Computed
-415 Sqrt 20 Computed
-503 CheckPrime 0 Computed
-652 Square 425104 Computed
736 Factorial 2799 Computed
-831 Cube -573856191 Computed
-12 Factorial 0 Computed
767 NextPrime 769 Computed
-211 Factorial 0 Computed
-269 CheckPrime 0 Computed
232 NextPrime 233 Computed
-975 Cube -926859375 Computed
-5 Factorial 0 Computed
386 Cube 57512456 Computed
-913 CheckPrime 0 Computed
998 Sqrt 31 Computed
139 CheckPrime 1 Computed
233 Sqrt 15 Computed
-805 CheckPrime 0 Computed
-561 Factorial 0 Computed
-280 Square 78400 Computed
436 CheckPrime 0 Computed
-351 Factorial 0 Computed
697 Square 485809 Computed
-244 Sqrt 15 Computed
246 CheckPrime 0 Computed
-988 Square 976144 Computed
-537 Factorial 0 Computed
139 Sqrt 11 Computed
-498 NextPrime 2 Computed
-380 Cube -54872000 Computed
90 CheckPrime 0 Computed
-562 Sqrt 23 Computed
-392 NextPrime 2 Computed
546 Sqrt 23 Computed
-338 Cube -38614472 Computed
-396 Sqrt 19 Computed
220 Square 48400 Computed
-464 NextPrime 2 Computed
-88 CheckPrime 0 Computed
-676 Cube -308915776 Computed
-35 NextPrime 2 Computed
-409 NextPrime 2 Computed
-152 Square 23104 Computed
-966 NextPrime 2 Computed
432 Cube 80621568 Computed
-947 CheckPrime 0 Computed
546 CheckPrime 0 Computed
-187 Square 34969 Computed
467 NextPrime 479 Computed
865 Sqrt 29 Computed
106 Cube 1191016 Computed
-723 Sqrt 26 Computed
394 Cube 61162984 Computed
551 Factorial 7968 Computed
-937 Cube -822656953 Computed
-911 Factorial 0 Computed
-692 Sqrt 26 Computed
722 NextPrime 727 Computed
735 NextPrime 739 Computed
499 Square 249001 Computed
54 Square 2916 Computed
592 Factorial 225 Computed
991 NextPrime 997 Computed
-805 NextPrime 2 Computed
-665 Cube -294079625 Computed
-873 NextPrime 2 Computed
687 Sqrt 26 Computed
551 CheckPrime 0 Computed
946 Cube 846590536 Computed
-906 NextPrime 2 Computed
-35 Factorial 0 Computed
-850 Sqrt 29 Computed
591 Sqrt 24 Computed
-494 NextPrime 2 Computed
-891 Factorial 0 Computed
451 Cube 91733851 Computed
-428 Square 183184 Computed
413 Sqrt 20 Computed
374 Sqrt 19 Computed
-695 Sqrt 26 Computed
-594 CheckPrime 0 Computed
101 CheckPrime 1 Computed
600 NextPrime 601 Computed
950 CheckPrime 0 Computed
901 Sqrt 30 Computed
91 CheckPrime 0 Computed
-140 Sqrt 11 Computed
-740 NextPrime 2 Computed
409 Factorial 4409 Computed
914 CheckPrime 0 Computed
-593 CheckPrime 0 Computed
854 Factorial 7683 Computed
-676 NextPrime 2 Computed
369 Sqrt 19 Computed
-502 Factorial 0 Computed
30 Factorial 3970 Computed
-175 Cube -5359375 Computed
697 Square 485809 Computed
978 Factorial 1470 Computed
-4 Square 16 Computed
400 Sqrt 20 Computed
-984 NextPrime 2 Computed
739 Factorial 3006 Computed
665 CheckPrime 0 Computed
-144 Square 20736 Computed
-359 Square 128881 Computed
-922 Cube -783777448 Computed
15 Cube 3375 Computed
942 NextPrime 947 Computed
-233 NextPrime 2 Computed
851 Cube 616295051 Computed
526 Sqrt 22 Computed
460 Factorial 4820 Computed
-244 Factorial 0 Computed
-78 CheckPrime 0 Computed
-630 CheckPrime 0 Computed
-260 Square 67600 Computed
-185 Cube -6331625 Computed
-978 CheckPrime 0 Computed
-646 Factorial 0 Computed
-890 NextPrime 2 Computed
-253 Square 64009 Computed
552 Cube 168196608 Computed
544 Square 295936 Computed
475 Cube 107171875 Computed
112 Sqrt 10 Computed
315 Cube 31255875 Computed
96 Sqrt 9 Computed
917 Square 840889 Computed
-829 NextPrime 2 Computed
976 NextPrime 977 Computed
-277 Sqrt 16 Computed
-714 Sqrt 26 Computed
-547 CheckPrime 0 Computed
165 Square 27225 Computed
-540 Factorial 0 Computed
115 Cube 1520875 Computed
-876 Square 767376 Computed
55 Sqrt 7 Computed
942 NextPrime 947 Computed
-395 Cube -61629875 Computed
658 CheckPrime 0 Computed
311 Square 96721 Computed
701 Sqrt 26 Computed
240 Sqrt 15 Computed
-876 CheckPrime 0 Computed
569 Square 323761 Computed
6 Square 36 Computed
-251 Sqrt 15 Computed
-760 Square 577600 Computed
158 Square 24964 Computed
595 Cube 210644875 Computed
-312 CheckPrime 0 Computed
-15 Cube -3375 Computed
948 Factorial 8703 Computed
300 Factorial 9898 Computed
83 Factorial 9799 Computed
-566 Factorial 0 Computed
726 CheckPrime 0 Computed
596 Square 355216 Computed
471 Square 221841 Computed
607 CheckPrime 1 Computed
-383 CheckPrime 0 Computed
259 Sqrt 16 Computed
-478 Factorial 0 Computed
-115 Cube -1520875 Computed
561 Factorial 1145 Computed
-95 CheckPrime 0 Computed
679 Cube 313046839 Computed
-888 Cube -700227072 Computed
687 Square 471969 Computed
729 Cube 387420489 Computed
146 NextPrime 149 Computed
453 Sqrt 21 Computed
-386 Cube -57512456 Computed
481 Cube 111284641 Computed
-161 Square 25921 Computed
-689 Cube -327082769 Computed
897 Cube 721734273 Computed
-256 CheckPrime 0 Computed
1 CheckPrime 0 Computed
-354 CheckPrime 0 Computed
357 Cube 45499293 Computed
-226 Sqrt 15 Computed
791 NextPrime 797 Computed
-897 Sqrt 29 Computed
780 CheckPrime 0 Computed
469 CheckPrime 0 Computed
600 Cube 216000000 Computed
-504 Factorial 0 Computed
933 CheckPrime 0 Computed
-296 Factorial 0 Computed
-87 CheckPrime 0 Computed
-108 Sqrt 10 Computed
481 NextPrime 487 Computed
274 NextPrime 277 Computed
243 Square 59049 Computed
-523 CheckPrime 0 Computed
-717 Sqrt 26 Computed
449 Factorial 9914 Computed
335 Square 112225 Computed
-122 CheckPrime 0 Computed
-321 Cube -33076161 Computed
410 Sqrt 20 Computed
273 Sqrt 16 Computed
602 Sqrt 24 Computed
922 Sqrt 30 Computed
441 Cube 85766121 Computed
-722 Square 521284 Computed
-191 NextPrime 2 Computed
816 NextPrime 821 Computed
-323 Square 104329 Computed
-686 Square 470596 Computed
-607 CheckPrime 0 Computed
-415 Sqrt 20 Computed
-559 Factorial 0 Computed
393 CheckPrime 0 Computed
791 Square 625681 Computed
342 NextPrime 347 Computed
978 Square 956484 Computed
92 Cube 778688 Computed
-303 Cube -27818127 Computed
92 NextPrime 97 Computed
-758 NextPrime 2 Computed
170 NextPrime 173 Computed
840 NextPrime 853 Computed
54 Cube 157464 Computed
-483 Sqrt 21 Computed
-541 CheckPrime 0 Computed
394 Factorial 4146 Computed
-710 NextPrime 2 Computed
-545 Cube -161878625 Computed
-61 Sqrt 7 Computed
179 Cube 5735339 Computed
62 Sqrt 7 Computed
533 Square 284089 Computed
549 Sqrt 23 Computed
999 Sqrt 31 Computed
-185 Cube -6331625 Computed
805 NextPrime 809 Computed
-847 NextPrime 2 Computed
-644 Square 414736 Computed
-809 NextPrime 2 Computed
168 Sqrt 12 Computed
-284 Cube -22906304 Computed
244 NextPrime 251 Computed
-271 Square 73441 Computed
552 Cube 168196608 Computed
435 Cube 82312875 Computed
207 Sqrt 14 Computed
503 Cube 127263527 Computed
-617 Cube -234885113 Computed
-170 CheckPrime 0 Computed
190 Square 36100 Computed
425 Factorial 8229 Computed
-938 Square 879844 Computed
-447 Sqrt 21 Computed
312 Sqrt 17 Computed
-716 Sqrt 26 Computed
997 Factorial 6348 Computed
41 CheckPrime 1 Computed
-185 CheckPrime 0 Computed
831 Cube 573856191 Computed
131 Factorial 126 Computed
-698 Factorial 0 Computed
-307 NextPrime 2 Computed
-229 Cube -12008989 Computed
746 Sqrt 27 Computed
1000 CheckPrime 0 Computed
845 Factorial 2168 Computed
237 Factorial 9495 Computed
-264 NextPrime 2 Computed
261 Cube 17779581 Computed
615 NextPrime 617 Computed
248 Sqrt 15 Computed
-585 Sqrt 24 Computed
648 Sqrt 25 Computed
-556 Sqrt 23 Computed
922 Sqrt 30 Computed
-149 Cube -3307949 Computed
-238 CheckPrime 0 Computed
-402 CheckPrime 0 Computed
822 NextPrime 823 Computed
465 Sqrt 21 Computed
382 Square 145924 Computed
-570 NextPrime 2 Computed
399 Cube 63521199 Computed
458 NextPrime 461 Computed
-592 Factorial 0 Computed
-741 Square 549081 Computed
-392 NextPrime 2 Computed
788 Square 620944 Computed
-228 Cube -11852352 Computed
-544 Factorial 0 Computed
734 Square 538756 Computed
795 NextPrime 797 Computed
-38 Sqrt 6 Computed
-938 Square 879844 Computed
-225 Sqrt 15 Computed
178 Factorial 5487 Computed
-687 CheckPrime 0 Computed
-990 CheckPrime 0 Computed
-532 NextPrime 2 Computed
954 Factorial 9656 Computed
-664 Cube -292754944 Computed
448 NextPrime 449 Computed
952 CheckPrime 0 Computed
-320 Cube -32768000 Computed
-479 Cube -109902239 Computed
-639 Factorial 0 Computed
-301 CheckPrime 0 Computed
-592 Square 350464 Computed
-262 NextPrime 2 Computed
909 NextPrime 911 Computed
-966 CheckPrime 0 Computed
45 CheckPrime 0 Computed
867 Sqrt 29 Computed
915 Square 837225 Computed
988 CheckPrime 0 Computed
234 Cube 12812904 Computed
-354 Square 125316 Computed
438 NextPrime 439 Computed
758 CheckPrime 0 Computed
828 NextPrime 829 Computed
997 Factorial 6348 Computed
460 Factorial 4820 Computed
670 Sqrt 25 Computed
733 Sqrt 27 Computed
-751 Square 564001 Computed
900 Factorial 1656 Computed
595 NextPrime 599 Computed
-472 NextPrime 2 Computed
-184 CheckPrime 0 Computed
-140 Cube -2744000 Computed
-379 Cube -54439939 Computed
865 Square 748225 Computed
-335 Sqrt 18 Computed
247 NextPrime 251 Computed
-216 Factorial 0 Computed
-427 NextPrime 2 Computed
