474 Factorial 3623 Computed
-799 Factorial 0 Computed
309 Factorial 1616 Computed
-684 Factorial 0 Computed
320 Factorial 9764 Computed
320 Factorial 9764 Computed
-549 Factorial 0 Computed
178 Factorial 5487 Computed
-401 Factorial 0 Computed
-284 Factorial 0 Computed
-529 Factorial 0 Computed
520 Factorial 5770 Computed
761 Factorial 8743 Computed
-190 Factorial 0 Computed
50 Factorial 1914 Computed
396 Factorial 3049 Computed
-983 Factorial 0 Computed
-841 Factorial 0 Computed
-910 Factorial 0 Computed
158 Factorial 8303 Computed
242 Factorial 437 Computed
-668 Sqrt 25 Computed
423 Sqrt 20 Computed
971 Sqrt 31 Computed
950 Sqrt 30 Computed
-308 Sqrt 17 Computed
255 Sqrt 15 Computed
-187 Sqrt 13 Computed
103 Sqrt 10 Computed
760 Sqrt 27 Computed
-707 Sqrt 26 Computed
636 Sqrt 25 Computed
2 Sqrt 1 Computed
60 Sqrt 7 Computed
-93 Sqrt 9 Computed
530 Sqrt 23 Computed
-374 Sqrt 19 Computed
-640 Sqrt 25 Computed
27 Sqrt 5 Computed
-534 NextPrime 2 Computed
857 NextPrime 859 Computed
-137 NextPrime 2 Computed
-424 NextPrime 2 Computed
-337 NextPrime 2 Computed
14 NextPrime 17 Computed
-323 NextPrime 2 Computed
-797 NextPrime 2 Computed
378 NextPrime 379 Computed
260 NextPrime 263 Computed
652 NextPrime 653 Computed
-898 NextPrime 2 Computed
-651 NextPrime 2 Computed
86 NextPrime 89 Computed
764 NextPrime 769 Computed
32 NextPrime 37 Computed
830 NextPrime 839 Computed
420 NextPrime 421 Computed
945 NextPrime 947 Computed
-665 NextPrime 2 Computed
-868 Fibonacci -1 Computed
-575 Fibonacci -1 Computed
388 Fibonacci 7344 Computed
543 Fibonacci 3447 Computed
959 Fibonacci 1645 Computed
579 Fibonacci 8086 Computed
206 Fibonacci 1519 Computed
-146 Fibonacci -1 Computed
-986 Fibonacci -1 Computed
-960 Fibonacci -1 Computed
681 Fibonacci 2170 Computed
-933 Fibonacci -1 Computed
880 Fibonacci 1996 Computed
-777 Fibonacci -1 Computed
899 Fibonacci 1737 Computed
-99 Fibonacci -1 Computed
-343 Fibonacci -1 Computed
386 Fibonacci 1064 Computed
-538 Fibonacci -1 Computed
-504 Fibonacci -1 Computed
-800 Fibonacci -1 Computed
-194 Fibonacci -1 Computed
640 CheckPrime 0 Computed
-596 CheckPrime 0 Computed
90 CheckPrime 0 Computed
-567 CheckPrime 0 Computed
-310 CheckPrime 0 Computed
533 CheckPrime 0 Computed
-83 CheckPrime 0 Computed
894 CheckPrime 0 Computed
-827 CheckPrime 0 Computed
474 CheckPrime 0 Computed
171 CheckPrime 0 Computed
-889 CheckPrime 0 Computed
-84 CheckPrime 0 Computed
-356 CheckPrime 0 Computed
769 CheckPrime 1 Computed
304 CheckPrime 0 Computed
156 CheckPrime 0 Computed
-554 CheckPrime 0 Computed
81 CheckPrime 0 Computed
