-81 Cube -531441 Computed
868 Square 753424 Computed
-709 Cube -356400829 Computed
288 Square 82944 Computed
-970 CheckPrime 0 Computed
296 Square 87616 Computed
-644 NextPrime 2 Computed
-17 NextPrime 2 Computed
-254 Square 64516 Computed
472 NextPrime 479 Computed
-676 Square 456976 Computed
-4 Cube -64 Computed
-30 Cube -27000 Computed
-673 Square 452929 Computed
689 Square 474721 Computed
21 NextPrime 23 Computed
305 Cube 28372625 Computed
-557 Cube -172808693 Computed
616 NextPrime 617 Computed
-412 NextPrime 2 Computed
-661 Cube -288804781 Computed
-53 CheckPrime 0 Computed
794 NextPrime 797 Computed
-88 Cube -681472 Computed
451 NextPrime 457 Computed
783 NextPrime 787 Computed
-768 Cube -452984832 Computed
-501 NextPrime 2 Computed
605 NextPrime 607 Computed
833 Cube 578009537 Computed
-981 Square 962361 Computed
981 Square 962361 Computed
861 Square 741321 Computed
-505 CheckPrime 0 Computed
138 NextPrime 139 Computed
-781 Square 609961 Computed
695 NextPrime 701 Computed
-526 NextPrime 2 Computed
754 Square 568516 Computed
819 Square 670761 Computed
-932 CheckPrime 0 Computed
-19 NextPrime 2 Computed
-420 Cube -74088000 Computed
-848 CheckPrime 0 Computed
820 CheckPrime 0 Computed
356 Cube 45118016 Computed
-158 NextPrime 2 Computed
488 Square 238144 Computed
804 Cube 519718464 Computed
-347 NextPrime 2 Computed
-391 Cube -59776471 Computed
-386 NextPrime 2 Computed
971 Cube 915498611 Computed
23 CheckPrime 1 Computed
-944 Cube -841232384 Computed
-229 Square 52441 Computed
280 Square 78400 Computed
-503 Square 253009 Computed
653 CheckPrime 1 Computed
910 NextPrime 911 Computed
131 Square 17161 Computed
-326 NextPrime 2 Computed
-650 NextPrime 2 Computed
54 Cube 157464 Computed
-123 Cube -1860867 Computed
771 Cube 458314011 Computed
-822 Square 675684 Computed
270 NextPrime 271 Computed
-389 NextPrime 2 Computed
676 Cube 308915776 Computed
794 Cube 500566184 Computed
-274 Square 75076 Computed
-95 Cube -857375 Computed
-303 Square 91809 Computed
417 Square 173889 Computed
-489 Cube -116930169 Computed
255 CheckPrime 0 Computed
27 NextPrime 29 Computed
560 Cube 175616000 Computed
-71 CheckPrime 0 Computed
-524 CheckPrime 0 Computed
178 NextPrime 179 Computed
611 Cube 228099131 Computed
-138 NextPrime 2 Computed
6 CheckPrime 0 Computed
-497 Square 247009 Computed
388 CheckPrime 0 Computed
-443 NextPrime 2 Computed
-64 CheckPrime 0 Computed
-466 Cube -101194696 Computed
-846 CheckPrime 0 Computed
-503 CheckPrime 0 Computed
358 Square 128164 Computed
794 Square 630436 Computed
-193 Cube -7189057 Computed
510 Cube 132651000 Computed
700 Cube 343000000 Computed
-519 NextPrime 2 Computed
-9 Cube -729 Computed
-707 Square 499849 Computed
-778 Square 605284 Computed
-415 NextPrime 2 Computed
-255 NextPrime 2 Computed
-770 NextPrime 2 Computed
289 Cube 24137569 Computed
545 Square 297025 Computed
-85 CheckPrime 0 Computed
-344 Square 118336 Computed
244 NextPrime 251 Computed
198 Square 39204 Computed
60 Cube 216000 Computed
-527 NextPrime 2 Computed
-432 NextPrime 2 Computed
-448 Square 200704 Computed
651 CheckPrime 0 Computed
260 Square 67600 Computed
413 Square 170569 Computed
747 CheckPrime 0 Computed
-604 NextPrime 2 Computed
-249 NextPrime 2 Computed
-46 Square 2116 Computed
-772 Square 595984 Computed
311 Cube 30080231 Computed
-311 Square 96721 Computed
-112 NextPrime 2 Computed
635 NextPrime 641 Computed
218 Square 47524 Computed
601 Cube 217081801 Computed
679 Cube 313046839 Computed
-200 Cube -8000000 Computed
656 CheckPrime 0 Computed
460 Cube 97336000 Computed
376 NextPrime 379 Computed
-368 Cube -49836032 Computed
-450 Square 202500 Computed
-226 Cube -11543176 Computed
-743 Square 552049 Computed
781 CheckPrime 0 Computed
660 Cube 287496000 Computed
-936 CheckPrime 0 Computed
-464 Square 215296 Computed
-26 Square 676 Computed
880 CheckPrime 0 Computed
269 NextPrime 271 Computed
103 Cube 1092727 Computed
921 Cube 781229961 Computed
992 NextPrime 997 Computed
545 NextPrime 547 Computed
376 Cube 53157376 Computed
-180 CheckPrime 0 Computed
-554 Square 306916 Computed
-602 Square 362404 Computed
-917 Cube -771095213 Computed
784 NextPrime 787 Computed
821 CheckPrime 1 Computed
-683 Square 466489 Computed
-887 CheckPrime 0 Computed
464 CheckPrime 0 Computed
-847 Square 717409 Computed
-970 NextPrime 2 Computed
-28 NextPrime 2 Computed
-346 CheckPrime 0 Computed
295 CheckPrime 0 Computed
-8 Square 64 Computed
-397 Cube -62570773 Computed
-915 Square 837225 Computed
64 Square 4096 Computed
-662 Square 438244 Computed
90 NextPrime 97 Computed
-658 NextPrime 2 Computed
-126 CheckPrime 0 Computed
-424 Square 179776 Computed
-300 NextPrime 2 Computed
489 NextPrime 491 Computed
-983 Square 966289 Computed
843 Square 710649 Computed
929 Cube 801765089 Computed
711 NextPrime 719 Computed
-743 Cube -410172407 Computed
426 Square 181476 Computed
187 Cube 6539203 Computed
-155 CheckPrime 0 Computed
-299 Square 89401 Computed
-117 CheckPrime 0 Computed
-471 Square 221841 Computed
-801 NextPrime 2 Computed
-405 NextPrime 2 Computed
945 CheckPrime 0 Computed
135 CheckPrime 0 Computed
-313 Cube -30664297 Computed
75 Square 5625 Computed
551 Cube 167284151 Computed
-302 Cube -27543608 Computed
-491 CheckPrime 0 Computed
-208 Square 43264 Computed
105 Cube 1157625 Computed
666 Square 443556 Computed
126 NextPrime 127 Computed
-471 Cube -104487111 Computed
-56 Cube -175616 Computed
-586 Cube -201230056 Computed
-778 Cube -470910952 Computed
793 NextPrime 797 Computed
314 CheckPrime 0 Computed
-567 CheckPrime 0 Computed
-831 CheckPrime 0 Computed
-816 Cube -543338496 Computed
-135 CheckPrime 0 Computed
501 NextPrime 503 Computed
658 Cube 284890312 Computed
-795 NextPrime 2 Computed
703 Square 494209 Computed
-922 Cube -783777448 Computed
40 Square 1600 Computed
-284 NextPrime 2 Computed
-293 Cube -25153757 Computed
313 Square 97969 Computed
339 CheckPrime 0 Computed
-363 Square 131769 Computed
-89 CheckPrime 0 Computed
-434 Square 188356 Computed
682 CheckPrime 0 Computed
-298 Square 88804 Computed
-893 Cube -712121957 Computed
684 Square 467856 Computed
-454 CheckPrime 0 Computed
-793 NextPrime 2 Computed
-549 CheckPrime 0 Computed
871 CheckPrime 0 Computed
-842 Cube -596947688 Computed
505 NextPrime 509 Computed
-494 Square 244036 Computed
757 Square 573049 Computed
-574 NextPrime 2 Computed
80 Square 6400 Computed
-482 CheckPrime 0 Computed
-102 NextPrime 2 Computed
628 Square 394384 Computed
897 Square 804609 Computed
-691 Cube -329939371 Computed
559 Cube 174676879 Computed
-28 CheckPrime 0 Computed
-456 Square 207936 Computed
-41 CheckPrime 0 Computed
-881 CheckPrime 0 Computed
-995 Cube -985074875 Computed
-243 Square 59049 Computed
261 Cube 17779581 Computed
-519 CheckPrime 0 Computed
-729 Cube -387420489 Computed
294 Square 86436 Computed
-467 Cube -101847563 Computed
722 NextPrime 727 Computed
633 NextPrime 641 Computed
550 Square 302500 Computed
-258 Cube -17173512 Computed
559 Square 312481 Computed
-656 Cube -282300416 Computed
875 Cube 669921875 Computed
834 Cube 580093704 Computed
941 Cube 833237621 Computed
112 CheckPrime 0 Computed
-309 Square 95481 Computed
427 CheckPrime 0 Computed
450 NextPrime 457 Computed
632 CheckPrime 0 Computed
-987 Square 974169 Computed
-335 CheckPrime 0 Computed
275 CheckPrime 0 Computed
-49 CheckPrime 0 Computed
650 Cube 274625000 Computed
-372 Square 138384 Computed
-711 CheckPrime 0 Computed
-243 Cube -14348907 Computed
834 CheckPrime 0 Computed
-124 CheckPrime 0 Computed
143 Cube 2924207 Computed
-812 Square 659344 Computed
13 CheckPrime 1 Computed
33 Square 1089 Computed
26 Cube 17576 Computed
36 Cube 46656 Computed
186 NextPrime 191 Computed
-592 Square 350464 Computed
157 NextPrime 163 Computed
385 NextPrime 389 Computed
-521 NextPrime 2 Computed
-514 Cube -135796744 Computed
803 Cube 517781627 Computed
-978 NextPrime 2 Computed
-238 Cube -13481272 Computed
-566 CheckPrime 0 Computed
-986 Square 972196 Computed
-268 Cube -19248832 Computed
744 CheckPrime 0 Computed
-882 Cube -686128968 Computed
152 Cube 3511808 Computed
-322 Cube -33386248 Computed
-515 NextPrime 2 Computed
-806 Square 649636 Computed
-507 Cube -130323843 Computed
-339 Cube -38958219 Computed
-259 Square 67081 Computed
238 Square 56644 Computed
612 NextPrime 613 Computed
-327 Square 106929 Computed
-785 Cube -483736625 Computed
326 NextPrime 331 Computed
-536 NextPrime 2 Computed
276 Square 76176 Computed
-763 Cube -444194947 Computed
-753 Cube -426957777 Computed
-836 Cube -584277056 Computed
329 Cube 35611289 Computed
974 CheckPrime 0 Computed
150 CheckPrime 0 Computed
367 NextPrime 373 Computed
661 NextPrime 673 Computed
108 NextPrime 109 Computed
-105 NextPrime 2 Computed
-674 Square 454276 Computed
-120 NextPrime 2 Computed
-297 Square 88209 Computed
541 CheckPrime 1 Computed
204 Square 41616 Computed
-958 Square 917764 Computed
74 Cube 405224 Computed
-683 Square 466489 Computed
442 CheckPrime 0 Computed
351 NextPrime 353 Computed
741 Square 549081 Computed
645 Cube 268336125 Computed
630 Cube 250047000 Computed
143 NextPrime 149 Computed
-385 Square 148225 Computed
108 NextPrime 109 Computed
695 CheckPrime 0 Computed
46 CheckPrime 0 Computed
-541 Cube -158340421 Computed
38 Cube 54872 Computed
520 CheckPrime 0 Computed
289 Square 83521 Computed
231 Square 53361 Computed
365 NextPrime 367 Computed
878 Cube 676836152 Computed
-47 CheckPrime 0 Computed
467 Square 218089 Computed
202 Square 40804 Computed
91 Cube 753571 Computed
939 CheckPrime 0 Computed
805 CheckPrime 0 Computed
540 CheckPrime 0 Computed
558 Square 311364 Computed
-170 Square 28900 Computed
-934 CheckPrime 0 Computed
-5 NextPrime 2 Computed
352 Cube 43614208 Computed
86 NextPrime 89 Computed
447 Cube 89314623 Computed
-527 NextPrime 2 Computed
227 Cube 11697083 Computed
-855 CheckPrime 0 Computed
-659 NextPrime 2 Computed
215 Cube 9938375 Computed
-184 NextPrime 2 Computed
335 NextPrime 337 Computed
-380 Cube -54872000 Computed
-417 NextPrime 2 Computed
544 Cube 160989184 Computed
-192 Cube -7077888 Computed
-169 Cube -4826809 Computed
-21 NextPrime 2 Computed
958 CheckPrime 0 Computed
-833 Square 693889 Computed
-193 Square 37249 Computed
-460 CheckPrime 0 Computed
700 Square 490000 Computed
927 Square 859329 Computed
359 CheckPrime 1 Computed
-356 CheckPrime 0 Computed
-5 Square 25 Computed
-466 NextPrime 2 Computed
278 NextPrime 281 Computed
-727 NextPrime 2 Computed
-680 Square 462400 Computed
-183 Square 33489 Computed
561 NextPrime 563 Computed
-166 Square 27556 Computed
-238 CheckPrime 0 Computed
973 Square 946729 Computed
538 NextPrime 541 Computed
-580 Square 336400 Computed
-146 NextPrime 2 Computed
-325 NextPrime 2 Computed
-905 Cube -741217625 Computed
-483 CheckPrime 0 Computed
-919 Cube -776151559 Computed
235 Square 55225 Computed
837 Square 700569 Computed
-278 Cube -21484952 Computed
