-463 Factorial 0 Computed
-80 Cube -512000 Computed
566 NextPrime 569 Computed
-842 Fibonacci -1 Computed
745 CheckPrime 0 Computed
-924 Factorial 0 Computed
695 Cube 335702375 Computed
-840 NextPrime 2 Computed
188 Fibonacci 1459 Computed
-389 CheckPrime 0 Computed
184 Factorial 6062 Computed
-143 Cube -2924207 Computed
34 NextPrime 37 Computed
260 Fibonacci 2534 Computed
382 CheckPrime 0 Computed
-818 Factorial 0 Computed
870 Cube 658503000 Computed
-375 NextPrime 2 Computed
-648 Fibonacci -1 Computed
553 CheckPrime 0 Computed
-227 Factorial 0 Computed
630 Cube 250047000 Computed
697 NextPrime 701 Computed
-308 Fibonacci -1 Computed
-584 CheckPrime 0 Computed
692 Factorial 2244 Computed
-492 Cube -119095488 Computed
825 NextPrime 827 Computed
478 Fibonacci 1286 Computed
-54 CheckPrime 0 Computed
-955 Factorial 0 Computed
40 Cube 64000 Computed
-549 NextPrime 2 Computed
-388 Fibonacci -1 Computed
157 CheckPrime 1 Computed
-963 Factorial 0 Computed
-464 Cube -99897344 Computed
456 NextPrime 457 Computed
-565 Fibonacci -1 Computed
-835 CheckPrime 0 Computed
-447 Factorial 0 Computed
245 Cube 14706125 Computed
369 NextPrime 373 Computed
761 Fibonacci 9888 Computed
-728 CheckPrime 0 Computed
-640 Factorial 0 Computed
-410 Cube -68921000 Computed
411 NextPrime 419 Computed
201 Fibonacci 2913 Computed
214 CheckPrime 0 Computed
854 Factorial 7683 Computed
-511 Cube -133432831 Computed
-869 NextPrime 2 Computed
-897 Fibonacci -1 Computed
-515 CheckPrime 0 Computed
874 Factorial 6708 Computed
-178 Cube -5639752 Computed
856 NextPrime 857 Computed
-594 Fibonacci -1 Computed
660 CheckPrime 0 Computed
590 Factorial 9839 Computed
233 Cube 12649337 Computed
673 NextPrime 677 Computed
-465 Fibonacci -1 Computed
-463 CheckPrime 0 Computed
122 Factorial 6085 Computed
-440 Cube -85184000 Computed
-652 NextPrime 2 Computed
572 Fibonacci 5042 Computed
6 CheckPrime 0 Computed
161 Factorial 9034 Computed
-454 Cube -93576664 Computed
-374 NextPrime 2 Computed
-230 Fibonacci -1 Computed
676 CheckPrime 0 Computed
432 Factorial 1225 Computed
-528 Cube -147197952 Computed
807 NextPrime 809 Computed
-333 Fibonacci -1 Computed
-265 CheckPrime 0 Computed
790 Factorial 1950 Computed
-727 Cube -384240583 Computed
-941 NextPrime 2 Computed
-479 Fibonacci -1 Computed
121 CheckPrime 0 Computed
993 Factorial 8305 Computed
709 Cube 356400829 Computed
-970 NextPrime 2 Computed
-106 Fibonacci -1 Computed
88 CheckPrime 0 Computed
-494 Factorial 0 Computed
-363 Cube -47832147 Computed
-720 NextPrime 2 Computed
104 Fibonacci 5399 Computed
-852 CheckPrime 0 Computed
572 Factorial 8093 Computed
-180 Cube -5832000 Computed
-370 NextPrime 2 Computed
-257 Fibonacci -1 Computed
790 CheckPrime 0 Computed
417 Factorial 3664 Computed
-865 Cube -647214625 Computed
-465 NextPrime 2 Computed
-590 Fibonacci -1 Computed
188 CheckPrime 0 Computed
312 Factorial 745 Computed
806 Cube 523606616 Computed
-993 NextPrime 2 Computed
-859 Fibonacci -1 Computed
-654 CheckPrime 0 Computed
322 Factorial 8833 Computed
-48 Cube -110592 Computed
605 NextPrime 607 Computed
93 Fibonacci 1365 Computed
775 CheckPrime 0 Computed
652 Factorial 663 Computed
150 Cube 3375000 Computed
733 NextPrime 739 Computed
-423 Fibonacci -1 Computed
-99 CheckPrime 0 Computed
-582 Factorial 0 Computed
-101 Cube -1030301 Computed
-184 NextPrime 2 Computed
-218 Fibonacci -1 Computed
-476 CheckPrime 0 Computed
379 Factorial 2304 Computed
73 Cube 389017 Computed
222 NextPrime 223 Computed
-408 Fibonacci -1 Computed
-185 CheckPrime 0 Computed
968 Factorial 2548 Computed
506 Cube 129554216 Computed
-36 NextPrime 2 Computed
-221 Fibonacci -1 Computed
630 CheckPrime 0 Computed
370 Factorial 955 Computed
-354 Cube -44361864 Computed
-764 NextPrime 2 Computed
801 Fibonacci 7876 Computed
94 CheckPrime 0 Computed
673 Factorial 4863 Computed
-481 Cube -111284641 Computed
988 NextPrime 991 Computed
798 Fibonacci 7018 Computed
-381 CheckPrime 0 Computed
-858 Factorial 0 Computed
333 Cube 36926037 Computed
539 NextPrime 541 Computed
664 Fibonacci 6997 Computed
137 CheckPrime 1 Computed
-552 Factorial 0 Computed
981 Cube 944076141 Computed
-550 NextPrime 2 Computed
523 Fibonacci 5786 Computed
527 CheckPrime 0 Computed
922 Factorial 1913 Computed
735 Cube 397065375 Computed
827 NextPrime 829 Computed
-302 Fibonacci -1 Computed
756 CheckPrime 0 Computed
-616 Factorial 0 Computed
171 Cube 5000211 Computed
494 NextPrime 499 Computed
472 Fibonacci 3803 Computed
679 CheckPrime 0 Computed
-904 Factorial 0 Computed
708 Cube 354894912 Computed
-477 NextPrime 2 Computed
-262 Fibonacci -1 Computed
-273 CheckPrime 0 Computed
-906 Factorial 0 Computed
570 Cube 185193000 Computed
963 NextPrime 967 Computed
141 Fibonacci 3604 Computed
-657 CheckPrime 0 Computed
672 Factorial 3786 Computed
107 Cube 1225043 Computed
681 NextPrime 683 Computed
287 Fibonacci 839 Computed
-782 CheckPrime 0 Computed
-308 Factorial 0 Computed
831 Cube 573856191 Computed
-607 NextPrime 2 Computed
-139 Fibonacci -1 Computed
464 CheckPrime 0 Computed
-99 Factorial 0 Computed
228 Cube 11852352 Computed
430 NextPrime 431 Computed
-30 Fibonacci -1 Computed
-698 CheckPrime 0 Computed
-503 Factorial 0 Computed
-866 Cube -649461896 Computed
-403 NextPrime 2 Computed
63 Fibonacci 3076 Computed
593 CheckPrime 1 Computed
442 Factorial 7594 Computed
974 Cube 924010424 Computed
302 NextPrime 307 Computed
-575 Fibonacci -1 Computed
-460 CheckPrime 0 Computed
-861 Factorial 0 Computed
662 Cube 290117528 Computed
-628 NextPrime 2 Computed
938 Fibonacci 7181 Computed
-720 CheckPrime 0 Computed
-553 Factorial 0 Computed
-142 Cube -2863288 Computed
59 NextPrime 61 Computed
-646 Fibonacci -1 Computed
-754 CheckPrime 0 Computed
664 Factorial 4227 Computed
453 Cube 92959677 Computed
456 NextPrime 457 Computed
-664 Fibonacci -1 Computed
-534 CheckPrime 0 Computed
-396 Factorial 0 Computed
8 Cube 512 Computed
134 NextPrime 137 Computed
-756 Fibonacci -1 Computed
-69 CheckPrime 0 Computed
888 Factorial 6555 Computed
213 Cube 9663597 Computed
-345 NextPrime 2 Computed
-101 Fibonacci -1 Computed
141 CheckPrime 0 Computed
359 Factorial 9606 Computed
587 Cube 202262003 Computed
683 NextPrime 691 Computed
166 Fibonacci 5084 Computed
-366 CheckPrime 0 Computed
-687 Factorial 0 Computed
819 Cube 549353259 Computed
-712 NextPrime 2 Computed
76 Fibonacci 886 Computed
-479 CheckPrime 0 Computed
257 Factorial 5456 Computed
-964 Cube -895841344 Computed
472 NextPrime 479 Computed
-569 Fibonacci -1 Computed
-883 CheckPrime 0 Computed
162 Factorial 7450 Computed
744 Cube 411830784 Computed
179 NextPrime 181 Computed
38 Fibonacci 3982 Computed
-550 CheckPrime 0 Computed
336 Factorial 9189 Computed
535 Cube 153130375 Computed
125 NextPrime 127 Computed
361 Fibonacci 732 Computed
-31 CheckPrime 0 Computed
680 Factorial 2870 Computed
794 Cube 500566184 Computed
631 NextPrime 641 Computed
-476 Fibonacci -1 Computed
195 CheckPrime 0 Computed
-351 Factorial 0 Computed
89 Cube 704969 Computed
157 NextPrime 163 Computed
22 Fibonacci 7738 Computed
-887 CheckPrime 0 Computed
917 Factorial 6594 Computed
845 Cube 603351125 Computed
810 NextPrime 811 Computed
8 Fibonacci 21 Computed
393 CheckPrime 0 Computed
-650 Factorial 0 Computed
339 Cube 38958219 Computed
-73 NextPrime 2 Computed
-692 Fibonacci -1 Computed
-361 CheckPrime 0 Computed
-527 Factorial 0 Computed
-624 Cube -242970624 Computed
803 NextPrime 809 Computed
-292 Fibonacci -1 Computed
-746 CheckPrime 0 Computed
226 Factorial 7909 Computed
-846 Cube -605495736 Computed
549 NextPrime 557 Computed
-55 Fibonacci -1 Computed
875 CheckPrime 0 Computed
296 Factorial 8473 Computed
-524 Cube -143877824 Computed
10 NextPrime 11 Computed
89 Fibonacci 5924 Computed
164 CheckPrime 0 Computed
286 Factorial 632 Computed
-635 Cube -256047875 Computed
481 NextPrime 487 Computed
-151 Fibonacci -1 Computed
-295 CheckPrime 0 Computed
859 Factorial 1533 Computed
-389 Cube -58863869 Computed
810 NextPrime 811 Computed
-86 Fibonacci -1 Computed
259 CheckPrime 0 Computed
-607 Factorial 0 Computed
946 Cube 846590536 Computed
963 NextPrime 967 Computed
-168 Fibonacci -1 Computed
-67 CheckPrime 0 Computed
866 Factorial 9198 Computed
609 Cube 225866529 Computed
66 NextPrime 67 Computed
604 Fibonacci 4815 Computed
285 CheckPrime 0 Computed
20 Factorial 1187 Computed
-418 Cube -73034632 Computed
-592 NextPrime 2 Computed
862 Fibonacci 8808 Computed
-678 CheckPrime 0 Computed
11 Factorial 4854 Computed
355 Cube 44738875 Computed
-659 NextPrime 2 Computed
434 Fibonacci 38 Computed
667 CheckPrime 0 Computed
517 Factorial 1980 Computed
-438 Cube -84027672 Computed
-549 NextPrime 2 Computed
314 Fibonacci 2313 Computed
-797 CheckPrime 0 Computed
-648 Factorial 0 Computed
18 Cube 5832 Computed
-11 NextPrime 2 Computed
-923 Fibonacci -1 Computed
-453 CheckPrime 0 Computed
-224 Factorial 0 Computed
-739 Cube -403583419 Computed
-371 NextPrime 2 Computed
-514 Fibonacci -1 Computed
-296 CheckPrime 0 Computed
109 Factorial 5768 Computed
832 Cube 575930368 Computed
115 NextPrime 127 Computed
93 Fibonacci 1365 Computed
-986 CheckPrime 0 Computed
721 Factorial 6519 Computed
-319 Cube -32461759 Computed
895 NextPrime 907 Computed
178 Fibonacci 1597 Computed
-130 CheckPrime 0 Computed
937 Factorial 426 Computed
-263 Cube -18191447 Computed
-868 NextPrime 2 Computed
-5 Fibonacci -1 Computed
235 CheckPrime 0 Computed
-94 Factorial 0 Computed
-725 Cube -381078125 Computed
-747 NextPrime 2 Computed
760 Fibonacci 4226 Computed
829 CheckPrime 1 Computed
353 Factorial 7112 Computed
865 Cube 647214625 Computed
284 NextPrime 293 Computed
262 Fibonacci 9816 Computed
894 CheckPrime 0 Computed
-249 Factorial 0 Computed
-871 Cube -660776311 Computed
998 NextPrime 1009 Computed
641 Fibonacci 3991 Computed
-655 CheckPrime 0 Computed
483 Factorial 4561 Computed
-273 Cube -20346417 Computed
-304 NextPrime 2 Computed
-947 Fibonacci -1 Computed
189 CheckPrime 0 Computed
-827 Factorial 0 Computed
-354 Cube -44361864 Computed
700 NextPrime 701 Computed
618 Fibonacci 5347 Computed
-643 CheckPrime 0 Computed
374 Factorial 5500 Computed
-33 Cube -35937 Computed
-7 NextPrime 2 Computed
892 Fibonacci 4684 Computed
901 CheckPrime 0 Computed
344 Factorial 5627 Computed
-74 Cube -405224 Computed
149 NextPrime 151 Computed
-918 Fibonacci -1 Computed
774 CheckPrime 0 Computed
-271 Factorial 0 Computed
632 Cube 252435968 Computed
807 NextPrime 809 Computed
-958 Fibonacci -1 Computed
413 CheckPrime 0 Computed
859 Factorial 1533 Computed
-823 Cube -557441767 Computed
193 NextPrime 197 Computed
378 Fibonacci 4026 Computed
592 CheckPrime 0 Computed
-662 Factorial 0 Computed
-961 Cube -887503681 Computed
-156 NextPrime 2 Computed
190 Fibonacci 527 Computed
-642 CheckPrime 0 Computed
877 Factorial 4262 Computed
-730 Cube -389017000 Computed
239 NextPrime 241 Computed
-389 Fibonacci -1 Computed
19 CheckPrime 1 Computed
-924 Factorial 0 Computed
457 Cube 95443993 Computed
-795 NextPrime 2 Computed
227 Fibonacci 3432 Computed
250 CheckPrime 0 Computed
967 Factorial 9852 Computed
477 Cube 108531333 Computed
528 NextPrime 541 Computed
862 Fibonacci 8808 Computed
860 CheckPrime 0 Computed
374 Factorial 5500 Computed
-826 Cube -563559976 Computed
-536 NextPrime 2 Computed
-387 Fibonacci -1 Computed
310 CheckPrime 0 Computed
-792 Factorial 0 Computed
-108 Cube -1259712 Computed
959 NextPrime 967 Computed
-683 Fibonacci -1 Computed
-331 CheckPrime 0 Computed
16 Factorial 772 Computed
-100 Cube -1000000 Computed
-258 NextPrime 2 Computed
80 Fibonacci 7482 Computed
658 CheckPrime 0 Computed
-928 Factorial 0 Computed
-500 Cube -125000000 Computed
-967 NextPrime 2 Computed
-728 Fibonacci -1 Computed
-140 CheckPrime 0 Computed
359 Factorial 9606 Computed
669 Cube 299418309 Computed
522 NextPrime 523 Computed
-970 Fibonacci -1 Computed
46 CheckPrime 0 Computed
-214 Factorial 0 Computed
467 Cube 101847563 Computed
-539 NextPrime 2 Computed
101 Fibonacci 4106 Computed
356 CheckPrime 0 Computed
346 Factorial 3467 Computed
439 Cube 84604519 Computed
-801 NextPrime 2 Computed
-879 Fibonacci -1 Computed
-13 CheckPrime 0 Computed
124 Factorial 9655 Computed
905 Cube 741217625 Computed
207 NextPrime 211 Computed
-148 Fibonacci -1 Computed
-669 CheckPrime 0 Computed
692 Factorial 2244 Computed
162 Cube 4251528 Computed
756 NextPrime 757 Computed
-599 Fibonacci -1 Computed
-168 CheckPrime 0 Computed
500 Factorial 5747 Computed
234 Cube 12812904 Computed
-189 NextPrime 2 Computed
-909 Fibonacci -1 Computed
377 CheckPrime 0 Computed
132 Factorial 6659 Computed
-171 Cube -5000211 Computed
-986 NextPrime 2 Computed
-16 Fibonacci -1 Computed
-207 CheckPrime 0 Computed
-785 Factorial 0 Computed
520 Cube 140608000 Computed
279 NextPrime 281 Computed
-440 Fibonacci -1 Computed
-397 CheckPrime 0 Computed
893 Factorial 2793 Computed
97 Cube 912673 Computed
590 NextPrime 593 Computed
418 Fibonacci 4160 Computed
-947 CheckPrime 0 Computed
-294 Factorial 0 Computed
277 Cube 21253933 Computed
116 NextPrime 127 Computed
-354 Fibonacci -1 Computed
768 CheckPrime 0 Computed
174 Factorial 3253 Computed
43 Cube 79507 Computed
898 NextPrime 907 Computed
-455 Fibonacci -1 Computed
300 CheckPrime 0 Computed
383 Factorial 9245 Computed
-338 Cube -38614472 Computed
-859 NextPrime 2 Computed
-702 Fibonacci -1 Computed
-334 CheckPrime 0 Computed
-515 Factorial 0 Computed
709 Cube 356400829 Computed
-108 NextPrime 2 Computed
-132 Fibonacci -1 Computed
-70 CheckPrime 0 Computed
40 Factorial 5162 Computed
725 Cube 381078125 Computed
275 NextPrime 277 Computed
-989 Fibonacci -1 Computed
80 CheckPrime 0 Computed
293 Factorial 7621 Computed
437 Cube 83453453 Computed
557 NextPrime 563 Computed
-210 Fibonacci -1 Computed
477 CheckPrime 0 Computed
443 Factorial 3241 Computed
-347 Cube -41781923 Computed
-813 NextPrime 2 Computed
-853 Fibonacci -1 Computed
-417 CheckPrime 0 Computed
-707 Factorial 0 Computed
977 Cube 932574833 Computed
800 NextPrime 809 Computed
-447 Fibonacci -1 Computed
-409 CheckPrime 0 Computed
-778 Factorial 0 Computed
8 Cube 512 Computed
-951 NextPrime 2 Computed
219 Fibonacci 3249 Computed
792 CheckPrime 0 Computed
247 Factorial 4648 Computed
699 Cube 341532099 Computed
-870 NextPrime 2 Computed
539 Fibonacci 647 Computed
203 CheckPrime 0 Computed
192 Factorial 6012 Computed
161 Cube 4173281 Computed
-446 NextPrime 2 Computed
-356 Fibonacci -1 Computed
-785 CheckPrime 0 Computed
899 Factorial 9177 Computed
885 Cube 693154125 Computed
-150 NextPrime 2 Computed
-289 Fibonacci -1 Computed
327 CheckPrime 0 Computed
-953 Factorial 0 Computed
-947 Cube -849278123 Computed
-47 NextPrime 2 Computed
466 Fibonacci 7330 Computed
477 CheckPrime 0 Computed
-451 Factorial 0 Computed
-953 Cube -865523177 Computed
820 NextPrime 821 Computed
-890 Fibonacci -1 Computed
-748 CheckPrime 0 Computed
680 Factorial 2870 Computed
946 Cube 846590536 Computed
-766 NextPrime 2 Computed
351 Fibonacci 2114 Computed
-29 CheckPrime 0 Computed
-141 Factorial 0 Computed
716 Cube 367061696 Computed
921 NextPrime 929 Computed
-673 Fibonacci -1 Computed
-99 CheckPrime 0 Computed
3 Factorial 6 Computed
45 Cube 91125 Computed
586 NextPrime 587 Computed
159 Fibonacci 8152 Computed
-722 CheckPrime 0 Computed
369 Factorial 4450 Computed
-309 Cube -29503629 Computed
-507 NextPrime 2 Computed
811 Fibonacci 3546 Computed
-467 CheckPrime 0 Computed
736 Factorial 2799 Computed
-405 Cube -66430125 Computed
881 NextPrime 883 Computed
887 Fibonacci 4786 Computed
388 CheckPrime 0 Computed
445 Factorial 423 Computed
942 Cube 835896888 Computed
786 NextPrime 787 Computed
515 Fibonacci 5717 Computed
-614 CheckPrime 0 Computed
-128 Factorial 0 Computed
-639 Cube -260917119 Computed
-326 NextPrime 2 Computed
448 Fibonacci 7983 Computed
-267 CheckPrime 0 Computed
927 Factorial 7404 Computed
-631 Cube -251239591 Computed
217 NextPrime 223 Computed
-877 Fibonacci -1 Computed
-682 CheckPrime 0 Computed
-988 Factorial 0 Computed
784 Cube 481890304 Computed
755 NextPrime 757 Computed
256 Fibonacci 797 Computed
748 CheckPrime 0 Computed
378 Factorial 1927 Computed
848 Cube 609800192 Computed
738 NextPrime 739 Computed
-739 Fibonacci -1 Computed
-772 CheckPrime 0 Computed
52 Factorial 9644 Computed
312 Cube 30371328 Computed
-997 NextPrime 2 Computed
591 Fibonacci 4381 Computed
-567 CheckPrime 0 Computed
581 Factorial 224 Computed
-719 Cube -371694959 Computed
-325 NextPrime 2 Computed
809 Fibonacci 5305 Computed
-105 CheckPrime 0 Computed
-220 Factorial 0 Computed
803 Cube 517781627 Computed
-222 NextPrime 2 Computed
-306 Fibonacci -1 Computed
-519 CheckPrime 0 Computed
-156 Factorial 0 Computed
-401 Cube -64481201 Computed
172 NextPrime 173 Computed
837 Fibonacci 5470 Computed
774 CheckPrime 0 Computed
-885 Factorial 0 Computed
622 Cube 240641848 Computed
-147 NextPrime 2 Computed
235 Fibonacci 8460 Computed
-31 CheckPrime 0 Computed
-590 Factorial 0 Computed
378 Cube 54010152 Computed
-429 NextPrime 2 Computed
-502 Fibonacci -1 Computed
592 CheckPrime 0 Computed
-86 Factorial 0 Computed
820 Cube 551368000 Computed
-24 NextPrime 2 Computed
-137 Fibonacci -1 Computed
-688 CheckPrime 0 Computed
-984 Factorial 0 Computed
-266 Cube -18821096 Computed
887 NextPrime 907 Computed
-715 Fibonacci -1 Computed
646 CheckPrime 0 Computed
974 Factorial 9527 Computed
-568 Cube -183250432 Computed
-149 NextPrime 2 Computed
-49 Fibonacci -1 Computed
316 CheckPrime 0 Computed
-440 Factorial 0 Computed
900 Cube 729000000 Computed
-852 NextPrime 2 Computed
-200 Fibonacci -1 Computed
-715 CheckPrime 0 Computed
87 Factorial 7103 Computed
-831 Cube -573856191 Computed
990 NextPrime 991 Computed
-744 Fibonacci -1 Computed
-281 CheckPrime 0 Computed
785 Factorial 1055 Computed
-123 Cube -1860867 Computed
320 NextPrime 331 Computed
-222 Fibonacci -1 Computed
580 CheckPrime 0 Computed
-237 Factorial 0 Computed
589 Cube 204336469 Computed
143 NextPrime 149 Computed
-753 Fibonacci -1 Computed
-711 CheckPrime 0 Computed
776 Factorial 5355 Computed
174 Cube 5268024 Computed
200 NextPrime 211 Computed
-764 Fibonacci -1 Computed
765 CheckPrime 0 Computed
605 Factorial 7852 Computed
-928 Cube -799178752 Computed
-849 NextPrime 2 Computed
-58 Fibonacci -1 Computed
-359 CheckPrime 0 Computed
81 Factorial 4267 Computed
134 Cube 2406104 Computed
-115 NextPrime 2 Computed
-154 Fibonacci -1 Computed
-992 CheckPrime 0 Computed
327 Factorial 1550 Computed
-669 Cube -299418309 Computed
454 NextPrime 457 Computed
-74 Fibonacci -1 Computed
-427 CheckPrime 0 Computed
-649 Factorial 0 Computed
694 Cube 334255384 Computed
704 NextPrime 709 Computed
396 Fibonacci 2602 Computed
-490 CheckPrime 0 Computed
253 Factorial 7105 Computed
856 Cube 627222016 Computed
178 NextPrime 179 Computed
723 Fibonacci 2828 Computed
159 CheckPrime 0 Computed
-996 Factorial 0 Computed
-402 Cube -64964808 Computed
467 NextPrime 479 Computed
726 Fibonacci 7088 Computed
-88 CheckPrime 0 Computed
724 Factorial 398 Computed
141 Cube 2803221 Computed
-677 NextPrime 2 Computed
765 Fibonacci 2280 Computed
465 CheckPrime 0 Computed
504 Factorial 4936 Computed
-156 Cube -3796416 Computed
639 NextPrime 641 Computed
-258 Fibonacci -1 Computed
729 CheckPrime 0 Computed
-531 Factorial 0 Computed
-429 Cube -78953589 Computed
608 NextPrime 613 Computed
722 Fibonacci 9275 Computed
-986 CheckPrime 0 Computed
-855 Factorial 0 Computed
-552 Cube -168196608 Computed
-896 NextPrime 2 Computed
422 Fibonacci 8155 Computed
-619 CheckPrime 0 Computed
948 Factorial 8703 Computed
-965 Cube -898632125 Computed
435 NextPrime 439 Computed
153 Fibonacci 1824 Computed
-317 CheckPrime 0 Computed
473 Factorial 9118 Computed
-519 Cube -139798359 Computed
31 NextPrime 37 Computed
265 Fibonacci 4120 Computed
-380 CheckPrime 0 Computed
769 Factorial 1712 Computed
426 Cube 77308776 Computed
-210 NextPrime 2 Computed
-887 Fibonacci -1 Computed
-415 CheckPrime 0 Computed
595 Factorial 4712 Computed
207 Cube 8869743 Computed
-582 NextPrime 2 Computed
-427 Fibonacci -1 Computed
695 CheckPrime 0 Computed
-353 Factorial 0 Computed
803 Cube 517781627 Computed
107 NextPrime 109 Computed
745 Fibonacci 5640 Computed
-862 CheckPrime 0 Computed
41 Factorial 2209 Computed
-885 Cube -693154125 Computed
827 NextPrime 829 Computed
-908 Fibonacci -1 Computed
-561 CheckPrime 0 Computed
484 Factorial 3491 Computed
194 Cube 7301384 Computed
-220 NextPrime 2 Computed
660 Fibonacci 9055 Computed
-870 CheckPrime 0 Computed
929 Factorial 8193 Computed
-568 Cube -183250432 Computed
50 NextPrime 53 Computed
653 Fibonacci 4365 Computed
-763 CheckPrime 0 Computed
659 Factorial 6351 Computed
79 Cube 493039 Computed
264 NextPrime 269 Computed
765 Fibonacci 2280 Computed
-301 CheckPrime 0 Computed
-269 Factorial 0 Computed
-548 Cube -164566592 Computed
-416 NextPrime 2 Computed
-984 Fibonacci -1 Computed
121 CheckPrime 0 Computed
430 Factorial 2875 Computed
-854 Cube -622835864 Computed
-502 NextPrime 2 Computed
-607 Fibonacci -1 Computed
995 CheckPrime 0 Computed
817 Factorial 4692 Computed
808 Cube 527514112 Computed
-783 NextPrime 2 Computed
25 Fibonacci 5214 Computed
-255 CheckPrime 0 Computed
779 Factorial 9632 Computed
-576 Cube -191102976 Computed
-559 NextPrime 2 Computed
131 Fibonacci 711 Computed
-450 CheckPrime 0 Computed
361 Factorial 5539 Computed
-589 Cube -204336469 Computed
-930 NextPrime 2 Computed
433 Fibonacci 8901 Computed
-100 CheckPrime 0 Computed
-613 Factorial 0 Computed
-195 Cube -7414875 Computed
502 NextPrime 503 Computed
-792 Fibonacci -1 Computed
668 CheckPrime 0 Computed
-538 Factorial 0 Computed
-681 Cube -315821241 Computed
79 NextPrime 83 Computed
-336 Fibonacci -1 Computed
-348 CheckPrime 0 Computed
204 Factorial 9828 Computed
121 Cube 1771561 Computed
950 NextPrime 953 Computed
276 Fibonacci 6699 Computed
-306 CheckPrime 0 Computed
199 Factorial 7757 Computed
-499 Cube -124251499 Computed
880 NextPrime 881 Computed
923 Fibonacci 9660 Computed
383 CheckPrime 1 Computed
-949 Factorial 0 Computed
-866 Cube -649461896 Computed
129 NextPrime 131 Computed
-210 Fibonacci -1 Computed
814 CheckPrime 0 Computed
-542 Factorial 0 Computed
-892 Cube -709732288 Computed
53 NextPrime 59 Computed
830 Fibonacci 9320 Computed
928 CheckPrime 0 Computed
348 Factorial 4485 Computed
-138 Cube -2628072 Computed
-697 NextPrime 2 Computed
-530 Fibonacci -1 Computed
155 CheckPrime 0 Computed
-207 Factorial 0 Computed
638 Cube 259694072 Computed
711 NextPrime 719 Computed
-263 Fibonacci -1 Computed
-72 CheckPrime 0 Computed
-16 Factorial 0 Computed
607 Cube 223648543 Computed
726 NextPrime 727 Computed
587 Fibonacci 4755 Computed
-88 CheckPrime 0 Computed
106 Factorial 692 Computed
-544 Cube -160989184 Computed
-632 NextPrime 2 Computed
328 Fibonacci 2063 Computed
-546 CheckPrime 0 Computed
537 Factorial 9927 Computed
-920 Cube -778688000 Computed
-616 NextPrime 2 Computed
696 Fibonacci 242 Computed
487 CheckPrime 1 Computed
-953 Factorial 0 Computed
247 Cube 15069223 Computed
519 NextPrime 521 Computed
-884 Fibonacci -1 Computed
-320 CheckPrime 0 Computed
-625 Factorial 0 Computed
-722 Cube -376367048 Computed
912 NextPrime 919 Computed
886 Fibonacci 9236 Computed
-149 CheckPrime 0 Computed
232 Factorial 1946 Computed
-187 Cube -6539203 Computed
-952 NextPrime 2 Computed
771 Fibonacci 5459 Computed
261 CheckPrime 0 Computed
497 Factorial 6547 Computed
554 Cube 170031464 Computed
-634 NextPrime 2 Computed
-141 Fibonacci -1 Computed
789 CheckPrime 0 Computed
-267 Factorial 0 Computed
-361 Cube -47045881 Computed
-448 NextPrime 2 Computed
31 Fibonacci 9887 Computed
-616 CheckPrime 0 Computed
-678 Factorial 0 Computed
-54 Cube -157464 Computed
-94 NextPrime 2 Computed
-776 Fibonacci -1 Computed
-497 CheckPrime 0 Computed
484 Factorial 3491 Computed
282 Cube 22425768 Computed
-71 NextPrime 2 Computed
24 Fibonacci 6476 Computed
-554 CheckPrime 0 Computed
379 Factorial 2304 Computed
894 Cube 714516984 Computed
-319 NextPrime 2 Computed
613 Fibonacci 2905 Computed
740 CheckPrime 0 Computed
626 Factorial 5111 Computed
584 Cube 199176704 Computed
661 NextPrime 673 Computed
148 Fibonacci 4749 Computed
-536 CheckPrime 0 Computed
-44 Factorial 0 Computed
-44 Cube -85184 Computed
495 NextPrime 499 Computed
-199 Fibonacci -1 Computed
507 CheckPrime 0 Computed
-227 Factorial 0 Computed
-874 Cube -667627624 Computed
826 NextPrime 827 Computed
-808 Fibonacci -1 Computed
-700 CheckPrime 0 Computed
611 Factorial 6859 Computed
901 Cube 731432701 Computed
642 NextPrime 643 Computed
-187 Fibonacci -1 Computed
445 CheckPrime 0 Computed
-25 Factorial 0 Computed
-353 Cube -43986977 Computed
-277 NextPrime 2 Computed
96 Fibonacci 5290 Computed
428 CheckPrime 0 Computed
133 Factorial 8023 Computed
-70 Cube -343000 Computed
981 NextPrime 983 Computed
-115 Fibonacci -1 Computed
15 CheckPrime 0 Computed
372 Factorial 8265 Computed
240 Cube 13824000 Computed
-875 NextPrime 2 Computed
886 Fibonacci 9236 Computed
751 CheckPrime 1 Computed
-671 Factorial 0 Computed
-979 Cube -938313739 Computed
181 NextPrime 191 Computed
-858 Fibonacci -1 Computed
724 CheckPrime 0 Computed
650 Factorial 6647 Computed
-892 Cube -709732288 Computed
136 NextPrime 137 Computed
-430 Fibonacci -1 Computed
-463 CheckPrime 0 Computed
508 Factorial 7846 Computed
244 Cube 14526784 Computed
344 NextPrime 347 Computed
-112 Fibonacci -1 Computed
182 CheckPrime 0 Computed
400 Factorial 6170 Computed
511 Cube 133432831 Computed
640 NextPrime 641 Computed
586 Fibonacci 184 Computed
-248 CheckPrime 0 Computed
845 Factorial 2168 Computed
-726 Cube -382657176 Computed
945 NextPrime 947 Computed
-658 Fibonacci -1 Computed
739 CheckPrime 1 Computed
-989 Factorial 0 Computed
-633 Cube -253636137 Computed
-668 NextPrime 2 Computed
-235 Fibonacci -1 Computed
-623 CheckPrime 0 Computed
-858 Factorial 0 Computed
335 Cube 37595375 Computed
-948 NextPrime 2 Computed
105 Fibonacci 5165 Computed
157 CheckPrime 1 Computed
-861 Factorial 0 Computed
322 Cube 33386248 Computed
92 NextPrime 97 Computed
-261 Fibonacci -1 Computed
-666 CheckPrime 0 Computed
-337 Factorial 0 Computed
-348 Cube -42144192 Computed
495 NextPrime 499 Computed
-921 Fibonacci -1 Computed
32 CheckPrime 0 Computed
403 Factorial 7005 Computed
521 Cube 141420761 Computed
806 NextPrime 809 Computed
-81 Fibonacci -1 Computed
-126 CheckPrime 0 Computed
88 Factorial 6738 Computed
-928 Cube -799178752 Computed
-505 NextPrime 2 Computed
-824 Fibonacci -1 Computed
-779 CheckPrime 0 Computed
844 Factorial 1171 Computed
-24 Cube -13824 Computed
675 NextPrime 677 Computed
-929 Fibonacci -1 Computed
-780 CheckPrime 0 Computed
-63 Factorial 0 Computed
384 Cube 56623104 Computed
-178 NextPrime 2 Computed
-557 Fibonacci -1 Computed
603 CheckPrime 0 Computed
-666 Factorial 0 Computed
-640 Cube -262144000 Computed
-77 NextPrime 2 Computed
831 Fibonacci 7727 Computed
828 CheckPrime 0 Computed
-930 Factorial 0 Computed
420 Cube 74088000 Computed
619 NextPrime 631 Computed
-239 Fibonacci -1 Computed
-489 CheckPrime 0 Computed
-861 Factorial 0 Computed
-662 Cube -290117528 Computed
255 NextPrime 257 Computed
883 Fibonacci 1810 Computed
27 CheckPrime 0 Computed
-379 Factorial 0 Computed
-850 Cube -614125000 Computed
645 NextPrime 647 Computed
674 Fibonacci 1874 Computed
-604 CheckPrime 0 Computed
-368 Factorial 0 Computed
541 Cube 158340421 Computed
-668 NextPrime 2 Computed
145 Fibonacci 4719 Computed
-483 CheckPrime 0 Computed
687 Factorial 7799 Computed
-966 Cube -901428696 Computed
435 NextPrime 439 Computed
12 Fibonacci 144 Computed
197 CheckPrime 1 Computed
909 Factorial 1978 Computed
624 Cube 242970624 Computed
794 NextPrime 797 Computed
40 Fibonacci 1202 Computed
846 CheckPrime 0 Computed
-878 Factorial 0 Computed
403 Cube 65450827 Computed
38 NextPrime 41 Computed
-366 Fibonacci -1 Computed
-921 CheckPrime 0 Computed
-124 Factorial 0 Computed
-754 Cube -428661064 Computed
894 NextPrime 907 Computed
994 Fibonacci 5310 Computed
-107 CheckPrime 0 Computed
769 Factorial 1712 Computed
244 Cube 14526784 Computed
48 NextPrime 53 Computed
588 Fibonacci 4939 Computed
974 CheckPrime 0 Computed
439 Factorial 4409 Computed
611 Cube 228099131 Computed
249 NextPrime 251 Computed
314 Fibonacci 2313 Computed
-328 CheckPrime 0 Computed
-170 Factorial 0 Computed
-974 Cube -924010424 Computed
-919 NextPrime 2 Computed
-277 Fibonacci -1 Computed
-177 CheckPrime 0 Computed
-252 Factorial 0 Computed
993 Cube 979146657 Computed
72 NextPrime 73 Computed
803 Fibonacci 3253 Computed
-162 CheckPrime 0 Computed
