-741 Cube -406869021 Computed
-904 CheckPrime 0 Computed
-256 CheckPrime 0 Computed
59 CheckPrime 1 Computed
664 Cube 292754944 Computed
-117 CheckPrime 0 Computed
-396 CheckPrime 0 Computed
164 CheckPrime 0 Computed
867 Cube 651714363 Computed
-611 CheckPrime 0 Computed
-514 CheckPrime 0 Computed
-643 CheckPrime 0 Computed
-704 Cube -348913664 Computed
447 CheckPrime 0 Computed
719 CheckPrime 1 Computed
416 CheckPrime 0 Computed
619 Cube 237176659 Computed
235 CheckPrime 0 Computed
999 CheckPrime 0 Computed
10 CheckPrime 0 Computed
-805 Cube -521660125 Computed
597 CheckPrime 0 Computed
-173 CheckPrime 0 Computed
-642 CheckPrime 0 Computed
-183 Cube -6128487 Computed
-887 CheckPrime 0 Computed
-780 CheckPrime 0 Computed
420 CheckPrime 0 Computed
-299 Cube -26730899 Computed
234 CheckPrime 0 Computed
715 CheckPrime 0 Computed
-718 CheckPrime 0 Computed
697 Cube 338608873 Computed
-890 CheckPrime 0 Computed
924 CheckPrime 0 Computed
-599 CheckPrime 0 Computed
-55 Cube -166375 Computed
248 CheckPrime 0 Computed
923 CheckPrime 0 Computed
712 CheckPrime 0 Computed
-32 Cube -32768 Computed
352 CheckPrime 0 Computed
416 CheckPrime 0 Computed
-977 CheckPrime 0 Computed
-975 Cube -926859375 Computed
-625 CheckPrime 0 Computed
201 CheckPrime 0 Computed
741 CheckPrime 0 Computed
79 Cube 493039 Computed
-188 CheckPrime 0 Computed
523 CheckPrime 1 Computed
-816 CheckPrime 0 Computed
470 Cube 103823000 Computed
-873 CheckPrime 0 Computed
-735 CheckPrime 0 Computed
22 CheckPrime 0 Computed
996 Cube 988047936 Computed
699 CheckPrime 0 Computed
-601 CheckPrime 0 Computed
247 CheckPrime 0 Computed
