353 Cube 43986977 Computed
201 Cube 8120601 Computed
-116 Cube -1560896 Computed
983 Cube 949862087 Computed
-65 Cube -274625 Computed
-83 Cube -571787 Computed
264 Cube 18399744 Computed
572 Cube 187149248 Computed
627 Cube 246491883 Computed
688 Cube 325660672 Computed
-101 Cube -1030301 Computed
-77 Cube -456533 Computed
-492 Cube -119095488 Computed
-976 Cube -929714176 Computed
-784 Cube -481890304 Computed
-695 Cube -335702375 Computed
345 Cube 41063625 Computed
-387 Cube -57960603 Computed
-700 Cube -343000000 Computed
-797 Cube -506261573 Computed
463 Cube 99252847 Computed
-779 Cube -472729139 Computed
14 Cube 2744 Computed
-67 Cube -300763 Computed
648 Cube 272097792 Computed
-256 Cube -16777216 Computed
891 Cube 707347971 Computed
-388 Cube -58411072 Computed
207 Cube 8869743 Computed
-965 Cube -898632125 Computed
952 Cube 862801408 Computed
-841 Cube -594823321 Computed
820 NextPrime 821 Computed
207 NextPrime 211 Computed
689 NextPrime 691 Computed
419 NextPrime 421 Computed
-329 NextPrime 2 Computed
434 NextPrime 439 Computed
876 NextPrime 877 Computed
295 NextPrime 307 Computed
598 NextPrime 599 Computed
-428 NextPrime 2 Computed
256 NextPrime 257 Computed
-389 NextPrime 2 Computed
71 NextPrime 73 Computed
823 NextPrime 827 Computed
265 NextPrime 269 Computed
110 NextPrime 113 Computed
-438 NextPrime 2 Computed
597 NextPrime 599 Computed
227 NextPrime 229 Computed
-907 NextPrime 2 Computed
189 NextPrime 191 Computed
-39 NextPrime 2 Computed
341 NextPrime 347 Computed
415 NextPrime 419 Computed
181 NextPrime 191 Computed
-459 NextPrime 2 Computed
364 NextPrime 367 Computed
-16 NextPrime 2 Computed
788 NextPrime 797 Computed
-370 NextPrime 2 Computed
-987 NextPrime 2 Computed
825 NextPrime 827 Computed
151 NextPrime 157 Computed
121 NextPrime 127 Computed
-272 NextPrime 2 Computed
-793 NextPrime 2 Computed
884 NextPrime 887 Computed
554 NextPrime 557 Computed
694 NextPrime 701 Computed
230 NextPrime 233 Computed
-205 NextPrime 2 Computed
199 NextPrime 211 Computed
-374 NextPrime 2 Computed
-669 NextPrime 2 Computed
494 NextPrime 499 Computed
151 NextPrime 157 Computed
433 NextPrime 439 Computed
-11 NextPrime 2 Computed
41 NextPrime 43 Computed
609 NextPrime 613 Computed
-218 NextPrime 2 Computed
225 NextPrime 227 Computed
239 NextPrime 241 Computed
760 NextPrime 761 Computed
287 NextPrime 293 Computed
-336 NextPrime 2 Computed
204 NextPrime 211 Computed
918 NextPrime 919 Computed
169 NextPrime 173 Computed
807 NextPrime 809 Computed
-875 NextPrime 2 Computed
-66 NextPrime 2 Computed
-874 NextPrime 2 Computed
-780 NextPrime 2 Computed
758 NextPrime 761 Computed
378 NextPrime 379 Computed
728 NextPrime 733 Computed
-764 NextPrime 2 Computed
889 NextPrime 907 Computed
894 NextPrime 907 Computed
-967 NextPrime 2 Computed
-112 NextPrime 2 Computed
69 NextPrime 71 Computed
753 NextPrime 757 Computed
137 NextPrime 139 Computed
-357 NextPrime 2 Computed
239 NextPrime 241 Computed
535 NextPrime 541 Computed
-82 NextPrime 2 Computed
-172 NextPrime 2 Computed
958 NextPrime 967 Computed
-281 NextPrime 2 Computed
161 NextPrime 163 Computed
-850 NextPrime 2 Computed
765 NextPrime 769 Computed
817 NextPrime 821 Computed
-85 NextPrime 2 Computed
-244 NextPrime 2 Computed
596 NextPrime 599 Computed
-952 NextPrime 2 Computed
345 NextPrime 347 Computed
-791 NextPrime 2 Computed
927 NextPrime 929 Computed
-858 NextPrime 2 Computed
-451 NextPrime 2 Computed
-112 NextPrime 2 Computed
-298 NextPrime 2 Computed
16 NextPrime 17 Computed
-278 NextPrime 2 Computed
330 NextPrime 331 Computed
981 NextPrime 983 Computed
554 NextPrime 557 Computed
245 NextPrime 251 Computed
756 NextPrime 757 Computed
-780 NextPrime 2 Computed
40 NextPrime 41 Computed
-329 NextPrime 2 Computed
-143 NextPrime 2 Computed
909 NextPrime 911 Computed
-642 NextPrime 2 Computed
35 NextPrime 37 Computed
342 NextPrime 347 Computed
-467 NextPrime 2 Computed
-256 NextPrime 2 Computed
130 NextPrime 131 Computed
501 NextPrime 503 Computed
-97 NextPrime 2 Computed
-394 NextPrime 2 Computed
562 NextPrime 563 Computed
515 NextPrime 521 Computed
985 NextPrime 991 Computed
305 NextPrime 307 Computed
277 NextPrime 281 Computed
-665 NextPrime 2 Computed
208 NextPrime 211 Computed
-720 NextPrime 2 Computed
367 NextPrime 373 Computed
406 NextPrime 409 Computed
462 Square 213444 Computed
-770 Square 592900 Computed
-2 Square 4 Computed
156 Square 24336 Computed
960 Square 921600 Computed
71 Square 5041 Computed
-8 Square 64 Computed
-930 Square 864900 Computed
59 Square 3481 Computed
769 Square 591361 Computed
937 Square 877969 Computed
62 Square 3844 Computed
-876 Square 767376 Computed
202 Square 40804 Computed
-705 Square 497025 Computed
-130 Square 16900 Computed
-96 Square 9216 Computed
579 Square 335241 Computed
-689 Square 474721 Computed
-930 Square 864900 Computed
529 Square 279841 Computed
367 Square 134689 Computed
-249 Square 62001 Computed
-222 Square 49284 Computed
605 Square 366025 Computed
641 Square 410881 Computed
824 Square 678976 Computed
-151 Square 22801 Computed
-788 Square 620944 Computed
-706 Square 498436 Computed
112 Square 12544 Computed
898 CheckPrime 0 Computed
640 CheckPrime 0 Computed
928 CheckPrime 0 Computed
-191 CheckPrime 0 Computed
473 CheckPrime 0 Computed
298 CheckPrime 0 Computed
-753 CheckPrime 0 Computed
-270 CheckPrime 0 Computed
534 CheckPrime 0 Computed
805 CheckPrime 0 Computed
315 CheckPrime 0 Computed
-103 CheckPrime 0 Computed
-753 CheckPrime 0 Computed
-353 CheckPrime 0 Computed
-337 CheckPrime 0 Computed
-739 CheckPrime 0 Computed
-806 CheckPrime 0 Computed
-399 CheckPrime 0 Computed
-430 CheckPrime 0 Computed
940 CheckPrime 0 Computed
-10 CheckPrime 0 Computed
861 CheckPrime 0 Computed
303 CheckPrime 0 Computed
392 CheckPrime 0 Computed
650 CheckPrime 0 Computed
-530 CheckPrime 0 Computed
-299 CheckPrime 0 Computed
-931 CheckPrime 0 Computed
122 CheckPrime 0 Computed
60 CheckPrime 0 Computed
-266 CheckPrime 0 Computed
959 CheckPrime 0 Computed
854 CheckPrime 0 Computed
988 CheckPrime 0 Computed
-917 CheckPrime 0 Computed
-938 CheckPrime 0 Computed
-112 CheckPrime 0 Computed
909 CheckPrime 0 Computed
649 CheckPrime 0 Computed
-480 CheckPrime 0 Computed
949 CheckPrime 0 Computed
-402 CheckPrime 0 Computed
645 CheckPrime 0 Computed
-864 CheckPrime 0 Computed
442 CheckPrime 0 Computed
-567 CheckPrime 0 Computed
49 CheckPrime 0 Computed
612 CheckPrime 0 Computed
184 CheckPrime 0 Computed
-648 CheckPrime 0 Computed
-620 CheckPrime 0 Computed
236 CheckPrime 0 Computed
939 CheckPrime 0 Computed
-121 CheckPrime 0 Computed
-734 CheckPrime 0 Computed
638 CheckPrime 0 Computed
534 CheckPrime 0 Computed
110 CheckPrime 0 Computed
-349 CheckPrime 0 Computed
657 CheckPrime 0 Computed
218 CheckPrime 0 Computed
-947 CheckPrime 0 Computed
-699 CheckPrime 0 Computed
26 CheckPrime 0 Computed
