-485 Sqrt 22 Computed
939 Sqrt 30 Computed
354 Sqrt 18 Computed
535 Square 286225 Computed
-442 Square 195364 Computed
-182 Square 33124 Computed
542 Square 293764 Computed
-130 Square 16900 Computed
-621 Square 385641 Computed
-758 Square 574564 Computed
319 Square 101761 Computed
-878 Square 770884 Computed
743 Square 552049 Computed
648 Square 419904 Computed
830 Square 688900 Computed
-747 Square 558009 Computed
553 Square 305809 Computed
104 Square 10816 Computed
414 Square 171396 Computed
-347 Square 120409 Computed
-280 Square 78400 Computed
867 Square 751689 Computed
-825 Square 680625 Computed
201 Square 40401 Computed
-228 Square 51984 Computed
-21 Square 441 Computed
-513 Square 263169 Computed
-554 Square 306916 Computed
-161 Square 25921 Computed
687 Square 471969 Computed
840 Square 705600 Computed
-195 Square 38025 Computed
-194 Square 37636 Computed
-604 Square 364816 Computed
-143 Square 20449 Computed
-254 Square 64516 Computed
539 Square 290521 Computed
-676 Square 456976 Computed
193 Square 37249 Computed
813 Square 660969 Computed
-765 Square 585225 Computed
-483 Square 233289 Computed
7 Square 49 Computed
412 Square 169744 Computed
-383 Square 146689 Computed
514 Square 264196 Computed
513 Square 263169 Computed
423 Square 178929 Computed
272 Square 73984 Computed
610 Square 372100 Computed
-28 Square 784 Computed
48 Square 2304 Computed
-105 Square 11025 Computed
-860 Square 739600 Computed
-649 Square 421201 Computed
-428 Square 183184 Computed
-505 Square 255025 Computed
-102 Square 10404 Computed
-400 Square 160000 Computed
-607 Square 368449 Computed
952 Square 906304 Computed
318 Square 101124 Computed
-764 Square 583696 Computed
12 Square 144 Computed
-579 Square 335241 Computed
236 Square 55696 Computed
706 Square 498436 Computed
-722 Square 521284 Computed
954 Square 910116 Computed
-615 Square 378225 Computed
782 Square 611524 Computed
-917 Square 840889 Computed
-224 Square 50176 Computed
-980 Square 960400 Computed
-25 Square 625 Computed
-601 Square 361201 Computed
37 Square 1369 Computed
339 Square 114921 Computed
-847 Square 717409 Computed
534 Square 285156 Computed
836 Square 698896 Computed
443 Square 196249 Computed
937 Square 877969 Computed
101 Square 10201 Computed
-891 Square 793881 Computed
415 Square 172225 Computed
-569 Square 323761 Computed
-823 Square 677329 Computed
331 Square 109561 Computed
-304 Square 92416 Computed
826 Square 682276 Computed
385 Square 148225 Computed
-996 Square 992016 Computed
706 Square 498436 Computed
304 Square 92416 Computed
776 Square 602176 Computed
470 Square 220900 Computed
662 Square 438244 Computed
-820 Square 672400 Computed
-336 Square 112896 Computed
