721 Cube 374805361 Computed
529 Cube 148035889 Computed
879 Cube 679151439 Computed
216 Cube 10077696 Computed
-36 Cube -46656 Computed
-274 Cube -20570824 Computed
365 Cube 48627125 Computed
885 Cube 693154125 Computed
993 Cube 979146657 Computed
-50 Cube -125000 Computed
-614 Cube -231475544 Computed
49 Cube 117649 Computed
-985 Cube -955671625 Computed
-930 Cube -804357000 Computed
250 Cube 15625000 Computed
-870 Cube -658503000 Computed
569 Cube 184220009 Computed
-139 Cube -2685619 Computed
-583 Cube -198155287 Computed
-608 Cube -224755712 Computed
259 Cube 17373979 Computed
172 Cube 5088448 Computed
508 Cube 131096512 Computed
87 Cube 658503 Computed
581 Cube 196122941 Computed
270 Cube 19683000 Computed
-527 Cube -146363183 Computed
202 Cube 8242408 Computed
124 Cube 1906624 Computed
-560 Cube -175616000 Computed
295 Cube 25672375 Computed
549 Cube 165469149 Computed
-710 Cube -357911000 Computed
-686 NextPrime 2 Computed
545 NextPrime 547 Computed
644 NextPrime 647 Computed
322 NextPrime 331 Computed
-74 NextPrime 2 Computed
14 NextPrime 17 Computed
-973 NextPrime 2 Computed
-446 NextPrime 2 Computed
190 NextPrime 191 Computed
47 NextPrime 53 Computed
455 NextPrime 457 Computed
-598 NextPrime 2 Computed
26 NextPrime 29 Computed
462 NextPrime 463 Computed
165 NextPrime 167 Computed
-5 NextPrime 2 Computed
947 NextPrime 953 Computed
-907 NextPrime 2 Computed
221 NextPrime 223 Computed
-105 NextPrime 2 Computed
-907 NextPrime 2 Computed
351 NextPrime 353 Computed
945 NextPrime 947 Computed
143 NextPrime 149 Computed
-116 NextPrime 2 Computed
-506 NextPrime 2 Computed
-681 NextPrime 2 Computed
-515 NextPrime 2 Computed
-294 NextPrime 2 Computed
-34 NextPrime 2 Computed
-846 NextPrime 2 Computed
-893 NextPrime 2 Computed
103 NextPrime 107 Computed
-256 CheckPrime 0 Computed
337 CheckPrime 1 Computed
-937 CheckPrime 0 Computed
-646 CheckPrime 0 Computed
-28 CheckPrime 0 Computed
-440 CheckPrime 0 Computed
-911 CheckPrime 0 Computed
-147 CheckPrime 0 Computed
583 CheckPrime 0 Computed
634 CheckPrime 0 Computed
-414 CheckPrime 0 Computed
-672 CheckPrime 0 Computed
-684 CheckPrime 0 Computed
-987 CheckPrime 0 Computed
417 CheckPrime 0 Computed
-700 CheckPrime 0 Computed
-239 CheckPrime 0 Computed
587 CheckPrime 1 Computed
568 CheckPrime 0 Computed
970 CheckPrime 0 Computed
-554 CheckPrime 0 Computed
235 CheckPrime 0 Computed
-231 CheckPrime 0 Computed
134 CheckPrime 0 Computed
868 CheckPrime 0 Computed
620 CheckPrime 0 Computed
-464 CheckPrime 0 Computed
967 CheckPrime 1 Computed
-220 CheckPrime 0 Computed
-415 CheckPrime 0 Computed
-888 CheckPrime 0 Computed
-977 CheckPrime 0 Computed
690 CheckPrime 0 Computed
306 CheckPrime 0 Computed
