2 Factorial 2 Computed
2 Factorial 2 FromCache
2 Factorial 2 FromCache
2 Factorial 2 FromCache
3 Factorial 6 Computed
4 Factorial 24 Computed
5 Factorial 120 Computed
4 Factorial 24 Computed
3 Factorial 6 Computed
2 Factorial 2 FromCache
