-905 Factorial 0 Computed
-526 Cube -145531576 Computed
-11 Sqrt 3 Computed
572 NextPrime 577 Computed
910 Square 828100 Computed
343 Fibonacci 1486 Computed
-642 CheckPrime 0 Computed
496 Factorial 2983 Computed
-145 Cube -3048625 Computed
-94 Sqrt 9 Computed
-826 NextPrime 2 Computed
-280 Square 78400 Computed
-565 Fibonacci -1 Computed
-841 CheckPrime 0 Computed
-449 Factorial 0 Computed
-983 Cube -949862087 Computed
143 Sqrt 11 Computed
-564 NextPrime 2 Computed
-685 Square 469225 Computed
-148 Fibonacci -1 Computed
748 CheckPrime 0 Computed
-255 Factorial 0 Computed
-514 Cube -135796744 Computed
70 Sqrt 8 Computed
613 NextPrime 617 Computed
-568 Square 322624 Computed
-370 Fibonacci -1 Computed
-804 CheckPrime 0 Computed
-340 Factorial 0 Computed
978 Cube 935441352 Computed
-397 Sqrt 19 Computed
-486 NextPrime 2 Computed
-170 Square 28900 Computed
-280 Fibonacci -1 Computed
171 CheckPrime 0 Computed
-35 Factorial 0 Computed
-491 Cube -118370771 Computed
238 Sqrt 15 Computed
-71 NextPrime 2 Computed
-733 Square 537289 Computed
237 Fibonacci 623 Computed
104 CheckPrime 0 Computed
945 Factorial 7944 Computed
113 Cube 1442897 Computed
479 Sqrt 21 Computed
602 NextPrime 607 Computed
501 Square 251001 Computed
934 Fibonacci 4221 Computed
-672 CheckPrime 0 Computed
801 Factorial 716 Computed
267 Cube 19034163 Computed
-113 Sqrt 10 Computed
916 NextPrime 919 Computed
333 Square 110889 Computed
-102 Fibonacci -1 Computed
826 CheckPrime 0 Computed
-707 Factorial 0 Computed
269 Cube 19465109 Computed
714 Sqrt 26 Computed
-279 NextPrime 2 Computed
149 Square 22201 Computed
-151 Fibonacci -1 Computed
-839 CheckPrime 0 Computed
394 Factorial 4146 Computed
-231 Cube -12326391 Computed
402 Sqrt 20 Computed
-22 NextPrime 2 Computed
-860 Square 739600 Computed
-336 Fibonacci -1 Computed
782 CheckPrime 0 Computed
-930 Factorial 0 Computed
-689 Cube -327082769 Computed
-995 Sqrt 31 Computed
314 NextPrime 317 Computed
184 Square 33856 Computed
-274 Fibonacci -1 Computed
-898 CheckPrime 0 Computed
251 Factorial 9453 Computed
365 Cube 48627125 Computed
610 Sqrt 24 Computed
249 NextPrime 251 Computed
605 Square 366025 Computed
498 Fibonacci 8364 Computed
-321 CheckPrime 0 Computed
970 Factorial 5474 Computed
-156 Cube -3796416 Computed
803 Sqrt 28 Computed
-94 NextPrime 2 Computed
-125 Square 15625 Computed
-724 Fibonacci -1 Computed
561 CheckPrime 0 Computed
354 Factorial 4452 Computed
-298 Cube -26463592 Computed
-504 Sqrt 22 Computed
693 NextPrime 701 Computed
256 Square 65536 Computed
-259 Fibonacci -1 Computed
855 CheckPrime 0 Computed
-670 Factorial 0 Computed
613 Cube 230346397 Computed
232 Sqrt 15 Computed
-532 NextPrime 2 Computed
-313 Square 97969 Computed
-347 Fibonacci -1 Computed
884 CheckPrime 0 Computed
-138 Factorial 0 Computed
-205 Cube -8615125 Computed
65 Sqrt 8 Computed
109 NextPrime 113 Computed
806 Square 649636 Computed
673 Fibonacci 8647 Computed
-960 CheckPrime 0 Computed
981 Factorial 9923 Computed
-336 Cube -37933056 Computed
703 Sqrt 26 Computed
594 NextPrime 599 Computed
117 Square 13689 Computed
-23 Fibonacci -1 Computed
-574 CheckPrime 0 Computed
435 Factorial 2858 Computed
75 Cube 421875 Computed
831 Sqrt 28 Computed
81 NextPrime 83 Computed
580 Square 336400 Computed
145 Fibonacci 4719 Computed
-297 CheckPrime 0 Computed
79 Factorial 5789 Computed
-257 Cube -16974593 Computed
108 Sqrt 10 Computed
-880 NextPrime 2 Computed
941 Square 885481 Computed
208 Fibonacci 4532 Computed
-582 CheckPrime 0 Computed
56 Factorial 6614 Computed
-531 Cube -149721291 Computed
-852 Sqrt 29 Computed
-823 NextPrime 2 Computed
-969 Square 938961 Computed
-775 Fibonacci -1 Computed
-512 CheckPrime 0 Computed
-925 Factorial 0 Computed
68 Cube 314432 Computed
367 Sqrt 19 Computed
-926 NextPrime 2 Computed
176 Square 30976 Computed
-779 Fibonacci -1 Computed
-971 CheckPrime 0 Computed
801 Factorial 716 Computed
-659 Cube -286191179 Computed
-197 Sqrt 14 Computed
217 NextPrime 223 Computed
760 Square 577600 Computed
439 Fibonacci 4917 Computed
-289 CheckPrime 0 Computed
936 Factorial 9569 Computed
522 Cube 142236648 Computed
-664 Sqrt 25 Computed
270 NextPrime 271 Computed
-20 Square 400 Computed
558 Fibonacci 1724 Computed
-16 CheckPrime 0 Computed
-242 Factorial 0 Computed
873 Cube 665338617 Computed
242 Sqrt 15 Computed
-820 NextPrime 2 Computed
-643 Square 413449 Computed
347 Fibonacci 1939 Computed
201 CheckPrime 0 Computed
437 Factorial 4683 Computed
-717 Cube -368601813 Computed
639 Sqrt 25 Computed
408 NextPrime 409 Computed
-723 Square 522729 Computed
-53 Fibonacci -1 Computed
-647 CheckPrime 0 Computed
545 Factorial 6851 Computed
-210 Cube -9261000 Computed
388 Sqrt 19 Computed
-105 NextPrime 2 Computed
-570 Square 324900 Computed
-229 Fibonacci -1 Computed
-34 CheckPrime 0 Computed
805 Factorial 4534 Computed
673 Cube 304821217 Computed
-478 Sqrt 21 Computed
-827 NextPrime 2 Computed
530 Square 280900 Computed
-748 Fibonacci -1 Computed
169 CheckPrime 0 Computed
-815 Factorial 0 Computed
-319 Cube -32461759 Computed
-448 Sqrt 21 Computed
-223 NextPrime 2 Computed
-20 Square 400 Computed
261 Fibonacci 7282 Computed
-949 CheckPrime 0 Computed
166 Factorial 623 Computed
-418 Cube -73034632 Computed
-926 Sqrt 30 Computed
946 NextPrime 947 Computed
-527 Square 277729 Computed
-485 Fibonacci -1 Computed
751 CheckPrime 1 Computed
839 Factorial 6787 Computed
-54 Cube -157464 Computed
-686 Sqrt 26 Computed
-274 NextPrime 2 Computed
-486 Square 236196 Computed
-214 Fibonacci -1 Computed
-902 CheckPrime 0 Computed
180 Factorial 9742 Computed
817 Cube 545338513 Computed
-450 Sqrt 21 Computed
-835 NextPrime 2 Computed
314 Square 98596 Computed
790 Fibonacci 224 Computed
84 CheckPrime 0 Computed
735 Factorial 2348 Computed
-615 Cube -232608375 Computed
-211 Sqrt 14 Computed
953 NextPrime 967 Computed
-679 Square 461041 Computed
-273 Fibonacci -1 Computed
-956 CheckPrime 0 Computed
356 Factorial 6992 Computed
-582 Cube -197137368 Computed
864 Sqrt 29 Computed
-661 NextPrime 2 Computed
679 Square 461041 Computed
863 Fibonacci 9424 Computed
230 CheckPrime 0 Computed
82 Factorial 839 Computed
596 Cube 211708736 Computed
708 Sqrt 26 Computed
318 NextPrime 331 Computed
34 Square 1156 Computed
843 Fibonacci 976 Computed
181 CheckPrime 1 Computed
578 Factorial 906 Computed
494 Cube 120553784 Computed
-98 Sqrt 9 Computed
-548 NextPrime 2 Computed
-355 Square 126025 Computed
-18 Fibonacci -1 Computed
192 CheckPrime 0 Computed
931 Factorial 155 Computed
-475 Cube -107171875 Computed
118 Sqrt 10 Computed
203 NextPrime 211 Computed
-430 Square 184900 Computed
887 Fibonacci 4786 Computed
711 CheckPrime 0 Computed
363 Factorial 8348 Computed
-492 Cube -119095488 Computed
-242 Sqrt 15 Computed
686 NextPrime 691 Computed
-860 Square 739600 Computed
708 Fibonacci 4014 Computed
-402 CheckPrime 0 Computed
-934 Factorial 0 Computed
-993 Cube -979146657 Computed
-454 Sqrt 21 Computed
0 NextPrime 2 Computed
132 Square 17424 Computed
567 Fibonacci 6331 Computed
-807 CheckPrime 0 Computed
239 Factorial 6775 Computed
499 Cube 124251499 Computed
-311 Sqrt 17 Computed
209 NextPrime 211 Computed
767 Square 588289 Computed
375 Fibonacci 6784 Computed
-126 CheckPrime 0 Computed
-111 Factorial 0 Computed
-425 Cube -76765625 Computed
-137 Sqrt 11 Computed
-290 NextPrime 2 Computed
-576 Square 331776 Computed
-676 Fibonacci -1 Computed
859 CheckPrime 1 Computed
-680 Factorial 0 Computed
497 Cube 122763473 Computed
477 Sqrt 21 Computed
-80 NextPrime 2 Computed
996 Square 992016 Computed
-325 Fibonacci -1 Computed
-139 CheckPrime 0 Computed
943 Factorial 5045 Computed
-245 Cube -14706125 Computed
-433 Sqrt 20 Computed
960 NextPrime 967 Computed
-48 Square 2304 Computed
-507 Fibonacci -1 Computed
-21 CheckPrime 0 Computed
41 Factorial 2209 Computed
-612 Cube -229220928 Computed
-729 Sqrt 27 Computed
-705 NextPrime 2 Computed
201 Square 40401 Computed
-821 Fibonacci -1 Computed
7 CheckPrime 1 Computed
906 Factorial 1905 Computed
-977 Cube -932574833 Computed
-645 Sqrt 25 Computed
145 NextPrime 149 Computed
-949 Square 900601 Computed
-913 Fibonacci -1 Computed
-869 CheckPrime 0 Computed
-795 Factorial 0 Computed
-352 Cube -43614208 Computed
662 Sqrt 25 Computed
605 NextPrime 607 Computed
-419 Square 175561 Computed
-372 Fibonacci -1 Computed
10 CheckPrime 0 Computed
228 Factorial 6392 Computed
21 Cube 9261 Computed
823 Sqrt 28 Computed
-658 NextPrime 2 Computed
383 Square 146689 Computed
-467 Fibonacci -1 Computed
466 CheckPrime 0 Computed
-572 Factorial 0 Computed
527 Cube 146363183 Computed
-314 Sqrt 17 Computed
752 NextPrime 757 Computed
-460 Square 211600 Computed
357 Fibonacci 3667 Computed
-870 CheckPrime 0 Computed
138 Factorial 1096 Computed
161 Cube 4173281 Computed
-403 Sqrt 20 Computed
27 NextPrime 29 Computed
-24 Square 576 Computed
257 Fibonacci 6962 Computed
-125 CheckPrime 0 Computed
-694 Factorial 0 Computed
661 Cube 288804781 Computed
851 Sqrt 29 Computed
801 NextPrime 809 Computed
-172 Square 29584 Computed
822 Fibonacci 5018 Computed
-489 CheckPrime 0 Computed
531 Factorial 5978 Computed
794 Cube 500566184 Computed
-735 Sqrt 27 Computed
-394 NextPrime 2 Computed
512 Square 262144 Computed
360 Fibonacci 2590 Computed
718 CheckPrime 0 Computed
-304 Factorial 0 Computed
60 Cube 216000 Computed
-519 Sqrt 22 Computed
-805 NextPrime 2 Computed
-365 Square 133225 Computed
-751 Fibonacci -1 Computed
34 CheckPrime 0 Computed
-602 Factorial 0 Computed
99 Cube 970299 Computed
-238 Sqrt 15 Computed
795 NextPrime 797 Computed
603 Square 363609 Computed
-891 Fibonacci -1 Computed
571 CheckPrime 1 Computed
-414 Factorial 0 Computed
521 Cube 141420761 Computed
499 Sqrt 22 Computed
-507 NextPrime 2 Computed
-536 Square 287296 Computed
-716 Fibonacci -1 Computed
522 CheckPrime 0 Computed
-834 Factorial 0 Computed
-155 Cube -3723875 Computed
966 Sqrt 31 Computed
34 NextPrime 37 Computed
937 Square 877969 Computed
357 Fibonacci 3667 Computed
474 CheckPrime 0 Computed
-450 Factorial 0 Computed
-648 Cube -272097792 Computed
-471 Sqrt 21 Computed
-912 NextPrime 2 Computed
855 Square 731025 Computed
170 Fibonacci 1398 Computed
781 CheckPrime 0 Computed
297 Factorial 3285 Computed
-755 Cube -430368875 Computed
2 Sqrt 1 Computed
-173 NextPrime 2 Computed
752 Square 565504 Computed
828 Fibonacci 940 Computed
-810 CheckPrime 0 Computed
-900 Factorial 0 Computed
851 Cube 616295051 Computed
-307 Sqrt 17 Computed
842 NextPrime 853 Computed
-494 Square 244036 Computed
-652 Fibonacci -1 Computed
-399 CheckPrime 0 Computed
560 Factorial 4553 Computed
451 Cube 91733851 Computed
71 Sqrt 8 Computed
546 NextPrime 547 Computed
483 Square 233289 Computed
147 Fibonacci 4734 Computed
-706 CheckPrime 0 Computed
988 Factorial 6481 Computed
525 Cube 144703125 Computed
450 Sqrt 21 Computed
-99 NextPrime 2 Computed
-76 Square 5776 Computed
568 Fibonacci 1199 Computed
-298 CheckPrime 0 Computed
-127 Factorial 0 Computed
-589 Cube -204336469 Computed
-195 Sqrt 13 Computed
988 NextPrime 991 Computed
-26 Square 676 Computed
70 Fibonacci 2940 Computed
-480 CheckPrime 0 Computed
509 Factorial 4414 Computed
275 Cube 20796875 Computed
-765 Sqrt 27 Computed
804 NextPrime 809 Computed
-903 Square 815409 Computed
-86 Fibonacci -1 Computed
-475 CheckPrime 0 Computed
-742 Factorial 0 Computed
405 Cube 66430125 Computed
-641 Sqrt 25 Computed
-666 NextPrime 2 Computed
-302 Square 91204 Computed
314 Fibonacci 2313 Computed
288 CheckPrime 0 Computed
-116 Factorial 0 Computed
-648 Cube -272097792 Computed
-551 Sqrt 23 Computed
-332 NextPrime 2 Computed
190 Square 36100 Computed
800 Fibonacci 7447 Computed
-942 CheckPrime 0 Computed
-66 Factorial 0 Computed
843 Cube 599077107 Computed
551 Sqrt 23 Computed
385 NextPrime 389 Computed
96 Square 9216 Computed
131 Fibonacci 711 Computed
-579 CheckPrime 0 Computed
187 Factorial 3479 Computed
639 Cube 260917119 Computed
-677 Sqrt 26 Computed
603 NextPrime 607 Computed
-772 Square 595984 Computed
-937 Fibonacci -1 Computed
-867 CheckPrime 0 Computed
-209 Factorial 0 Computed
-527 Cube -146363183 Computed
345 Sqrt 18 Computed
452 NextPrime 457 Computed
-747 Square 558009 Computed
911 Fibonacci 6013 Computed
645 CheckPrime 0 Computed
726 Factorial 4435 Computed
-967 Cube -904231063 Computed
-876 Sqrt 29 Computed
56 NextPrime 59 Computed
-115 Square 13225 Computed
-824 Fibonacci -1 Computed
-632 CheckPrime 0 Computed
504 Factorial 4936 Computed
-805 Cube -521660125 Computed
-660 Sqrt 25 Computed
-20 NextPrime 2 Computed
-321 Square 103041 Computed
707 Fibonacci 540 Computed
-181 CheckPrime 0 Computed
-647 Factorial 0 Computed
645 Cube 268336125 Computed
582 Sqrt 24 Computed
282 NextPrime 283 Computed
-627 Square 393129 Computed
-425 Fibonacci -1 Computed
13 CheckPrime 1 Computed
101 Factorial 343 Computed
440 Cube 85184000 Computed
668 Sqrt 25 Computed
-704 NextPrime 2 Computed
-22 Square 484 Computed
-889 Fibonacci -1 Computed
-142 CheckPrime 0 Computed
-977 Factorial 0 Computed
-938 Cube -825293672 Computed
836 Sqrt 28 Computed
175 NextPrime 179 Computed
-973 Square 946729 Computed
-215 Fibonacci -1 Computed
995 CheckPrime 0 Computed
-844 Factorial 0 Computed
547 Cube 163667323 Computed
703 Sqrt 26 Computed
-188 NextPrime 2 Computed
902 Square 813604 Computed
-613 Fibonacci -1 Computed
-798 CheckPrime 0 Computed
-124 Factorial 0 Computed
-395 Cube -61629875 Computed
355 Sqrt 18 Computed
226 NextPrime 227 Computed
-831 Square 690561 Computed
-118 Fibonacci -1 Computed
-766 CheckPrime 0 Computed
665 Factorial 8542 Computed
53 Cube 148877 Computed
-791 Sqrt 28 Computed
-648 NextPrime 2 Computed
303 Square 91809 Computed
-725 Fibonacci -1 Computed
356 CheckPrime 0 Computed
-866 Factorial 0 Computed
574 Cube 189119224 Computed
435 Sqrt 20 Computed
-493 NextPrime 2 Computed
-625 Square 390625 Computed
-809 Fibonacci -1 Computed
679 CheckPrime 0 Computed
-544 Factorial 0 Computed
-835 Cube -582182875 Computed
158 Sqrt 12 Computed
-633 NextPrime 2 Computed
-510 Square 260100 Computed
-852 Fibonacci -1 Computed
71 CheckPrime 1 Computed
358 Factorial 8833 Computed
247 Cube 15069223 Computed
173 Sqrt 13 Computed
-146 NextPrime 2 Computed
320 Square 102400 Computed
-758 Fibonacci -1 Computed
992 CheckPrime 0 Computed
444 Factorial 2892 Computed
-473 Cube -105823817 Computed
234 Sqrt 15 Computed
540 NextPrime 541 Computed
555 Square 308025 Computed
735 Fibonacci 9897 Computed
877 CheckPrime 1 Computed
175 Factorial 814 Computed
-708 Cube -354894912 Computed
739 Sqrt 27 Computed
684 NextPrime 691 Computed
-403 Square 162409 Computed
-340 Fibonacci -1 Computed
218 CheckPrime 0 Computed
-784 Factorial 0 Computed
661 Cube 288804781 Computed
425 Sqrt 20 Computed
-320 NextPrime 2 Computed
835 Square 697225 Computed
-114 Fibonacci -1 Computed
-690 CheckPrime 0 Computed
957 Factorial 7244 Computed
-117 Cube -1601613 Computed
250 Sqrt 15 Computed
-169 NextPrime 2 Computed
989 Square 978121 Computed
381 Fibonacci 2942 Computed
-904 CheckPrime 0 Computed
-924 Factorial 0 Computed
476 Cube 107850176 Computed
147 Sqrt 12 Computed
-546 NextPrime 2 Computed
299 Square 89401 Computed
213 Fibonacci 1456 Computed
-593 CheckPrime 0 Computed
-546 Factorial 0 Computed
342 Cube 40001688 Computed
905 Sqrt 30 Computed
633 NextPrime 641 Computed
-716 Square 512656 Computed
-537 Fibonacci -1 Computed
-56 CheckPrime 0 Computed
-400 Factorial 0 Computed
252 Cube 16003008 Computed
599 Sqrt 24 Computed
939 NextPrime 941 Computed
-462 Square 213444 Computed
321 Fibonacci 7901 Computed
-216 CheckPrime 0 Computed
908 Factorial 1604 Computed
149 Cube 3307949 Computed
-753 Sqrt 27 Computed
-473 NextPrime 2 Computed
953 Square 908209 Computed
-348 Fibonacci -1 Computed
-505 CheckPrime 0 Computed
-210 Factorial 0 Computed
-427 Cube -77854483 Computed
449 Sqrt 21 Computed
-663 NextPrime 2 Computed
709 Square 502681 Computed
-749 Fibonacci -1 Computed
-796 CheckPrime 0 Computed
341 Factorial 7090 Computed
20 Cube 8000 Computed
-662 Sqrt 25 Computed
-797 NextPrime 2 Computed
809 Square 654481 Computed
-955 Fibonacci -1 Computed
-960 CheckPrime 0 Computed
-145 Factorial 0 Computed
175 Cube 5359375 Computed
837 Sqrt 28 Computed
-827 NextPrime 2 Computed
-583 Square 339889 Computed
-570 Fibonacci -1 Computed
-833 CheckPrime 0 Computed
-137 Factorial 0 Computed
-826 Cube -563559976 Computed
-110 Sqrt 10 Computed
174 NextPrime 179 Computed
-714 Square 509796 Computed
830 Fibonacci 9320 Computed
546 CheckPrime 0 Computed
532 Factorial 8882 Computed
387 Cube 57960603 Computed
808 Sqrt 28 Computed
347 NextPrime 349 Computed
67 Square 4489 Computed
445 Fibonacci 9794 Computed
-681 CheckPrime 0 Computed
-508 Factorial 0 Computed
-605 Cube -221445125 Computed
-400 Sqrt 20 Computed
463 NextPrime 467 Computed
-255 Square 65025 Computed
-331 Fibonacci -1 Computed
217 CheckPrime 0 Computed
-930 Factorial 0 Computed
-634 Cube -254840104 Computed
363 Sqrt 19 Computed
919 NextPrime 929 Computed
-470 Square 220900 Computed
837 Fibonacci 5470 Computed
89 CheckPrime 1 Computed
-253 Factorial 0 Computed
-536 Cube -153990656 Computed
961 Sqrt 31 Computed
796 NextPrime 797 Computed
949 Square 900601 Computed
527 Fibonacci 7515 Computed
5 CheckPrime 1 Computed
321 Factorial 2722 Computed
762 Cube 442450728 Computed
-718 Sqrt 26 Computed
-177 NextPrime 2 Computed
650 Square 422500 Computed
800 Fibonacci 7447 Computed
570 CheckPrime 0 Computed
705 Factorial 5748 Computed
688 Cube 325660672 Computed
660 Sqrt 25 Computed
-968 NextPrime 2 Computed
151 Square 22801 Computed
-498 Fibonacci -1 Computed
-161 CheckPrime 0 Computed
-458 Factorial 0 Computed
-170 Cube -4913000 Computed
559 Sqrt 23 Computed
-910 NextPrime 2 Computed
-523 Square 273529 Computed
58 Fibonacci 6183 Computed
357 CheckPrime 0 Computed
201 Factorial 5609 Computed
723 Cube 377933067 Computed
-549 Sqrt 23 Computed
-593 NextPrime 2 Computed
-478 Square 228484 Computed
-348 Fibonacci -1 Computed
662 CheckPrime 0 Computed
-631 Factorial 0 Computed
909 Cube 751089429 Computed
-821 Sqrt 28 Computed
-865 NextPrime 2 Computed
-618 Square 381924 Computed
-549 Fibonacci -1 Computed
275 CheckPrime 0 Computed
395 Factorial 2098 Computed
-319 Cube -32461759 Computed
-564 Sqrt 23 Computed
479 NextPrime 487 Computed
683 Square 466489 Computed
206 Fibonacci 1519 Computed
-899 CheckPrime 0 Computed
-248 Factorial 0 Computed
328 Cube 35287552 Computed
889 Sqrt 29 Computed
593 NextPrime 599 Computed
774 Square 599076 Computed
-366 Fibonacci -1 Computed
362 CheckPrime 0 Computed
-962 Factorial 0 Computed
368 Cube 49836032 Computed
857 Sqrt 29 Computed
78 NextPrime 79 Computed
349 Square 121801 Computed
613 Fibonacci 2905 Computed
310 CheckPrime 0 Computed
500 Factorial 5747 Computed
-761 Cube -440711081 Computed
-732 Sqrt 27 Computed
702 NextPrime 709 Computed
159 Square 25281 Computed
-716 Fibonacci -1 Computed
238 CheckPrime 0 Computed
-804 Factorial 0 Computed
763 Cube 444194947 Computed
-760 Sqrt 27 Computed
848 NextPrime 853 Computed
705 Square 497025 Computed
-944 Fibonacci -1 Computed
-421 CheckPrime 0 Computed
-125 Factorial 0 Computed
-457 Cube -95443993 Computed
969 Sqrt 31 Computed
-899 NextPrime 2 Computed
945 Square 893025 Computed
470 Fibonacci 3589 Computed
986 CheckPrime 0 Computed
-567 Factorial 0 Computed
-3 Cube -27 Computed
-821 Sqrt 28 Computed
495 NextPrime 499 Computed
-130 Square 16900 Computed
56 Fibonacci 3493 Computed
-480 CheckPrime 0 Computed
502 Factorial 5077 Computed
-577 Cube -192100033 Computed
839 Sqrt 28 Computed
592 NextPrime 593 Computed
-339 Square 114921 Computed
1 Fibonacci 1 Computed
-376 CheckPrime 0 Computed
-246 Factorial 0 Computed
662 Cube 290117528 Computed
776 Sqrt 27 Computed
283 NextPrime 293 Computed
30 Square 900 Computed
109 Fibonacci 2130 Computed
542 CheckPrime 0 Computed
185 Factorial 4494 Computed
717 Cube 368601813 Computed
-589 Sqrt 24 Computed
575 NextPrime 577 Computed
-850 Square 722500 Computed
281 Fibonacci 3479 Computed
690 CheckPrime 0 Computed
439 Factorial 4409 Computed
10 Cube 1000 Computed
-934 Sqrt 30 Computed
-195 NextPrime 2 Computed
12 Square 144 Computed
958 Fibonacci 5879 Computed
-490 CheckPrime 0 Computed
-445 Factorial 0 Computed
54 Cube 157464 Computed
437 Sqrt 20 Computed
-875 NextPrime 2 Computed
133 Square 17689 Computed
-752 Fibonacci -1 Computed
-138 CheckPrime 0 Computed
-153 Factorial 0 Computed
-635 Cube -256047875 Computed
596 Sqrt 24 Computed
35 NextPrime 37 Computed
338 Square 114244 Computed
538 Fibonacci 3395 Computed
238 CheckPrime 0 Computed
778 Factorial 3533 Computed
767 Cube 451217663 Computed
-590 Sqrt 24 Computed
-330 NextPrime 2 Computed
502 Square 252004 Computed
-308 Fibonacci -1 Computed
-79 CheckPrime 0 Computed
-768 Factorial 0 Computed
994 Cube 982107784 Computed
207 Sqrt 14 Computed
-128 NextPrime 2 Computed
334 Square 111556 Computed
215 Fibonacci 4692 Computed
263 CheckPrime 1 Computed
-619 Factorial 0 Computed
-37 Cube -50653 Computed
-172 Sqrt 13 Computed
551 NextPrime 557 Computed
867 Square 751689 Computed
-877 Fibonacci -1 Computed
-781 CheckPrime 0 Computed
-686 Factorial 0 Computed
435 Cube 82312875 Computed
-894 Sqrt 29 Computed
7 NextPrime 11 Computed
383 Square 146689 Computed
939 Fibonacci 7237 Computed
-440 CheckPrime 0 Computed
388 Factorial 6935 Computed
654 Cube 279726264 Computed
-429 Sqrt 20 Computed
-724 NextPrime 2 Computed
200 Square 40000 Computed
-634 Fibonacci -1 Computed
642 CheckPrime 0 Computed
201 Factorial 5609 Computed
792 Cube 496793088 Computed
0 Sqrt 0 Computed
714 NextPrime 719 Computed
-164 Square 26896 Computed
-482 Fibonacci -1 Computed
-603 CheckPrime 0 Computed
294 Factorial 6622 Computed
-579 Cube -194104539 Computed
-715 Sqrt 26 Computed
778 NextPrime 787 Computed
966 Square 933156 Computed
482 Fibonacci 1182 Computed
960 CheckPrime 0 Computed
33 Factorial 3757 Computed
-122 Cube -1815848 Computed
199 Sqrt 14 Computed
-785 NextPrime 2 Computed
-374 Square 139876 Computed
40 Fibonacci 1202 Computed
256 CheckPrime 0 Computed
-583 Factorial 0 Computed
-529 Cube -148035889 Computed
-751 Sqrt 27 Computed
-437 NextPrime 2 Computed
909 Square 826281 Computed
478 Fibonacci 1286 Computed
587 CheckPrime 1 Computed
-412 Factorial 0 Computed
230 Cube 12167000 Computed
-808 Sqrt 28 Computed
926 NextPrime 929 Computed
818 Square 669124 Computed
924 Fibonacci 6516 Computed
-334 CheckPrime 0 Computed
-521 Factorial 0 Computed
-716 Cube -367061696 Computed
-135 Sqrt 11 Computed
258 NextPrime 263 Computed
-373 Square 139129 Computed
933 Fibonacci 8656 Computed
-765 CheckPrime 0 Computed
455 Factorial 8485 Computed
-238 Cube -13481272 Computed
-559 Sqrt 23 Computed
114 NextPrime 127 Computed
-852 Square 725904 Computed
-895 Fibonacci -1 Computed
-859 CheckPrime 0 Computed
198 Factorial 5251 Computed
437 Cube 83453453 Computed
-153 Sqrt 12 Computed
376 NextPrime 379 Computed
58 Square 3364 Computed
566 Fibonacci 4841 Computed
-698 CheckPrime 0 Computed
-907 Factorial 0 Computed
-487 Cube -115501303 Computed
204 Sqrt 14 Computed
-924 NextPrime 2 Computed
424 Square 179776 Computed
-748 Fibonacci -1 Computed
509 CheckPrime 1 Computed
18 Factorial 6853 Computed
-10 Cube -1000 Computed
-733 Sqrt 27 Computed
-435 NextPrime 2 Computed
-958 Square 917764 Computed
-892 Fibonacci -1 Computed
-488 CheckPrime 0 Computed
-272 Factorial 0 Computed
-751 Cube -423564751 Computed
904 Sqrt 30 Computed
963 NextPrime 967 Computed
-117 Square 13689 Computed
-456 Fibonacci -1 Computed
-154 CheckPrime 0 Computed
451 Factorial 3523 Computed
844 Cube 601211584 Computed
510 Sqrt 22 Computed
865 NextPrime 877 Computed
337 Square 113569 Computed
-252 Fibonacci -1 Computed
-268 CheckPrime 0 Computed
438 Factorial 6689 Computed
-333 Cube -36926037 Computed
-589 Sqrt 24 Computed
555 NextPrime 557 Computed
395 Square 156025 Computed
133 Fibonacci 337 Computed
-416 CheckPrime 0 Computed
-65 Factorial 0 Computed
986 Cube 958585256 Computed
121 Sqrt 11 Computed
-316 NextPrime 2 Computed
-201 Square 40401 Computed
-70 Fibonacci -1 Computed
-216 CheckPrime 0 Computed
-583 Factorial 0 Computed
-896 Cube -719323136 Computed
-952 Sqrt 30 Computed
-869 NextPrime 2 Computed
54 Square 2916 Computed
18 Fibonacci 2584 Computed
980 CheckPrime 0 Computed
35 Factorial 2926 Computed
198 Cube 7762392 Computed
810 Sqrt 28 Computed
-949 NextPrime 2 Computed
825 Square 680625 Computed
-732 Fibonacci -1 Computed
840 CheckPrime 0 Computed
110 Factorial 6181 Computed
-293 Cube -25153757 Computed
-2 Sqrt 1 Computed
-195 NextPrime 2 Computed
341 Square 116281 Computed
481 Fibonacci 7008 Computed
187 CheckPrime 0 Computed
731 Factorial 4268 Computed
701 Cube 344472101 Computed
-963 Sqrt 31 Computed
743 NextPrime 751 Computed
-567 Square 321489 Computed
-7 Fibonacci -1 Computed
828 CheckPrime 0 Computed
-641 Factorial 0 Computed
-965 Cube -898632125 Computed
905 Sqrt 30 Computed
536 NextPrime 541 Computed
-481 Square 231361 Computed
328 Fibonacci 2063 Computed
-379 CheckPrime 0 Computed
850 Factorial 5588 Computed
364 Cube 48228544 Computed
605 Sqrt 24 Computed
-67 NextPrime 2 Computed
243 Square 59049 Computed
211 Fibonacci 9649 Computed
-312 CheckPrime 0 Computed
-203 Factorial 0 Computed
700 Cube 343000000 Computed
-216 Sqrt 14 Computed
182 NextPrime 191 Computed
-538 Square 289444 Computed
881 Fibonacci 9880 Computed
374 CheckPrime 0 Computed
162 Factorial 7450 Computed
-237 Cube -13312053 Computed
305 Sqrt 17 Computed
386 NextPrime 389 Computed
-929 Square 863041 Computed
819 Fibonacci 3841 Computed
-473 CheckPrime 0 Computed
-55 Factorial 0 Computed
352 Cube 43614208 Computed
-172 Sqrt 13 Computed
-97 NextPrime 2 Computed
11 Square 121 Computed
140 Fibonacci 2215 Computed
-350 CheckPrime 0 Computed
-506 Factorial 0 Computed
-519 Cube -139798359 Computed
-301 Sqrt 17 Computed
692 NextPrime 701 Computed
858 Square 736164 Computed
-895 Fibonacci -1 Computed
76 CheckPrime 0 Computed
556 Factorial 9145 Computed
-11 Cube -1331 Computed
-740 Sqrt 27 Computed
440 NextPrime 443 Computed
898 Square 806404 Computed
947 Fibonacci 7912 Computed
337 CheckPrime 1 Computed
-850 Factorial 0 Computed
306 Cube 28652616 Computed
121 Sqrt 11 Computed
384 NextPrime 389 Computed
-40 Square 1600 Computed
-747 Fibonacci -1 Computed
601 CheckPrime 1 Computed
506 Factorial 797 Computed
-40 Cube -64000 Computed
630 Sqrt 25 Computed
-779 NextPrime 2 Computed
117 Square 13689 Computed
150 Fibonacci 4259 Computed
544 CheckPrime 0 Computed
233 Factorial 4633 Computed
375 Cube 52734375 Computed
709 Sqrt 26 Computed
-153 NextPrime 2 Computed
360 Square 129600 Computed
-801 Fibonacci -1 Computed
-210 CheckPrime 0 Computed
846 Factorial 9069 Computed
-753 Cube -426957777 Computed
-204 Sqrt 14 Computed
173 NextPrime 179 Computed
466 Square 217156 Computed
41 Fibonacci 8395 Computed
-511 CheckPrime 0 Computed
-192 Factorial 0 Computed
-378 Cube -54010152 Computed
494 Sqrt 22 Computed
-824 NextPrime 2 Computed
419 Square 175561 Computed
79 Fibonacci 8017 Computed
-244 CheckPrime 0 Computed
-676 Factorial 0 Computed
-440 Cube -85184000 Computed
