-85 Factorial 0 Computed
187 Factorial 3479 Computed
-167 Factorial 0 Computed
233 Factorial 4633 Computed
3 Factorial 6 Computed
-976 Factorial 0 Computed
-564 Factorial 0 Computed
-566 Factorial 0 Computed
83 Factorial 9799 Computed
213 Sqrt 14 Computed
-829 Square 687241 Computed
245 Square 60025 Computed
-83 Square 6889 Computed
405 Fibonacci 4572 Computed
838 Fibonacci 4183 Computed
258 Fibonacci 7759 Computed
829 Fibonacci 8380 Computed
189 Fibonacci 9041 Computed
228 Fibonacci 9676 Computed
32 Fibonacci 4195 Computed
905 Fibonacci 4863 Computed
-303 Fibonacci -1 Computed
-542 Fibonacci -1 Computed
773 Fibonacci 332 Computed
546 Fibonacci 7857 Computed
839 Fibonacci 9653 Computed
-651 Fibonacci -1 Computed
-787 Fibonacci -1 Computed
-104 Fibonacci -1 Computed
807 Fibonacci 2396 Computed
521 Fibonacci 9600 Computed
-675 Fibonacci -1 Computed
712 Fibonacci 1744 Computed
72 Fibonacci 8693 Computed
-786 Fibonacci -1 Computed
690 Fibonacci 8552 Computed
968 Fibonacci 1144 Computed
-180 Fibonacci -1 Computed
-223 Fibonacci -1 Computed
-565 Fibonacci -1 Computed
398 Factorial 4556 Computed
-119 Factorial 0 Computed
853 Factorial 2076 Computed
-260 Factorial 0 Computed
311 Factorial 354 Computed
852 Factorial 9461 Computed
958 Factorial 8517 Computed
-110 Factorial 0 Computed
-982 Factorial 0 Computed
248 Sqrt 15 Computed
31 Square 961 Computed
421 Square 177241 Computed
883 Square 779689 Computed
-411 Fibonacci -1 Computed
-861 Fibonacci -1 Computed
196 Fibonacci 9368 Computed
777 Fibonacci 6225 Computed
877 Fibonacci 3799 Computed
-333 Fibonacci -1 Computed
-892 Fibonacci -1 Computed
-701 Fibonacci -1 Computed
-318 Fibonacci -1 Computed
-775 Fibonacci -1 Computed
535 Fibonacci 1082 Computed
837 Fibonacci 5470 Computed
507 Fibonacci 3615 Computed
-229 Fibonacci -1 Computed
-893 Fibonacci -1 Computed
665 Fibonacci 5319 Computed
281 Fibonacci 3479 Computed
-356 Fibonacci -1 Computed
-830 Fibonacci -1 Computed
-217 Fibonacci -1 Computed
102 Fibonacci 5633 Computed
-636 Fibonacci -1 Computed
-765 Fibonacci -1 Computed
-288 Fibonacci -1 Computed
692 Fibonacci 744 Computed
-6 Fibonacci -1 Computed
-551 Fibonacci -1 Computed
279 Factorial 7123 Computed
-128 Factorial 0 Computed
176 Factorial 3642 Computed
-533 Factorial 0 Computed
-456 Factorial 0 Computed
-530 Factorial 0 Computed
516 Factorial 5733 Computed
281 Factorial 4905 Computed
855 Factorial 6731 Computed
526 Sqrt 22 Computed
745 Square 555025 Computed
376 Square 141376 Computed
575 Square 330625 Computed
-555 Fibonacci -1 Computed
-717 Fibonacci -1 Computed
-667 Fibonacci -1 Computed
-29 Fibonacci -1 Computed
-973 Fibonacci -1 Computed
-65 Fibonacci -1 Computed
-813 Fibonacci -1 Computed
-412 Fibonacci -1 Computed
-342 Fibonacci -1 Computed
646 Fibonacci 2146 Computed
-319 Fibonacci -1 Computed
624 Fibonacci 8073 Computed
-110 Fibonacci -1 Computed
163 Fibonacci 5496 Computed
765 Fibonacci 2280 Computed
349 Fibonacci 1351 Computed
-52 Fibonacci -1 Computed
-790 Fibonacci -1 Computed
62 Fibonacci 9066 Computed
675 Fibonacci 548 Computed
-582 Fibonacci -1 Computed
63 Fibonacci 3076 Computed
98 Fibonacci 8921 Computed
-375 Fibonacci -1 Computed
427 Fibonacci 5706 Computed
-705 Fibonacci -1 Computed
-945 Fibonacci -1 Computed
955 Factorial 6428 Computed
-534 Factorial 0 Computed
900 Factorial 1656 Computed
-730 Factorial 0 Computed
9 Factorial 3852 Computed
-437 Factorial 0 Computed
-719 Factorial 0 Computed
-814 Factorial 0 Computed
490 Factorial 7668 Computed
567 Sqrt 23 Computed
637 Square 405769 Computed
435 Square 189225 Computed
656 Square 430336 Computed
554 Fibonacci 6856 Computed
178 Fibonacci 1597 Computed
452 Fibonacci 1756 Computed
-6 Fibonacci -1 Computed
962 Fibonacci 6720 Computed
749 Fibonacci 2217 Computed
-970 Fibonacci -1 Computed
-817 Fibonacci -1 Computed
-356 Fibonacci -1 Computed
-364 Fibonacci -1 Computed
-972 Fibonacci -1 Computed
500 Fibonacci 3011 Computed
-391 Fibonacci -1 Computed
-820 Fibonacci -1 Computed
957 Fibonacci 5739 Computed
-707 Fibonacci -1 Computed
-552 Fibonacci -1 Computed
726 Fibonacci 7088 Computed
501 Fibonacci 7631 Computed
-296 Fibonacci -1 Computed
-280 Fibonacci -1 Computed
-35 Fibonacci -1 Computed
-922 Fibonacci -1 Computed
987 Fibonacci 6056 Computed
960 Fibonacci 7524 Computed
80 Fibonacci 7482 Computed
-482 Fibonacci -1 Computed
230 Factorial 8079 Computed
-299 Factorial 0 Computed
14 Factorial 9810 Computed
-136 Factorial 0 Computed
-771 Factorial 0 Computed
-766 Factorial 0 Computed
509 Factorial 4414 Computed
-300 Factorial 0 Computed
-545 Factorial 0 Computed
213 Sqrt 14 Computed
677 Square 458329 Computed
-143 Square 20449 Computed
769 Square 591361 Computed
570 Fibonacci 8729 Computed
-361 Fibonacci -1 Computed
729 Fibonacci 1261 Computed
399 Fibonacci 830 Computed
-225 Fibonacci -1 Computed
451 Fibonacci 1834 Computed
-112 Fibonacci -1 Computed
309 Fibonacci 2734 Computed
764 Fibonacci 8197 Computed
146 Fibonacci 15 Computed
319 Fibonacci 8231 Computed
-827 Fibonacci -1 Computed
333 Fibonacci 8246 Computed
339 Fibonacci 8463 Computed
686 Fibonacci 6346 Computed
-808 Fibonacci -1 Computed
105 Fibonacci 5165 Computed
-275 Fibonacci -1 Computed
663 Fibonacci 8295 Computed
454 Fibonacci 5346 Computed
404 Fibonacci 5247 Computed
-642 Fibonacci -1 Computed
-921 Fibonacci -1 Computed
-777 Fibonacci -1 Computed
958 Fibonacci 5879 Computed
843 Fibonacci 976 Computed
-87 Fibonacci -1 Computed
-267 Factorial 0 Computed
497 Factorial 6547 Computed
181 Factorial 8054 Computed
-813 Factorial 0 Computed
862 Factorial 7898 Computed
-671 Factorial 0 Computed
-254 Factorial 0 Computed
957 Factorial 7244 Computed
-430 Factorial 0 Computed
-781 Sqrt 27 Computed
-975 Square 950625 Computed
928 Square 861184 Computed
91 Square 8281 Computed
48 Fibonacci 2434 Computed
-858 Fibonacci -1 Computed
-692 Fibonacci -1 Computed
781 Fibonacci 3351 Computed
-393 Fibonacci -1 Computed
349 Fibonacci 1351 Computed
-272 Fibonacci -1 Computed
-238 Fibonacci -1 Computed
-509 Fibonacci -1 Computed
85 Fibonacci 211 Computed
168 Fibonacci 5485 Computed
623 Fibonacci 1884 Computed
679 Fibonacci 8362 Computed
736 Fibonacci 5952 Computed
201 Fibonacci 2913 Computed
-318 Fibonacci -1 Computed
400 Fibonacci 2546 Computed
830 Fibonacci 9320 Computed
495 Fibonacci 4094 Computed
952 Fibonacci 3429 Computed
995 Fibonacci 1372 Computed
-288 Fibonacci -1 Computed
219 Fibonacci 3249 Computed
-562 Fibonacci -1 Computed
345 Fibonacci 4466 Computed
-923 Fibonacci -1 Computed
812 Fibonacci 1787 Computed
