10006 Factorial 0 Computed
10001 NextPrime 10007 Computed
10030 NextPrime 10037 Computed
10006 Fibonacci 5778 Computed
10012 Fibonacci 5991 Computed
10030 Fibonacci 6480 Computed
10015 Fibonacci 1578 Computed
10015 CheckPrime 0 Computed
10025 CheckPrime 0 Computed
10023 CheckPrime 0 Computed
10019 CheckPrime 0 Computed
10010 CheckPrime 0 Computed
10016 CheckPrime 0 Computed
10022 CheckPrime 0 Computed
10019 CheckPrime 0 FromCache
10011 CheckPrime 0 Computed
10003 CheckPrime 0 Computed
10024 CheckPrime 0 Computed
10030 CheckPrime 0 Computed
10014 CheckPrime 0 Computed
10013 CheckPrime 0 Computed
10020 CheckPrime 0 Computed
10027 CheckPrime 0 Computed
10022 CheckPrime 0 FromCache
10028 CheckPrime 0 Computed
10031 CheckPrime 0 Computed
10010 CheckPrime 0 FromCache
10014 CheckPrime 0 FromCache
10017 CheckPrime 0 Computed
10000 CheckPrime 0 Computed
10018 CheckPrime 0 Computed
10001 CheckPrime 0 Computed
10022 CheckPrime 0 FromCache
10021 CheckPrime 0 Computed
10008 CheckPrime 0 Computed
10025 CheckPrime 0 FromCache
10024 CheckPrime 0 FromCache
10011 CheckPrime 0 FromCache
10029 CheckPrime 0 Computed
10025 CheckPrime 0 FromCache
10000 CheckPrime 0 FromCache
10005 CheckPrime 0 Computed
10029 CheckPrime 0 FromCache
10002 CheckPrime 0 Computed
10027 CheckPrime 0 FromCache
10019 CheckPrime 0 FromCache
10005 CheckPrime 0 FromCache
10002 CheckPrime 0 FromCache
10028 CheckPrime 0 FromCache
10028 CheckPrime 0 FromCache
10028 CheckPrime 0 FromCache
10025 CheckPrime 0 FromCache
10001 CheckPrime 0 FromCache
10008 CheckPrime 0 FromCache
10022 CheckPrime 0 FromCache
10002 CheckPrime 0 FromCache
10014 CheckPrime 0 FromCache
10026 CheckPrime 0 Computed
10006 CheckPrime 0 Computed
10003 CheckPrime 0 FromCache
10007 CheckPrime 1 Computed
10030 CheckPrime 0 FromCache
10011 CheckPrime 0 FromCache
10027 CheckPrime 0 FromCache
10013 CheckPrime 0 FromCache
10011 CheckPrime 0 FromCache
10008 CheckPrime 0 FromCache
10012 CheckPrime 0 Computed
10002 CheckPrime 0 FromCache
10022 CheckPrime 0 FromCache
10011 CheckPrime 0 FromCache
10013 CheckPrime 0 FromCache
10031 CheckPrime 0 FromCache
10002 CheckPrime 0 FromCache
10001 CheckPrime 0 FromCache
10025 CheckPrime 0 FromCache
10010 CheckPrime 0 FromCache
10003 CheckPrime 0 FromCache
10003 CheckPrime 0 FromCache
10017 CheckPrime 0 FromCache
10025 CheckPrime 0 FromCache
10027 CheckPrime 0 FromCache
10007 CheckPrime 1 FromCache
10021 CheckPrime 0 FromCache
10028 CheckPrime 0 FromCache
10014 CheckPrime 0 FromCache
10027 CheckPrime 0 FromCache
10000 CheckPrime 0 FromCache
10020 CheckPrime 0 FromCache
10018 CheckPrime 0 FromCache
10006 CheckPrime 0 FromCache
10013 CheckPrime 0 FromCache
10008 CheckPrime 0 FromCache
10021 CheckPrime 0 FromCache
10016 CheckPrime 0 FromCache
10012 CheckPrime 0 FromCache
10027 CheckPrime 0 FromCache
10011 CheckPrime 0 FromCache
10011 CheckPrime 0 FromCache
10030 CheckPrime 0 FromCache
