-795 Factorial 0 Computed
-579 Factorial 0 Computed
-210 Factorial 0 Computed
-631 Factorial 0 Computed
-593 Factorial 0 Computed
255 Factorial 6711 Computed
-514 Factorial 0 Computed
888 Cube 700227072 Computed
856 Cube 627222016 Computed
456 Cube 94818816 Computed
202 Cube 8242408 Computed
-996 NextPrime 2 Computed
-738 NextPrime 2 Computed
931 NextPrime 937 Computed
237 NextPrime 239 Computed
-669 NextPrime 2 Computed
-547 NextPrime 2 Computed
346 Square 119716 Computed
-518 Square 268324 Computed
93 Square 8649 Computed
-186 CheckPrime 0 Computed
632 CheckPrime 0 Computed
608 CheckPrime 0 Computed
375 CheckPrime 0 Computed
-215 CheckPrime 0 Computed
-647 Factorial 0 Computed
597 Factorial 5168 Computed
51 Factorial 7857 Computed
634 Factorial 1237 Computed
770 Factorial 1804 Computed
795 Factorial 2550 Computed
-514 Factorial 0 Computed
-975 Cube -926859375 Computed
-330 Cube -35937000 Computed
-780 Cube -474552000 Computed
-620 Cube -238328000 Computed
-433 NextPrime 2 Computed
392 NextPrime 397 Computed
393 NextPrime 397 Computed
-647 NextPrime 2 Computed
-149 NextPrime 2 Computed
525 NextPrime 541 Computed
-23 Square 529 Computed
-535 Square 286225 Computed
481 Square 231361 Computed
-12 CheckPrime 0 Computed
272 CheckPrime 0 Computed
801 CheckPrime 0 Computed
448 CheckPrime 0 Computed
494 CheckPrime 0 Computed
-377 Factorial 0 Computed
928 Factorial 9488 Computed
-962 Factorial 0 Computed
122 Factorial 6085 Computed
110 Factorial 6181 Computed
-938 Factorial 0 Computed
-773 Factorial 0 Computed
893 Cube 712121957 Computed
-444 Cube -87528384 Computed
-826 Cube -563559976 Computed
-752 Cube -425259008 Computed
596 NextPrime 599 Computed
675 NextPrime 677 Computed
86 NextPrime 89 Computed
-57 NextPrime 2 Computed
-931 NextPrime 2 Computed
505 NextPrime 509 Computed
-146 Square 21316 Computed
-540 Square 291600 Computed
-932 Square 868624 Computed
-97 CheckPrime 0 Computed
-919 CheckPrime 0 Computed
595 CheckPrime 0 Computed
430 CheckPrime 0 Computed
205 CheckPrime 0 Computed
465 Factorial 9487 Computed
758 Factorial 2167 Computed
-185 Factorial 0 Computed
-206 Factorial 0 Computed
-638 Factorial 0 Computed
277 Factorial 1644 Computed
-273 Factorial 0 Computed
-800 Cube -512000000 Computed
-689 Cube -327082769 Computed
647 Cube 270840023 Computed
930 Cube 804357000 Computed
-551 NextPrime 2 Computed
928 NextPrime 929 Computed
189 NextPrime 191 Computed
-3 NextPrime 2 Computed
216 NextPrime 223 Computed
524 NextPrime 541 Computed
-523 Square 273529 Computed
-51 Square 2601 Computed
-597 Square 356409 Computed
-483 CheckPrime 0 Computed
264 CheckPrime 0 Computed
-969 CheckPrime 0 Computed
428 CheckPrime 0 Computed
-857 CheckPrime 0 Computed
946 Factorial 5355 Computed
-440 Factorial 0 Computed
-191 Factorial 0 Computed
-487 Factorial 0 Computed
-335 Factorial 0 Computed
-528 Factorial 0 Computed
-260 Factorial 0 Computed
556 Cube 171879616 Computed
-826 Cube -563559976 Computed
-872 Cube -663054848 Computed
448 Cube 89915392 Computed
-232 NextPrime 2 Computed
569 NextPrime 571 Computed
-408 NextPrime 2 Computed
-427 NextPrime 2 Computed
385 NextPrime 389 Computed
756 NextPrime 757 Computed
-254 Square 64516 Computed
-424 Square 179776 Computed
960 Square 921600 Computed
-846 CheckPrime 0 Computed
-531 CheckPrime 0 Computed
774 CheckPrime 0 Computed
662 CheckPrime 0 Computed
-314 CheckPrime 0 Computed
-635 Factorial 0 Computed
198 Factorial 5251 Computed
19 Factorial 558 Computed
821 Factorial 2207 Computed
316 Factorial 9277 Computed
555 Factorial 429 Computed
-376 Factorial 0 Computed
-805 Cube -521660125 Computed
-469 Cube -103161709 Computed
-313 Cube -30664297 Computed
-297 Cube -26198073 Computed
-804 NextPrime 2 Computed
277 NextPrime 281 Computed
-189 NextPrime 2 Computed
547 NextPrime 557 Computed
-660 NextPrime 2 Computed
-874 NextPrime 2 Computed
-30 Square 900 Computed
-786 Square 617796 Computed
-561 Square 314721 Computed
276 CheckPrime 0 Computed
78 CheckPrime 0 Computed
-970 CheckPrime 0 Computed
-25 CheckPrime 0 Computed
-761 CheckPrime 0 Computed
-577 Factorial 0 Computed
964 Factorial 9754 Computed
539 Factorial 4702 Computed
-983 Factorial 0 Computed
-820 Factorial 0 Computed
-62 Factorial 0 Computed
-384 Factorial 0 Computed
377 Cube 53582633 Computed
971 Cube 915498611 Computed
844 Cube 601211584 Computed
809 Cube 529475129 Computed
540 NextPrime 541 Computed
442 NextPrime 443 Computed
-591 NextPrime 2 Computed
-970 NextPrime 2 Computed
-748 NextPrime 2 Computed
417 NextPrime 419 Computed
-586 Square 343396 Computed
554 Square 306916 Computed
168 Square 28224 Computed
371 CheckPrime 0 Computed
-935 CheckPrime 0 Computed
143 CheckPrime 0 Computed
787 CheckPrime 1 Computed
112 CheckPrime 0 Computed
369 Factorial 4450 Computed
304 Factorial 6842 Computed
681 Factorial 9735 Computed
821 Factorial 2207 Computed
-38 Factorial 0 Computed
-210 Factorial 0 Computed
24 Factorial 3019 Computed
729 Cube 387420489 Computed
947 Cube 849278123 Computed
989 Cube 967361669 Computed
473 Cube 105823817 Computed
789 NextPrime 797 Computed
-337 NextPrime 2 Computed
266 NextPrime 269 Computed
-979 NextPrime 2 Computed
-408 NextPrime 2 Computed
-654 NextPrime 2 Computed
-465 Square 216225 Computed
819 Square 670761 Computed
185 Square 34225 Computed
7 CheckPrime 1 Computed
393 CheckPrime 0 Computed
-249 CheckPrime 0 Computed
500 CheckPrime 0 Computed
-47 CheckPrime 0 Computed
-535 Factorial 0 Computed
-57 Factorial 0 Computed
252 Factorial 8582 Computed
743 Factorial 9537 Computed
-342 Factorial 0 Computed
394 Factorial 4146 Computed
613 Factorial 1436 Computed
-293 Cube -25153757 Computed
943 Cube 838561807 Computed
-312 Cube -30371328 Computed
2 Cube 8 Computed
-882 NextPrime 2 Computed
858 NextPrime 859 Computed
845 NextPrime 853 Computed
-548 NextPrime 2 Computed
-322 NextPrime 2 Computed
-843 NextPrime 2 Computed
-328 Square 107584 Computed
645 Square 416025 Computed
-331 Square 109561 Computed
673 CheckPrime 1 Computed
327 CheckPrime 0 Computed
-367 CheckPrime 0 Computed
417 CheckPrime 0 Computed
140 CheckPrime 0 Computed
368 Factorial 7931 Computed
407 Factorial 9650 Computed
-572 Factorial 0 Computed
-463 Factorial 0 Computed
848 Factorial 8687 Computed
-480 Factorial 0 Computed
-270 Factorial 0 Computed
-786 Cube -485587656 Computed
-352 Cube -43614208 Computed
-265 Cube -18609625 Computed
-305 Cube -28372625 Computed
-614 NextPrime 2 Computed
-828 NextPrime 2 Computed
-383 NextPrime 2 Computed
-572 NextPrime 2 Computed
-597 NextPrime 2 Computed
916 NextPrime 919 Computed
-163 Square 26569 Computed
-825 Square 680625 Computed
-696 Square 484416 Computed
99 CheckPrime 0 Computed
655 CheckPrime 0 Computed
-26 CheckPrime 0 Computed
-178 CheckPrime 0 Computed
-538 CheckPrime 0 Computed
-630 Factorial 0 Computed
856 Factorial 7315 Computed
879 Factorial 4649 Computed
305 Factorial 2453 Computed
-960 Factorial 0 Computed
-883 Factorial 0 Computed
21 Factorial 4981 Computed
201 Cube 8120601 Computed
-833 Cube -578009537 Computed
946 Cube 846590536 Computed
302 Cube 27543608 Computed
828 NextPrime 829 Computed
334 NextPrime 337 Computed
-377 NextPrime 2 Computed
-809 NextPrime 2 Computed
331 NextPrime 337 Computed
-262 NextPrime 2 Computed
97 Square 9409 Computed
-178 Square 31684 Computed
-181 Square 32761 Computed
783 CheckPrime 0 Computed
-508 CheckPrime 0 Computed
-190 CheckPrime 0 Computed
465 CheckPrime 0 Computed
595 CheckPrime 0 Computed
228 Factorial 6392 Computed
565 Factorial 2811 Computed
-310 Factorial 0 Computed
-754 Factorial 0 Computed
-48 Factorial 0 Computed
-840 Factorial 0 Computed
-703 Factorial 0 Computed
96 Cube 884736 Computed
-941 Cube -833237621 Computed
-459 Cube -96702579 Computed
586 Cube 201230056 Computed
-965 NextPrime 2 Computed
441 NextPrime 443 Computed
291 NextPrime 293 Computed
203 NextPrime 211 Computed
565 NextPrime 569 Computed
-111 NextPrime 2 Computed
270 Square 72900 Computed
-835 Square 697225 Computed
-387 Square 149769 Computed
335 CheckPrime 0 Computed
-915 CheckPrime 0 Computed
16 CheckPrime 0 Computed
-823 CheckPrime 0 Computed
901 CheckPrime 0 Computed
186 Factorial 8125 Computed
-392 Factorial 0 Computed
137 Factorial 6223 Computed
963 Factorial 5038 Computed
-941 Factorial 0 Computed
616 Factorial 1795 Computed
-405 Factorial 0 Computed
651 Cube 275894451 Computed
-819 Cube -549353259 Computed
-59 Cube -205379 Computed
-827 Cube -565609283 Computed
599 NextPrime 601 Computed
503 NextPrime 509 Computed
457 NextPrime 461 Computed
721 NextPrime 727 Computed
-695 NextPrime 2 Computed
783 NextPrime 787 Computed
-982 Square 964324 Computed
15 Square 225 Computed
896 Square 802816 Computed
385 CheckPrime 0 Computed
836 CheckPrime 0 Computed
-323 CheckPrime 0 Computed
-647 CheckPrime 0 Computed
-953 CheckPrime 0 Computed
213 Factorial 1889 Computed
2 Factorial 2 Computed
-118 Factorial 0 Computed
156 Factorial 841 Computed
-544 Factorial 0 Computed
-599 Factorial 0 Computed
250 Factorial 9216 Computed
910 Cube 753571000 Computed
326 Cube 34645976 Computed
879 Cube 679151439 Computed
-47 Cube -103823 Computed
235 NextPrime 239 Computed
907 NextPrime 911 Computed
-946 NextPrime 2 Computed
-19 NextPrime 2 Computed
-882 NextPrime 2 Computed
-355 NextPrime 2 Computed
744 Square 553536 Computed
-883 Square 779689 Computed
-809 Square 654481 Computed
-458 CheckPrime 0 Computed
178 CheckPrime 0 Computed
463 CheckPrime 1 Computed
-467 CheckPrime 0 Computed
79 CheckPrime 1 Computed
280 Factorial 9813 Computed
876 Factorial 2120 Computed
546 Factorial 771 Computed
-84 Factorial 0 Computed
-430 Factorial 0 Computed
211 Factorial 1067 Computed
-956 Factorial 0 Computed
453 Cube 92959677 Computed
654 Cube 279726264 Computed
674 Cube 306182024 Computed
-848 Cube -609800192 Computed
627 NextPrime 631 Computed
34 NextPrime 37 Computed
732 NextPrime 733 Computed
-742 NextPrime 2 Computed
639 NextPrime 641 Computed
-618 NextPrime 2 Computed
427 Square 182329 Computed
-89 Square 7921 Computed
-215 Square 46225 Computed
-739 CheckPrime 0 Computed
858 CheckPrime 0 Computed
87 CheckPrime 0 Computed
790 CheckPrime 0 Computed
-146 CheckPrime 0 Computed
547 Factorial 2871 Computed
527 Factorial 3311 Computed
705 Factorial 5748 Computed
-227 Factorial 0 Computed
734 Factorial 261 Computed
889 Factorial 3163 Computed
-98 Factorial 0 Computed
67 Cube 300763 Computed
618 Cube 236029032 Computed
-717 Cube -368601813 Computed
635 Cube 256047875 Computed
-399 NextPrime 2 Computed
474 NextPrime 479 Computed
251 NextPrime 257 Computed
291 NextPrime 293 Computed
923 NextPrime 929 Computed
636 NextPrime 641 Computed
73 Square 5329 Computed
567 Square 321489 Computed
-413 Square 170569 Computed
222 CheckPrime 0 Computed
216 CheckPrime 0 Computed
632 CheckPrime 0 Computed
161 CheckPrime 0 Computed
208 CheckPrime 0 Computed
-687 Factorial 0 Computed
-881 Factorial 0 Computed
498 Factorial 9208 Computed
170 Factorial 7759 Computed
-673 Factorial 0 Computed
914 Factorial 3268 Computed
-260 Factorial 0 Computed
-280 Cube -21952000 Computed
-393 Cube -60698457 Computed
-272 Cube -20123648 Computed
984 Cube 952763904 Computed
295 NextPrime 307 Computed
-386 NextPrime 2 Computed
58 NextPrime 59 Computed
478 NextPrime 479 Computed
42 NextPrime 43 Computed
-423 NextPrime 2 Computed
411 Square 168921 Computed
317 Square 100489 Computed
-28 Square 784 Computed
-150 CheckPrime 0 Computed
-910 CheckPrime 0 Computed
-926 CheckPrime 0 Computed
-392 CheckPrime 0 Computed
-713 CheckPrime 0 Computed
-872 Factorial 0 Computed
-2 Factorial 0 Computed
711 Factorial 6571 Computed
-587 Factorial 0 Computed
-921 Factorial 0 Computed
-441 Factorial 0 Computed
361 Factorial 5539 Computed
-796 Cube -504358336 Computed
272 Cube 20123648 Computed
-410 Cube -68921000 Computed
519 Cube 139798359 Computed
116 NextPrime 127 Computed
-198 NextPrime 2 Computed
624 NextPrime 631 Computed
942 NextPrime 947 Computed
976 NextPrime 977 Computed
140 NextPrime 149 Computed
-850 Square 722500 Computed
477 Square 227529 Computed
-992 Square 984064 Computed
-74 CheckPrime 0 Computed
-731 CheckPrime 0 Computed
-671 CheckPrime 0 Computed
-523 CheckPrime 0 Computed
621 CheckPrime 0 Computed
835 Factorial 8542 Computed
-314 Factorial 0 Computed
961 Factorial 5143 Computed
827 Factorial 8656 Computed
-487 Factorial 0 Computed
-50 Factorial 0 Computed
863 Factorial 4415 Computed
-807 Cube -525557943 Computed
-924 Cube -788889024 Computed
692 Cube 331373888 Computed
-515 Cube -136590875 Computed
-296 NextPrime 2 Computed
606 NextPrime 607 Computed
236 NextPrime 239 Computed
312 NextPrime 313 Computed
-606 NextPrime 2 Computed
250 NextPrime 251 Computed
-908 Square 824464 Computed
-117 Square 13689 Computed
862 Square 743044 Computed
-645 CheckPrime 0 Computed
588 CheckPrime 0 Computed
727 CheckPrime 1 Computed
377 CheckPrime 0 Computed
-208 CheckPrime 0 Computed
145 Factorial 4700 Computed
656 Factorial 2532 Computed
-257 Factorial 0 Computed
199 Factorial 7757 Computed
-290 Factorial 0 Computed
985 Factorial 3403 Computed
246 Factorial 4864 Computed
595 Cube 210644875 Computed
356 Cube 45118016 Computed
722 Cube 376367048 Computed
-562 Cube -177504328 Computed
-375 NextPrime 2 Computed
68 NextPrime 71 Computed
-970 NextPrime 2 Computed
548 NextPrime 557 Computed
33 NextPrime 37 Computed
548 NextPrime 557 Computed
320 Square 102400 Computed
269 Square 72361 Computed
-267 Square 71289 Computed
-530 CheckPrime 0 Computed
-940 CheckPrime 0 Computed
-629 CheckPrime 0 Computed
971 CheckPrime 1 Computed
135 CheckPrime 0 Computed
-861 Factorial 0 Computed
192 Factorial 6012 Computed
-931 Factorial 0 Computed
-210 Factorial 0 Computed
143 Factorial 2226 Computed
566 Factorial 5319 Computed
117 Factorial 6701 Computed
-297 Cube -26198073 Computed
602 Cube 218167208 Computed
-149 Cube -3307949 Computed
986 Cube 958585256 Computed
-11 NextPrime 2 Computed
-409 NextPrime 2 Computed
870 NextPrime 877 Computed
270 NextPrime 271 Computed
771 NextPrime 773 Computed
-549 NextPrime 2 Computed
-552 Square 304704 Computed
-277 Square 76729 Computed
991 Square 982081 Computed
-986 CheckPrime 0 Computed
-244 CheckPrime 0 Computed
-701 CheckPrime 0 Computed
-135 CheckPrime 0 Computed
-195 CheckPrime 0 Computed
-593 Factorial 0 Computed
-745 Factorial 0 Computed
728 Factorial 5080 Computed
958 Factorial 8517 Computed
70 Factorial 9205 Computed
541 Factorial 1152 Computed
520 Factorial 5770 Computed
514 Cube 135796744 Computed
-79 Cube -493039 Computed
13 Cube 2197 Computed
380 Cube 54872000 Computed
-728 NextPrime 2 Computed
921 NextPrime 929 Computed
-548 NextPrime 2 Computed
-402 NextPrime 2 Computed
-361 NextPrime 2 Computed
-212 NextPrime 2 Computed
124 Square 15376 Computed
-510 Square 260100 Computed
570 Square 324900 Computed
519 CheckPrime 0 Computed
-66 CheckPrime 0 Computed
758 CheckPrime 0 Computed
328 CheckPrime 0 Computed
-917 CheckPrime 0 Computed
-881 Factorial 0 Computed
715 Factorial 4289 Computed
-590 Factorial 0 Computed
-100 Factorial 0 Computed
956 Factorial 1800 Computed
181 Factorial 8054 Computed
-180 Factorial 0 Computed
-654 Cube -279726264 Computed
12 Cube 1728 Computed
849 Cube 611960049 Computed
699 Cube 341532099 Computed
754 NextPrime 757 Computed
995 NextPrime 997 Computed
546 NextPrime 547 Computed
-244 NextPrime 2 Computed
-454 NextPrime 2 Computed
518 NextPrime 521 Computed
596 Square 355216 Computed
206 Square 42436 Computed
-169 Square 28561 Computed
713 CheckPrime 0 Computed
270 CheckPrime 0 Computed
610 CheckPrime 0 Computed
15 CheckPrime 0 Computed
-449 CheckPrime 0 Computed
340 Factorial 6338 Computed
48 Factorial 3184 Computed
-160 Factorial 0 Computed
-697 Factorial 0 Computed
814 Factorial 4059 Computed
-330 Factorial 0 Computed
-466 Factorial 0 Computed
-265 Cube -18609625 Computed
103 Cube 1092727 Computed
-700 Cube -343000000 Computed
729 Cube 387420489 Computed
-297 NextPrime 2 Computed
522 NextPrime 523 Computed
76 NextPrime 79 Computed
-765 NextPrime 2 Computed
-264 NextPrime 2 Computed
198 NextPrime 199 Computed
-892 Square 795664 Computed
-450 Square 202500 Computed
-454 Square 206116 Computed
582 CheckPrime 0 Computed
-247 CheckPrime 0 Computed
816 CheckPrime 0 Computed
-442 CheckPrime 0 Computed
-428 CheckPrime 0 Computed
-2 Factorial 0 Computed
903 Factorial 6880 Computed
974 Factorial 9527 Computed
-249 Factorial 0 Computed
133 Factorial 8023 Computed
-435 Factorial 0 Computed
-520 Factorial 0 Computed
448 Cube 89915392 Computed
377 Cube 53582633 Computed
576 Cube 191102976 Computed
896 Cube 719323136 Computed
864 NextPrime 877 Computed
-331 NextPrime 2 Computed
-686 NextPrime 2 Computed
-627 NextPrime 2 Computed
496 NextPrime 499 Computed
729 NextPrime 733 Computed
40 Square 1600 Computed
890 Square 792100 Computed
-915 Square 837225 Computed
-808 CheckPrime 0 Computed
867 CheckPrime 0 Computed
-170 CheckPrime 0 Computed
700 CheckPrime 0 Computed
-688 CheckPrime 0 Computed
-941 Factorial 0 Computed
998 Factorial 2449 Computed
405 Factorial 1102 Computed
-220 Factorial 0 Computed
564 Factorial 7648 Computed
-311 Factorial 0 Computed
-749 Factorial 0 Computed
-269 Cube -19465109 Computed
771 Cube 458314011 Computed
966 Cube 901428696 Computed
-884 Cube -690807104 Computed
77 NextPrime 79 Computed
-969 NextPrime 2 Computed
947 NextPrime 953 Computed
865 NextPrime 877 Computed
223 NextPrime 227 Computed
698 NextPrime 701 Computed
-234 Square 54756 Computed
889 Square 790321 Computed
593 Square 351649 Computed
648 CheckPrime 0 Computed
213 CheckPrime 0 Computed
915 CheckPrime 0 Computed
172 CheckPrime 0 Computed
-455 CheckPrime 0 Computed
330 Factorial 3334 Computed
526 Factorial 3318 Computed
-639 Factorial 0 Computed
-422 Factorial 0 Computed
-349 Factorial 0 Computed
-886 Factorial 0 Computed
723 Factorial 9946 Computed
719 Cube 371694959 Computed
-883 Cube -688465387 Computed
788 Cube 489303872 Computed
722 Cube 376367048 Computed
-219 NextPrime 2 Computed
-995 NextPrime 2 Computed
700 NextPrime 701 Computed
-765 NextPrime 2 Computed
-635 NextPrime 2 Computed
570 NextPrime 571 Computed
54 Square 2916 Computed
-10 Square 100 Computed
-765 Square 585225 Computed
313 CheckPrime 1 Computed
782 CheckPrime 0 Computed
-890 CheckPrime 0 Computed
-648 CheckPrime 0 Computed
401 CheckPrime 1 Computed
-810 Factorial 0 Computed
-61 Factorial 0 Computed
-246 Factorial 0 Computed
-382 Factorial 0 Computed
-331 Factorial 0 Computed
22 Factorial 9852 Computed
-562 Factorial 0 Computed
63 Cube 250047 Computed
440 Cube 85184000 Computed
-994 Cube -982107784 Computed
652 Cube 277167808 Computed
315 NextPrime 317 Computed
-697 NextPrime 2 Computed
718 NextPrime 719 Computed
-698 NextPrime 2 Computed
690 NextPrime 691 Computed
-847 NextPrime 2 Computed
-349 Square 121801 Computed
992 Square 984064 Computed
741 Square 549081 Computed
373 CheckPrime 1 Computed
-486 CheckPrime 0 Computed
-348 CheckPrime 0 Computed
-690 CheckPrime 0 Computed
-571 CheckPrime 0 Computed
833 Factorial 772 Computed
640 Factorial 6812 Computed
865 Factorial 7404 Computed
54 Factorial 5837 Computed
-273 Factorial 0 Computed
608 Factorial 5667 Computed
-539 Factorial 0 Computed
-845 Cube -603351125 Computed
712 Cube 360944128 Computed
-304 Cube -28094464 Computed
496 Cube 122023936 Computed
660 NextPrime 661 Computed
-844 NextPrime 2 Computed
303 NextPrime 307 Computed
-92 NextPrime 2 Computed
-769 NextPrime 2 Computed
754 NextPrime 757 Computed
-991 Square 982081 Computed
-345 Square 119025 Computed
269 Square 72361 Computed
-88 CheckPrime 0 Computed
-930 CheckPrime 0 Computed
325 CheckPrime 0 Computed
-561 CheckPrime 0 Computed
899 CheckPrime 0 Computed
-672 Factorial 0 Computed
-113 Factorial 0 Computed
-917 Factorial 0 Computed
107 Factorial 4233 Computed
-216 Factorial 0 Computed
695 Factorial 9446 Computed
-373 Factorial 0 Computed
768 Cube 452984832 Computed
722 Cube 376367048 Computed
-910 Cube -753571000 Computed
-447 Cube -89314623 Computed
-373 NextPrime 2 Computed
-371 NextPrime 2 Computed
-504 NextPrime 2 Computed
-764 NextPrime 2 Computed
82 NextPrime 83 Computed
997 NextPrime 1009 Computed
-986 Square 972196 Computed
816 Square 665856 Computed
559 Square 312481 Computed
530 CheckPrime 0 Computed
175 CheckPrime 0 Computed
334 CheckPrime 0 Computed
469 CheckPrime 0 Computed
-116 CheckPrime 0 Computed
365 Factorial 7977 Computed
502 Factorial 5077 Computed
-176 Factorial 0 Computed
708 Factorial 5983 Computed
745 Factorial 9629 Computed
-128 Factorial 0 Computed
146 Factorial 8036 Computed
346 Cube 41421736 Computed
310 Cube 29791000 Computed
139 Cube 2685619 Computed
-562 Cube -177504328 Computed
208 NextPrime 211 Computed
976 NextPrime 977 Computed
568 NextPrime 569 Computed
544 NextPrime 547 Computed
447 NextPrime 449 Computed
-150 NextPrime 2 Computed
706 Square 498436 Computed
916 Square 839056 Computed
-209 Square 43681 Computed
876 CheckPrime 0 Computed
-177 CheckPrime 0 Computed
645 CheckPrime 0 Computed
207 CheckPrime 0 Computed
-562 CheckPrime 0 Computed
-2 Factorial 0 Computed
-62 Factorial 0 Computed
41 Factorial 2209 Computed
-131 Factorial 0 Computed
751 Factorial 4555 Computed
504 Factorial 4936 Computed
232 Factorial 1946 Computed
-378 Cube -54010152 Computed
343 Cube 40353607 Computed
548 Cube 164566592 Computed
889 Cube 702595369 Computed
12 NextPrime 13 Computed
720 NextPrime 727 Computed
-828 NextPrime 2 Computed
-422 NextPrime 2 Computed
-196 NextPrime 2 Computed
461 NextPrime 463 Computed
-432 Square 186624 Computed
605 Square 366025 Computed
-819 Square 670761 Computed
239 CheckPrime 1 Computed
497 CheckPrime 0 Computed
-172 CheckPrime 0 Computed
555 CheckPrime 0 Computed
92 CheckPrime 0 Computed
-376 Factorial 0 Computed
-299 Factorial 0 Computed
-151 Factorial 0 Computed
107 Factorial 4233 Computed
-635 Factorial 0 Computed
802 Factorial 5771 Computed
577 Factorial 1727 Computed
-155 Cube -3723875 Computed
-605 Cube -221445125 Computed
561 Cube 176558481 Computed
-134 Cube -2406104 Computed
-599 NextPrime 2 Computed
-421 NextPrime 2 Computed
-917 NextPrime 2 Computed
-477 NextPrime 2 Computed
-426 NextPrime 2 Computed
-78 NextPrime 2 Computed
-61 Square 3721 Computed
332 Square 110224 Computed
-995 Square 990025 Computed
940 CheckPrime 0 Computed
-973 CheckPrime 0 Computed
875 CheckPrime 0 Computed
-538 CheckPrime 0 Computed
-846 CheckPrime 0 Computed
-935 Factorial 0 Computed
-326 Factorial 0 Computed
-392 Factorial 0 Computed
-699 Factorial 0 Computed
-272 Factorial 0 Computed
-970 Factorial 0 Computed
-746 Factorial 0 Computed
-928 Cube -799178752 Computed
-899 Cube -726572699 Computed
15 Cube 3375 Computed
-925 Cube -791453125 Computed
543 NextPrime 547 Computed
-479 NextPrime 2 Computed
561 NextPrime 563 Computed
183 NextPrime 191 Computed
662 NextPrime 673 Computed
626 NextPrime 631 Computed
864 Square 746496 Computed
-672 Square 451584 Computed
440 Square 193600 Computed
-706 CheckPrime 0 Computed
403 CheckPrime 0 Computed
-464 CheckPrime 0 Computed
51 CheckPrime 0 Computed
-122 CheckPrime 0 Computed
745 Factorial 9629 Computed
-488 Factorial 0 Computed
-322 Factorial 0 Computed
-19 Factorial 0 Computed
151 Factorial 4084 Computed
333 Factorial 38 Computed
452 Factorial 6689 Computed
655 Cube 281011375 Computed
20 Cube 8000 Computed
4 Cube 64 Computed
283 Cube 22665187 Computed
374 NextPrime 379 Computed
-819 NextPrime 2 Computed
781 NextPrime 787 Computed
-645 NextPrime 2 Computed
423 NextPrime 431 Computed
558 NextPrime 563 Computed
743 Square 552049 Computed
720 Square 518400 Computed
-64 Square 4096 Computed
574 CheckPrime 0 Computed
-982 CheckPrime 0 Computed
2 CheckPrime 1 Computed
-817 CheckPrime 0 Computed
-526 CheckPrime 0 Computed
-740 Factorial 0 Computed
577 Factorial 1727 Computed
-557 Factorial 0 Computed
-732 Factorial 0 Computed
-397 Factorial 0 Computed
231 Factorial 1298 Computed
336 Factorial 9189 Computed
-92 Cube -778688 Computed
582 Cube 197137368 Computed
-499 Cube -124251499 Computed
-638 Cube -259694072 Computed
-289 NextPrime 2 Computed
-534 NextPrime 2 Computed
575 NextPrime 577 Computed
254 NextPrime 257 Computed
123 NextPrime 127 Computed
306 NextPrime 307 Computed
893 Square 797449 Computed
8 Square 64 Computed
-486 Square 236196 Computed
563 CheckPrime 1 Computed
120 CheckPrime 0 Computed
551 CheckPrime 0 Computed
-700 CheckPrime 0 Computed
-478 CheckPrime 0 Computed
533 Factorial 6904 Computed
-393 Factorial 0 Computed
-137 Factorial 0 Computed
-643 Factorial 0 Computed
89 Factorial 1302 Computed
45 Factorial 4270 Computed
713 Factorial 8617 Computed
35 Cube 42875 Computed
160 Cube 4096000 Computed
-464 Cube -99897344 Computed
781 Cube 476379541 Computed
-365 NextPrime 2 Computed
-718 NextPrime 2 Computed
-668 NextPrime 2 Computed
-805 NextPrime 2 Computed
-215 NextPrime 2 Computed
372 NextPrime 373 Computed
-85 Square 7225 Computed
-164 Square 26896 Computed
-746 Square 556516 Computed
-319 CheckPrime 0 Computed
967 CheckPrime 1 Computed
606 CheckPrime 0 Computed
937 CheckPrime 1 Computed
502 CheckPrime 0 Computed
-643 Factorial 0 Computed
-19 Factorial 0 Computed
134 Factorial 7971 Computed
162 Factorial 7450 Computed
-733 Factorial 0 Computed
704 Factorial 1833 Computed
429 Factorial 8936 Computed
-661 Cube -288804781 Computed
91 Cube 753571 Computed
-767 Cube -451217663 Computed
-974 Cube -924010424 Computed
335 NextPrime 337 Computed
-146 NextPrime 2 Computed
865 NextPrime 877 Computed
-282 NextPrime 2 Computed
616 NextPrime 617 Computed
536 NextPrime 541 Computed
-534 Square 285156 Computed
1000 Square 1000000 Computed
-714 Square 509796 Computed
145 CheckPrime 0 Computed
-322 CheckPrime 0 Computed
-745 CheckPrime 0 Computed
-422 CheckPrime 0 Computed
-822 CheckPrime 0 Computed
-71 Factorial 0 Computed
-713 Factorial 0 Computed
-815 Factorial 0 Computed
-982 Factorial 0 Computed
182 Factorial 9770 Computed
768 Factorial 7576 Computed
379 Factorial 2304 Computed
877 Cube 674526133 Computed
789 Cube 491169069 Computed
660 Cube 287496000 Computed
412 Cube 69934528 Computed
613 NextPrime 617 Computed
518 NextPrime 521 Computed
-510 NextPrime 2 Computed
-575 NextPrime 2 Computed
-351 NextPrime 2 Computed
356 NextPrime 359 Computed
890 Square 792100 Computed
527 Square 277729 Computed
-541 Square 292681 Computed
766 CheckPrime 0 Computed
-763 CheckPrime 0 Computed
53 CheckPrime 1 Computed
111 CheckPrime 0 Computed
226 CheckPrime 0 Computed
696 Factorial 2209 Computed
-137 Factorial 0 Computed
-548 Factorial 0 Computed
-748 Factorial 0 Computed
-992 Factorial 0 Computed
907 Factorial 2506 Computed
-484 Factorial 0 Computed
630 Cube 250047000 Computed
-966 Cube -901428696 Computed
-565 Cube -180362125 Computed
387 Cube 57960603 Computed
-937 NextPrime 2 Computed
-499 NextPrime 2 Computed
144 NextPrime 149 Computed
550 NextPrime 557 Computed
-591 NextPrime 2 Computed
11 NextPrime 13 Computed
-341 Square 116281 Computed
-205 Square 42025 Computed
875 Square 765625 Computed
-943 CheckPrime 0 Computed
-362 CheckPrime 0 Computed
807 CheckPrime 0 Computed
860 CheckPrime 0 Computed
-938 CheckPrime 0 Computed
