145 Square 21025 Computed
235 Square 55225 Computed
190 Square 36100 Computed
442 Square 195364 Computed
145 Square 21025 FromCache
235 Square 55225 FromCache
190 Square 36100 FromCache
442 Square 195364 FromCache
145 Square 21025 FromCache
235 Square 55225 FromCache
190 Square 36100 FromCache
442 Square 195364 FromCache
145 Square 21025 FromCache
235 Square 55225 FromCache
190 Square 36100 FromCache
442 Square 195364 FromCache
145 Square 21025 FromCache
235 Square 55225 FromCache
190 Square 36100 FromCache
442 Square 195364 FromCache
145 Square 21025 FromCache
235 Square 55225 FromCache
190 Square 36100 FromCache
442 Square 195364 FromCache
