11523 Factorial 0 Computed
10072 Factorial 0 Computed
10894 Factorial 0 Computed
11770 Factorial 0 Computed
10198 Factorial 0 Computed
10389 Sqrt 101 Computed
11370 Sqrt 106 Computed
10555 Sqrt 102 Computed
10264 Sqrt 101 Computed
10804 Sqrt 103 Computed
11721 Sqrt 108 Computed
11565 Sqrt 107 Computed
11709 Sqrt 108 Computed
11510 Sqrt 107 Computed
10812 Sqrt 103 Computed
10798 Sqrt 103 Computed
11074 Sqrt 105 Computed
10456 NextPrime 10457 Computed
10488 NextPrime 10499 Computed
10720 NextPrime 10723 Computed
11024 NextPrime 11027 Computed
11733 NextPrime 11743 Computed
11483 NextPrime 11489 Computed
11340 NextPrime 11351 Computed
10040 NextPrime 10061 Computed
10090 NextPrime 10091 Computed
10023 NextPrime 10037 Computed
10810 NextPrime 10831 Computed
10619 NextPrime 10627 Computed
11982 NextPrime 11987 Computed
11299 NextPrime 11311 Computed
10863 NextPrime 10867 Computed
10730 NextPrime 10733 Computed
10711 NextPrime 10723 Computed
11931 NextPrime 11933 Computed
11182 NextPrime 11197 Computed
11644 Square 135582736 Computed
10196 Square 103958416 Computed
11093 Square 123054649 Computed
11975 Square 143400625 Computed
11280 Square 127238400 Computed
10534 Square 110965156 Computed
10444 Square 109077136 Computed
10301 Square 106110601 Computed
10606 Square 112487236 Computed
11432 Square 130690624 Computed
10769 Square 115971361 Computed
10844 Square 117592336 Computed
11642 Square 135536164 Computed
11187 Square 125148969 Computed
11409 Square 130165281 Computed
10257 Square 105206049 Computed
10529 Square 110859841 Computed
11863 Fibonacci 1303 Computed
11202 Fibonacci 4434 Computed
10233 Fibonacci 5225 Computed
11808 Fibonacci 9390 Computed
11181 Fibonacci 9545 Computed
11337 Fibonacci 8051 Computed
11454 Fibonacci 9793 Computed
11317 Fibonacci 2137 Computed
11491 Fibonacci 7266 Computed
10047 Fibonacci 5500 Computed
10720 Fibonacci 3021 Computed
11089 Fibonacci 5772 Computed
11671 Fibonacci 2997 Computed
10095 Fibonacci 5908 Computed
10286 Fibonacci 7600 Computed
10950 Fibonacci 3621 Computed
11625 Fibonacci 5906 Computed
11325 Fibonacci 6899 Computed
11430 Fibonacci 4525 Computed
10234 Fibonacci 7439 Computed
10069 Fibonacci 1659 Computed
11195 Fibonacci 3137 Computed
11662 Fibonacci 5890 Computed
10979 Fibonacci 4708 Computed
10010 Fibonacci 9202 Computed
10639 Fibonacci 4654 Computed
10847 Fibonacci 3233 Computed
10806 Fibonacci 2899 Computed
10798 Fibonacci 494 Computed
10637 Fibonacci 1678 Computed
11139 Fibonacci 5803 Computed
11359 Fibonacci 9748 Computed
10685 Fibonacci 6824 Computed
11001 Fibonacci 1429 Computed
10560 Fibonacci 9789 Computed
10082 Fibonacci 3626 Computed
10125 CheckPrime 0 Computed
12030 CheckPrime 0 Computed
11429 CheckPrime 0 Computed
10889 CheckPrime 1 Computed
11307 CheckPrime 0 Computed
10005 CheckPrime 0 Computed
10366 CheckPrime 0 Computed
11247 CheckPrime 0 Computed
10352 CheckPrime 0 Computed
11411 CheckPrime 1 Computed
10755 CheckPrime 0 Computed
11935 Factorial 0 Computed
10962 Factorial 0 Computed
11718 Factorial 0 Computed
11888 Factorial 0 Computed
11347 Factorial 0 Computed
11743 Sqrt 108 Computed
11701 Sqrt 108 Computed
10373 Sqrt 101 Computed
10453 Sqrt 102 Computed
10221 Sqrt 101 Computed
11308 Sqrt 106 Computed
11298 Sqrt 106 Computed
10877 Sqrt 104 Computed
11299 Sqrt 106 Computed
10601 Sqrt 102 Computed
11491 Sqrt 107 Computed
10191 Sqrt 100 Computed
10597 NextPrime 10601 Computed
10298 NextPrime 10301 Computed
10352 NextPrime 10357 Computed
11095 NextPrime 11113 Computed
11692 NextPrime 11699 Computed
10860 NextPrime 10861 Computed
10973 NextPrime 10979 Computed
10307 NextPrime 10313 Computed
11665 NextPrime 11677 Computed
11627 NextPrime 11633 Computed
10351 NextPrime 10357 Computed
10911 NextPrime 10937 Computed
11464 NextPrime 11467 Computed
11576 NextPrime 11579 Computed
10632 NextPrime 10639 Computed
10400 NextPrime 10427 Computed
11951 NextPrime 11953 Computed
11492 NextPrime 11497 Computed
11621 NextPrime 11633 Computed
10382 Square 107785924 Computed
10542 Square 111133764 Computed
10788 Square 116380944 Computed
11885 Square 141253225 Computed
10482 Square 109872324 Computed
11844 Square 140280336 Computed
10158 Square 103184964 Computed
10836 Square 117418896 Computed
10952 Square 119946304 Computed
11235 Square 126225225 Computed
10602 Square 112402404 Computed
10456 Square 109327936 Computed
11391 Square 129754881 Computed
11755 Square 138180025 Computed
10181 Square 103652761 Computed
11155 Square 124434025 Computed
11734 Square 137686756 Computed
11863 Fibonacci 1303 Computed
11485 Fibonacci 2685 Computed
11328 Fibonacci 9564 Computed
11184 Fibonacci 1361 Computed
10743 Fibonacci 3901 Computed
11797 Fibonacci 6582 Computed
10205 Fibonacci 4000 Computed
11751 Fibonacci 2657 Computed
11543 Fibonacci 5415 Computed
11176 Fibonacci 2910 Computed
11657 Fibonacci 5822 Computed
10208 Fibonacci 6324 Computed
11762 Fibonacci 7674 Computed
11021 Fibonacci 2251 Computed
11425 Fibonacci 5911 Computed
11089 Fibonacci 5772 Computed
10309 Fibonacci 2083 Computed
10970 Fibonacci 3291 Computed
10622 Fibonacci 9579 Computed
11028 Fibonacci 4046 Computed
10276 Fibonacci 4909 Computed
10819 Fibonacci 615 Computed
11418 Fibonacci 7080 Computed
10322 Fibonacci 588 Computed
10503 Fibonacci 5159 Computed
11738 Fibonacci 3693 Computed
11286 Fibonacci 571 Computed
10355 Fibonacci 7031 Computed
10505 Fibonacci 3046 Computed
10894 Fibonacci 5975 Computed
10865 Fibonacci 8200 Computed
11480 Fibonacci 3343 Computed
11052 Fibonacci 5220 Computed
10543 Fibonacci 2443 Computed
10051 Fibonacci 1421 Computed
11094 Fibonacci 3901 Computed
10711 CheckPrime 1 Computed
10428 CheckPrime 0 Computed
10478 CheckPrime 0 Computed
11602 CheckPrime 0 Computed
11910 CheckPrime 0 Computed
10230 CheckPrime 0 Computed
10918 CheckPrime 0 Computed
11241 CheckPrime 0 Computed
11759 CheckPrime 0 Computed
11777 CheckPrime 1 Computed
11320 CheckPrime 0 Computed
12047 Factorial 0 Computed
10659 Factorial 0 Computed
10707 Factorial 0 Computed
11428 Factorial 0 Computed
11139 Factorial 0 Computed
10149 Sqrt 100 Computed
10655 Sqrt 103 Computed
11432 Sqrt 106 Computed
12007 Sqrt 109 Computed
12026 Sqrt 109 Computed
10016 Sqrt 100 Computed
12031 Sqrt 109 Computed
11886 Sqrt 109 Computed
11054 Sqrt 105 Computed
11615 Sqrt 107 Computed
12018 Sqrt 109 Computed
11212 Sqrt 105 Computed
11102 NextPrime 11113 Computed
11800 NextPrime 11801 Computed
10229 NextPrime 10243 Computed
10414 NextPrime 10427 Computed
11953 NextPrime 11959 Computed
10459 NextPrime 10463 Computed
11349 NextPrime 11351 Computed
11204 NextPrime 11213 Computed
10044 NextPrime 10061 Computed
12038 NextPrime 12041 Computed
11118 NextPrime 11119 Computed
11518 NextPrime 11519 Computed
10370 NextPrime 10391 Computed
10465 NextPrime 10477 Computed
11354 NextPrime 11369 Computed
10458 NextPrime 10459 Computed
11379 NextPrime 11383 Computed
10841 NextPrime 10847 Computed
11981 NextPrime 11987 Computed
10010 Square 100200100 Computed
11074 Square 122633476 Computed
10594 Square 112232836 Computed
10838 Square 117462244 Computed
11891 Square 141395881 Computed
10310 Square 106296100 Computed
10532 Square 110923024 Computed
10948 Square 119858704 Computed
11207 Square 125596849 Computed
10415 Square 108472225 Computed
11553 Square 133471809 Computed
10987 Square 120714169 Computed
11331 Square 128391561 Computed
10162 Square 103266244 Computed
11857 Square 140588449 Computed
10274 Square 105555076 Computed
10543 Square 111154849 Computed
10064 Fibonacci 170 Computed
11952 Fibonacci 4358 Computed
10629 Fibonacci 4529 Computed
11674 Fibonacci 2480 Computed
10574 Fibonacci 9498 Computed
10652 Fibonacci 4581 Computed
11913 Fibonacci 7572 Computed
10611 Fibonacci 8057 Computed
11774 Fibonacci 8436 Computed
11891 Fibonacci 435 Computed
11742 Fibonacci 8834 Computed
11446 Fibonacci 4926 Computed
11779 Fibonacci 7274 Computed
10861 Fibonacci 5187 Computed
11392 Fibonacci 6430 Computed
10787 Fibonacci 4640 Computed
10807 Fibonacci 5145 Computed
10200 Fibonacci 3729 Computed
11427 Fibonacci 5264 Computed
10490 Fibonacci 6113 Computed
10425 Fibonacci 8139 Computed
10642 Fibonacci 9941 Computed
10883 Fibonacci 4617 Computed
10808 Fibonacci 8044 Computed
10549 Fibonacci 2221 Computed
10806 Fibonacci 2899 Computed
10479 Fibonacci 2677 Computed
11420 Fibonacci 9315 Computed
11661 Fibonacci 6693 Computed
10387 Fibonacci 3636 Computed
10522 Fibonacci 8553 Computed
10190 Fibonacci 2045 Computed
11220 Fibonacci 7627 Computed
11524 Fibonacci 1658 Computed
11928 Fibonacci 525 Computed
11408 Fibonacci 8545 Computed
10464 CheckPrime 0 Computed
10476 CheckPrime 0 Computed
11863 CheckPrime 1 Computed
10683 CheckPrime 0 Computed
11196 CheckPrime 0 Computed
11648 CheckPrime 0 Computed
10371 CheckPrime 0 Computed
10923 CheckPrime 0 Computed
11798 CheckPrime 0 Computed
10536 CheckPrime 0 Computed
11098 CheckPrime 0 Computed
11618 Factorial 0 Computed
10460 Factorial 0 Computed
11044 Factorial 0 Computed
10739 Factorial 0 Computed
11718 Factorial 0 Computed
10075 Sqrt 100 Computed
11654 Sqrt 107 Computed
10702 Sqrt 103 Computed
11405 Sqrt 106 Computed
10932 Sqrt 104 Computed
11348 Sqrt 106 Computed
10397 Sqrt 101 Computed
10583 Sqrt 102 Computed
10239 Sqrt 101 Computed
11916 Sqrt 109 Computed
10603 Sqrt 102 Computed
10386 Sqrt 101 Computed
11580 NextPrime 11587 Computed
11863 NextPrime 11867 Computed
11448 NextPrime 11467 Computed
11483 NextPrime 11489 Computed
11555 NextPrime 11579 Computed
11162 NextPrime 11171 Computed
11636 NextPrime 11657 Computed
10400 NextPrime 10427 Computed
10453 NextPrime 10457 Computed
11599 NextPrime 11617 Computed
10675 NextPrime 10687 Computed
11969 NextPrime 11971 Computed
11168 NextPrime 11171 Computed
10754 NextPrime 10771 Computed
11239 NextPrime 11243 Computed
10451 NextPrime 10453 Computed
11215 NextPrime 11239 Computed
10972 NextPrime 10973 Computed
10130 NextPrime 10133 Computed
10190 Square 103836100 Computed
10438 Square 108951844 Computed
10700 Square 114490000 Computed
11148 Square 124277904 Computed
10319 Square 106481761 Computed
10813 Square 116920969 Computed
11401 Square 129982801 Computed
10776 Square 116122176 Computed
11373 Square 129345129 Computed
11404 Square 130051216 Computed
10765 Square 115885225 Computed
11630 Square 135256900 Computed
11716 Square 137264656 Computed
11879 Square 141110641 Computed
11655 Square 135839025 Computed
10836 Square 117418896 Computed
10846 Square 117635716 Computed
11971 Fibonacci 2173 Computed
10886 Fibonacci 3303 Computed
10983 Fibonacci 3515 Computed
10709 Fibonacci 76 Computed
11711 Fibonacci 4214 Computed
12020 Fibonacci 7793 Computed
12024 Fibonacci 7027 Computed
10497 Fibonacci 4187 Computed
10198 Fibonacci 917 Computed
10632 Fibonacci 1456 Computed
10923 Fibonacci 8117 Computed
11191 Fibonacci 9713 Computed
11077 Fibonacci 5899 Computed
12010 Fibonacci 2787 Computed
10801 Fibonacci 2533 Computed
11786 Fibonacci 6035 Computed
10828 Fibonacci 8135 Computed
10464 Fibonacci 2131 Computed
10797 Fibonacci 5512 Computed
10010 Fibonacci 9202 Computed
10642 Fibonacci 9941 Computed
11061 Fibonacci 833 Computed
10824 Fibonacci 2902 Computed
11221 Fibonacci 1158 Computed
11597 Fibonacci 9801 Computed
11114 Fibonacci 3625 Computed
11641 Fibonacci 6178 Computed
11315 Fibonacci 7168 Computed
10310 Fibonacci 2439 Computed
11802 Fibonacci 160 Computed
10884 Fibonacci 9316 Computed
11278 Fibonacci 1469 Computed
11864 Fibonacci 4964 Computed
11184 Fibonacci 1361 Computed
11043 Fibonacci 3033 Computed
10705 Fibonacci 8263 Computed
11432 CheckPrime 0 Computed
11099 CheckPrime 0 Computed
10107 CheckPrime 0 Computed
10414 CheckPrime 0 Computed
10093 CheckPrime 1 Computed
10014 CheckPrime 0 Computed
11622 CheckPrime 0 Computed
11488 CheckPrime 0 Computed
11784 CheckPrime 0 Computed
11372 CheckPrime 0 Computed
11688 CheckPrime 0 Computed
10925 Factorial 0 Computed
11351 Factorial 0 Computed
10387 Factorial 0 Computed
10738 Factorial 0 Computed
11833 Factorial 0 Computed
11594 Sqrt 107 Computed
11144 Sqrt 105 Computed
10807 Sqrt 103 Computed
10632 Sqrt 103 Computed
11115 Sqrt 105 Computed
10311 Sqrt 101 Computed
10298 Sqrt 101 Computed
11157 Sqrt 105 Computed
11879 Sqrt 108 Computed
10514 Sqrt 102 Computed
11120 Sqrt 105 Computed
11502 Sqrt 107 Computed
10364 NextPrime 10369 Computed
10577 NextPrime 10589 Computed
11288 NextPrime 11299 Computed
10508 NextPrime 10513 Computed
12015 NextPrime 12037 Computed
11300 NextPrime 11311 Computed
11876 NextPrime 11887 Computed
11293 NextPrime 11299 Computed
10867 NextPrime 10883 Computed
11704 NextPrime 11717 Computed
11195 NextPrime 11197 Computed
11206 NextPrime 11213 Computed
10654 NextPrime 10657 Computed
10932 NextPrime 10937 Computed
11345 NextPrime 11351 Computed
12032 NextPrime 12037 Computed
10933 NextPrime 10937 Computed
10899 NextPrime 10903 Computed
12007 NextPrime 12011 Computed
11951 Square 142826401 Computed
11094 Square 123076836 Computed
11130 Square 123876900 Computed
10099 Square 101989801 Computed
10915 Square 119137225 Computed
12013 Square 144312169 Computed
11640 Square 135489600 Computed
12044 Square 145057936 Computed
10461 Square 109432521 Computed
10604 Square 112444816 Computed
11879 Square 141110641 Computed
12001 Square 144024001 Computed
11830 Square 139948900 Computed
10288 Square 105842944 Computed
10141 Square 102839881 Computed
10722 Square 114961284 Computed
11263 Square 126855169 Computed
10405 Fibonacci 2182 Computed
11345 Fibonacci 6560 Computed
10971 Fibonacci 1919 Computed
11542 Fibonacci 5012 Computed
11971 Fibonacci 2173 Computed
10542 Fibonacci 8774 Computed
10440 Fibonacci 2643 Computed
10815 Fibonacci 6430 Computed
10628 Fibonacci 8894 Computed
10201 Fibonacci 6541 Computed
11169 Fibonacci 847 Computed
10870 Fibonacci 1180 Computed
11096 Fibonacci 1324 Computed
11145 Fibonacci 5430 Computed
10948 Fibonacci 6074 Computed
11755 Fibonacci 1095 Computed
11396 Fibonacci 9573 Computed
10915 Fibonacci 8264 Computed
11904 Fibonacci 6031 Computed
10867 Fibonacci 3516 Computed
10737 Fibonacci 5917 Computed
11551 Fibonacci 145 Computed
11588 Fibonacci 8667 Computed
11647 Fibonacci 7222 Computed
11029 Fibonacci 6709 Computed
11335 Fibonacci 3677 Computed
10757 Fibonacci 3112 Computed
10785 Fibonacci 6427 Computed
11228 Fibonacci 3793 Computed
10705 Fibonacci 8263 Computed
11187 Fibonacci 5016 Computed
11042 Fibonacci 1407 Computed
11573 Fibonacci 7490 Computed
10921 Fibonacci 2061 Computed
10248 Fibonacci 5219 Computed
11328 Fibonacci 9564 Computed
11867 CheckPrime 1 Computed
10232 CheckPrime 0 Computed
11063 CheckPrime 0 Computed
10614 CheckPrime 0 Computed
10301 CheckPrime 1 Computed
10078 CheckPrime 0 Computed
11921 CheckPrime 0 Computed
11704 CheckPrime 0 Computed
11943 CheckPrime 0 Computed
11874 CheckPrime 0 Computed
11186 CheckPrime 0 Computed
10766 Factorial 0 Computed
12035 Factorial 0 Computed
10459 Factorial 0 Computed
11401 Factorial 0 Computed
10255 Factorial 0 Computed
10002 Sqrt 100 Computed
11673 Sqrt 108 Computed
10468 Sqrt 102 Computed
10061 Sqrt 100 Computed
10416 Sqrt 102 Computed
11507 Sqrt 107 Computed
10742 Sqrt 103 Computed
10235 Sqrt 101 Computed
11752 Sqrt 108 Computed
10494 Sqrt 102 Computed
10556 Sqrt 102 Computed
10988 Sqrt 104 Computed
10013 NextPrime 10037 Computed
11309 NextPrime 11311 Computed
10510 NextPrime 10513 Computed
10696 NextPrime 10709 Computed
10558 NextPrime 10559 Computed
11795 NextPrime 11801 Computed
12033 NextPrime 12037 Computed
10649 NextPrime 10651 Computed
10451 NextPrime 10453 Computed
10799 NextPrime 10831 Computed
10569 NextPrime 10589 Computed
11757 NextPrime 11777 Computed
10507 NextPrime 10513 Computed
11944 NextPrime 11953 Computed
11405 NextPrime 11411 Computed
11165 NextPrime 11171 Computed
11891 NextPrime 11897 Computed
11062 NextPrime 11069 Computed
10145 NextPrime 10151 Computed
10907 Square 118962649 Computed
11485 Square 131905225 Computed
10746 Square 115476516 Computed
11846 Square 140327716 Computed
11868 Square 140849424 Computed
11183 Square 125059489 Computed
11255 Square 126675025 Computed
10379 Square 107723641 Computed
10066 Square 101324356 Computed
11453 Square 131171209 Computed
10058 Square 101163364 Computed
11467 Square 131492089 Computed
11221 Square 125910841 Computed
10191 Square 103856481 Computed
11559 Square 133610481 Computed
10494 Square 110124036 Computed
10665 Square 113742225 Computed
11423 Fibonacci 2496 Computed
10889 Fibonacci 7856 Computed
10179 Fibonacci 8479 Computed
10789 Fibonacci 7493 Computed
11701 Fibonacci 2028 Computed
12019 Fibonacci 9300 Computed
11249 Fibonacci 6172 Computed
11294 Fibonacci 5422 Computed
10987 Fibonacci 9924 Computed
10015 Fibonacci 1578 Computed
11209 Fibonacci 2074 Computed
11011 Fibonacci 111 Computed
10059 Fibonacci 9762 Computed
11399 Fibonacci 3953 Computed
10911 Fibonacci 9917 Computed
10570 Fibonacci 1490 Computed
11766 Fibonacci 7528 Computed
10459 Fibonacci 2384 Computed
10335 Fibonacci 9241 Computed
10973 Fibonacci 7129 Computed
10682 Fibonacci 5959 Computed
10122 Fibonacci 5224 Computed
10884 Fibonacci 9316 Computed
10655 Fibonacci 7803 Computed
11102 Fibonacci 6569 Computed
10751 Fibonacci 3748 Computed
10078 Fibonacci 4574 Computed
11210 Fibonacci 6760 Computed
10369 Fibonacci 3488 Computed
10882 Fibonacci 4699 Computed
11968 Fibonacci 2409 Computed
11828 Fibonacci 7598 Computed
10518 Fibonacci 7768 Computed
11427 Fibonacci 5264 Computed
11051 Fibonacci 3020 Computed
11354 Fibonacci 4284 Computed
10076 CheckPrime 0 Computed
10722 CheckPrime 0 Computed
11119 CheckPrime 1 Computed
11602 CheckPrime 0 Computed
11633 CheckPrime 1 Computed
11936 CheckPrime 0 Computed
11977 CheckPrime 0 Computed
10596 CheckPrime 0 Computed
11024 CheckPrime 0 Computed
10670 CheckPrime 0 Computed
11355 CheckPrime 0 Computed
11795 Factorial 0 Computed
10481 Factorial 0 Computed
10483 Factorial 0 Computed
11181 Factorial 0 Computed
10108 Factorial 0 Computed
10103 Sqrt 100 Computed
10723 Sqrt 103 Computed
11522 Sqrt 107 Computed
11943 Sqrt 109 Computed
10177 Sqrt 100 Computed
11002 Sqrt 104 Computed
10784 Sqrt 103 Computed
10042 Sqrt 100 Computed
11775 Sqrt 108 Computed
10442 Sqrt 102 Computed
10028 Sqrt 100 Computed
10632 Sqrt 103 Computed
11066 NextPrime 11069 Computed
10154 NextPrime 10159 Computed
10863 NextPrime 10867 Computed
10229 NextPrime 10243 Computed
10742 NextPrime 10753 Computed
11060 NextPrime 11069 Computed
11697 NextPrime 11699 Computed
11149 NextPrime 11159 Computed
11105 NextPrime 11113 Computed
11140 NextPrime 11149 Computed
10294 NextPrime 10301 Computed
10049 NextPrime 10061 Computed
10764 NextPrime 10771 Computed
11251 NextPrime 11257 Computed
10157 NextPrime 10159 Computed
12015 NextPrime 12037 Computed
11707 NextPrime 11717 Computed
11516 NextPrime 11519 Computed
10338 NextPrime 10343 Computed
11681 Square 136445761 Computed
11600 Square 134560000 Computed
10556 Square 111429136 Computed
10899 Square 118788201 Computed
11105 Square 123321025 Computed
11299 Square 127667401 Computed
11252 Square 126607504 Computed
10814 Square 116942596 Computed
11774 Square 138627076 Computed
11501 Square 132273001 Computed
10723 Square 114982729 Computed
11034 Square 121749156 Computed
11190 Square 125216100 Computed
11172 Square 124813584 Computed
11068 Square 122500624 Computed
11892 Square 141419664 Computed
10281 Square 105698961 Computed
10759 Fibonacci 2714 Computed
12031 Fibonacci 5157 Computed
11528 Fibonacci 8592 Computed
10470 Fibonacci 7838 Computed
10396 Fibonacci 1818 Computed
10977 Fibonacci 1410 Computed
11961 Fibonacci 7715 Computed
10518 Fibonacci 7768 Computed
11954 Fibonacci 8053 Computed
10482 Fibonacci 66 Computed
11118 Fibonacci 9750 Computed
11733 Fibonacci 9437 Computed
11061 Fibonacci 833 Computed
11180 Fibonacci 6309 Computed
10296 Fibonacci 2402 Computed
10179 Fibonacci 8479 Computed
10356 Fibonacci 3547 Computed
10187 Fibonacci 8517 Computed
11817 Fibonacci 2238 Computed
11362 Fibonacci 8747 Computed
11267 Fibonacci 4390 Computed
11133 Fibonacci 9267 Computed
11890 Fibonacci 1933 Computed
11787 Fibonacci 3404 Computed
10011 Fibonacci 6762 Computed
10273 Fibonacci 1058 Computed
10083 Fibonacci 7843 Computed
11598 Fibonacci 270 Computed
10036 Fibonacci 907 Computed
11397 Fibonacci 7163 Computed
10612 Fibonacci 9920 Computed
10715 Fibonacci 2629 Computed
11076 Fibonacci 1230 Computed
11745 Fibonacci 9224 Computed
10513 Fibonacci 9326 Computed
11467 Fibonacci 1117 Computed
11451 CheckPrime 0 Computed
10576 CheckPrime 0 Computed
11512 CheckPrime 0 Computed
11406 CheckPrime 0 Computed
10217 CheckPrime 0 Computed
11817 CheckPrime 0 Computed
11180 CheckPrime 0 Computed
10430 CheckPrime 0 Computed
11034 CheckPrime 0 Computed
10173 CheckPrime 0 Computed
10904 CheckPrime 0 Computed
11104 Factorial 0 Computed
11308 Factorial 0 Computed
11210 Factorial 0 Computed
10373 Factorial 0 Computed
10398 Factorial 0 Computed
10055 Sqrt 100 Computed
11616 Sqrt 107 Computed
11274 Sqrt 106 Computed
10659 Sqrt 103 Computed
10331 Sqrt 101 Computed
10428 Sqrt 102 Computed
11486 Sqrt 107 Computed
10425 Sqrt 102 Computed
10359 Sqrt 101 Computed
11019 Sqrt 104 Computed
10081 Sqrt 100 Computed
11678 Sqrt 108 Computed
11408 NextPrime 11411 Computed
10868 NextPrime 10883 Computed
10338 NextPrime 10343 Computed
11576 NextPrime 11579 Computed
10955 NextPrime 10957 Computed
10135 NextPrime 10139 Computed
10651 NextPrime 10657 Computed
10309 NextPrime 10313 Computed
11655 NextPrime 11657 Computed
11179 NextPrime 11197 Computed
10887 NextPrime 10889 Computed
11391 NextPrime 11393 Computed
11924 NextPrime 11927 Computed
11835 NextPrime 11839 Computed
10103 NextPrime 10111 Computed
10991 NextPrime 10993 Computed
10385 NextPrime 10391 Computed
11953 NextPrime 11959 Computed
11103 NextPrime 11113 Computed
11721 Square 137381841 Computed
11577 Square 134026929 Computed
10781 Square 116229961 Computed
11393 Square 129800449 Computed
11007 Square 121154049 Computed
11265 Square 126900225 Computed
11499 Square 132227001 Computed
10339 Square 106894921 Computed
10774 Square 116079076 Computed
10668 Square 113806224 Computed
11140 Square 124099600 Computed
10837 Square 117440569 Computed
10889 Square 118570321 Computed
11540 Square 133171600 Computed
10426 Square 108701476 Computed
11085 Square 122877225 Computed
10406 Square 108284836 Computed
10780 Fibonacci 9460 Computed
11844 Fibonacci 2008 Computed
11988 Fibonacci 8842 Computed
10105 Fibonacci 9262 Computed
11893 Fibonacci 2803 Computed
11899 Fibonacci 5518 Computed
11372 Fibonacci 5565 Computed
10153 Fibonacci 2230 Computed
10967 Fibonacci 3938 Computed
11998 Fibonacci 4877 Computed
11309 Fibonacci 3783 Computed
11719 Fibonacci 9352 Computed
11365 Fibonacci 4844 Computed
11565 Fibonacci 5607 Computed
11123 Fibonacci 1404 Computed
10304 Fibonacci 5504 Computed
10634 Fibonacci 918 Computed
10236 Fibonacci 157 Computed
11541 Fibonacci 403 Computed
10503 Fibonacci 5159 Computed
11576 Fibonacci 7939 Computed
11320 Fibonacci 6322 Computed
10954 Fibonacci 773 Computed
11582 Fibonacci 5355 Computed
11237 Fibonacci 2555 Computed
11945 Fibonacci 6382 Computed
11531 Fibonacci 9532 Computed
10127 Fibonacci 8149 Computed
11831 Fibonacci 8143 Computed
11486 Fibonacci 2970 Computed
10723 Fibonacci 7756 Computed
10376 Fibonacci 4051 Computed
11202 Fibonacci 4434 Computed
11751 Fibonacci 2657 Computed
10607 Fibonacci 552 Computed
10798 Fibonacci 494 Computed
11803 CheckPrime 0 Computed
11107 CheckPrime 0 Computed
10882 CheckPrime 0 Computed
10551 CheckPrime 0 Computed
10893 CheckPrime 0 Computed
11102 CheckPrime 0 Computed
10686 CheckPrime 0 Computed
10591 CheckPrime 0 Computed
11870 CheckPrime 0 Computed
11154 CheckPrime 0 Computed
11414 CheckPrime 0 Computed
10801 Factorial 0 Computed
10318 Factorial 0 Computed
11483 Factorial 0 Computed
12044 Factorial 0 Computed
10837 Factorial 0 Computed
11919 Sqrt 109 Computed
10474 Sqrt 102 Computed
10475 Sqrt 102 Computed
11540 Sqrt 107 Computed
10388 Sqrt 101 Computed
10546 Sqrt 102 Computed
11640 Sqrt 107 Computed
10472 Sqrt 102 Computed
10279 Sqrt 101 Computed
11646 Sqrt 107 Computed
10666 Sqrt 103 Computed
10438 Sqrt 102 Computed
11771 NextPrime 11777 Computed
11776 NextPrime 11777 Computed
10669 NextPrime 10687 Computed
10575 NextPrime 10589 Computed
10386 NextPrime 10391 Computed
11050 NextPrime 11057 Computed
10739 NextPrime 10753 Computed
10201 NextPrime 10211 Computed
11354 NextPrime 11369 Computed
10270 NextPrime 10271 Computed
10174 NextPrime 10177 Computed
11604 NextPrime 11617 Computed
11965 NextPrime 11969 Computed
11176 NextPrime 11177 Computed
10973 NextPrime 10979 Computed
10819 NextPrime 10831 Computed
10155 NextPrime 10159 Computed
11328 NextPrime 11329 Computed
10716 NextPrime 10723 Computed
11832 Square 139996224 Computed
12043 Square 145033849 Computed
10024 Square 100480576 Computed
10882 Square 118417924 Computed
11131 Square 123899161 Computed
11032 Square 121705024 Computed
11224 Square 125978176 Computed
10935 Square 119574225 Computed
10251 Square 105083001 Computed
11834 Square 140043556 Computed
10660 Square 113635600 Computed
11976 Square 143424576 Computed
12009 Square 144216081 Computed
10869 Square 118135161 Computed
11697 Square 136819809 Computed
11578 Square 134050084 Computed
11908 Square 141800464 Computed
11319 Fibonacci 9216 Computed
11144 Fibonacci 3915 Computed
10811 Fibonacci 4503 Computed
11350 Fibonacci 5331 Computed
10846 Fibonacci 9967 Computed
11222 Fibonacci 8785 Computed
10728 Fibonacci 4220 Computed
10489 Fibonacci 4256 Computed
11973 Fibonacci 6637 Computed
11063 Fibonacci 3214 Computed
10563 Fibonacci 279 Computed
12045 Fibonacci 8262 Computed
10411 Fibonacci 2030 Computed
11061 Fibonacci 833 Computed
10452 Fibonacci 8687 Computed
10317 Fibonacci 8487 Computed
11156 Fibonacci 3406 Computed
11740 Fibonacci 7500 Computed
11876 Fibonacci 7862 Computed
10636 Fibonacci 1298 Computed
10250 Fibonacci 3274 Computed
10959 Fibonacci 6050 Computed
10553 Fibonacci 1887 Computed
10385 Fibonacci 8291 Computed
10467 Fibonacci 3920 Computed
10290 Fibonacci 5407 Computed
10598 Fibonacci 1900 Computed
11309 Fibonacci 3783 Computed
11966 Fibonacci 4936 Computed
10620 Fibonacci 7827 Computed
10670 Fibonacci 9731 Computed
10309 Fibonacci 2083 Computed
10718 Fibonacci 8661 Computed
10869 Fibonacci 2348 Computed
11650 Fibonacci 9203 Computed
10619 Fibonacci 3898 Computed
11363 CheckPrime 0 Computed
10558 CheckPrime 0 Computed
11159 CheckPrime 1 Computed
11559 CheckPrime 0 Computed
10799 CheckPrime 1 Computed
11271 CheckPrime 0 Computed
10903 CheckPrime 1 Computed
10392 CheckPrime 0 Computed
11883 CheckPrime 0 Computed
11372 CheckPrime 0 Computed
10059 CheckPrime 0 Computed
10759 Factorial 0 Computed
11538 Factorial 0 Computed
10812 Factorial 0 Computed
10244 Factorial 0 Computed
10335 Factorial 0 Computed
10241 Sqrt 101 Computed
11722 Sqrt 108 Computed
11581 Sqrt 107 Computed
11089 Sqrt 105 Computed
10821 Sqrt 104 Computed
11922 Sqrt 109 Computed
11692 Sqrt 108 Computed
11779 Sqrt 108 Computed
11718 Sqrt 108 Computed
10607 Sqrt 102 Computed
10359 Sqrt 101 Computed
10504 Sqrt 102 Computed
11374 NextPrime 11383 Computed
11927 NextPrime 11933 Computed
11824 NextPrime 11827 Computed
11105 NextPrime 11113 Computed
11479 NextPrime 11483 Computed
10002 NextPrime 10007 Computed
10455 NextPrime 10457 Computed
10954 NextPrime 10957 Computed
10181 NextPrime 10193 Computed
10816 NextPrime 10831 Computed
10414 NextPrime 10427 Computed
11947 NextPrime 11953 Computed
11165 NextPrime 11171 Computed
10798 NextPrime 10799 Computed
10631 NextPrime 10639 Computed
11513 NextPrime 11519 Computed
10350 NextPrime 10357 Computed
11650 NextPrime 11657 Computed
11158 NextPrime 11159 Computed
12003 Square 144072009 Computed
10135 Square 102718225 Computed
11905 Square 141729025 Computed
11346 Square 128731716 Computed
11596 Square 134467216 Computed
10506 Square 110376036 Computed
11210 Square 125664100 Computed
11202 Square 125484804 Computed
11375 Square 129390625 Computed
10537 Square 111028369 Computed
10640 Square 113209600 Computed
10724 Square 115004176 Computed
11992 Square 143808064 Computed
11088 Square 122943744 Computed
11140 Square 124099600 Computed
11720 Square 137358400 Computed
10629 Square 112975641 Computed
10164 Fibonacci 9446 Computed
11810 Fibonacci 7176 Computed
11344 Fibonacci 6527 Computed
11553 Fibonacci 9620 Computed
10777 Fibonacci 6720 Computed
11402 Fibonacci 5439 Computed
11455 Fibonacci 9447 Computed
10094 Fibonacci 6021 Computed
11158 Fibonacci 7297 Computed
10945 Fibonacci 6791 Computed
10762 Fibonacci 7346 Computed
11043 Fibonacci 3033 Computed
10129 Fibonacci 8270 Computed
10556 Fibonacci 3372 Computed
10498 Fibonacci 8001 Computed
10744 Fibonacci 613 Computed
11967 Fibonacci 7446 Computed
11324 Fibonacci 9393 Computed
10459 Fibonacci 2384 Computed
11681 Fibonacci 2910 Computed
10183 Fibonacci 2428 Computed
11348 Fibonacci 2815 Computed
10191 Fibonacci 7326 Computed
11234 Fibonacci 9624 Computed
10447 Fibonacci 5956 Computed
11048 Fibonacci 1380 Computed
11175 Fibonacci 7226 Computed
10406 Fibonacci 8863 Computed
10218 Fibonacci 9014 Computed
11690 Fibonacci 6482 Computed
11839 Fibonacci 8317 Computed
11314 Fibonacci 7747 Computed
11155 Fibonacci 485 Computed
11098 Fibonacci 71 Computed
10842 Fibonacci 244 Computed
10138 Fibonacci 206 Computed
11997 CheckPrime 0 Computed
10835 CheckPrime 0 Computed
10135 CheckPrime 0 Computed
10442 CheckPrime 0 Computed
11783 CheckPrime 1 Computed
10350 CheckPrime 0 Computed
11546 CheckPrime 0 Computed
11517 CheckPrime 0 Computed
10690 CheckPrime 0 Computed
10651 CheckPrime 1 Computed
10983 CheckPrime 0 Computed
