-473 Factorial 0 Computed
598 Sqrt 24 Computed
-519 Square 269361 Computed
-583 Fibonacci -1 Computed
-763 Factorial 0 Computed
160 Sqrt 12 Computed
5 Square 25 Computed
-799 Fibonacci -1 Computed
-538 Factorial 0 Computed
427 Sqrt 20 Computed
-199 Square 39601 Computed
437 Fibonacci 7943 Computed
-843 Factorial 0 Computed
535 Sqrt 23 Computed
78 Square 6084 Computed
439 Fibonacci 4917 Computed
830 Factorial 9667 Computed
-171 Sqrt 13 Computed
160 Square 25600 Computed
467 Fibonacci 9607 Computed
-29 Factorial 0 Computed
-407 Sqrt 20 Computed
-639 Square 408321 Computed
-756 Fibonacci -1 Computed
-882 Factorial 0 Computed
624 Sqrt 24 Computed
-645 Square 416025 Computed
-35 Fibonacci -1 Computed
-147 Factorial 0 Computed
30 Sqrt 5 Computed
-476 Square 226576 Computed
659 Fibonacci 538 Computed
-777 Factorial 0 Computed
472 Sqrt 21 Computed
-334 Square 111556 Computed
-932 Fibonacci -1 Computed
-85 Factorial 0 Computed
679 Sqrt 26 Computed
862 Square 743044 Computed
-1 Fibonacci -1 Computed
-40 Factorial 0 Computed
-233 Sqrt 15 Computed
861 Square 741321 Computed
-938 Fibonacci -1 Computed
-710 Factorial 0 Computed
-543 Sqrt 23 Computed
319 Square 101761 Computed
-713 Fibonacci -1 Computed
-678 Factorial 0 Computed
786 Sqrt 28 Computed
353 Square 124609 Computed
-254 Fibonacci -1 Computed
-30 Factorial 0 Computed
302 Sqrt 17 Computed
-143 Square 20449 Computed
68 Fibonacci 127 Computed
416 Factorial 4792 Computed
464 Sqrt 21 Computed
-606 Square 367236 Computed
-368 Fibonacci -1 Computed
-94 Factorial 0 Computed
-692 Sqrt 26 Computed
-789 Square 622521 Computed
950 Fibonacci 5773 Computed
952 Factorial 1047 Computed
917 Sqrt 30 Computed
775 Square 600625 Computed
-720 Fibonacci -1 Computed
199 Factorial 7757 Computed
-192 Sqrt 13 Computed
16 Square 256 Computed
455 Fibonacci 8936 Computed
-201 Factorial 0 Computed
660 Sqrt 25 Computed
126 Square 15876 Computed
-476 Fibonacci -1 Computed
-885 Factorial 0 Computed
638 Sqrt 25 Computed
840 Square 705600 Computed
-425 Fibonacci -1 Computed
-1000 Factorial 0 Computed
427 Sqrt 20 Computed
884 Square 781456 Computed
689 Fibonacci 3586 Computed
-236 Factorial 0 Computed
-949 Sqrt 30 Computed
153 Square 23409 Computed
393 Fibonacci 395 Computed
-812 Factorial 0 Computed
-652 Sqrt 25 Computed
373 Square 139129 Computed
241 Fibonacci 9523 Computed
-403 Factorial 0 Computed
167 Sqrt 12 Computed
519 Square 269361 Computed
152 Fibonacci 8028 Computed
-141 Factorial 0 Computed
533 Sqrt 23 Computed
944 Square 891136 Computed
-888 Fibonacci -1 Computed
629 Factorial 9728 Computed
-981 Sqrt 31 Computed
646 Square 417316 Computed
-610 Fibonacci -1 Computed
-894 Factorial 0 Computed
294 Sqrt 17 Computed
773 Square 597529 Computed
77 Fibonacci 8552 Computed
-689 Factorial 0 Computed
-11 Sqrt 3 Computed
-643 Square 413449 Computed
136 Fibonacci 263 Computed
519 Factorial 8258 Computed
879 Sqrt 29 Computed
-899 Square 808201 Computed
-663 Fibonacci -1 Computed
-814 Factorial 0 Computed
-812 Sqrt 28 Computed
207 Square 42849 Computed
-393 Fibonacci -1 Computed
379 Factorial 2304 Computed
448 Sqrt 21 Computed
-649 Square 421201 Computed
883 Fibonacci 1810 Computed
301 Factorial 7344 Computed
-510 Sqrt 22 Computed
67 Square 4489 Computed
874 Fibonacci 6746 Computed
175 Factorial 814 Computed
217 Sqrt 14 Computed
845 Square 714025 Computed
-599 Fibonacci -1 Computed
-310 Factorial 0 Computed
904 Sqrt 30 Computed
-207 Square 42849 Computed
350 Fibonacci 763 Computed
-206 Factorial 0 Computed
-470 Sqrt 21 Computed
398 Square 158404 Computed
252 Fibonacci 3045 Computed
-646 Factorial 0 Computed
601 Sqrt 24 Computed
-150 Square 22500 Computed
910 Fibonacci 657 Computed
-411 Factorial 0 Computed
-286 Sqrt 16 Computed
230 Square 52900 Computed
358 Fibonacci 4448 Computed
-725 Factorial 0 Computed
166 Sqrt 12 Computed
430 Square 184900 Computed
-601 Fibonacci -1 Computed
818 Factorial 8424 Computed
132 Sqrt 11 Computed
63 Square 3969 Computed
-163 Fibonacci -1 Computed
348 Factorial 4485 Computed
528 Sqrt 22 Computed
872 Square 760384 Computed
681 Fibonacci 2170 Computed
-965 Factorial 0 Computed
-475 Sqrt 21 Computed
684 Square 467856 Computed
644 Fibonacci 6044 Computed
884 Factorial 5388 Computed
-97 Sqrt 9 Computed
-307 Square 94249 Computed
839 Fibonacci 9653 Computed
-991 Factorial 0 Computed
-186 Sqrt 13 Computed
286 Square 81796 Computed
621 Fibonacci 5668 Computed
895 Factorial 3277 Computed
597 Sqrt 24 Computed
-424 Square 179776 Computed
-856 Fibonacci -1 Computed
-84 Factorial 0 Computed
-745 Sqrt 27 Computed
-874 Square 763876 Computed
117 Fibonacci 6247 Computed
443 Factorial 3241 Computed
476 Sqrt 21 Computed
-149 Square 22201 Computed
374 Fibonacci 1810 Computed
405 Factorial 1102 Computed
-437 Sqrt 20 Computed
305 Square 93025 Computed
727 Fibonacci 2073 Computed
784 Factorial 446 Computed
446 Sqrt 21 Computed
-707 Square 499849 Computed
-277 Fibonacci -1 Computed
-960 Factorial 0 Computed
430 Sqrt 20 Computed
-930 Square 864900 Computed
-638 Fibonacci -1 Computed
-270 Factorial 0 Computed
-64 Sqrt 8 Computed
796 Square 633616 Computed
985 Fibonacci 3923 Computed
-160 Factorial 0 Computed
732 Sqrt 27 Computed
935 Square 874225 Computed
-107 Fibonacci -1 Computed
-272 Factorial 0 Computed
-689 Sqrt 26 Computed
225 Square 50625 Computed
-861 Fibonacci -1 Computed
398 Factorial 4556 Computed
-695 Sqrt 26 Computed
270 Square 72900 Computed
258 Fibonacci 7759 Computed
-364 Factorial 0 Computed
-752 Sqrt 27 Computed
-372 Square 138384 Computed
-179 Fibonacci -1 Computed
424 Factorial 8866 Computed
-590 Sqrt 24 Computed
-549 Square 301401 Computed
-300 Fibonacci -1 Computed
250 Factorial 9216 Computed
-813 Sqrt 28 Computed
255 Square 65025 Computed
-252 Fibonacci -1 Computed
-419 Factorial 0 Computed
-687 Sqrt 26 Computed
-104 Square 10816 Computed
-961 Fibonacci -1 Computed
-75 Factorial 0 Computed
-93 Sqrt 9 Computed
-580 Square 336400 Computed
24 Fibonacci 6476 Computed
-490 Factorial 0 Computed
-944 Sqrt 30 Computed
-315 Square 99225 Computed
-683 Fibonacci -1 Computed
-249 Factorial 0 Computed
-78 Sqrt 8 Computed
-548 Square 300304 Computed
972 Fibonacci 5345 Computed
629 Factorial 9728 Computed
649 Sqrt 25 Computed
-714 Square 509796 Computed
188 Fibonacci 1459 Computed
-608 Factorial 0 Computed
818 Sqrt 28 Computed
100 Square 10000 Computed
-257 Fibonacci -1 Computed
-194 Factorial 0 Computed
668 Sqrt 25 Computed
-315 Square 99225 Computed
993 Fibonacci 6035 Computed
-625 Factorial 0 Computed
79 Sqrt 8 Computed
-919 Square 844561 Computed
939 Fibonacci 7237 Computed
271 Factorial 9000 Computed
368 Sqrt 19 Computed
-991 Square 982081 Computed
362 Fibonacci 3322 Computed
-879 Factorial 0 Computed
436 Sqrt 20 Computed
-414 Square 171396 Computed
-729 Fibonacci -1 Computed
-248 Factorial 0 Computed
359 Sqrt 18 Computed
-886 Square 784996 Computed
-87 Fibonacci -1 Computed
-798 Factorial 0 Computed
-88 Sqrt 9 Computed
-919 Square 844561 Computed
44 Fibonacci 7643 Computed
-564 Factorial 0 Computed
-523 Sqrt 22 Computed
-820 Square 672400 Computed
-707 Fibonacci -1 Computed
-483 Factorial 0 Computed
895 Sqrt 29 Computed
-344 Square 118336 Computed
467 Fibonacci 9607 Computed
-318 Factorial 0 Computed
860 Sqrt 29 Computed
617 Square 380689 Computed
401 Fibonacci 3376 Computed
219 Factorial 8349 Computed
-893 Sqrt 29 Computed
485 Square 235225 Computed
456 Fibonacci 4309 Computed
-784 Factorial 0 Computed
931 Sqrt 30 Computed
687 Square 471969 Computed
-814 Fibonacci -1 Computed
-383 Factorial 0 Computed
-222 Sqrt 14 Computed
965 Square 931225 Computed
408 Fibonacci 4264 Computed
-700 Factorial 0 Computed
119 Sqrt 10 Computed
9 Square 81 Computed
646 Fibonacci 2146 Computed
