-611 Factorial 0 Computed
805 Factorial 4534 Computed
829 Cube 569722789 Computed
-591 Cube -206425071 Computed
-914 Cube -763551944 Computed
-131 Cube -2248091 Computed
589 Cube 204336469 Computed
126 Cube 2000376 Computed
-997 Cube -991026973 Computed
575 Cube 190109375 Computed
493 Cube 119823157 Computed
486 Cube 114791256 Computed
114 Cube 1481544 Computed
-377 Cube -53582633 Computed
360 Cube 46656000 Computed
607 Cube 223648543 Computed
196 Cube 7529536 Computed
503 Cube 127263527 Computed
378 Sqrt 19 Computed
-234 Sqrt 15 Computed
852 Sqrt 29 Computed
-979 Sqrt 31 Computed
-178 Sqrt 13 Computed
309 Sqrt 17 Computed
-332 Sqrt 18 Computed
-256 Sqrt 16 Computed
159 Sqrt 12 Computed
-410 Sqrt 20 Computed
329 Sqrt 18 Computed
-189 Sqrt 13 Computed
758 Square 574564 Computed
-390 Square 152100 Computed
57 Square 3249 Computed
857 Square 734449 Computed
-738 Square 544644 Computed
997 Square 994009 Computed
-289 Square 83521 Computed
243 Square 59049 Computed
866 Square 749956 Computed
601 Fibonacci 7937 Computed
-111 Fibonacci -1 Computed
-427 Fibonacci -1 Computed
-526 Fibonacci -1 Computed
-379 Fibonacci -1 Computed
133 Fibonacci 337 Computed
-548 Fibonacci -1 Computed
-747 Fibonacci -1 Computed
-225 Fibonacci -1 Computed
777 Fibonacci 6225 Computed
-134 Fibonacci -1 Computed
-136 Fibonacci -1 Computed
436 Fibonacci 8977 Computed
922 Fibonacci 6829 Computed
-679 Fibonacci -1 Computed
-26 Fibonacci -1 Computed
-261 Fibonacci -1 Computed
454 Fibonacci 5346 Computed
723 Fibonacci 2828 Computed
502 Fibonacci 669 Computed
-967 CheckPrime 0 Computed
593 CheckPrime 1 Computed
-223 CheckPrime 0 Computed
-503 CheckPrime 0 Computed
-22 CheckPrime 0 Computed
-751 CheckPrime 0 Computed
-554 CheckPrime 0 Computed
743 Factorial 9537 Computed
-955 Factorial 0 Computed
302 Cube 27543608 Computed
-557 Cube -172808693 Computed
881 Cube 683797841 Computed
-137 Cube -2571353 Computed
894 Cube 714516984 Computed
689 Cube 327082769 Computed
-885 Cube -693154125 Computed
668 Cube 298077632 Computed
-950 Cube -857375000 Computed
959 Cube 881974079 Computed
-541 Cube -158340421 Computed
-153 Cube -3581577 Computed
293 Cube 25153757 Computed
832 Cube 575930368 Computed
410 Cube 68921000 Computed
-330 Cube -35937000 Computed
-464 Sqrt 21 Computed
-809 Sqrt 28 Computed
156 Sqrt 12 Computed
-27 Sqrt 5 Computed
425 Sqrt 20 Computed
-435 Sqrt 20 Computed
-179 Sqrt 13 Computed
599 Sqrt 24 Computed
-318 Sqrt 17 Computed
-559 Sqrt 23 Computed
657 Sqrt 25 Computed
-345 Sqrt 18 Computed
52 Square 2704 Computed
-954 Square 910116 Computed
538 Square 289444 Computed
384 Square 147456 Computed
961 Square 923521 Computed
413 Square 170569 Computed
737 Square 543169 Computed
-176 Square 30976 Computed
-822 Square 675684 Computed
-902 Fibonacci -1 Computed
135 Fibonacci 300 Computed
-516 Fibonacci -1 Computed
393 Fibonacci 395 Computed
-752 Fibonacci -1 Computed
381 Fibonacci 2942 Computed
-246 Fibonacci -1 Computed
939 Fibonacci 7237 Computed
-77 Fibonacci -1 Computed
-339 Fibonacci -1 Computed
231 Fibonacci 5973 Computed
650 Fibonacci 9009 Computed
629 Fibonacci 4193 Computed
993 Fibonacci 6035 Computed
417 Fibonacci 5758 Computed
-11 Fibonacci -1 Computed
-307 Fibonacci -1 Computed
-330 Fibonacci -1 Computed
-149 Fibonacci -1 Computed
-36 Fibonacci -1 Computed
-86 CheckPrime 0 Computed
797 CheckPrime 1 Computed
9 CheckPrime 0 Computed
94 CheckPrime 0 Computed
-634 CheckPrime 0 Computed
469 CheckPrime 0 Computed
787 CheckPrime 1 Computed
-234 Factorial 0 Computed
912 Factorial 3577 Computed
708 Cube 354894912 Computed
-728 Cube -385828352 Computed
-328 Cube -35287552 Computed
-140 Cube -2744000 Computed
-478 Cube -109215352 Computed
-545 Cube -161878625 Computed
-470 Cube -103823000 Computed
-32 Cube -32768 Computed
81 Cube 531441 Computed
-24 Cube -13824 Computed
-61 Cube -226981 Computed
580 Cube 195112000 Computed
796 Cube 504358336 Computed
61 Cube 226981 Computed
-879 Cube -679151439 Computed
380 Cube 54872000 Computed
100 Sqrt 10 Computed
-557 Sqrt 23 Computed
394 Sqrt 19 Computed
-608 Sqrt 24 Computed
-955 Sqrt 30 Computed
656 Sqrt 25 Computed
-688 Sqrt 26 Computed
-909 Sqrt 30 Computed
45 Sqrt 6 Computed
787 Sqrt 28 Computed
802 Sqrt 28 Computed
-16 Sqrt 4 Computed
390 Square 152100 Computed
-94 Square 8836 Computed
-393 Square 154449 Computed
972 Square 944784 Computed
740 Square 547600 Computed
150 Square 22500 Computed
-365 Square 133225 Computed
715 Square 511225 Computed
-352 Square 123904 Computed
-110 Fibonacci -1 Computed
216 Fibonacci 7928 Computed
-359 Fibonacci -1 Computed
292 Fibonacci 2173 Computed
-133 Fibonacci -1 Computed
-776 Fibonacci -1 Computed
-824 Fibonacci -1 Computed
-555 Fibonacci -1 Computed
-765 Fibonacci -1 Computed
120 Fibonacci 3952 Computed
280 Fibonacci 9411 Computed
716 Fibonacci 8194 Computed
-21 Fibonacci -1 Computed
-279 Fibonacci -1 Computed
130 Fibonacci 8888 Computed
-571 Fibonacci -1 Computed
188 Fibonacci 1459 Computed
-991 Fibonacci -1 Computed
-325 Fibonacci -1 Computed
976 Fibonacci 6352 Computed
-898 CheckPrime 0 Computed
-632 CheckPrime 0 Computed
152 CheckPrime 0 Computed
-732 CheckPrime 0 Computed
-78 CheckPrime 0 Computed
141 CheckPrime 0 Computed
-221 CheckPrime 0 Computed
-479 Factorial 0 Computed
-520 Factorial 0 Computed
154 Cube 3652264 Computed
-768 Cube -452984832 Computed
518 Cube 138991832 Computed
303 Cube 27818127 Computed
331 Cube 36264691 Computed
89 Cube 704969 Computed
213 Cube 9663597 Computed
33 Cube 35937 Computed
-458 Cube -96071912 Computed
862 Cube 640503928 Computed
768 Cube 452984832 Computed
-241 Cube -13997521 Computed
-466 Cube -101194696 Computed
-365 Cube -48627125 Computed
5 Cube 125 Computed
423 Cube 75686967 Computed
-839 Sqrt 28 Computed
248 Sqrt 15 Computed
862 Sqrt 29 Computed
-217 Sqrt 14 Computed
415 Sqrt 20 Computed
254 Sqrt 15 Computed
-729 Sqrt 27 Computed
-487 Sqrt 22 Computed
125 Sqrt 11 Computed
854 Sqrt 29 Computed
104 Sqrt 10 Computed
567 Sqrt 23 Computed
-734 Square 538756 Computed
678 Square 459684 Computed
-806 Square 649636 Computed
-10 Square 100 Computed
-597 Square 356409 Computed
856 Square 732736 Computed
-212 Square 44944 Computed
647 Square 418609 Computed
-304 Square 92416 Computed
91 Fibonacci 5754 Computed
559 Fibonacci 588 Computed
-765 Fibonacci -1 Computed
-915 Fibonacci -1 Computed
-309 Fibonacci -1 Computed
47 Fibonacci 9048 Computed
885 Fibonacci 5523 Computed
155 Fibonacci 1703 Computed
85 Fibonacci 211 Computed
220 Fibonacci 3851 Computed
-25 Fibonacci -1 Computed
899 Fibonacci 1737 Computed
-784 Fibonacci -1 Computed
-940 Fibonacci -1 Computed
44 Fibonacci 7643 Computed
-986 Fibonacci -1 Computed
775 Fibonacci 5510 Computed
-415 Fibonacci -1 Computed
296 Fibonacci 9296 Computed
922 Fibonacci 6829 Computed
758 CheckPrime 0 Computed
121 CheckPrime 0 Computed
427 CheckPrime 0 Computed
55 CheckPrime 0 Computed
924 CheckPrime 0 Computed
883 CheckPrime 1 Computed
605 CheckPrime 0 Computed
-322 Factorial 0 Computed
998 Factorial 2449 Computed
218 Cube 10360232 Computed
-65 Cube -274625 Computed
878 Cube 676836152 Computed
-273 Cube -20346417 Computed
-44 Cube -85184 Computed
-235 Cube -12977875 Computed
176 Cube 5451776 Computed
179 Cube 5735339 Computed
-58 Cube -195112 Computed
-101 Cube -1030301 Computed
-170 Cube -4913000 Computed
828 Cube 567663552 Computed
889 Cube 702595369 Computed
515 Cube 136590875 Computed
123 Cube 1860867 Computed
-324 Cube -34012224 Computed
568 Sqrt 23 Computed
-798 Sqrt 28 Computed
785 Sqrt 28 Computed
462 Sqrt 21 Computed
-504 Sqrt 22 Computed
-448 Sqrt 21 Computed
-159 Sqrt 12 Computed
-33 Sqrt 5 Computed
-466 Sqrt 21 Computed
-719 Sqrt 26 Computed
-766 Sqrt 27 Computed
-380 Sqrt 19 Computed
41 Square 1681 Computed
455 Square 207025 Computed
-752 Square 565504 Computed
243 Square 59049 Computed
-543 Square 294849 Computed
-879 Square 772641 Computed
-606 Square 367236 Computed
322 Square 103684 Computed
938 Square 879844 Computed
628 Fibonacci 6125 Computed
892 Fibonacci 4684 Computed
-834 Fibonacci -1 Computed
-217 Fibonacci -1 Computed
909 Fibonacci 5356 Computed
-622 Fibonacci -1 Computed
989 Fibonacci 4272 Computed
-962 Fibonacci -1 Computed
106 Fibonacci 591 Computed
253 Fibonacci 1560 Computed
-932 Fibonacci -1 Computed
-778 Fibonacci -1 Computed
593 Fibonacci 3449 Computed
815 Fibonacci 2480 Computed
-335 Fibonacci -1 Computed
758 Fibonacci 8537 Computed
26 Fibonacci 1717 Computed
447 Fibonacci 3902 Computed
613 Fibonacci 2905 Computed
934 Fibonacci 4221 Computed
-632 CheckPrime 0 Computed
-654 CheckPrime 0 Computed
193 CheckPrime 1 Computed
505 CheckPrime 0 Computed
-400 CheckPrime 0 Computed
-32 CheckPrime 0 Computed
224 CheckPrime 0 Computed
53 Factorial 2509 Computed
198 Factorial 5251 Computed
-691 Cube -329939371 Computed
21 Cube 9261 Computed
-338 Cube -38614472 Computed
288 Cube 23887872 Computed
-430 Cube -79507000 Computed
374 Cube 52313624 Computed
339 Cube 38958219 Computed
350 Cube 42875000 Computed
-19 Cube -6859 Computed
-300 Cube -27000000 Computed
-34 Cube -39304 Computed
-392 Cube -60236288 Computed
831 Cube 573856191 Computed
-149 Cube -3307949 Computed
409 Cube 68417929 Computed
580 Cube 195112000 Computed
79 Sqrt 8 Computed
-224 Sqrt 14 Computed
-34 Sqrt 5 Computed
503 Sqrt 22 Computed
-784 Sqrt 28 Computed
187 Sqrt 13 Computed
-673 Sqrt 25 Computed
-488 Sqrt 22 Computed
-62 Sqrt 7 Computed
-800 Sqrt 28 Computed
878 Sqrt 29 Computed
-953 Sqrt 30 Computed
748 Square 559504 Computed
-230 Square 52900 Computed
857 Square 734449 Computed
997 Square 994009 Computed
822 Square 675684 Computed
-762 Square 580644 Computed
795 Square 632025 Computed
900 Square 810000 Computed
100 Square 10000 Computed
-967 Fibonacci -1 Computed
298 Fibonacci 4119 Computed
783 Fibonacci 6861 Computed
-444 Fibonacci -1 Computed
826 Fibonacci 3473 Computed
750 Fibonacci 1815 Computed
-560 Fibonacci -1 Computed
552 Fibonacci 7735 Computed
541 Fibonacci 4689 Computed
-912 Fibonacci -1 Computed
8 Fibonacci 21 Computed
-437 Fibonacci -1 Computed
297 Fibonacci 4796 Computed
-806 Fibonacci -1 Computed
563 Fibonacci 8112 Computed
-903 Fibonacci -1 Computed
169 Fibonacci 5886 Computed
773 Fibonacci 332 Computed
-354 Fibonacci -1 Computed
828 Fibonacci 940 Computed
-203 CheckPrime 0 Computed
-861 CheckPrime 0 Computed
713 CheckPrime 0 Computed
-597 CheckPrime 0 Computed
636 CheckPrime 0 Computed
-1 CheckPrime 0 Computed
803 CheckPrime 0 Computed
-53 Factorial 0 Computed
240 Factorial 401 Computed
-509 Cube -131872229 Computed
679 Cube 313046839 Computed
16 Cube 4096 Computed
-42 Cube -74088 Computed
787 Cube 487443403 Computed
-253 Cube -16194277 Computed
-26 Cube -17576 Computed
931 Cube 806954491 Computed
-213 Cube -9663597 Computed
725 Cube 381078125 Computed
-147 Cube -3176523 Computed
460 Cube 97336000 Computed
-814 Cube -539353144 Computed
112 Cube 1404928 Computed
518 Cube 138991832 Computed
364 Cube 48228544 Computed
88 Sqrt 9 Computed
691 Sqrt 26 Computed
116 Sqrt 10 Computed
897 Sqrt 29 Computed
-910 Sqrt 30 Computed
754 Sqrt 27 Computed
485 Sqrt 22 Computed
475 Sqrt 21 Computed
-530 Sqrt 23 Computed
-810 Sqrt 28 Computed
-746 Sqrt 27 Computed
238 Sqrt 15 Computed
-832 Square 692224 Computed
577 Square 332929 Computed
-281 Square 78961 Computed
-407 Square 165649 Computed
-518 Square 268324 Computed
-982 Square 964324 Computed
-960 Square 921600 Computed
-515 Square 265225 Computed
172 Square 29584 Computed
-785 Fibonacci -1 Computed
234 Fibonacci 3649 Computed
368 Fibonacci 9150 Computed
531 Fibonacci 6927 Computed
375 Fibonacci 6784 Computed
4 Fibonacci 3 Computed
-428 Fibonacci -1 Computed
-589 Fibonacci -1 Computed
-116 Fibonacci -1 Computed
-578 Fibonacci -1 Computed
-522 Fibonacci -1 Computed
-7 Fibonacci -1 Computed
810 Fibonacci 8214 Computed
855 Fibonacci 7355 Computed
856 Fibonacci 9193 Computed
-573 Fibonacci -1 Computed
443 Fibonacci 5534 Computed
-389 Fibonacci -1 Computed
-662 Fibonacci -1 Computed
-3 Fibonacci -1 Computed
490 CheckPrime 0 Computed
-651 CheckPrime 0 Computed
977 CheckPrime 1 Computed
748 CheckPrime 0 Computed
652 CheckPrime 0 Computed
-758 CheckPrime 0 Computed
541 CheckPrime 1 Computed
-548 Factorial 0 Computed
216 Factorial 9040 Computed
-269 Cube -19465109 Computed
212 Cube 9528128 Computed
377 Cube 53582633 Computed
668 Cube 298077632 Computed
370 Cube 50653000 Computed
876 Cube 672221376 Computed
514 Cube 135796744 Computed
667 Cube 296740963 Computed
171 Cube 5000211 Computed
868 Cube 653972032 Computed
410 Cube 68921000 Computed
442 Cube 86350888 Computed
357 Cube 45499293 Computed
-113 Cube -1442897 Computed
-660 Cube -287496000 Computed
-985 Cube -955671625 Computed
-130 Sqrt 11 Computed
608 Sqrt 24 Computed
620 Sqrt 24 Computed
-150 Sqrt 12 Computed
-184 Sqrt 13 Computed
-829 Sqrt 28 Computed
-679 Sqrt 26 Computed
10 Sqrt 3 Computed
-610 Sqrt 24 Computed
-908 Sqrt 30 Computed
710 Sqrt 26 Computed
125 Sqrt 11 Computed
-799 Square 638401 Computed
626 Square 391876 Computed
775 Square 600625 Computed
-996 Square 992016 Computed
-280 Square 78400 Computed
-441 Square 194481 Computed
555 Square 308025 Computed
-332 Square 110224 Computed
-784 Square 614656 Computed
498 Fibonacci 8364 Computed
551 Fibonacci 1359 Computed
-596 Fibonacci -1 Computed
835 Fibonacci 6757 Computed
279 Fibonacci 4041 Computed
-767 Fibonacci -1 Computed
-1 Fibonacci -1 Computed
-388 Fibonacci -1 Computed
-24 Fibonacci -1 Computed
160 Fibonacci 3046 Computed
-401 Fibonacci -1 Computed
-384 Fibonacci -1 Computed
-866 Fibonacci -1 Computed
51 Fibonacci 5452 Computed
-84 Fibonacci -1 Computed
-636 Fibonacci -1 Computed
-805 Fibonacci -1 Computed
247 Fibonacci 3386 Computed
-842 Fibonacci -1 Computed
-904 Fibonacci -1 Computed
-774 CheckPrime 0 Computed
-728 CheckPrime 0 Computed
37 CheckPrime 1 Computed
88 CheckPrime 0 Computed
228 CheckPrime 0 Computed
-97 CheckPrime 0 Computed
-901 CheckPrime 0 Computed
-206 Factorial 0 Computed
624 Factorial 7810 Computed
-415 Cube -71473375 Computed
889 Cube 702595369 Computed
322 Cube 33386248 Computed
476 Cube 107850176 Computed
182 Cube 6028568 Computed
-756 Cube -432081216 Computed
-722 Cube -376367048 Computed
-685 Cube -321419125 Computed
-231 Cube -12326391 Computed
913 Cube 761048497 Computed
-742 Cube -408518488 Computed
-470 Cube -103823000 Computed
-281 Cube -22188041 Computed
516 Cube 137388096 Computed
-140 Cube -2744000 Computed
-165 Cube -4492125 Computed
654 Sqrt 25 Computed
660 Sqrt 25 Computed
-422 Sqrt 20 Computed
467 Sqrt 21 Computed
-619 Sqrt 24 Computed
-613 Sqrt 24 Computed
582 Sqrt 24 Computed
-404 Sqrt 20 Computed
739 Sqrt 27 Computed
202 Sqrt 14 Computed
430 Sqrt 20 Computed
-452 Sqrt 21 Computed
608 Square 369664 Computed
-700 Square 490000 Computed
-449 Square 201601 Computed
962 Square 925444 Computed
-919 Square 844561 Computed
188 Square 35344 Computed
-664 Square 440896 Computed
400 Square 160000 Computed
-30 Square 900 Computed
955 Fibonacci 5599 Computed
432 Fibonacci 1110 Computed
-535 Fibonacci -1 Computed
157 Fibonacci 3285 Computed
788 Fibonacci 2627 Computed
-967 Fibonacci -1 Computed
-181 Fibonacci -1 Computed
-106 Fibonacci -1 Computed
-471 Fibonacci -1 Computed
738 Fibonacci 1855 Computed
-947 Fibonacci -1 Computed
-651 Fibonacci -1 Computed
680 Fibonacci 3781 Computed
-529 Fibonacci -1 Computed
-216 Fibonacci -1 Computed
240 Fibonacci 6141 Computed
537 Fibonacci 7225 Computed
839 Fibonacci 9653 Computed
-538 Fibonacci -1 Computed
-203 Fibonacci -1 Computed
688 CheckPrime 0 Computed
-751 CheckPrime 0 Computed
-681 CheckPrime 0 Computed
-431 CheckPrime 0 Computed
197 CheckPrime 1 Computed
563 CheckPrime 1 Computed
541 CheckPrime 1 Computed
125 Factorial 142 Computed
689 Factorial 4414 Computed
111 Cube 1367631 Computed
386 Cube 57512456 Computed
-806 Cube -523606616 Computed
50 Cube 125000 Computed
-372 Cube -51478848 Computed
-1000 Cube -1000000000 Computed
-219 Cube -10503459 Computed
-825 Cube -561515625 Computed
906 Cube 743677416 Computed
465 Cube 100544625 Computed
-264 Cube -18399744 Computed
-770 Cube -456533000 Computed
-758 Cube -435519512 Computed
779 Cube 472729139 Computed
606 Cube 222545016 Computed
-440 Cube -85184000 Computed
-236 Sqrt 15 Computed
237 Sqrt 15 Computed
-432 Sqrt 20 Computed
-873 Sqrt 29 Computed
520 Sqrt 22 Computed
839 Sqrt 28 Computed
748 Sqrt 27 Computed
590 Sqrt 24 Computed
-415 Sqrt 20 Computed
-603 Sqrt 24 Computed
740 Sqrt 27 Computed
-809 Sqrt 28 Computed
241 Square 58081 Computed
311 Square 96721 Computed
627 Square 393129 Computed
623 Square 388129 Computed
806 Square 649636 Computed
-770 Square 592900 Computed
296 Square 87616 Computed
122 Square 14884 Computed
-708 Square 501264 Computed
-505 Fibonacci -1 Computed
939 Fibonacci 7237 Computed
958 Fibonacci 5879 Computed
-220 Fibonacci -1 Computed
-1000 Fibonacci -1 Computed
-198 Fibonacci -1 Computed
84 Fibonacci 1623 Computed
692 Fibonacci 744 Computed
963 Fibonacci 5916 Computed
-272 Fibonacci -1 Computed
674 Fibonacci 1874 Computed
587 Fibonacci 4755 Computed
970 Fibonacci 2163 Computed
-601 Fibonacci -1 Computed
-482 Fibonacci -1 Computed
-7 Fibonacci -1 Computed
582 Fibonacci 6601 Computed
-642 Fibonacci -1 Computed
-118 Fibonacci -1 Computed
942 Fibonacci 6154 Computed
333 CheckPrime 0 Computed
-646 CheckPrime 0 Computed
-866 CheckPrime 0 Computed
-902 CheckPrime 0 Computed
504 CheckPrime 0 Computed
-309 CheckPrime 0 Computed
190 CheckPrime 0 Computed
468 Factorial 5754 Computed
754 Factorial 1173 Computed
-470 Cube -103823000 Computed
-938 Cube -825293672 Computed
152 Cube 3511808 Computed
715 Cube 365525875 Computed
-788 Cube -489303872 Computed
-785 Cube -483736625 Computed
467 Cube 101847563 Computed
-95 Cube -857375 Computed
208 Cube 8998912 Computed
-940 Cube -830584000 Computed
483 Cube 112678587 Computed
-105 Cube -1157625 Computed
547 Cube 163667323 Computed
-684 Cube -320013504 Computed
-325 Cube -34328125 Computed
-96 Cube -884736 Computed
-579 Sqrt 24 Computed
641 Sqrt 25 Computed
854 Sqrt 29 Computed
-155 Sqrt 12 Computed
-254 Sqrt 15 Computed
790 Sqrt 28 Computed
257 Sqrt 16 Computed
570 Sqrt 23 Computed
790 Sqrt 28 Computed
337 Sqrt 18 Computed
-537 Sqrt 23 Computed
-243 Sqrt 15 Computed
-693 Square 480249 Computed
768 Square 589824 Computed
-655 Square 429025 Computed
-137 Square 18769 Computed
-895 Square 801025 Computed
-732 Square 535824 Computed
739 Square 546121 Computed
-178 Square 31684 Computed
-469 Square 219961 Computed
-127 Fibonacci -1 Computed
815 Fibonacci 2480 Computed
339 Fibonacci 8463 Computed
79 Fibonacci 8017 Computed
-163 Fibonacci -1 Computed
419 Fibonacci 9918 Computed
-918 Fibonacci -1 Computed
663 Fibonacci 8295 Computed
-169 Fibonacci -1 Computed
584 Fibonacci 5586 Computed
546 Fibonacci 7857 Computed
305 Fibonacci 9225 Computed
358 Fibonacci 4448 Computed
790 Fibonacci 224 Computed
903 Fibonacci 4534 Computed
688 Fibonacci 4966 Computed
707 Fibonacci 540 Computed
-406 Fibonacci -1 Computed
-214 Fibonacci -1 Computed
634 Fibonacci 4331 Computed
-744 CheckPrime 0 Computed
-456 CheckPrime 0 Computed
992 CheckPrime 0 Computed
-598 CheckPrime 0 Computed
737 CheckPrime 0 Computed
669 CheckPrime 0 Computed
-592 CheckPrime 0 Computed
-588 Factorial 0 Computed
-820 Factorial 0 Computed
-327 Cube -34965783 Computed
-655 Cube -281011375 Computed
915 Cube 766060875 Computed
-513 Cube -135005697 Computed
-856 Cube -627222016 Computed
642 Cube 264609288 Computed
378 Cube 54010152 Computed
682 Cube 317214568 Computed
217 Cube 10218313 Computed
982 Cube 946966168 Computed
239 Cube 13651919 Computed
-138 Cube -2628072 Computed
668 Cube 298077632 Computed
31 Cube 29791 Computed
348 Cube 42144192 Computed
-440 Cube -85184000 Computed
-178 Sqrt 13 Computed
-768 Sqrt 27 Computed
412 Sqrt 20 Computed
-315 Sqrt 17 Computed
-318 Sqrt 17 Computed
820 Sqrt 28 Computed
521 Sqrt 22 Computed
-83 Sqrt 9 Computed
98 Sqrt 9 Computed
-503 Sqrt 22 Computed
-660 Sqrt 25 Computed
797 Sqrt 28 Computed
33 Square 1089 Computed
-412 Square 169744 Computed
-40 Square 1600 Computed
900 Square 810000 Computed
476 Square 226576 Computed
435 Square 189225 Computed
698 Square 487204 Computed
-989 Square 978121 Computed
60 Square 3600 Computed
230 Fibonacci 2838 Computed
931 Fibonacci 3118 Computed
522 Fibonacci 6159 Computed
326 Fibonacci 1720 Computed
-21 Fibonacci -1 Computed
-601 Fibonacci -1 Computed
-251 Fibonacci -1 Computed
552 Fibonacci 7735 Computed
727 Fibonacci 2073 Computed
819 Fibonacci 3841 Computed
944 Fibonacci 4044 Computed
-544 Fibonacci -1 Computed
12 Fibonacci 144 Computed
947 Fibonacci 7912 Computed
-292 Fibonacci -1 Computed
-199 Fibonacci -1 Computed
692 Fibonacci 744 Computed
292 Fibonacci 2173 Computed
302 Fibonacci 5064 Computed
-835 Fibonacci -1 Computed
-36 CheckPrime 0 Computed
-874 CheckPrime 0 Computed
759 CheckPrime 0 Computed
712 CheckPrime 0 Computed
377 CheckPrime 0 Computed
564 CheckPrime 0 Computed
98 CheckPrime 0 Computed
786 Factorial 1471 Computed
-326 Factorial 0 Computed
870 Cube 658503000 Computed
408 Cube 67917312 Computed
904 Cube 738763264 Computed
-45 Cube -91125 Computed
-140 Cube -2744000 Computed
-372 Cube -51478848 Computed
-149 Cube -3307949 Computed
779 Cube 472729139 Computed
-548 Cube -164566592 Computed
35 Cube 42875 Computed
-529 Cube -148035889 Computed
-236 Cube -13144256 Computed
-849 Cube -611960049 Computed
259 Cube 17373979 Computed
498 Cube 123505992 Computed
-653 Cube -278445077 Computed
-974 Sqrt 31 Computed
-293 Sqrt 17 Computed
863 Sqrt 29 Computed
-296 Sqrt 17 Computed
-895 Sqrt 29 Computed
48 Sqrt 6 Computed
639 Sqrt 25 Computed
276 Sqrt 16 Computed
486 Sqrt 22 Computed
181 Sqrt 13 Computed
-538 Sqrt 23 Computed
746 Sqrt 27 Computed
225 Square 50625 Computed
-719 Square 516961 Computed
-269 Square 72361 Computed
-18 Square 324 Computed
-891 Square 793881 Computed
-567 Square 321489 Computed
-859 Square 737881 Computed
782 Square 611524 Computed
-643 Square 413449 Computed
-134 Fibonacci -1 Computed
-229 Fibonacci -1 Computed
703 Fibonacci 631 Computed
-307 Fibonacci -1 Computed
-194 Fibonacci -1 Computed
-490 Fibonacci -1 Computed
-711 Fibonacci -1 Computed
111 Fibonacci 634 Computed
63 Fibonacci 3076 Computed
-500 Fibonacci -1 Computed
-39 Fibonacci -1 Computed
-983 Fibonacci -1 Computed
-541 Fibonacci -1 Computed
-33 Fibonacci -1 Computed
460 Fibonacci 8461 Computed
456 Fibonacci 4309 Computed
372 Fibonacci 6809 Computed
-999 Fibonacci -1 Computed
732 Fibonacci 2159 Computed
-6 Fibonacci -1 Computed
-421 CheckPrime 0 Computed
-759 CheckPrime 0 Computed
-702 CheckPrime 0 Computed
-512 CheckPrime 0 Computed
-832 CheckPrime 0 Computed
826 CheckPrime 0 Computed
-204 CheckPrime 0 Computed
871 Factorial 3603 Computed
-951 Factorial 0 Computed
-265 Cube -18609625 Computed
-170 Cube -4913000 Computed
729 Cube 387420489 Computed
-739 Cube -403583419 Computed
527 Cube 146363183 Computed
-721 Cube -374805361 Computed
119 Cube 1685159 Computed
415 Cube 71473375 Computed
16 Cube 4096 Computed
-117 Cube -1601613 Computed
-598 Cube -213847192 Computed
16 Cube 4096 Computed
-313 Cube -30664297 Computed
277 Cube 21253933 Computed
-501 Cube -125751501 Computed
-434 Cube -81746504 Computed
-706 Sqrt 26 Computed
657 Sqrt 25 Computed
501 Sqrt 22 Computed
215 Sqrt 14 Computed
-452 Sqrt 21 Computed
-637 Sqrt 25 Computed
-346 Sqrt 18 Computed
-556 Sqrt 23 Computed
-439 Sqrt 20 Computed
637 Sqrt 25 Computed
787 Sqrt 28 Computed
-574 Sqrt 23 Computed
879 Square 772641 Computed
777 Square 603729 Computed
-384 Square 147456 Computed
331 Square 109561 Computed
-406 Square 164836 Computed
-665 Square 442225 Computed
953 Square 908209 Computed
-729 Square 531441 Computed
-47 Square 2209 Computed
-364 Fibonacci -1 Computed
-738 Fibonacci -1 Computed
-194 Fibonacci -1 Computed
207 Fibonacci 3013 Computed
-934 Fibonacci -1 Computed
165 Fibonacci 5290 Computed
-98 Fibonacci -1 Computed
-997 Fibonacci -1 Computed
-285 Fibonacci -1 Computed
828 Fibonacci 940 Computed
114 Fibonacci 8883 Computed
-703 Fibonacci -1 Computed
-924 Fibonacci -1 Computed
485 Fibonacci 7589 Computed
320 Fibonacci 9643 Computed
978 Fibonacci 5184 Computed
-629 Fibonacci -1 Computed
-736 Fibonacci -1 Computed
330 Fibonacci 4469 Computed
72 Fibonacci 8693 Computed
-740 CheckPrime 0 Computed
-76 CheckPrime 0 Computed
689 CheckPrime 0 Computed
-636 CheckPrime 0 Computed
-22 CheckPrime 0 Computed
768 CheckPrime 0 Computed
-955 CheckPrime 0 Computed
-849 Factorial 0 Computed
947 Factorial 4901 Computed
321 Cube 33076161 Computed
262 Cube 17984728 Computed
-79 Cube -493039 Computed
991 Cube 973242271 Computed
697 Cube 338608873 Computed
-834 Cube -580093704 Computed
765 Cube 447697125 Computed
-951 Cube -860085351 Computed
646 Cube 269586136 Computed
778 Cube 470910952 Computed
571 Cube 186169411 Computed
357 Cube 45499293 Computed
-801 Cube -513922401 Computed
-478 Cube -109215352 Computed
3 Cube 27 Computed
799 Cube 510082399 Computed
-266 Sqrt 16 Computed
862 Sqrt 29 Computed
-509 Sqrt 22 Computed
-376 Sqrt 19 Computed
226 Sqrt 15 Computed
-326 Sqrt 18 Computed
257 Sqrt 16 Computed
-583 Sqrt 24 Computed
716 Sqrt 26 Computed
775 Sqrt 27 Computed
-742 Sqrt 27 Computed
309 Sqrt 17 Computed
-857 Square 734449 Computed
685 Square 469225 Computed
284 Square 80656 Computed
-317 Square 100489 Computed
431 Square 185761 Computed
725 Square 525625 Computed
780 Square 608400 Computed
713 Square 508369 Computed
8 Square 64 Computed
736 Fibonacci 5952 Computed
342 Fibonacci 1494 Computed
164 Fibonacci 9767 Computed
866 Fibonacci 5996 Computed
-92 Fibonacci -1 Computed
-586 Fibonacci -1 Computed
-545 Fibonacci -1 Computed
795 Fibonacci 9723 Computed
476 Fibonacci 9684 Computed
314 Fibonacci 2313 Computed
908 Fibonacci 5274 Computed
-164 Fibonacci -1 Computed
-407 Fibonacci -1 Computed
226 Fibonacci 6244 Computed
-269 Fibonacci -1 Computed
-103 Fibonacci -1 Computed
216 Fibonacci 7928 Computed
-21 Fibonacci -1 Computed
52 Fibonacci 9395 Computed
40 Fibonacci 1202 Computed
919 CheckPrime 1 Computed
565 CheckPrime 0 Computed
-751 CheckPrime 0 Computed
-832 CheckPrime 0 Computed
-740 CheckPrime 0 Computed
978 CheckPrime 0 Computed
812 CheckPrime 0 Computed
151 Factorial 4084 Computed
-512 Factorial 0 Computed
223 Cube 11089567 Computed
259 Cube 17373979 Computed
-883 Cube -688465387 Computed
-660 Cube -287496000 Computed
-961 Cube -887503681 Computed
-939 Cube -827936019 Computed
242 Cube 14172488 Computed
-777 Cube -469097433 Computed
963 Cube 893056347 Computed
228 Cube 11852352 Computed
194 Cube 7301384 Computed
-126 Cube -2000376 Computed
-232 Cube -12487168 Computed
850 Cube 614125000 Computed
542 Cube 159220088 Computed
773 Cube 461889917 Computed
-349 Sqrt 18 Computed
-10 Sqrt 3 Computed
646 Sqrt 25 Computed
713 Sqrt 26 Computed
344 Sqrt 18 Computed
70 Sqrt 8 Computed
608 Sqrt 24 Computed
-805 Sqrt 28 Computed
-796 Sqrt 28 Computed
-687 Sqrt 26 Computed
-829 Sqrt 28 Computed
-676 Sqrt 26 Computed
740 Square 547600 Computed
-122 Square 14884 Computed
-860 Square 739600 Computed
204 Square 41616 Computed
678 Square 459684 Computed
394 Square 155236 Computed
680 Square 462400 Computed
969 Square 938961 Computed
-527 Square 277729 Computed
-398 Fibonacci -1 Computed
756 Fibonacci 1439 Computed
992 Fibonacci 9248 Computed
-239 Fibonacci -1 Computed
858 Fibonacci 5795 Computed
-694 Fibonacci -1 Computed
850 Fibonacci 7071 Computed
511 Fibonacci 7032 Computed
-865 Fibonacci -1 Computed
-723 Fibonacci -1 Computed
215 Fibonacci 4692 Computed
401 Fibonacci 3376 Computed
-2 Fibonacci -1 Computed
115 Fibonacci 8655 Computed
-965 Fibonacci -1 Computed
-554 Fibonacci -1 Computed
40 Fibonacci 1202 Computed
-828 Fibonacci -1 Computed
55 Fibonacci 9170 Computed
-12 Fibonacci -1 Computed
-12 CheckPrime 0 Computed
-662 CheckPrime 0 Computed
334 CheckPrime 0 Computed
-830 CheckPrime 0 Computed
-390 CheckPrime 0 Computed
25 CheckPrime 0 Computed
409 CheckPrime 1 Computed
-882 Factorial 0 Computed
870 Factorial 2672 Computed
-100 Cube -1000000 Computed
649 Cube 273359449 Computed
-995 Cube -985074875 Computed
-37 Cube -50653 Computed
572 Cube 187149248 Computed
-646 Cube -269586136 Computed
282 Cube 22425768 Computed
342 Cube 40001688 Computed
-102 Cube -1061208 Computed
817 Cube 545338513 Computed
-574 Cube -189119224 Computed
-719 Cube -371694959 Computed
-462 Cube -98611128 Computed
55 Cube 166375 Computed
-553 Cube -169112377 Computed
555 Cube 170953875 Computed
442 Sqrt 21 Computed
964 Sqrt 31 Computed
-682 Sqrt 26 Computed
575 Sqrt 23 Computed
334 Sqrt 18 Computed
-529 Sqrt 23 Computed
-612 Sqrt 24 Computed
-228 Sqrt 15 Computed
419 Sqrt 20 Computed
947 Sqrt 30 Computed
-329 Sqrt 18 Computed
-795 Sqrt 28 Computed
386 Square 148996 Computed
-286 Square 81796 Computed
-691 Square 477481 Computed
413 Square 170569 Computed
41 Square 1681 Computed
878 Square 770884 Computed
-244 Square 59536 Computed
329 Square 108241 Computed
806 Square 649636 Computed
478 Fibonacci 1286 Computed
-998 Fibonacci -1 Computed
-241 Fibonacci -1 Computed
-349 Fibonacci -1 Computed
-30 Fibonacci -1 Computed
189 Fibonacci 9041 Computed
-595 Fibonacci -1 Computed
167 Fibonacci 401 Computed
154 Fibonacci 9852 Computed
723 Fibonacci 2828 Computed
675 Fibonacci 548 Computed
-295 Fibonacci -1 Computed
691 Fibonacci 2165 Computed
-880 Fibonacci -1 Computed
-520 Fibonacci -1 Computed
-516 Fibonacci -1 Computed
-218 Fibonacci -1 Computed
-977 Fibonacci -1 Computed
998 Fibonacci 4763 Computed
-769 Fibonacci -1 Computed
-3 CheckPrime 0 Computed
225 CheckPrime 0 Computed
856 CheckPrime 0 Computed
511 CheckPrime 0 Computed
813 CheckPrime 0 Computed
-15 CheckPrime 0 Computed
-561 CheckPrime 0 Computed
693 Factorial 9277 Computed
877 Factorial 4262 Computed
-786 Cube -485587656 Computed
-60 Cube -216000 Computed
-243 Cube -14348907 Computed
106 Cube 1191016 Computed
-27 Cube -19683 Computed
-128 Cube -2097152 Computed
-843 Cube -599077107 Computed
-193 Cube -7189057 Computed
-23 Cube -12167 Computed
356 Cube 45118016 Computed
924 Cube 788889024 Computed
-767 Cube -451217663 Computed
-107 Cube -1225043 Computed
521 Cube 141420761 Computed
-55 Cube -166375 Computed
568 Cube 183250432 Computed
917 Sqrt 30 Computed
89 Sqrt 9 Computed
-36 Sqrt 6 Computed
-929 Sqrt 30 Computed
-737 Sqrt 27 Computed
663 Sqrt 25 Computed
-575 Sqrt 23 Computed
297 Sqrt 17 Computed
990 Sqrt 31 Computed
-258 Sqrt 16 Computed
437 Sqrt 20 Computed
-1000 Sqrt 31 Computed
728 Square 529984 Computed
-823 Square 677329 Computed
84 Square 7056 Computed
104 Square 10816 Computed
-717 Square 514089 Computed
305 Square 93025 Computed
241 Square 58081 Computed
786 Square 617796 Computed
763 Square 582169 Computed
968 Fibonacci 1144 Computed
619 Fibonacci 5147 Computed
173 Fibonacci 5993 Computed
454 Fibonacci 5346 Computed
751 Fibonacci 4032 Computed
599 Fibonacci 7462 Computed
164 Fibonacci 9767 Computed
-257 Fibonacci -1 Computed
-970 Fibonacci -1 Computed
810 Fibonacci 8214 Computed
-311 Fibonacci -1 Computed
628 Fibonacci 6125 Computed
-592 Fibonacci -1 Computed
-458 Fibonacci -1 Computed
-872 Fibonacci -1 Computed
72 Fibonacci 8693 Computed
384 Fibonacci 5821 Computed
-474 Fibonacci -1 Computed
-131 Fibonacci -1 Computed
725 Fibonacci 4958 Computed
-501 CheckPrime 0 Computed
514 CheckPrime 0 Computed
-800 CheckPrime 0 Computed
582 CheckPrime 0 Computed
316 CheckPrime 0 Computed
756 CheckPrime 0 Computed
-740 CheckPrime 0 Computed
-98 Factorial 0 Computed
-22 Factorial 0 Computed
170 Cube 4913000 Computed
730 Cube 389017000 Computed
-729 Cube -387420489 Computed
-246 Cube -14886936 Computed
781 Cube 476379541 Computed
620 Cube 238328000 Computed
696 Cube 337153536 Computed
460 Cube 97336000 Computed
341 Cube 39651821 Computed
268 Cube 19248832 Computed
-742 Cube -408518488 Computed
-280 Cube -21952000 Computed
954 Cube 868250664 Computed
-56 Cube -175616 Computed
275 Cube 20796875 Computed
-47 Cube -103823 Computed
-278 Sqrt 16 Computed
134 Sqrt 11 Computed
429 Sqrt 20 Computed
48 Sqrt 6 Computed
-526 Sqrt 22 Computed
-499 Sqrt 22 Computed
166 Sqrt 12 Computed
-458 Sqrt 21 Computed
61 Sqrt 7 Computed
-836 Sqrt 28 Computed
-418 Sqrt 20 Computed
-391 Sqrt 19 Computed
-892 Square 795664 Computed
-790 Square 624100 Computed
-672 Square 451584 Computed
276 Square 76176 Computed
-20 Square 400 Computed
211 Square 44521 Computed
254 Square 64516 Computed
355 Square 126025 Computed
-680 Square 462400 Computed
-438 Fibonacci -1 Computed
26 Fibonacci 1717 Computed
-596 Fibonacci -1 Computed
-183 Fibonacci -1 Computed
-877 Fibonacci -1 Computed
96 Fibonacci 5290 Computed
-692 Fibonacci -1 Computed
200 Fibonacci 5616 Computed
231 Fibonacci 5973 Computed
704 Fibonacci 6408 Computed
-448 Fibonacci -1 Computed
-989 Fibonacci -1 Computed
53 Fibonacci 4874 Computed
-326 Fibonacci -1 Computed
702 Fibonacci 5777 Computed
175 Fibonacci 722 Computed
291 Fibonacci 9450 Computed
-518 Fibonacci -1 Computed
812 Fibonacci 1787 Computed
-44 Fibonacci -1 Computed
700 CheckPrime 0 Computed
729 CheckPrime 0 Computed
-102 CheckPrime 0 Computed
900 CheckPrime 0 Computed
-144 CheckPrime 0 Computed
278 CheckPrime 0 Computed
-243 CheckPrime 0 Computed
510 Factorial 7215 Computed
-394 Factorial 0 Computed
739 Cube 403583419 Computed
988 Cube 964430272 Computed
577 Cube 192100033 Computed
-201 Cube -8120601 Computed
827 Cube 565609283 Computed
254 Cube 16387064 Computed
-921 Cube -781229961 Computed
-969 Cube -909853209 Computed
-931 Cube -806954491 Computed
-190 Cube -6859000 Computed
441 Cube 85766121 Computed
-598 Cube -213847192 Computed
-973 Cube -921167317 Computed
761 Cube 440711081 Computed
-510 Cube -132651000 Computed
918 Cube 773620632 Computed
-317 Sqrt 17 Computed
574 Sqrt 23 Computed
178 Sqrt 13 Computed
-771 Sqrt 27 Computed
232 Sqrt 15 Computed
-772 Sqrt 27 Computed
264 Sqrt 16 Computed
669 Sqrt 25 Computed
623 Sqrt 24 Computed
324 Sqrt 18 Computed
693 Sqrt 26 Computed
541 Sqrt 23 Computed
566 Square 320356 Computed
582 Square 338724 Computed
-287 Square 82369 Computed
-702 Square 492804 Computed
-9 Square 81 Computed
901 Square 811801 Computed
139 Square 19321 Computed
295 Square 87025 Computed
507 Square 257049 Computed
-866 Fibonacci -1 Computed
-742 Fibonacci -1 Computed
-69 Fibonacci -1 Computed
471 Fibonacci 214 Computed
-391 Fibonacci -1 Computed
-526 Fibonacci -1 Computed
385 Fibonacci 5216 Computed
-672 Fibonacci -1 Computed
-927 Fibonacci -1 Computed
453 Fibonacci 3590 Computed
-522 Fibonacci -1 Computed
798 Fibonacci 7018 Computed
-600 Fibonacci -1 Computed
747 Fibonacci 2619 Computed
320 Fibonacci 9643 Computed
97 Fibonacci 3631 Computed
18 Fibonacci 2584 Computed
184 Fibonacci 118 Computed
-27 Fibonacci -1 Computed
-787 Fibonacci -1 Computed
-407 CheckPrime 0 Computed
601 CheckPrime 1 Computed
-48 CheckPrime 0 Computed
200 CheckPrime 0 Computed
-456 CheckPrime 0 Computed
-620 CheckPrime 0 Computed
-819 CheckPrime 0 Computed
-521 Factorial 0 Computed
503 Factorial 643 Computed
-555 Cube -170953875 Computed
-915 Cube -766060875 Computed
112 Cube 1404928 Computed
369 Cube 50243409 Computed
-771 Cube -458314011 Computed
461 Cube 97972181 Computed
581 Cube 196122941 Computed
756 Cube 432081216 Computed
901 Cube 731432701 Computed
650 Cube 274625000 Computed
27 Cube 19683 Computed
618 Cube 236029032 Computed
-554 Cube -170031464 Computed
362 Cube 47437928 Computed
-446 Cube -88716536 Computed
-649 Cube -273359449 Computed
144 Sqrt 12 Computed
-186 Sqrt 13 Computed
-412 Sqrt 20 Computed
-833 Sqrt 28 Computed
-845 Sqrt 29 Computed
447 Sqrt 21 Computed
682 Sqrt 26 Computed
608 Sqrt 24 Computed
-674 Sqrt 25 Computed
458 Sqrt 21 Computed
-136 Sqrt 11 Computed
-856 Sqrt 29 Computed
-666 Square 443556 Computed
-920 Square 846400 Computed
339 Square 114921 Computed
-257 Square 66049 Computed
199 Square 39601 Computed
-580 Square 336400 Computed
842 Square 708964 Computed
410 Square 168100 Computed
-206 Square 42436 Computed
-332 Fibonacci -1 Computed
694 Fibonacci 3653 Computed
390 Fibonacci 1022 Computed
-328 Fibonacci -1 Computed
188 Fibonacci 1459 Computed
-927 Fibonacci -1 Computed
342 Fibonacci 1494 Computed
399 Fibonacci 830 Computed
-881 Fibonacci -1 Computed
-645 Fibonacci -1 Computed
977 Fibonacci 8805 Computed
-791 Fibonacci -1 Computed
844 Fibonacci 8382 Computed
435 Fibonacci 8939 Computed
-644 Fibonacci -1 Computed
-409 Fibonacci -1 Computed
-453 Fibonacci -1 Computed
144 Fibonacci 5269 Computed
809 Fibonacci 5305 Computed
550 Fibonacci 6376 Computed
-749 CheckPrime 0 Computed
193 CheckPrime 1 Computed
-839 CheckPrime 0 Computed
381 CheckPrime 0 Computed
465 CheckPrime 0 Computed
-579 CheckPrime 0 Computed
-459 CheckPrime 0 Computed
288 Factorial 18 Computed
127 Factorial 8413 Computed
-711 Cube -359425431 Computed
842 Cube 596947688 Computed
426 Cube 77308776 Computed
-871 Cube -660776311 Computed
-197 Cube -7645373 Computed
60 Cube 216000 Computed
745 Cube 413493625 Computed
-628 Cube -247673152 Computed
649 Cube 273359449 Computed
-636 Cube -257259456 Computed
-200 Cube -8000000 Computed
-644 Cube -267089984 Computed
-762 Cube -442450728 Computed
-430 Cube -79507000 Computed
520 Cube 140608000 Computed
-247 Cube -15069223 Computed
990 Sqrt 31 Computed
-976 Sqrt 31 Computed
-982 Sqrt 31 Computed
713 Sqrt 26 Computed
746 Sqrt 27 Computed
552 Sqrt 23 Computed
211 Sqrt 14 Computed
-56 Sqrt 7 Computed
120 Sqrt 10 Computed
270 Sqrt 16 Computed
-969 Sqrt 31 Computed
-509 Sqrt 22 Computed
490 Square 240100 Computed
462 Square 213444 Computed
172 Square 29584 Computed
-399 Square 159201 Computed
563 Square 316969 Computed
470 Square 220900 Computed
-1 Square 1 Computed
76 Square 5776 Computed
-96 Square 9216 Computed
-490 Fibonacci -1 Computed
383 Fibonacci 9368 Computed
-461 Fibonacci -1 Computed
841 Fibonacci 3543 Computed
46 Fibonacci 3359 Computed
-478 Fibonacci -1 Computed
838 Fibonacci 4183 Computed
-106 Fibonacci -1 Computed
-582 Fibonacci -1 Computed
619 Fibonacci 5147 Computed
484 Fibonacci 9372 Computed
71 Fibonacci 5753 Computed
844 Fibonacci 8382 Computed
952 Fibonacci 3429 Computed
982 Fibonacci 2470 Computed
591 Fibonacci 4381 Computed
162 Fibonacci 4271 Computed
-682 Fibonacci -1 Computed
547 Fibonacci 3536 Computed
-916 Fibonacci -1 Computed
359 CheckPrime 1 Computed
597 CheckPrime 0 Computed
-401 CheckPrime 0 Computed
-840 CheckPrime 0 Computed
532 CheckPrime 0 Computed
-940 CheckPrime 0 Computed
124 CheckPrime 0 Computed
