-630 Sqrt 25 Computed
-310 Square 96100 Computed
355 Square 126025 Computed
485 Square 235225 Computed
-551 Fibonacci -1 Computed
-778 Fibonacci -1 Computed
-30 Fibonacci -1 Computed
-142 Fibonacci -1 Computed
-286 Fibonacci -1 Computed
883 Fibonacci 1810 Computed
804 Fibonacci 8603 Computed
305 Sqrt 17 Computed
-526 Square 276676 Computed
289 Square 83521 Computed
991 Square 982081 Computed
-663 Fibonacci -1 Computed
591 Fibonacci 4381 Computed
-695 Fibonacci -1 Computed
-493 Fibonacci -1 Computed
-598 Fibonacci -1 Computed
29 Fibonacci 5606 Computed
-14 Fibonacci -1 Computed
730 Sqrt 27 Computed
959 Square 919681 Computed
-306 Square 93636 Computed
954 Square 910116 Computed
404 Fibonacci 5247 Computed
-79 Fibonacci -1 Computed
-560 Fibonacci -1 Computed
660 Fibonacci 9055 Computed
392 Fibonacci 5695 Computed
743 Fibonacci 4328 Computed
-787 Fibonacci -1 Computed
-578 Sqrt 24 Computed
-539 Square 290521 Computed
-993 Square 986049 Computed
762 Square 580644 Computed
611 Fibonacci 4489 Computed
-98 Fibonacci -1 Computed
95 Fibonacci 8314 Computed
-167 Fibonacci -1 Computed
-433 Fibonacci -1 Computed
828 Fibonacci 940 Computed
-938 Fibonacci -1 Computed
-574 Sqrt 23 Computed
511 Square 261121 Computed
564 Square 318096 Computed
-828 Square 685584 Computed
-644 Fibonacci -1 Computed
-608 Fibonacci -1 Computed
-121 Fibonacci -1 Computed
297 Fibonacci 4796 Computed
-318 Fibonacci -1 Computed
625 Fibonacci 9957 Computed
313 Fibonacci 9913 Computed
-365 Sqrt 19 Computed
-107 Square 11449 Computed
-242 Square 58564 Computed
949 Square 900601 Computed
-211 Fibonacci -1 Computed
-232 Fibonacci -1 Computed
-316 Fibonacci -1 Computed
-394 Fibonacci -1 Computed
-716 Fibonacci -1 Computed
-27 Fibonacci -1 Computed
195 Fibonacci 9529 Computed
-563 Sqrt 23 Computed
375 Square 140625 Computed
-584 Square 341056 Computed
-82 Square 6724 Computed
-167 Fibonacci -1 Computed
-328 Fibonacci -1 Computed
888 Fibonacci 4049 Computed
543 Fibonacci 3447 Computed
-887 Fibonacci -1 Computed
595 Fibonacci 5966 Computed
-416 Fibonacci -1 Computed
-538 Sqrt 23 Computed
-968 Square 937024 Computed
-141 Square 19881 Computed
955 Square 912025 Computed
-39 Fibonacci -1 Computed
-357 Fibonacci -1 Computed
-159 Fibonacci -1 Computed
503 Fibonacci 8300 Computed
255 Fibonacci 6165 Computed
-29 Fibonacci -1 Computed
-569 Fibonacci -1 Computed
622 Sqrt 24 Computed
-634 Square 401956 Computed
995 Square 990025 Computed
178 Square 31684 Computed
-619 Fibonacci -1 Computed
591 Fibonacci 4381 Computed
785 Fibonacci 7259 Computed
295 Fibonacci 5473 Computed
-952 Fibonacci -1 Computed
-431 Fibonacci -1 Computed
-122 Fibonacci -1 Computed
550 Sqrt 23 Computed
347 Square 120409 Computed
214 Square 45796 Computed
838 Square 702244 Computed
892 Fibonacci 4684 Computed
299 Fibonacci 8915 Computed
66 Fibonacci 7414 Computed
-560 Fibonacci -1 Computed
-11 Fibonacci -1 Computed
67 Fibonacci 2686 Computed
-109 Fibonacci -1 Computed
719 Sqrt 26 Computed
-457 Square 208849 Computed
373 Square 139129 Computed
958 Square 917764 Computed
-284 Fibonacci -1 Computed
742 Fibonacci 6957 Computed
-621 Fibonacci -1 Computed
-946 Fibonacci -1 Computed
-224 Fibonacci -1 Computed
31 Fibonacci 9887 Computed
-886 Fibonacci -1 Computed
