-785 Factorial 0 Computed
-495 Factorial 0 Computed
-815 Factorial 0 Computed
-479 Factorial 0 Computed
10 Factorial 8601 Computed
-324 Factorial 0 Computed
590 Factorial 9839 Computed
602 Factorial 4429 Computed
-794 Factorial 0 Computed
532 Factorial 8882 Computed
231 Factorial 1298 Computed
587 Factorial 9636 Computed
540 Factorial 5938 Computed
91 Factorial 2243 Computed
192 Factorial 6012 Computed
-912 Factorial 0 Computed
593 Factorial 3776 Computed
-985 Factorial 0 Computed
-534 Factorial 0 Computed
195 Factorial 973 Computed
326 Factorial 4793 Computed
-901 Factorial 0 Computed
-346 Factorial 0 Computed
732 Factorial 2627 Computed
838 Factorial 7366 Computed
312 Factorial 745 Computed
535 Factorial 3658 Computed
-946 Factorial 0 Computed
-961 Factorial 0 Computed
127 Factorial 8413 Computed
-124 Factorial 0 Computed
-757 Factorial 0 Computed
-786 Factorial 0 Computed
430 Factorial 2875 Computed
171 Factorial 380 Computed
-646 Factorial 0 Computed
-819 Factorial 0 Computed
93 Factorial 3056 Computed
452 Factorial 6689 Computed
695 Factorial 9446 Computed
-373 Factorial 0 Computed
166 Factorial 623 Computed
338 Factorial 5911 Computed
741 Factorial 2519 Computed
54 Factorial 5837 Computed
-452 Factorial 0 Computed
-120 Factorial 0 Computed
582 Factorial 719 Computed
328 Factorial 9750 Computed
392 Factorial 1375 Computed
-994 Factorial 0 Computed
819 Factorial 7913 Computed
-619 Factorial 0 Computed
392 Factorial 1375 Computed
567 Factorial 4027 Computed
-30 Factorial 0 Computed
-883 Factorial 0 Computed
557 Factorial 7535 Computed
-813 Factorial 0 Computed
902 Factorial 8081 Computed
-7 Factorial 0 Computed
-775 Factorial 0 Computed
604 Factorial 2090 Computed
-209 Factorial 0 Computed
-184 Factorial 0 Computed
-121 Factorial 0 Computed
486 Factorial 1353 Computed
-51 Factorial 0 Computed
846 Factorial 9069 Computed
798 Factorial 854 Computed
-292 Factorial 0 Computed
-431 Factorial 0 Computed
190 Factorial 3913 Computed
369 Factorial 4450 Computed
611 Factorial 6859 Computed
699 Factorial 2929 Computed
333 Factorial 38 Computed
960 Factorial 9117 Computed
444 Factorial 2892 Computed
-772 Factorial 0 Computed
300 Factorial 9898 Computed
869 Factorial 8440 Computed
-674 Factorial 0 Computed
193 Factorial 3448 Computed
-711 Factorial 0 Computed
-802 Factorial 0 Computed
987 Factorial 4236 Computed
-496 Factorial 0 Computed
-208 Factorial 0 Computed
555 Factorial 429 Computed
284 Factorial 9384 Computed
-769 Factorial 0 Computed
-627 Factorial 0 Computed
-294 Factorial 0 Computed
-982 Factorial 0 Computed
884 Factorial 5388 Computed
-897 Factorial 0 Computed
264 Factorial 7276 Computed
712 Factorial 1215 Computed
-58 Factorial 0 Computed
638 Factorial 5758 Computed
-403 Factorial 0 Computed
-638 Factorial 0 Computed
-631 Factorial 0 Computed
-441 Factorial 0 Computed
-736 Factorial 0 Computed
574 Factorial 213 Computed
636 Factorial 7304 Computed
-954 Factorial 0 Computed
352 Factorial 4710 Computed
695 Factorial 9446 Computed
-529 Factorial 0 Computed
990 Factorial 1443 Computed
-749 Factorial 0 Computed
-990 Factorial 0 Computed
-195 Factorial 0 Computed
-295 Factorial 0 Computed
847 Factorial 2233 Computed
-22 Factorial 0 Computed
481 Factorial 1372 Computed
-201 Factorial 0 Computed
654 Factorial 8636 Computed
57 Factorial 7997 Computed
464 Factorial 2830 Computed
899 Factorial 9177 Computed
-11 Factorial 0 Computed
632 Factorial 287 Computed
577 Factorial 1727 Computed
889 Sqrt 29 Computed
715 Fibonacci 1557 Computed
-184 Fibonacci -1 Computed
-52 Fibonacci -1 Computed
129 Fibonacci 1796 Computed
-430 Fibonacci -1 Computed
878 Fibonacci 4085 Computed
-454 Fibonacci -1 Computed
-975 Fibonacci -1 Computed
-91 Fibonacci -1 Computed
-629 Fibonacci -1 Computed
-600 Fibonacci -1 Computed
884 Fibonacci 3713 Computed
-460 Fibonacci -1 Computed
-207 Fibonacci -1 Computed
928 Fibonacci 1722 Computed
186 Fibonacci 3850 Computed
-955 Fibonacci -1 Computed
104 Fibonacci 5399 Computed
474 Fibonacci 7820 Computed
555 Fibonacci 5977 Computed
-43 Fibonacci -1 Computed
333 Fibonacci 8246 Computed
282 Fibonacci 2917 Computed
-845 Fibonacci -1 Computed
-792 Fibonacci -1 Computed
-793 Fibonacci -1 Computed
-169 Fibonacci -1 Computed
-650 Fibonacci -1 Computed
129 Fibonacci 1796 Computed
-687 Fibonacci -1 Computed
-336 Fibonacci -1 Computed
-761 Fibonacci -1 Computed
911 Fibonacci 6013 Computed
-664 Fibonacci -1 Computed
653 Fibonacci 4365 Computed
558 Fibonacci 1724 Computed
365 Fibonacci 1457 Computed
605 Fibonacci 1218 Computed
-93 Fibonacci -1 Computed
662 Fibonacci 8675 Computed
-663 Fibonacci -1 Computed
219 Fibonacci 3249 Computed
-232 Fibonacci -1 Computed
-109 Fibonacci -1 Computed
-835 Fibonacci -1 Computed
-846 Fibonacci -1 Computed
-627 Fibonacci -1 Computed
-549 Fibonacci -1 Computed
-52 Fibonacci -1 Computed
-579 Fibonacci -1 Computed
689 Fibonacci 3586 Computed
803 Fibonacci 3253 Computed
336 Fibonacci 7534 Computed
257 Fibonacci 6962 Computed
377 Fibonacci 5405 Computed
-287 Fibonacci -1 Computed
-204 Fibonacci -1 Computed
-697 Fibonacci -1 Computed
593 Fibonacci 3449 Computed
401 Fibonacci 3376 Computed
-942 Fibonacci -1 Computed
512 Fibonacci 542 Computed
-524 Fibonacci -1 Computed
-421 Fibonacci -1 Computed
925 Fibonacci 6203 Computed
817 Fibonacci 2107 Computed
683 Fibonacci 8121 Computed
114 Fibonacci 8883 Computed
424 Fibonacci 414 Computed
-216 Fibonacci -1 Computed
-893 Fibonacci -1 Computed
-259 Fibonacci -1 Computed
363 Fibonacci 4054 Computed
866 Fibonacci 5996 Computed
-209 Fibonacci -1 Computed
842 Fibonacci 7406 Computed
-593 Fibonacci -1 Computed
-530 Fibonacci -1 Computed
-161 Fibonacci -1 Computed
390 Fibonacci 1022 Computed
410 Fibonacci 2973 Computed
-501 Fibonacci -1 Computed
897 Fibonacci 6445 Computed
407 Fibonacci 4418 Computed
982 Fibonacci 2470 Computed
478 Fibonacci 1286 Computed
-534 Fibonacci -1 Computed
-807 Fibonacci -1 Computed
166 Fibonacci 5084 Computed
-415 Fibonacci -1 Computed
-170 Fibonacci -1 Computed
-808 Fibonacci -1 Computed
499 Fibonacci 4620 Computed
371 Fibonacci 8138 Computed
-514 Fibonacci -1 Computed
-488 Fibonacci -1 Computed
-59 Fibonacci -1 Computed
-566 Fibonacci -1 Computed
194 Fibonacci 9812 Computed
201 Fibonacci 2913 Computed
649 Fibonacci 8615 Computed
641 Fibonacci 3991 Computed
-423 Fibonacci -1 Computed
-295 Fibonacci -1 Computed
-157 Fibonacci -1 Computed
406 Fibonacci 9819 Computed
-970 Fibonacci -1 Computed
-422 Fibonacci -1 Computed
-70 Fibonacci -1 Computed
997 Fibonacci 8054 Computed
-973 Fibonacci -1 Computed
742 Fibonacci 6957 Computed
-688 Fibonacci -1 Computed
897 Fibonacci 6445 Computed
26 Fibonacci 1717 Computed
226 Fibonacci 6244 Computed
424 Fibonacci 414 Computed
-119 Fibonacci -1 Computed
-129 Fibonacci -1 Computed
507 Fibonacci 3615 Computed
-553 Fibonacci -1 Computed
-122 Fibonacci -1 Computed
-981 Fibonacci -1 Computed
507 Fibonacci 3615 Computed
-883 Fibonacci -1 Computed
325 Fibonacci 8596 Computed
673 Fibonacci 8647 Computed
-187 Factorial 0 Computed
81 Factorial 4267 Computed
-625 Factorial 0 Computed
125 Factorial 142 Computed
-767 Factorial 0 Computed
601 Factorial 9268 Computed
647 Factorial 6075 Computed
427 Factorial 4042 Computed
-146 Factorial 0 Computed
547 Factorial 2871 Computed
217 Factorial 6972 Computed
-571 Factorial 0 Computed
476 Factorial 7999 Computed
470 Factorial 8026 Computed
132 Factorial 6659 Computed
-581 Factorial 0 Computed
906 Factorial 1905 Computed
-860 Factorial 0 Computed
-856 Factorial 0 Computed
-122 Factorial 0 Computed
-258 Factorial 0 Computed
-485 Factorial 0 Computed
-67 Factorial 0 Computed
-75 Factorial 0 Computed
-898 Factorial 0 Computed
543 Factorial 8377 Computed
-948 Factorial 0 Computed
160 Factorial 180 Computed
40 Factorial 5162 Computed
-427 Factorial 0 Computed
674 Factorial 6518 Computed
-200 Factorial 0 Computed
219 Factorial 8349 Computed
-285 Factorial 0 Computed
389 Factorial 5005 Computed
-730 Factorial 0 Computed
-196 Factorial 0 Computed
-868 Factorial 0 Computed
634 Factorial 1237 Computed
-955 Factorial 0 Computed
335 Factorial 3322 Computed
653 Factorial 4100 Computed
-191 Factorial 0 Computed
620 Factorial 2283 Computed
969 Factorial 5681 Computed
594 Factorial 8992 Computed
-661 Factorial 0 Computed
443 Factorial 3241 Computed
-115 Factorial 0 Computed
-493 Factorial 0 Computed
962 Factorial 958 Computed
-561 Factorial 0 Computed
873 Factorial 989 Computed
-434 Factorial 0 Computed
-52 Factorial 0 Computed
-563 Factorial 0 Computed
271 Factorial 9000 Computed
-237 Factorial 0 Computed
-333 Factorial 0 Computed
-101 Factorial 0 Computed
-983 Factorial 0 Computed
-771 Factorial 0 Computed
569 Factorial 7711 Computed
-471 Factorial 0 Computed
-366 Factorial 0 Computed
496 Factorial 2983 Computed
-768 Factorial 0 Computed
324 Factorial 3719 Computed
-152 Factorial 0 Computed
-563 Factorial 0 Computed
15 Factorial 7528 Computed
737 Factorial 8425 Computed
-703 Factorial 0 Computed
375 Factorial 8062 Computed
-609 Factorial 0 Computed
483 Factorial 4561 Computed
921 Factorial 2544 Computed
136 Factorial 3758 Computed
761 Factorial 8743 Computed
-999 Factorial 0 Computed
17 Factorial 3151 Computed
266 Factorial 3769 Computed
393 Factorial 1833 Computed
-101 Factorial 0 Computed
-971 Factorial 0 Computed
595 Factorial 4712 Computed
102 Factorial 5067 Computed
259 Factorial 7844 Computed
345 Factorial 6553 Computed
-293 Factorial 0 Computed
-105 Factorial 0 Computed
247 Factorial 4648 Computed
115 Factorial 5023 Computed
-707 Factorial 0 Computed
947 Factorial 4901 Computed
195 Factorial 973 Computed
-240 Factorial 0 Computed
281 Factorial 4905 Computed
-342 Factorial 0 Computed
-101 Factorial 0 Computed
-765 Factorial 0 Computed
-534 Factorial 0 Computed
611 Factorial 6859 Computed
726 Factorial 4435 Computed
-107 Factorial 0 Computed
643 Factorial 514 Computed
529 Factorial 5742 Computed
16 Factorial 772 Computed
-751 Factorial 0 Computed
-987 Factorial 0 Computed
-231 Factorial 0 Computed
495 Factorial 8471 Computed
276 Factorial 654 Computed
475 Factorial 5569 Computed
846 Factorial 9069 Computed
275 Factorial 1520 Computed
-818 Factorial 0 Computed
988 Factorial 6481 Computed
-783 Factorial 0 Computed
-392 Factorial 0 Computed
-46 Factorial 0 Computed
-721 Factorial 0 Computed
179 Factorial 4819 Computed
-829 Factorial 0 Computed
95 Factorial 3952 Computed
935 Factorial 3537 Computed
-848 Factorial 0 Computed
-956 Factorial 0 Computed
-225 Sqrt 15 Computed
916 Fibonacci 1524 Computed
847 Fibonacci 7152 Computed
476 Fibonacci 9684 Computed
8 Fibonacci 21 Computed
895 Fibonacci 7625 Computed
951 Fibonacci 7629 Computed
-418 Fibonacci -1 Computed
-162 Fibonacci -1 Computed
728 Fibonacci 9161 Computed
250 Fibonacci 4530 Computed
-626 Fibonacci -1 Computed
586 Fibonacci 184 Computed
377 Fibonacci 5405 Computed
-655 Fibonacci -1 Computed
510 Fibonacci 3483 Computed
-620 Fibonacci -1 Computed
-404 Fibonacci -1 Computed
847 Fibonacci 7152 Computed
917 Fibonacci 3641 Computed
-654 Fibonacci -1 Computed
-488 Fibonacci -1 Computed
-147 Fibonacci -1 Computed
981 Fibonacci 3243 Computed
-519 Fibonacci -1 Computed
-600 Fibonacci -1 Computed
736 Fibonacci 5952 Computed
-733 Fibonacci -1 Computed
125 Fibonacci 2262 Computed
-580 Fibonacci -1 Computed
-542 Fibonacci -1 Computed
397 Fibonacci 9087 Computed
666 Fibonacci 2343 Computed
522 Fibonacci 6159 Computed
686 Fibonacci 6346 Computed
585 Fibonacci 4571 Computed
93 Fibonacci 1365 Computed
48 Fibonacci 2434 Computed
402 Fibonacci 5922 Computed
359 Fibonacci 8115 Computed
-481 Fibonacci -1 Computed
-721 Fibonacci -1 Computed
-632 Fibonacci -1 Computed
-269 Fibonacci -1 Computed
143 Fibonacci 9423 Computed
-873 Fibonacci -1 Computed
798 Fibonacci 7018 Computed
69 Fibonacci 2813 Computed
-736 Fibonacci -1 Computed
94 Fibonacci 6949 Computed
-593 Fibonacci -1 Computed
528 Fibonacci 7272 Computed
-582 Fibonacci -1 Computed
-545 Fibonacci -1 Computed
834 Fibonacci 1929 Computed
701 Fibonacci 4827 Computed
2 Fibonacci 1 Computed
260 Fibonacci 2534 Computed
245 Fibonacci 6200 Computed
368 Fibonacci 9150 Computed
385 Fibonacci 5216 Computed
-79 Fibonacci -1 Computed
597 Fibonacci 4476 Computed
969 Fibonacci 1019 Computed
-751 Fibonacci -1 Computed
-276 Fibonacci -1 Computed
662 Fibonacci 8675 Computed
973 Fibonacci 8527 Computed
-725 Fibonacci -1 Computed
-54 Fibonacci -1 Computed
-251 Fibonacci -1 Computed
583 Fibonacci 8958 Computed
-269 Fibonacci -1 Computed
213 Fibonacci 1456 Computed
207 Fibonacci 3013 Computed
-296 Fibonacci -1 Computed
543 Fibonacci 3447 Computed
119 Fibonacci 113 Computed
483 Fibonacci 8190 Computed
584 Fibonacci 5586 Computed
-126 Fibonacci -1 Computed
-18 Fibonacci -1 Computed
793 Fibonacci 5839 Computed
-90 Fibonacci -1 Computed
-728 Fibonacci -1 Computed
-735 Fibonacci -1 Computed
-656 Fibonacci -1 Computed
-540 Fibonacci -1 Computed
-356 Fibonacci -1 Computed
-381 Fibonacci -1 Computed
785 Fibonacci 7259 Computed
711 Fibonacci 3149 Computed
-192 Fibonacci -1 Computed
489 Fibonacci 6223 Computed
735 Fibonacci 9897 Computed
-635 Fibonacci -1 Computed
337 Fibonacci 5451 Computed
788 Fibonacci 2627 Computed
854 Fibonacci 1838 Computed
-246 Fibonacci -1 Computed
-369 Fibonacci -1 Computed
216 Fibonacci 7928 Computed
415 Fibonacci 7356 Computed
416 Fibonacci 8375 Computed
490 Fibonacci 7842 Computed
146 Fibonacci 15 Computed
32 Fibonacci 4195 Computed
-657 Fibonacci -1 Computed
-996 Fibonacci -1 Computed
289 Fibonacci 6754 Computed
611 Fibonacci 4489 Computed
-82 Fibonacci -1 Computed
989 Fibonacci 4272 Computed
642 Fibonacci 6013 Computed
581 Fibonacci 2357 Computed
59 Fibonacci 8873 Computed
269 Fibonacci 1612 Computed
780 Fibonacci 159 Computed
681 Fibonacci 2170 Computed
636 Fibonacci 8110 Computed
946 Fibonacci 5978 Computed
477 Fibonacci 1575 Computed
319 Fibonacci 8231 Computed
-634 Fibonacci -1 Computed
-73 Fibonacci -1 Computed
386 Fibonacci 1064 Computed
463 Fibonacci 7197 Computed
347 Fibonacci 1939 Computed
-542 Factorial 0 Computed
-510 Factorial 0 Computed
-731 Factorial 0 Computed
-963 Factorial 0 Computed
-208 Factorial 0 Computed
403 Factorial 7005 Computed
-829 Factorial 0 Computed
-348 Factorial 0 Computed
23 Factorial 7190 Computed
-643 Factorial 0 Computed
368 Factorial 7931 Computed
-35 Factorial 0 Computed
732 Factorial 2627 Computed
647 Factorial 6075 Computed
-799 Factorial 0 Computed
487 Factorial 693 Computed
986 Factorial 4430 Computed
82 Factorial 839 Computed
-675 Factorial 0 Computed
721 Factorial 6519 Computed
893 Factorial 2793 Computed
-182 Factorial 0 Computed
-618 Factorial 0 Computed
775 Factorial 3207 Computed
444 Factorial 2892 Computed
6 Factorial 720 Computed
-848 Factorial 0 Computed
-67 Factorial 0 Computed
-759 Factorial 0 Computed
664 Factorial 4227 Computed
-233 Factorial 0 Computed
-207 Factorial 0 Computed
-818 Factorial 0 Computed
104 Factorial 4638 Computed
521 Factorial 4297 Computed
330 Factorial 3334 Computed
-474 Factorial 0 Computed
598 Factorial 8807 Computed
-695 Factorial 0 Computed
-83 Factorial 0 Computed
-83 Factorial 0 Computed
778 Factorial 3533 Computed
-214 Factorial 0 Computed
511 Factorial 6828 Computed
907 Factorial 2506 Computed
921 Factorial 2544 Computed
686 Factorial 6210 Computed
674 Factorial 6518 Computed
829 Factorial 7954 Computed
-259 Factorial 0 Computed
-677 Factorial 0 Computed
815 Factorial 7022 Computed
249 Factorial 356 Computed
-919 Factorial 0 Computed
-125 Factorial 0 Computed
223 Factorial 9939 Computed
623 Factorial 1387 Computed
22 Factorial 9852 Computed
-628 Factorial 0 Computed
-64 Factorial 0 Computed
333 Factorial 38 Computed
601 Factorial 9268 Computed
220 Factorial 1748 Computed
137 Factorial 6223 Computed
-549 Factorial 0 Computed
-625 Factorial 0 Computed
327 Factorial 1550 Computed
-779 Factorial 0 Computed
-818 Factorial 0 Computed
-173 Factorial 0 Computed
623 Factorial 1387 Computed
-556 Factorial 0 Computed
-324 Factorial 0 Computed
506 Factorial 797 Computed
881 Factorial 4601 Computed
-861 Factorial 0 Computed
35 Factorial 2926 Computed
623 Factorial 1387 Computed
169 Factorial 9256 Computed
385 Factorial 1096 Computed
-118 Factorial 0 Computed
-513 Factorial 0 Computed
403 Factorial 7005 Computed
101 Factorial 343 Computed
228 Factorial 6392 Computed
939 Factorial 8926 Computed
865 Factorial 7404 Computed
909 Factorial 1978 Computed
935 Factorial 3537 Computed
405 Factorial 1102 Computed
876 Factorial 2120 Computed
-420 Factorial 0 Computed
755 Factorial 7991 Computed
-875 Factorial 0 Computed
-989 Factorial 0 Computed
-964 Factorial 0 Computed
613 Factorial 1436 Computed
731 Factorial 4268 Computed
-378 Factorial 0 Computed
-369 Factorial 0 Computed
59 Factorial 9795 Computed
288 Factorial 18 Computed
450 Factorial 3369 Computed
-441 Factorial 0 Computed
-893 Factorial 0 Computed
459 Factorial 6081 Computed
437 Factorial 4683 Computed
-598 Factorial 0 Computed
-52 Factorial 0 Computed
-381 Factorial 0 Computed
934 Factorial 3481 Computed
117 Factorial 6701 Computed
-206 Factorial 0 Computed
745 Factorial 9629 Computed
-818 Factorial 0 Computed
-517 Factorial 0 Computed
145 Factorial 4700 Computed
-102 Factorial 0 Computed
80 Factorial 4362 Computed
271 Factorial 9000 Computed
-89 Factorial 0 Computed
-206 Factorial 0 Computed
128 Factorial 9753 Computed
-518 Factorial 0 Computed
819 Factorial 7913 Computed
530 Factorial 1495 Computed
347 Factorial 6289 Computed
-380 Factorial 0 Computed
969 Sqrt 31 Computed
-844 Fibonacci -1 Computed
-519 Fibonacci -1 Computed
-239 Fibonacci -1 Computed
964 Fibonacci 2663 Computed
-320 Fibonacci -1 Computed
-320 Fibonacci -1 Computed
-582 Fibonacci -1 Computed
-598 Fibonacci -1 Computed
-417 Fibonacci -1 Computed
-218 Fibonacci -1 Computed
851 Fibonacci 9196 Computed
-432 Fibonacci -1 Computed
666 Fibonacci 2343 Computed
648 Fibonacci 394 Computed
-873 Fibonacci -1 Computed
479 Fibonacci 2861 Computed
876 Fibonacci 286 Computed
-329 Fibonacci -1 Computed
11 Fibonacci 89 Computed
-604 Fibonacci -1 Computed
462 Fibonacci 7829 Computed
479 Fibonacci 2861 Computed
-146 Fibonacci -1 Computed
559 Fibonacci 588 Computed
721 Fibonacci 3526 Computed
694 Fibonacci 3653 Computed
175 Fibonacci 722 Computed
481 Fibonacci 7008 Computed
-778 Fibonacci -1 Computed
469 Fibonacci 6598 Computed
-747 Fibonacci -1 Computed
-624 Fibonacci -1 Computed
-218 Fibonacci -1 Computed
-906 Fibonacci -1 Computed
379 Fibonacci 9431 Computed
523 Fibonacci 5786 Computed
-598 Fibonacci -1 Computed
-573 Fibonacci -1 Computed
-706 Fibonacci -1 Computed
-886 Fibonacci -1 Computed
-243 Fibonacci -1 Computed
-17 Fibonacci -1 Computed
-645 Fibonacci -1 Computed
-16 Fibonacci -1 Computed
976 Fibonacci 6352 Computed
-837 Fibonacci -1 Computed
-185 Fibonacci -1 Computed
-198 Fibonacci -1 Computed
-827 Fibonacci -1 Computed
-59 Fibonacci -1 Computed
-557 Fibonacci -1 Computed
797 Fibonacci 3384 Computed
-333 Fibonacci -1 Computed
-214 Fibonacci -1 Computed
-556 Fibonacci -1 Computed
-229 Fibonacci -1 Computed
334 Fibonacci 9617 Computed
-410 Fibonacci -1 Computed
-864 Fibonacci -1 Computed
-120 Fibonacci -1 Computed
433 Fibonacci 8901 Computed
-500 Fibonacci -1 Computed
519 Fibonacci 3068 Computed
927 Fibonacci 8949 Computed
246 Fibonacci 7159 Computed
-677 Fibonacci -1 Computed
-872 Fibonacci -1 Computed
988 Fibonacci 8189 Computed
-322 Fibonacci -1 Computed
-308 Fibonacci -1 Computed
857 Fibonacci 6575 Computed
-991 Fibonacci -1 Computed
-924 Fibonacci -1 Computed
653 Fibonacci 4365 Computed
-591 Fibonacci -1 Computed
773 Fibonacci 332 Computed
300 Fibonacci 3061 Computed
-604 Fibonacci -1 Computed
-189 Fibonacci -1 Computed
-536 Fibonacci -1 Computed
220 Fibonacci 3851 Computed
-981 Fibonacci -1 Computed
-24 Fibonacci -1 Computed
-86 Fibonacci -1 Computed
-488 Fibonacci -1 Computed
969 Fibonacci 1019 Computed
-825 Fibonacci -1 Computed
-933 Fibonacci -1 Computed
486 Fibonacci 6988 Computed
-204 Fibonacci -1 Computed
619 Fibonacci 5147 Computed
986 Fibonacci 2133 Computed
-326 Fibonacci -1 Computed
-337 Fibonacci -1 Computed
497 Fibonacci 6229 Computed
-490 Fibonacci -1 Computed
756 Fibonacci 1439 Computed
-858 Fibonacci -1 Computed
616 Fibonacci 5547 Computed
-942 Fibonacci -1 Computed
-299 Fibonacci -1 Computed
-822 Fibonacci -1 Computed
906 Fibonacci 5192 Computed
758 Fibonacci 8537 Computed
-107 Fibonacci -1 Computed
-794 Fibonacci -1 Computed
-623 Fibonacci -1 Computed
-579 Fibonacci -1 Computed
93 Fibonacci 1365 Computed
-132 Fibonacci -1 Computed
-720 Fibonacci -1 Computed
904 Fibonacci 329 Computed
-561 Fibonacci -1 Computed
-439 Fibonacci -1 Computed
68 Fibonacci 127 Computed
-961 Fibonacci -1 Computed
-117 Fibonacci -1 Computed
365 Fibonacci 1457 Computed
713 Fibonacci 4893 Computed
-291 Fibonacci -1 Computed
149 Fibonacci 9483 Computed
-613 Fibonacci -1 Computed
-924 Fibonacci -1 Computed
-983 Fibonacci -1 Computed
33 Fibonacci 4109 Computed
676 Fibonacci 2422 Computed
-545 Fibonacci -1 Computed
-470 Factorial 0 Computed
943 Factorial 5045 Computed
-524 Factorial 0 Computed
-990 Factorial 0 Computed
-457 Factorial 0 Computed
-58 Factorial 0 Computed
2 Factorial 2 Computed
217 Factorial 6972 Computed
889 Factorial 3163 Computed
-35 Factorial 0 Computed
-682 Factorial 0 Computed
-404 Factorial 0 Computed
33 Factorial 3757 Computed
-954 Factorial 0 Computed
15 Factorial 7528 Computed
-235 Factorial 0 Computed
947 Factorial 4901 Computed
-403 Factorial 0 Computed
-760 Factorial 0 Computed
750 Factorial 2330 Computed
150 Factorial 9934 Computed
255 Factorial 6711 Computed
627 Factorial 3264 Computed
-4 Factorial 0 Computed
336 Factorial 9189 Computed
986 Factorial 4430 Computed
-448 Factorial 0 Computed
-66 Factorial 0 Computed
771 Factorial 4637 Computed
658 Factorial 2204 Computed
170 Factorial 7759 Computed
-855 Factorial 0 Computed
-749 Factorial 0 Computed
-361 Factorial 0 Computed
732 Factorial 2627 Computed
-287 Factorial 0 Computed
-428 Factorial 0 Computed
258 Factorial 1455 Computed
-215 Factorial 0 Computed
-502 Factorial 0 Computed
-129 Factorial 0 Computed
-355 Factorial 0 Computed
8 Factorial 428 Computed
-761 Factorial 0 Computed
332 Factorial 1827 Computed
-210 Factorial 0 Computed
255 Factorial 6711 Computed
395 Factorial 2098 Computed
617 Factorial 512 Computed
-319 Factorial 0 Computed
96 Factorial 418 Computed
-151 Factorial 0 Computed
799 Factorial 4182 Computed
130 Factorial 610 Computed
607 Factorial 4881 Computed
815 Factorial 7022 Computed
-136 Factorial 0 Computed
700 Factorial 5835 Computed
-438 Factorial 0 Computed
-218 Factorial 0 Computed
-143 Factorial 0 Computed
33 Factorial 3757 Computed
-853 Factorial 0 Computed
307 Factorial 3588 Computed
568 Factorial 3519 Computed
-736 Factorial 0 Computed
966 Factorial 7673 Computed
548 Factorial 7547 Computed
75 Factorial 2010 Computed
-337 Factorial 0 Computed
56 Factorial 6614 Computed
-314 Factorial 0 Computed
-574 Factorial 0 Computed
-276 Factorial 0 Computed
849 Factorial 5216 Computed
809 Factorial 7125 Computed
252 Factorial 8582 Computed
-200 Factorial 0 Computed
510 Factorial 7215 Computed
133 Factorial 8023 Computed
-819 Factorial 0 Computed
257 Factorial 5456 Computed
-397 Factorial 0 Computed
736 Factorial 2799 Computed
-506 Factorial 0 Computed
-180 Factorial 0 Computed
-492 Factorial 0 Computed
-22 Factorial 0 Computed
752 Factorial 4621 Computed
184 Factorial 6062 Computed
937 Factorial 426 Computed
975 Factorial 3962 Computed
-320 Factorial 0 Computed
28 Factorial 2985 Computed
-491 Factorial 0 Computed
355 Factorial 4726 Computed
905 Factorial 4130 Computed
-510 Factorial 0 Computed
466 Factorial 2903 Computed
630 Factorial 5218 Computed
152 Factorial 2442 Computed
119 Factorial 187 Computed
674 Factorial 6518 Computed
763 Factorial 4531 Computed
495 Factorial 8471 Computed
-123 Factorial 0 Computed
758 Factorial 2167 Computed
-131 Factorial 0 Computed
-142 Factorial 0 Computed
-176 Factorial 0 Computed
644 Factorial 1907 Computed
-950 Factorial 0 Computed
-807 Factorial 0 Computed
-460 Factorial 0 Computed
927 Factorial 7404 Computed
-727 Factorial 0 Computed
-884 Factorial 0 Computed
-25 Factorial 0 Computed
615 Factorial 5977 Computed
229 Factorial 7710 Computed
-407 Factorial 0 Computed
604 Factorial 2090 Computed
-944 Factorial 0 Computed
327 Factorial 1550 Computed
-119 Factorial 0 Computed
-831 Factorial 0 Computed
-590 Factorial 0 Computed
329 Factorial 6417 Computed
991 Sqrt 31 Computed
687 Fibonacci 8593 Computed
170 Fibonacci 1398 Computed
-989 Fibonacci -1 Computed
-923 Fibonacci -1 Computed
690 Fibonacci 8552 Computed
-847 Fibonacci -1 Computed
580 Fibonacci 4244 Computed
519 Fibonacci 3068 Computed
-996 Fibonacci -1 Computed
641 Fibonacci 3991 Computed
-387 Fibonacci -1 Computed
287 Fibonacci 839 Computed
-379 Fibonacci -1 Computed
-381 Fibonacci -1 Computed
-484 Fibonacci -1 Computed
-318 Fibonacci -1 Computed
561 Fibonacci 2900 Computed
-56 Fibonacci -1 Computed
-18 Fibonacci -1 Computed
705 Fibonacci 7039 Computed
-349 Fibonacci -1 Computed
-993 Fibonacci -1 Computed
700 Fibonacci 950 Computed
295 Fibonacci 5473 Computed
207 Fibonacci 3013 Computed
-222 Fibonacci -1 Computed
-855 Fibonacci -1 Computed
885 Fibonacci 5523 Computed
131 Fibonacci 711 Computed
604 Fibonacci 4815 Computed
-109 Fibonacci -1 Computed
979 Fibonacci 4016 Computed
-893 Fibonacci -1 Computed
107 Fibonacci 5756 Computed
618 Fibonacci 5347 Computed
584 Fibonacci 5586 Computed
486 Fibonacci 6988 Computed
430 Fibonacci 3292 Computed
625 Fibonacci 9957 Computed
635 Fibonacci 3779 Computed
829 Fibonacci 8380 Computed
440 Fibonacci 1891 Computed
-647 Fibonacci -1 Computed
-353 Fibonacci -1 Computed
-76 Fibonacci -1 Computed
84 Fibonacci 1623 Computed
983 Fibonacci 5713 Computed
724 Fibonacci 2130 Computed
-164 Fibonacci -1 Computed
128 Fibonacci 7092 Computed
-554 Fibonacci -1 Computed
-522 Fibonacci -1 Computed
406 Fibonacci 9819 Computed
958 Fibonacci 5879 Computed
729 Fibonacci 1261 Computed
478 Fibonacci 1286 Computed
185 Fibonacci 3732 Computed
-972 Fibonacci -1 Computed
975 Fibonacci 2453 Computed
163 Fibonacci 5496 Computed
28 Fibonacci 8648 Computed
725 Fibonacci 4958 Computed
-601 Fibonacci -1 Computed
-389 Fibonacci -1 Computed
441 Fibonacci 6808 Computed
-355 Fibonacci -1 Computed
-385 Fibonacci -1 Computed
501 Fibonacci 7631 Computed
-884 Fibonacci -1 Computed
374 Fibonacci 1810 Computed
-254 Fibonacci -1 Computed
935 Fibonacci 2904 Computed
-11 Fibonacci -1 Computed
676 Fibonacci 2422 Computed
-548 Fibonacci -1 Computed
292 Fibonacci 2173 Computed
-329 Fibonacci -1 Computed
511 Fibonacci 7032 Computed
-97 Fibonacci -1 Computed
-652 Fibonacci -1 Computed
164 Fibonacci 9767 Computed
-252 Fibonacci -1 Computed
796 Fibonacci 3634 Computed
-316 Fibonacci -1 Computed
118 Fibonacci 3839 Computed
581 Fibonacci 2357 Computed
419 Fibonacci 9918 Computed
781 Fibonacci 3351 Computed
-160 Fibonacci -1 Computed
-677 Fibonacci -1 Computed
75 Fibonacci 7666 Computed
91 Fibonacci 5754 Computed
263 Fibonacci 7125 Computed
-613 Fibonacci -1 Computed
329 Fibonacci 2406 Computed
308 Fibonacci 2072 Computed
-666 Fibonacci -1 Computed
783 Fibonacci 6861 Computed
117 Fibonacci 6247 Computed
26 Fibonacci 1717 Computed
225 Fibonacci 7161 Computed
173 Fibonacci 5993 Computed
1 Fibonacci 1 Computed
44 Fibonacci 7643 Computed
-507 Fibonacci -1 Computed
624 Fibonacci 8073 Computed
980 Fibonacci 9200 Computed
-151 Fibonacci -1 Computed
-511 Fibonacci -1 Computed
516 Fibonacci 3860 Computed
-129 Fibonacci -1 Computed
128 Fibonacci 7092 Computed
574 Fibonacci 6397 Computed
-851 Fibonacci -1 Computed
6 Fibonacci 8 Computed
164 Fibonacci 9767 Computed
-731 Fibonacci -1 Computed
-654 Fibonacci -1 Computed
-902 Fibonacci -1 Computed
613 Fibonacci 2905 Computed
-762 Fibonacci -1 Computed
309 Fibonacci 2734 Computed
636 Fibonacci 8110 Computed
-772 Fibonacci -1 Computed
-621 Fibonacci -1 Computed
-584 Fibonacci -1 Computed
749 Fibonacci 2217 Computed
