-874 Cube -667627624 Computed
-398 NextPrime 2 Computed
841 CheckPrime 0 Computed
-563 Cube -178453547 Computed
-301 NextPrime 2 Computed
-76 CheckPrime 0 Computed
900 Cube 729000000 Computed
-605 NextPrime 2 Computed
620 CheckPrime 0 Computed
80 Cube 512000 Computed
-646 NextPrime 2 Computed
-650 CheckPrime 0 Computed
71 Cube 357911 Computed
167 NextPrime 173 Computed
868 CheckPrime 0 Computed
-428 Cube -78402752 Computed
141 NextPrime 149 Computed
-550 CheckPrime 0 Computed
15 Cube 3375 Computed
-612 NextPrime 2 Computed
829 CheckPrime 1 Computed
-392 Cube -60236288 Computed
443 NextPrime 449 Computed
-316 CheckPrime 0 Computed
351 Cube 43243551 Computed
-970 NextPrime 2 Computed
-127 CheckPrime 0 Computed
-204 Cube -8489664 Computed
-487 NextPrime 2 Computed
449 CheckPrime 1 Computed
496 Cube 122023936 Computed
-929 NextPrime 2 Computed
-655 CheckPrime 0 Computed
454 Cube 93576664 Computed
-430 NextPrime 2 Computed
-954 CheckPrime 0 Computed
-883 Cube -688465387 Computed
-616 NextPrime 2 Computed
486 CheckPrime 0 Computed
-972 Cube -918330048 Computed
791 NextPrime 797 Computed
495 CheckPrime 0 Computed
-65 Cube -274625 Computed
404 NextPrime 409 Computed
588 CheckPrime 0 Computed
-802 Cube -515849608 Computed
-31 NextPrime 2 Computed
9 CheckPrime 0 Computed
163 Cube 4330747 Computed
-798 NextPrime 2 Computed
-225 CheckPrime 0 Computed
955 Cube 870983875 Computed
319 NextPrime 331 Computed
130 CheckPrime 0 Computed
147 Cube 3176523 Computed
983 NextPrime 991 Computed
-885 CheckPrime 0 Computed
-362 Cube -47437928 Computed
292 NextPrime 293 Computed
-64 CheckPrime 0 Computed
301 Cube 27270901 Computed
-210 NextPrime 2 Computed
-298 CheckPrime 0 Computed
-859 Cube -633839779 Computed
-247 NextPrime 2 Computed
824 CheckPrime 0 Computed
45 Cube 91125 Computed
-783 NextPrime 2 Computed
572 CheckPrime 0 Computed
531 Cube 149721291 Computed
-250 NextPrime 2 Computed
-43 CheckPrime 0 Computed
-971 Cube -915498611 Computed
917 NextPrime 919 Computed
551 CheckPrime 0 Computed
-337 Cube -38272753 Computed
34 NextPrime 37 Computed
916 CheckPrime 0 Computed
394 Cube 61162984 Computed
-139 NextPrime 2 Computed
-255 CheckPrime 0 Computed
-587 Cube -202262003 Computed
-654 NextPrime 2 Computed
966 CheckPrime 0 Computed
51 Cube 132651 Computed
439 NextPrime 443 Computed
546 CheckPrime 0 Computed
-214 Cube -9800344 Computed
555 NextPrime 557 Computed
-144 CheckPrime 0 Computed
35 Cube 42875 Computed
-866 NextPrime 2 Computed
866 CheckPrime 0 Computed
-278 Cube -21484952 Computed
-639 NextPrime 2 Computed
-828 CheckPrime 0 Computed
-108 Cube -1259712 Computed
208 NextPrime 211 Computed
-483 CheckPrime 0 Computed
383 Cube 56181887 Computed
-738 NextPrime 2 Computed
-96 CheckPrime 0 Computed
-958 Cube -879217912 Computed
227 NextPrime 229 Computed
7 CheckPrime 1 Computed
-361 Cube -47045881 Computed
-669 NextPrime 2 Computed
-201 CheckPrime 0 Computed
637 Cube 258474853 Computed
-91 NextPrime 2 Computed
-507 CheckPrime 0 Computed
-878 Cube -676836152 Computed
469 NextPrime 479 Computed
-388 CheckPrime 0 Computed
-272 Cube -20123648 Computed
475 NextPrime 479 Computed
-716 CheckPrime 0 Computed
337 Cube 38272753 Computed
-67 NextPrime 2 Computed
-175 CheckPrime 0 Computed
-97 Cube -912673 Computed
-523 NextPrime 2 Computed
-224 CheckPrime 0 Computed
438 Cube 84027672 Computed
-718 NextPrime 2 Computed
713 CheckPrime 0 Computed
852 Cube 618470208 Computed
-108 NextPrime 2 Computed
-11 CheckPrime 0 Computed
-819 Cube -549353259 Computed
361 NextPrime 367 Computed
927 CheckPrime 0 Computed
218 Cube 10360232 Computed
-240 NextPrime 2 Computed
690 CheckPrime 0 Computed
-934 Cube -814780504 Computed
-845 NextPrime 2 Computed
967 CheckPrime 1 Computed
55 Cube 166375 Computed
-902 NextPrime 2 Computed
-818 CheckPrime 0 Computed
-462 Cube -98611128 Computed
-270 NextPrime 2 Computed
905 CheckPrime 0 Computed
241 Cube 13997521 Computed
701 NextPrime 709 Computed
-375 CheckPrime 0 Computed
413 Cube 70444997 Computed
684 NextPrime 691 Computed
725 CheckPrime 0 Computed
208 Cube 8998912 Computed
-119 NextPrime 2 Computed
603 CheckPrime 0 Computed
-826 Cube -563559976 Computed
885 NextPrime 887 Computed
-932 CheckPrime 0 Computed
-53 Cube -148877 Computed
-231 NextPrime 2 Computed
-55 CheckPrime 0 Computed
442 Cube 86350888 Computed
-471 NextPrime 2 Computed
-752 CheckPrime 0 Computed
224 Cube 11239424 Computed
-590 NextPrime 2 Computed
-781 CheckPrime 0 Computed
225 Cube 11390625 Computed
221 NextPrime 223 Computed
-198 CheckPrime 0 Computed
-762 Cube -442450728 Computed
287 NextPrime 293 Computed
625 CheckPrime 0 Computed
930 Cube 804357000 Computed
-172 NextPrime 2 Computed
-619 CheckPrime 0 Computed
217 Cube 10218313 Computed
-963 NextPrime 2 Computed
-384 CheckPrime 0 Computed
-985 Cube -955671625 Computed
40 NextPrime 41 Computed
-383 CheckPrime 0 Computed
-630 Cube -250047000 Computed
300 NextPrime 307 Computed
617 CheckPrime 1 Computed
-380 Cube -54872000 Computed
-915 NextPrime 2 Computed
912 CheckPrime 0 Computed
955 Cube 870983875 Computed
343 NextPrime 347 Computed
-343 CheckPrime 0 Computed
-530 Cube -148877000 Computed
994 NextPrime 997 Computed
425 CheckPrime 0 Computed
562 Cube 177504328 Computed
20 NextPrime 23 Computed
809 CheckPrime 1 Computed
-771 Cube -458314011 Computed
-881 NextPrime 2 Computed
695 CheckPrime 0 Computed
4 Cube 64 Computed
900 NextPrime 907 Computed
