1003 Fibonacci 8563 Computed
1003 Fibonacci 8563 FromCache
1002 Fibonacci 8085 Computed
1002 Fibonacci 8085 FromCache
1002 NextPrime 1009 Computed
1000 NextPrime 1009 Computed
1003 NextPrime 1009 Computed
1002 Fibonacci 8085 FromCache
1001 NextPrime 1009 Computed
1001 NextPrime 1009 FromCache
