-423 Cube -75686967 Computed
731 CheckPrime 0 Computed
414 CheckPrime 0 Computed
-396 NextPrime 2 Computed
266 Cube 18821096 Computed
59 Cube 205379 Computed
-501 Sqrt 22 Computed
-825 Cube -561515625 Computed
-386 NextPrime 2 Computed
66 CheckPrime 0 Computed
-439 Sqrt 20 Computed
8 Sqrt 2 Computed
266 Fibonacci 1115 Computed
-772 NextPrime 2 Computed
-312 Fibonacci -1 Computed
-640 Fibonacci -1 Computed
-130 Fibonacci -1 Computed
98 Fibonacci 8921 Computed
-182 Factorial 0 Computed
555 Sqrt 23 Computed
146 Factorial 8036 Computed
134 Square 17956 Computed
-734 Square 538756 Computed
-646 NextPrime 2 Computed
-514 CheckPrime 0 Computed
72 Factorial 3346 Computed
-323 Cube -33698267 Computed
-263 CheckPrime 0 Computed
-178 Fibonacci -1 Computed
217 CheckPrime 0 Computed
-101 NextPrime 2 Computed
-566 Fibonacci -1 Computed
-740 Square 547600 Computed
174 NextPrime 179 Computed
-134 Cube -2406104 Computed
-142 Square 20164 Computed
-283 Sqrt 16 Computed
-988 Square 976144 Computed
-302 CheckPrime 0 Computed
878 Fibonacci 4085 Computed
-379 NextPrime 2 Computed
-159 Sqrt 12 Computed
831 Cube 573856191 Computed
902 Cube 733870808 Computed
-253 Square 64009 Computed
593 Cube 208527857 Computed
-695 Sqrt 26 Computed
927 NextPrime 929 Computed
-440 Square 193600 Computed
-992 Sqrt 31 Computed
-961 CheckPrime 0 Computed
434 Fibonacci 38 Computed
197 Sqrt 14 Computed
-79 Fibonacci -1 Computed
-681 CheckPrime 0 Computed
413 Fibonacci 6337 Computed
-345 Factorial 0 Computed
-990 NextPrime 2 Computed
-995 Factorial 0 Computed
293 NextPrime 307 Computed
-677 Cube -310288733 Computed
-44 Factorial 0 Computed
78 Sqrt 8 Computed
-899 Factorial 0 Computed
-121 NextPrime 2 Computed
833 Factorial 772 Computed
-372 NextPrime 2 Computed
18 CheckPrime 0 Computed
-780 Cube -474552000 Computed
-63 CheckPrime 0 Computed
164 Square 26896 Computed
-470 Factorial 0 Computed
-238 Square 56644 Computed
523 Fibonacci 5786 Computed
662 Factorial 10 Computed
-648 CheckPrime 0 Computed
526 Fibonacci 9730 Computed
-152 CheckPrime 0 Computed
-40 Fibonacci -1 Computed
954 Fibonacci 4514 Computed
-252 Sqrt 15 Computed
-758 Square 574564 Computed
567 Fibonacci 6331 Computed
-929 CheckPrime 0 Computed
-730 Factorial 0 Computed
812 Cube 535387328 Computed
-269 Square 72361 Computed
245 Cube 14706125 Computed
577 Fibonacci 1955 Computed
-216 Fibonacci -1 Computed
-697 Sqrt 26 Computed
139 Square 19321 Computed
-184 Factorial 0 Computed
258 NextPrime 263 Computed
658 Fibonacci 8517 Computed
293 Square 85849 Computed
876 Factorial 2120 Computed
541 Fibonacci 4689 Computed
-185 Square 34225 Computed
664 Cube 292754944 Computed
-223 Sqrt 14 Computed
-693 Sqrt 26 Computed
542 CheckPrime 0 Computed
-88 CheckPrime 0 Computed
-664 Sqrt 25 Computed
-245 Square 60025 Computed
171 Fibonacci 7284 Computed
-527 Fibonacci -1 Computed
-70 Factorial 0 Computed
729 Fibonacci 1261 Computed
-84 Factorial 0 Computed
-756 Sqrt 27 Computed
243 Fibonacci 5241 Computed
442 Cube 86350888 Computed
-849 Factorial 0 Computed
481 Fibonacci 7008 Computed
-591 Cube -206425071 Computed
-514 Fibonacci -1 Computed
-155 Fibonacci -1 Computed
-881 Square 776161 Computed
226 Fibonacci 6244 Computed
-108 Sqrt 10 Computed
-225 CheckPrime 0 Computed
-25 Fibonacci -1 Computed
-912 CheckPrime 0 Computed
-241 Fibonacci -1 Computed
-945 NextPrime 2 Computed
486 NextPrime 487 Computed
-223 Fibonacci -1 Computed
-175 Fibonacci -1 Computed
915 NextPrime 919 Computed
545 CheckPrime 0 Computed
668 Square 446224 Computed
201 NextPrime 211 Computed
-404 Cube -65939264 Computed
-587 Fibonacci -1 Computed
-673 Factorial 0 Computed
24 Fibonacci 6476 Computed
25 NextPrime 29 Computed
-803 NextPrime 2 Computed
663 NextPrime 673 Computed
576 Sqrt 24 Computed
892 Fibonacci 4684 Computed
801 Factorial 716 Computed
-433 Cube -81182737 Computed
-545 CheckPrime 0 Computed
948 Fibonacci 3917 Computed
757 Sqrt 27 Computed
-391 Factorial 0 Computed
-82 Square 6724 Computed
954 Square 910116 Computed
-763 Fibonacci -1 Computed
-220 Factorial 0 Computed
-372 CheckPrime 0 Computed
-178 NextPrime 2 Computed
-356 NextPrime 2 Computed
-491 CheckPrime 0 Computed
-351 Sqrt 18 Computed
-748 Fibonacci -1 Computed
-559 NextPrime 2 Computed
27 Sqrt 5 Computed
-263 Square 69169 Computed
624 Square 389376 Computed
205 CheckPrime 0 Computed
262 Factorial 165 Computed
616 Fibonacci 5547 Computed
349 CheckPrime 1 Computed
-378 Factorial 0 Computed
41 Cube 68921 Computed
635 Square 403225 Computed
793 Square 628849 Computed
570 Cube 185193000 Computed
62 Square 3844 Computed
781 Square 609961 Computed
785 Factorial 1055 Computed
516 NextPrime 521 Computed
519 Fibonacci 3068 Computed
-623 Square 388129 Computed
-702 CheckPrime 0 Computed
815 Fibonacci 2480 Computed
-78 NextPrime 2 Computed
855 Fibonacci 7355 Computed
-137 Factorial 0 Computed
698 NextPrime 701 Computed
-227 Square 51529 Computed
873 Sqrt 29 Computed
689 Square 474721 Computed
138 NextPrime 139 Computed
794 CheckPrime 0 Computed
-405 Sqrt 20 Computed
-392 CheckPrime 0 Computed
-568 NextPrime 2 Computed
401 Factorial 866 Computed
509 NextPrime 521 Computed
-246 Square 60516 Computed
646 NextPrime 647 Computed
930 NextPrime 937 Computed
660 NextPrime 661 Computed
-731 CheckPrime 0 Computed
-566 Factorial 0 Computed
165 Cube 4492125 Computed
-453 Fibonacci -1 Computed
795 CheckPrime 0 Computed
777 Fibonacci 6225 Computed
622 Sqrt 24 Computed
-100 NextPrime 2 Computed
-892 NextPrime 2 Computed
-962 NextPrime 2 Computed
-348 NextPrime 2 Computed
-182 Fibonacci -1 Computed
-163 Sqrt 12 Computed
-600 NextPrime 2 Computed
439 Sqrt 20 Computed
63 Fibonacci 3076 Computed
266 Square 70756 Computed
946 Fibonacci 5978 Computed
-395 Cube -61629875 Computed
276 Sqrt 16 Computed
903 NextPrime 907 Computed
422 CheckPrime 0 Computed
-946 Square 894916 Computed
590 Square 348100 Computed
941 Factorial 9319 Computed
-762 NextPrime 2 Computed
-780 Factorial 0 Computed
-525 NextPrime 2 Computed
968 NextPrime 971 Computed
-7 NextPrime 2 Computed
-544 Square 295936 Computed
-594 Cube -209584584 Computed
823 Sqrt 28 Computed
47 Square 2209 Computed
-360 Fibonacci -1 Computed
-921 NextPrime 2 Computed
594 NextPrime 599 Computed
-723 Square 522729 Computed
-6 NextPrime 2 Computed
-183 Fibonacci -1 Computed
650 Cube 274625000 Computed
761 Factorial 8743 Computed
-658 CheckPrime 0 Computed
-584 CheckPrime 0 Computed
-848 Fibonacci -1 Computed
-477 NextPrime 2 Computed
942 CheckPrime 0 Computed
-926 CheckPrime 0 Computed
-264 Sqrt 16 Computed
152 Factorial 2442 Computed
-505 NextPrime 2 Computed
-728 Cube -385828352 Computed
-497 NextPrime 2 Computed
-445 Sqrt 21 Computed
588 Cube 203297472 Computed
-609 NextPrime 2 Computed
678 Sqrt 26 Computed
-1000 Cube -1000000000 Computed
134 Fibonacci 9936 Computed
122 Sqrt 11 Computed
-621 Factorial 0 Computed
791 Factorial 6608 Computed
522 Fibonacci 6159 Computed
37 Factorial 7962 Computed
646 Factorial 888 Computed
186 Square 34596 Computed
45 Factorial 4270 Computed
-747 CheckPrime 0 Computed
492 Fibonacci 1961 Computed
-143 Sqrt 11 Computed
868 NextPrime 877 Computed
245 Sqrt 15 Computed
-199 Cube -7880599 Computed
-490 Cube -117649000 Computed
-907 Square 822649 Computed
322 Sqrt 17 Computed
130 Square 16900 Computed
167 CheckPrime 1 Computed
-643 Sqrt 25 Computed
-851 Cube -616295051 Computed
-705 Cube -350402625 Computed
61 CheckPrime 1 Computed
-107 Cube -1225043 Computed
271 CheckPrime 1 Computed
70 Factorial 9205 Computed
-619 Sqrt 24 Computed
-730 Sqrt 27 Computed
456 Square 207936 Computed
-630 Cube -250047000 Computed
963 Sqrt 31 Computed
-650 NextPrime 2 Computed
906 CheckPrime 0 Computed
380 Fibonacci 3484 Computed
581 Cube 196122941 Computed
-46 Cube -97336 Computed
422 CheckPrime 0 Computed
450 Square 202500 Computed
771 Fibonacci 5459 Computed
987 NextPrime 991 Computed
601 Cube 217081801 Computed
-453 Sqrt 21 Computed
-965 Fibonacci -1 Computed
63 CheckPrime 0 Computed
-397 CheckPrime 0 Computed
-735 NextPrime 2 Computed
799 Sqrt 28 Computed
-111 NextPrime 2 Computed
394 Square 155236 Computed
-315 Factorial 0 Computed
945 Sqrt 30 Computed
73 Factorial 4906 Computed
-905 Fibonacci -1 Computed
42 Factorial 3021 Computed
-672 Fibonacci -1 Computed
776 CheckPrime 0 Computed
213 Square 45369 Computed
-408 Sqrt 20 Computed
286 Cube 23393656 Computed
15 Factorial 7528 Computed
550 NextPrime 557 Computed
215 Sqrt 14 Computed
-618 NextPrime 2 Computed
18 CheckPrime 0 Computed
-718 Fibonacci -1 Computed
-596 Sqrt 24 Computed
801 Factorial 716 Computed
196 Cube 7529536 Computed
729 Factorial 3337 Computed
687 NextPrime 691 Computed
883 Sqrt 29 Computed
420 CheckPrime 0 Computed
370 Fibonacci 8644 Computed
234 Sqrt 15 Computed
-933 Cube -812166237 Computed
-928 Sqrt 30 Computed
245 Cube 14706125 Computed
446 Square 198916 Computed
-611 Sqrt 24 Computed
44 Sqrt 6 Computed
555 NextPrime 557 Computed
-468 CheckPrime 0 Computed
492 NextPrime 499 Computed
-20 Factorial 0 Computed
45 NextPrime 47 Computed
564 CheckPrime 0 Computed
-849 Fibonacci -1 Computed
-805 Cube -521660125 Computed
621 Cube 239483061 Computed
-384 Fibonacci -1 Computed
-501 Cube -125751501 Computed
448 Factorial 8307 Computed
304 Factorial 6842 Computed
-458 Cube -96071912 Computed
-196 Square 38416 Computed
883 Factorial 7452 Computed
31 Cube 29791 Computed
85 CheckPrime 0 Computed
-290 Square 84100 Computed
581 Cube 196122941 Computed
851 Fibonacci 9196 Computed
857 NextPrime 859 Computed
212 Cube 9528128 Computed
-320 CheckPrime 0 Computed
-224 CheckPrime 0 Computed
-667 CheckPrime 0 Computed
-880 CheckPrime 0 Computed
760 Fibonacci 4226 Computed
22 Square 484 Computed
-500 Fibonacci -1 Computed
-337 Square 113569 Computed
-487 Cube -115501303 Computed
478 Cube 109215352 Computed
-452 Cube -92345408 Computed
760 Sqrt 27 Computed
-812 Sqrt 28 Computed
-233 Fibonacci -1 Computed
2 Square 4 Computed
-593 Cube -208527857 Computed
185 Fibonacci 3732 Computed
-936 Factorial 0 Computed
-722 Fibonacci -1 Computed
-409 Square 167281 Computed
925 Square 855625 Computed
237 Factorial 9495 Computed
583 Factorial 311 Computed
666 Sqrt 25 Computed
-544 Factorial 0 Computed
395 Fibonacci 6485 Computed
531 Factorial 5978 Computed
-14 CheckPrime 0 Computed
930 NextPrime 937 Computed
463 Square 214369 Computed
-672 Square 451584 Computed
429 Fibonacci 4499 Computed
-976 Cube -929714176 Computed
-387 Factorial 0 Computed
-997 CheckPrime 0 Computed
918 Fibonacci 5165 Computed
217 Fibonacci 2647 Computed
472 Square 222784 Computed
390 Fibonacci 1022 Computed
775 Fibonacci 5510 Computed
355 Factorial 4726 Computed
-916 Cube -768575296 Computed
-293 Sqrt 17 Computed
-968 Sqrt 31 Computed
352 Factorial 4710 Computed
-105 NextPrime 2 Computed
801 Cube 513922401 Computed
273 Sqrt 16 Computed
393 CheckPrime 0 Computed
-682 Factorial 0 Computed
-981 CheckPrime 0 Computed
151 Fibonacci 3769 Computed
-667 Fibonacci -1 Computed
932 Factorial 4838 Computed
661 Square 436921 Computed
-893 Square 797449 Computed
-121 Sqrt 11 Computed
-358 Square 128164 Computed
168 Square 28224 Computed
-664 Factorial 0 Computed
125 Sqrt 11 Computed
769 Cube 454756609 Computed
-106 Sqrt 10 Computed
819 Fibonacci 3841 Computed
-572 Factorial 0 Computed
424 Fibonacci 414 Computed
-878 Factorial 0 Computed
-546 CheckPrime 0 Computed
-86 Factorial 0 Computed
817 Cube 545338513 Computed
936 Fibonacci 7125 Computed
299 Cube 26730899 Computed
-370 NextPrime 2 Computed
-864 CheckPrime 0 Computed
-604 Square 364816 Computed
-244 NextPrime 2 Computed
-450 Factorial 0 Computed
32 Factorial 8878 Computed
710 Fibonacci 8568 Computed
296 NextPrime 307 Computed
52 CheckPrime 0 Computed
-669 Factorial 0 Computed
-707 Cube -353393243 Computed
337 CheckPrime 1 Computed
-407 NextPrime 2 Computed
-318 Sqrt 17 Computed
-513 Factorial 0 Computed
477 NextPrime 479 Computed
-257 Fibonacci -1 Computed
-545 CheckPrime 0 Computed
337 CheckPrime 1 Computed
-72 Cube -373248 Computed
748 Factorial 8549 Computed
396 Square 156816 Computed
-778 Factorial 0 Computed
327 CheckPrime 0 Computed
218 Sqrt 14 Computed
-833 Square 693889 Computed
190 Cube 6859000 Computed
46 CheckPrime 0 Computed
-378 NextPrime 2 Computed
-956 Sqrt 30 Computed
-346 Fibonacci -1 Computed
-499 Cube -124251499 Computed
-702 Fibonacci -1 Computed
400 Factorial 6170 Computed
959 Factorial 9889 Computed
-169 Cube -4826809 Computed
129 Sqrt 11 Computed
-942 Fibonacci -1 Computed
-687 Factorial 0 Computed
-540 Cube -157464000 Computed
-16 CheckPrime 0 Computed
27 Factorial 6874 Computed
-709 CheckPrime 0 Computed
-172 Factorial 0 Computed
-566 Fibonacci -1 Computed
525 Factorial 3002 Computed
-75 CheckPrime 0 Computed
229 CheckPrime 1 Computed
-307 Cube -28934443 Computed
-761 Factorial 0 Computed
663 NextPrime 673 Computed
364 Sqrt 19 Computed
348 Cube 42144192 Computed
193 NextPrime 197 Computed
-881 Square 776161 Computed
-898 NextPrime 2 Computed
-128 Fibonacci -1 Computed
435 Factorial 2858 Computed
81 Square 6561 Computed
811 CheckPrime 1 Computed
-553 Fibonacci -1 Computed
708 NextPrime 709 Computed
436 Fibonacci 8977 Computed
5 NextPrime 7 Computed
-758 NextPrime 2 Computed
-567 Cube -182284263 Computed
75 Cube 421875 Computed
550 Factorial 6096 Computed
-780 Square 608400 Computed
-498 Sqrt 22 Computed
-872 Fibonacci -1 Computed
-996 Square 992016 Computed
-106 NextPrime 2 Computed
-381 Sqrt 19 Computed
-331 Fibonacci -1 Computed
267 CheckPrime 0 Computed
-309 Factorial 0 Computed
968 Cube 907039232 Computed
827 Sqrt 28 Computed
227 Sqrt 15 Computed
-662 Sqrt 25 Computed
89 Sqrt 9 Computed
-266 Factorial 0 Computed
212 CheckPrime 0 Computed
-807 CheckPrime 0 Computed
302 CheckPrime 0 Computed
446 Square 198916 Computed
-590 NextPrime 2 Computed
768 Square 589824 Computed
-705 NextPrime 2 Computed
917 Factorial 6594 Computed
-814 Cube -539353144 Computed
754 NextPrime 757 Computed
144 NextPrime 149 Computed
-25 Fibonacci -1 Computed
97 Square 9409 Computed
-84 Fibonacci -1 Computed
-620 Factorial 0 Computed
-995 Factorial 0 Computed
-534 Factorial 0 Computed
-924 Factorial 0 Computed
-319 NextPrime 2 Computed
-804 Square 646416 Computed
912 Cube 758550528 Computed
-495 NextPrime 2 Computed
-409 NextPrime 2 Computed
61 Factorial 6738 Computed
591 Sqrt 24 Computed
926 Factorial 5172 Computed
-11 Sqrt 3 Computed
-768 CheckPrime 0 Computed
-424 NextPrime 2 Computed
192 Sqrt 13 Computed
-712 CheckPrime 0 Computed
343 Factorial 1205 Computed
-294 CheckPrime 0 Computed
373 CheckPrime 1 Computed
976 CheckPrime 0 Computed
977 Square 954529 Computed
600 Cube 216000000 Computed
731 Square 534361 Computed
-444 Fibonacci -1 Computed
911 Square 829921 Computed
-978 Cube -935441352 Computed
291 Sqrt 17 Computed
728 Cube 385828352 Computed
-923 Sqrt 30 Computed
-236 Fibonacci -1 Computed
147 NextPrime 149 Computed
-665 Fibonacci -1 Computed
217 Fibonacci 2647 Computed
-34 CheckPrime 0 Computed
471 Cube 104487111 Computed
31 Sqrt 5 Computed
366 Fibonacci 8833 Computed
970 Factorial 5474 Computed
-498 Square 248004 Computed
989 Cube 967361669 Computed
-960 Cube -884736000 Computed
451 Sqrt 21 Computed
-471 Cube -104487111 Computed
-91 Fibonacci -1 Computed
-681 Fibonacci -1 Computed
4 Square 16 Computed
205 Sqrt 14 Computed
-928 Factorial 0 Computed
-506 Fibonacci -1 Computed
-969 Sqrt 31 Computed
818 Square 669124 Computed
-868 Cube -653972032 Computed
432 Cube 80621568 Computed
129 Fibonacci 1796 Computed
-244 Sqrt 15 Computed
528 Factorial 2933 Computed
765 CheckPrime 0 Computed
52 Sqrt 7 Computed
962 NextPrime 967 Computed
693 Square 480249 Computed
-845 Factorial 0 Computed
-642 Cube -264609288 Computed
268 Sqrt 16 Computed
-105 Square 11025 Computed
768 Sqrt 27 Computed
132 Fibonacci 9599 Computed
980 Fibonacci 9200 Computed
377 NextPrime 379 Computed
964 Fibonacci 2663 Computed
-526 Fibonacci -1 Computed
-824 CheckPrime 0 Computed
900 Factorial 1656 Computed
904 NextPrime 907 Computed
872 NextPrime 877 Computed
-344 CheckPrime 0 Computed
-566 Sqrt 23 Computed
296 Factorial 8473 Computed
145 Factorial 4700 Computed
860 Sqrt 29 Computed
518 Factorial 8394 Computed
304 NextPrime 307 Computed
777 Factorial 2094 Computed
-812 CheckPrime 0 Computed
-203 Cube -8365427 Computed
865 Fibonacci 7710 Computed
606 Factorial 1191 Computed
116 Cube 1560896 Computed
-151 Factorial 0 Computed
-508 Sqrt 22 Computed
185 Fibonacci 3732 Computed
-718 NextPrime 2 Computed
-787 NextPrime 2 Computed
-33 Sqrt 5 Computed
-559 Square 312481 Computed
-640 Factorial 0 Computed
242 Sqrt 15 Computed
-15 Cube -3375 Computed
477 Square 227529 Computed
519 Square 269361 Computed
-293 Factorial 0 Computed
-732 NextPrime 2 Computed
-949 Factorial 0 Computed
985 NextPrime 991 Computed
-822 NextPrime 2 Computed
164 Fibonacci 9767 Computed
573 NextPrime 577 Computed
-443 NextPrime 2 Computed
-115 Factorial 0 Computed
740 Cube 405224000 Computed
-872 Square 760384 Computed
400 Factorial 6170 Computed
808 Factorial 8145 Computed
-881 NextPrime 2 Computed
903 Sqrt 30 Computed
-975 Sqrt 31 Computed
111 Sqrt 10 Computed
-748 Factorial 0 Computed
-383 Square 146689 Computed
-437 Factorial 0 Computed
-796 Fibonacci -1 Computed
788 Factorial 9193 Computed
-541 Square 292681 Computed
-393 Fibonacci -1 Computed
-405 Square 164025 Computed
-473 Square 223729 Computed
-167 Cube -4657463 Computed
484 CheckPrime 0 Computed
56 Sqrt 7 Computed
-577 Factorial 0 Computed
-134 Fibonacci -1 Computed
909 CheckPrime 0 Computed
-945 Factorial 0 Computed
790 Square 624100 Computed
352 Factorial 4710 Computed
-231 Cube -12326391 Computed
236 Sqrt 15 Computed
480 Factorial 3030 Computed
-63 Sqrt 7 Computed
435 Square 189225 Computed
-932 Square 868624 Computed
403 Factorial 7005 Computed
-613 Sqrt 24 Computed
949 Sqrt 30 Computed
374 Cube 52313624 Computed
216 NextPrime 223 Computed
402 Factorial 9050 Computed
-589 Cube -204336469 Computed
-822 Cube -555412248 Computed
-288 NextPrime 2 Computed
842 Square 708964 Computed
157 Factorial 2388 Computed
-347 CheckPrime 0 Computed
-900 CheckPrime 0 Computed
149 NextPrime 151 Computed
-614 Square 376996 Computed
178 CheckPrime 0 Computed
-283 NextPrime 2 Computed
-220 Sqrt 14 Computed
542 NextPrime 547 Computed
211 Square 44521 Computed
-628 CheckPrime 0 Computed
-766 NextPrime 2 Computed
572 Cube 187149248 Computed
736 Cube 398688256 Computed
-250 CheckPrime 0 Computed
-210 NextPrime 2 Computed
395 Square 156025 Computed
-679 NextPrime 2 Computed
822 Cube 555412248 Computed
-889 Sqrt 29 Computed
-1000 NextPrime 2 Computed
-951 CheckPrime 0 Computed
-637 Factorial 0 Computed
-391 Fibonacci -1 Computed
-661 Fibonacci -1 Computed
-406 Factorial 0 Computed
-942 Factorial 0 Computed
56 Square 3136 Computed
-472 NextPrime 2 Computed
-894 Factorial 0 Computed
-846 Fibonacci -1 Computed
-988 Factorial 0 Computed
749 Sqrt 27 Computed
-949 Sqrt 30 Computed
-995 Square 990025 Computed
-795 NextPrime 2 Computed
-565 Fibonacci -1 Computed
147 Fibonacci 4734 Computed
-909 CheckPrime 0 Computed
160 Fibonacci 3046 Computed
-651 Fibonacci -1 Computed
-545 Cube -161878625 Computed
-539 Factorial 0 Computed
44 Sqrt 6 Computed
8 Fibonacci 21 Computed
107 Factorial 4233 Computed
-791 Cube -494913671 Computed
-109 Factorial 0 Computed
335 NextPrime 337 Computed
-531 Factorial 0 Computed
-106 Cube -1191016 Computed
678 Cube 311665752 Computed
397 Square 157609 Computed
-505 Sqrt 22 Computed
863 NextPrime 877 Computed
-784 CheckPrime 0 Computed
-944 CheckPrime 0 Computed
391 Square 152881 Computed
-682 Sqrt 26 Computed
64 Factorial 2357 Computed
-322 Square 103684 Computed
351 Sqrt 18 Computed
-285 Cube -23149125 Computed
-905 Fibonacci -1 Computed
838 Factorial 7366 Computed
-445 Sqrt 21 Computed
259 Fibonacci 4748 Computed
-403 Fibonacci -1 Computed
-817 Square 667489 Computed
-881 Factorial 0 Computed
-693 Fibonacci -1 Computed
-680 Square 462400 Computed
23 Factorial 7190 Computed
-725 Factorial 0 Computed
-337 Square 113569 Computed
759 Sqrt 27 Computed
-319 Sqrt 17 Computed
-493 Sqrt 22 Computed
-662 Fibonacci -1 Computed
350 Cube 42875000 Computed
-850 Factorial 0 Computed
-181 CheckPrime 0 Computed
-314 Cube -30959144 Computed
95 Cube 857375 Computed
-82 Sqrt 9 Computed
532 Cube 150568768 Computed
-213 Fibonacci -1 Computed
306 Sqrt 17 Computed
-306 Cube -28652616 Computed
659 Cube 286191179 Computed
-707 NextPrime 2 Computed
-693 Sqrt 26 Computed
-148 Cube -3241792 Computed
-473 Fibonacci -1 Computed
573 CheckPrime 0 Computed
15 NextPrime 17 Computed
7 Cube 343 Computed
105 CheckPrime 0 Computed
388 Factorial 6935 Computed
-581 Sqrt 24 Computed
-912 NextPrime 2 Computed
615 Square 378225 Computed
-788 Fibonacci -1 Computed
838 Fibonacci 4183 Computed
-766 Factorial 0 Computed
-18 Sqrt 4 Computed
-317 Cube -31855013 Computed
-93 Cube -804357 Computed
495 Sqrt 22 Computed
-498 Cube -123505992 Computed
498 NextPrime 499 Computed
385 Fibonacci 5216 Computed
-728 NextPrime 2 Computed
-716 Factorial 0 Computed
903 Factorial 6880 Computed
693 Sqrt 26 Computed
-638 Fibonacci -1 Computed
-3 CheckPrime 0 Computed
-406 NextPrime 2 Computed
390 Sqrt 19 Computed
