999 NextPrime 1009 Computed
-574 NextPrime 2 Computed
704 NextPrime 709 Computed
340 NextPrime 347 Computed
596 NextPrime 599 Computed
-649 NextPrime 2 Computed
-495 NextPrime 2 Computed
469 NextPrime 479 Computed
266 NextPrime 269 Computed
722 NextPrime 727 Computed
-171 NextPrime 2 Computed
-56 NextPrime 2 Computed
-435 NextPrime 2 Computed
-491 NextPrime 2 Computed
-400 NextPrime 2 Computed
-29 NextPrime 2 Computed
-477 NextPrime 2 Computed
-333 NextPrime 2 Computed
764 NextPrime 769 Computed
81 NextPrime 83 Computed
956 NextPrime 967 Computed
-445 NextPrime 2 Computed
41 NextPrime 43 Computed
-601 NextPrime 2 Computed
70 NextPrime 71 Computed
791 NextPrime 797 Computed
-685 NextPrime 2 Computed
166 NextPrime 167 Computed
-523 NextPrime 2 Computed
-933 NextPrime 2 Computed
-293 NextPrime 2 Computed
205 NextPrime 211 Computed
488 NextPrime 491 Computed
417 NextPrime 419 Computed
474 NextPrime 479 Computed
61 NextPrime 67 Computed
-793 NextPrime 2 Computed
-41 NextPrime 2 Computed
-311 NextPrime 2 Computed
453 NextPrime 457 Computed
437 NextPrime 439 Computed
6 NextPrime 7 Computed
-848 NextPrime 2 Computed
-8 NextPrime 2 Computed
-77 NextPrime 2 Computed
945 NextPrime 947 Computed
-152 NextPrime 2 Computed
-922 NextPrime 2 Computed
446 NextPrime 449 Computed
-562 NextPrime 2 Computed
28 NextPrime 29 Computed
253 NextPrime 257 Computed
701 NextPrime 709 Computed
680 NextPrime 683 Computed
-966 NextPrime 2 Computed
456 NextPrime 457 Computed
105 NextPrime 107 Computed
214 NextPrime 223 Computed
-198 NextPrime 2 Computed
667 NextPrime 673 Computed
787 NextPrime 797 Computed
-668 NextPrime 2 Computed
-203 NextPrime 2 Computed
-975 NextPrime 2 Computed
-355 NextPrime 2 Computed
-366 NextPrime 2 Computed
166 NextPrime 167 Computed
560 NextPrime 563 Computed
537 NextPrime 541 Computed
276 NextPrime 277 Computed
572 NextPrime 577 Computed
768 NextPrime 769 Computed
113 NextPrime 127 Computed
-27 NextPrime 2 Computed
-491 NextPrime 2 Computed
96 NextPrime 97 Computed
915 NextPrime 919 Computed
-663 NextPrime 2 Computed
32 NextPrime 37 Computed
214 NextPrime 223 Computed
-282 NextPrime 2 Computed
-167 NextPrime 2 Computed
162 NextPrime 163 Computed
-206 NextPrime 2 Computed
168 NextPrime 173 Computed
15 NextPrime 17 Computed
474 NextPrime 479 Computed
-948 NextPrime 2 Computed
-630 NextPrime 2 Computed
244 NextPrime 251 Computed
-116 NextPrime 2 Computed
-375 NextPrime 2 Computed
-39 NextPrime 2 Computed
-588 NextPrime 2 Computed
902 NextPrime 907 Computed
266 NextPrime 269 Computed
-151 NextPrime 2 Computed
-96 NextPrime 2 Computed
-94 NextPrime 2 Computed
-251 NextPrime 2 Computed
