100197 NextPrime 100207 Computed
100241 Factorial 0 Computed
100133 CheckPrime 0 Computed
100047 Fibonacci 662 Computed
100029 Fibonacci 6754 Computed
100126 NextPrime 100129 Computed
100009 Fibonacci 1612 Computed
100112 NextPrime 100129 Computed
100119 CheckPrime 0 Computed
100103 Fibonacci 4054 Computed
100060 CheckPrime 0 Computed
100162 NextPrime 100169 Computed
100080 Factorial 0 Computed
100133 Factorial 0 Computed
100150 CheckPrime 0 Computed
100232 Fibonacci 1961 Computed
100167 Fibonacci 5706 Computed
100172 CheckPrime 0 Computed
100235 Sqrt 316 Computed
100136 NextPrime 100151 Computed
100222 NextPrime 100237 Computed
100174 Sqrt 316 Computed
100191 Fibonacci 1834 Computed
100196 Sqrt 316 Computed
100061 Fibonacci 7901 Computed
100069 CheckPrime 1 Computed
100249 CheckPrime 0 Computed
100178 CheckPrime 0 Computed
100137 Factorial 0 Computed
100219 Factorial 0 Computed
100204 Factorial 0 Computed
100006 Sqrt 316 Computed
100244 CheckPrime 0 Computed
100208 Factorial 0 Computed
100134 Factorial 0 Computed
100181 NextPrime 100183 Computed
100139 Factorial 0 Computed
100044 NextPrime 100049 Computed
100124 NextPrime 100129 Computed
100075 Sqrt 316 Computed
100252 CheckPrime 0 Computed
100058 CheckPrime 0 Computed
100018 NextPrime 100019 Computed
100241 NextPrime 100267 Computed
100201 NextPrime 100207 Computed
100154 Fibonacci 1019 Computed
100075 NextPrime 100103 Computed
100045 Fibonacci 9225 Computed
100106 Sqrt 316 Computed
100011 Fibonacci 9574 Computed
100075 Sqrt 316 FromCache
100212 CheckPrime 0 Computed
100110 CheckPrime 0 Computed
100086 CheckPrime 0 Computed
100219 CheckPrime 0 Computed
100104 NextPrime 100109 Computed
100120 Fibonacci 3484 Computed
100229 Fibonacci 6223 Computed
100014 NextPrime 100019 Computed
100002 Sqrt 316 Computed
100192 CheckPrime 0 Computed
100225 NextPrime 100237 Computed
100104 NextPrime 100109 FromCache
100199 Factorial 0 Computed
100037 Sqrt 316 Computed
100010 Fibonacci 7962 Computed
100013 CheckPrime 0 Computed
100252 CheckPrime 0 FromCache
100040 Factorial 0 Computed
100202 CheckPrime 0 Computed
100180 Sqrt 316 Computed
100066 CheckPrime 0 Computed
100227 Sqrt 316 Computed
100134 NextPrime 100151 Computed
100101 Factorial 0 Computed
100203 CheckPrime 0 Computed
100000 Factorial 0 Computed
100055 Factorial 0 Computed
100132 CheckPrime 0 Computed
100049 CheckPrime 1 Computed
100037 Sqrt 316 FromCache
100199 Factorial 0 FromCache
100243 Sqrt 316 Computed
100112 NextPrime 100129 FromCache
100101 Factorial 0 FromCache
100098 NextPrime 100103 Computed
100224 Fibonacci 9372 Computed
100232 Factorial 0 Computed
100180 Fibonacci 1891 Computed
100170 Factorial 0 Computed
100064 NextPrime 100069 Computed
100127 Sqrt 316 Computed
100168 NextPrime 100169 Computed
100230 Fibonacci 7842 Computed
100041 NextPrime 100043 Computed
100001 NextPrime 100003 Computed
100024 CheckPrime 0 Computed
100026 Factorial 0 Computed
100131 Factorial 0 Computed
100155 NextPrime 100169 Computed
