441 Sqrt 21 Computed
814 Sqrt 28 Computed
173 Sqrt 13 Computed
548 Sqrt 23 Computed
-122 Sqrt 11 Computed
815 Sqrt 28 Computed
-544 Sqrt 23 Computed
-886 Sqrt 29 Computed
-629 Sqrt 25 Computed
926 Sqrt 30 Computed
399 Sqrt 19 Computed
924 Sqrt 30 Computed
24 Sqrt 4 Computed
643 Sqrt 25 Computed
-468 Sqrt 21 Computed
-923 Sqrt 30 Computed
-457 Sqrt 21 Computed
138 Sqrt 11 Computed
-515 Sqrt 22 Computed
-193 Sqrt 13 Computed
398 Sqrt 19 Computed
667 Sqrt 25 Computed
-143 Sqrt 11 Computed
296 Sqrt 17 Computed
27 Sqrt 5 Computed
-78 Sqrt 8 Computed
632 Sqrt 25 Computed
-329 Sqrt 18 Computed
-35 Sqrt 5 Computed
73 Sqrt 8 Computed
504 Sqrt 22 Computed
-778 Sqrt 27 Computed
705 Sqrt 26 Computed
-713 Sqrt 26 Computed
-784 Sqrt 28 Computed
285 Sqrt 16 Computed
-670 Sqrt 25 Computed
-772 Sqrt 27 Computed
687 Sqrt 26 Computed
56 Sqrt 7 Computed
609 Sqrt 24 Computed
-21 Sqrt 4 Computed
-86 Sqrt 9 Computed
882 Sqrt 29 Computed
535 Sqrt 23 Computed
-809 Sqrt 28 Computed
332 Sqrt 18 Computed
245 Sqrt 15 Computed
-683 Sqrt 26 Computed
-939 Sqrt 30 Computed
239 Sqrt 15 Computed
130 Sqrt 11 Computed
111 Sqrt 10 Computed
142 Sqrt 11 Computed
746 Sqrt 27 Computed
-792 Sqrt 28 Computed
-514 Sqrt 22 Computed
789 Sqrt 28 Computed
727 Sqrt 26 Computed
316 Sqrt 17 Computed
281 Sqrt 16 Computed
847 Sqrt 29 Computed
225 Sqrt 15 Computed
-16 Sqrt 4 Computed
-663 Sqrt 25 Computed
448 Sqrt 21 Computed
-357 Sqrt 18 Computed
116 Sqrt 10 Computed
-518 Sqrt 22 Computed
-2 Sqrt 1 Computed
658 Sqrt 25 Computed
-692 Sqrt 26 Computed
158 Sqrt 12 Computed
-400 Sqrt 20 Computed
350 Sqrt 18 Computed
-442 Sqrt 21 Computed
687 Sqrt 26 Computed
-831 Sqrt 28 Computed
-45 Sqrt 6 Computed
-865 Sqrt 29 Computed
-704 Sqrt 26 Computed
661 Sqrt 25 Computed
-190 Sqrt 13 Computed
274 Sqrt 16 Computed
288 Sqrt 16 Computed
-940 Sqrt 30 Computed
-791 Sqrt 28 Computed
-996 Sqrt 31 Computed
404 Sqrt 20 Computed
-732 Sqrt 27 Computed
812 Sqrt 28 Computed
325 Sqrt 18 Computed
-12 Sqrt 3 Computed
-871 Sqrt 29 Computed
-509 Sqrt 22 Computed
-188 Sqrt 13 Computed
-30 Sqrt 5 Computed
-713 Sqrt 26 Computed
967 Sqrt 31 Computed
106 Sqrt 10 Computed
