754 Factorial 1173 Computed
388 Cube 58411072 Computed
452 Sqrt 21 Computed
42 Square 1764 Computed
-196 Fibonacci -1 Computed
531 CheckPrime 0 Computed
-269 Factorial 0 Computed
761 Cube 440711081 Computed
960 Sqrt 30 Computed
132 Square 17424 Computed
56 Fibonacci 3493 Computed
442 CheckPrime 0 Computed
-679 Factorial 0 Computed
-62 Cube -238328 Computed
291 Sqrt 17 Computed
-92 Square 8464 Computed
-555 Fibonacci -1 Computed
-272 CheckPrime 0 Computed
185 Factorial 4494 Computed
520 Cube 140608000 Computed
271 Sqrt 16 Computed
871 Square 758641 Computed
899 Fibonacci 1737 Computed
861 CheckPrime 0 Computed
744 Factorial 4725 Computed
-816 Cube -543338496 Computed
-267 Sqrt 16 Computed
826 Square 682276 Computed
-894 Fibonacci -1 Computed
202 CheckPrime 0 Computed
177 Factorial 6362 Computed
213 Cube 9663597 Computed
-105 Sqrt 10 Computed
-931 Square 866761 Computed
592 Fibonacci 9041 Computed
187 CheckPrime 0 Computed
-437 Factorial 0 Computed
459 Cube 96702579 Computed
-44 Sqrt 6 Computed
-237 Square 56169 Computed
-208 Fibonacci -1 Computed
-72 CheckPrime 0 Computed
104 Factorial 4638 Computed
-809 Cube -529475129 Computed
932 Sqrt 30 Computed
-847 Square 717409 Computed
-413 Fibonacci -1 Computed
-135 CheckPrime 0 Computed
-233 Factorial 0 Computed
-98 Cube -941192 Computed
356 Sqrt 18 Computed
405 Square 164025 Computed
-666 Fibonacci -1 Computed
652 CheckPrime 0 Computed
-688 Factorial 0 Computed
427 Cube 77854483 Computed
323 Sqrt 17 Computed
-116 Square 13456 Computed
-697 Fibonacci -1 Computed
865 CheckPrime 0 Computed
-259 Factorial 0 Computed
794 Cube 500566184 Computed
672 Sqrt 25 Computed
517 Square 267289 Computed
-637 Fibonacci -1 Computed
942 CheckPrime 0 Computed
580 Factorial 6609 Computed
-469 Cube -103161709 Computed
-760 Sqrt 27 Computed
381 Square 145161 Computed
-259 Fibonacci -1 Computed
-18 CheckPrime 0 Computed
-587 Factorial 0 Computed
-255 Cube -16581375 Computed
-645 Sqrt 25 Computed
-177 Square 31329 Computed
-462 Fibonacci -1 Computed
83 CheckPrime 1 Computed
-18 Factorial 0 Computed
919 Cube 776151559 Computed
-607 Sqrt 24 Computed
-348 Square 121104 Computed
-234 Fibonacci -1 Computed
-819 CheckPrime 0 Computed
138 Factorial 1096 Computed
227 Cube 11697083 Computed
-739 Sqrt 27 Computed
-195 Square 38025 Computed
-332 Fibonacci -1 Computed
-931 CheckPrime 0 Computed
-542 Factorial 0 Computed
-229 Cube -12008989 Computed
-308 Sqrt 17 Computed
702 Square 492804 Computed
-986 Fibonacci -1 Computed
418 CheckPrime 0 Computed
-172 Factorial 0 Computed
-364 Cube -48228544 Computed
-416 Sqrt 20 Computed
-791 Square 625681 Computed
-131 Fibonacci -1 Computed
-756 CheckPrime 0 Computed
217 Factorial 6972 Computed
330 Cube 35937000 Computed
-472 Sqrt 21 Computed
-337 Square 113569 Computed
112 Fibonacci 9111 Computed
964 CheckPrime 0 Computed
960 Factorial 9117 Computed
906 Cube 743677416 Computed
147 Sqrt 12 Computed
-545 Square 297025 Computed
-177 Fibonacci -1 Computed
3 CheckPrime 1 Computed
179 Factorial 4819 Computed
44 Cube 85184 Computed
74 Sqrt 8 Computed
440 Square 193600 Computed
-491 Fibonacci -1 Computed
84 CheckPrime 0 Computed
-796 Factorial 0 Computed
112 Cube 1404928 Computed
-800 Sqrt 28 Computed
602 Square 362404 Computed
-570 Fibonacci -1 Computed
-267 CheckPrime 0 Computed
961 Factorial 5143 Computed
831 Cube 573856191 Computed
577 Sqrt 24 Computed
29 Square 841 Computed
-419 Fibonacci -1 Computed
430 CheckPrime 0 Computed
-108 Factorial 0 Computed
713 Cube 362467097 Computed
396 Sqrt 19 Computed
873 Square 762129 Computed
-513 Fibonacci -1 Computed
-109 CheckPrime 0 Computed
666 Factorial 4362 Computed
101 Cube 1030301 Computed
-752 Sqrt 27 Computed
804 Square 646416 Computed
-938 Fibonacci -1 Computed
-141 CheckPrime 0 Computed
73 Factorial 4906 Computed
-826 Cube -563559976 Computed
224 Sqrt 14 Computed
-121 Square 14641 Computed
674 Fibonacci 1874 Computed
393 CheckPrime 0 Computed
-750 Factorial 0 Computed
164 Cube 4410944 Computed
831 Sqrt 28 Computed
-738 Square 544644 Computed
-858 Fibonacci -1 Computed
-190 CheckPrime 0 Computed
-769 Factorial 0 Computed
-720 Cube -373248000 Computed
-643 Sqrt 25 Computed
650 Square 422500 Computed
-212 Fibonacci -1 Computed
-132 CheckPrime 0 Computed
545 Factorial 6851 Computed
155 Cube 3723875 Computed
403 Sqrt 20 Computed
-520 Square 270400 Computed
-154 Fibonacci -1 Computed
-384 CheckPrime 0 Computed
545 Factorial 6851 Computed
384 Cube 56623104 Computed
-394 Sqrt 19 Computed
86 Square 7396 Computed
-338 Fibonacci -1 Computed
-576 CheckPrime 0 Computed
-201 Factorial 0 Computed
400 Cube 64000000 Computed
-80 Sqrt 8 Computed
-77 Square 5929 Computed
-466 Fibonacci -1 Computed
914 CheckPrime 0 Computed
-268 Factorial 0 Computed
-923 Cube -786330467 Computed
-589 Sqrt 24 Computed
974 Square 948676 Computed
-678 Fibonacci -1 Computed
-289 CheckPrime 0 Computed
-236 Factorial 0 Computed
949 Cube 854670349 Computed
-913 Sqrt 30 Computed
324 Square 104976 Computed
128 Fibonacci 7092 Computed
-583 CheckPrime 0 Computed
204 Factorial 9828 Computed
-218 Cube -10360232 Computed
-73 Sqrt 8 Computed
-876 Square 767376 Computed
-860 Fibonacci -1 Computed
993 CheckPrime 0 Computed
-667 Factorial 0 Computed
-356 Cube -45118016 Computed
646 Sqrt 25 Computed
-464 Square 215296 Computed
-242 Fibonacci -1 Computed
-690 CheckPrime 0 Computed
893 Factorial 2793 Computed
973 Cube 921167317 Computed
875 Sqrt 29 Computed
-730 Square 532900 Computed
-331 Fibonacci -1 Computed
-342 CheckPrime 0 Computed
-405 Factorial 0 Computed
-334 Cube -37259704 Computed
-511 Sqrt 22 Computed
-424 Square 179776 Computed
-676 Fibonacci -1 Computed
735 CheckPrime 0 Computed
-326 Factorial 0 Computed
-975 Cube -926859375 Computed
-636 Sqrt 25 Computed
-785 Square 616225 Computed
514 Fibonacci 8116 Computed
98 CheckPrime 0 Computed
879 Factorial 4649 Computed
-277 Cube -21253933 Computed
-359 Sqrt 18 Computed
-13 Square 169 Computed
-127 Fibonacci -1 Computed
-711 CheckPrime 0 Computed
-573 Factorial 0 Computed
551 Cube 167284151 Computed
734 Sqrt 27 Computed
-97 Square 9409 Computed
-577 Fibonacci -1 Computed
-909 CheckPrime 0 Computed
-90 Factorial 0 Computed
513 Cube 135005697 Computed
-517 Sqrt 22 Computed
-482 Square 232324 Computed
-167 Fibonacci -1 Computed
-901 CheckPrime 0 Computed
121 Factorial 2584 Computed
474 Cube 106496424 Computed
-762 Sqrt 27 Computed
617 Square 380689 Computed
-887 Fibonacci -1 Computed
-847 CheckPrime 0 Computed
123 Factorial 480 Computed
-625 Cube -244140625 Computed
335 Sqrt 18 Computed
185 Square 34225 Computed
701 Fibonacci 4827 Computed
-911 CheckPrime 0 Computed
-883 Factorial 0 Computed
-940 Cube -830584000 Computed
842 Sqrt 29 Computed
-258 Square 66564 Computed
-657 Fibonacci -1 Computed
-35 CheckPrime 0 Computed
-654 Factorial 0 Computed
-874 Cube -667627624 Computed
-121 Sqrt 11 Computed
-319 Square 101761 Computed
-547 Fibonacci -1 Computed
691 CheckPrime 1 Computed
-88 Factorial 0 Computed
-784 Cube -481890304 Computed
183 Sqrt 13 Computed
-500 Square 250000 Computed
744 Fibonacci 1312 Computed
-630 CheckPrime 0 Computed
-499 Factorial 0 Computed
106 Cube 1191016 Computed
-215 Sqrt 14 Computed
926 Square 857476 Computed
-81 Fibonacci -1 Computed
170 CheckPrime 0 Computed
709 Factorial 3422 Computed
337 Cube 38272753 Computed
172 Sqrt 13 Computed
-965 Square 931225 Computed
-940 Fibonacci -1 Computed
-700 CheckPrime 0 Computed
137 Factorial 6223 Computed
183 Cube 6128487 Computed
-34 Sqrt 5 Computed
709 Square 502681 Computed
-562 Fibonacci -1 Computed
-885 CheckPrime 0 Computed
417 Factorial 3664 Computed
-137 Cube -2571353 Computed
-328 Sqrt 18 Computed
-482 Square 232324 Computed
24 Fibonacci 6476 Computed
307 CheckPrime 1 Computed
-363 Factorial 0 Computed
222 Cube 10941048 Computed
250 Sqrt 15 Computed
723 Square 522729 Computed
948 Fibonacci 3917 Computed
537 CheckPrime 0 Computed
103 Factorial 3305 Computed
415 Cube 71473375 Computed
845 Sqrt 29 Computed
-145 Square 21025 Computed
612 Fibonacci 8389 Computed
101 CheckPrime 1 Computed
-496 Factorial 0 Computed
527 Cube 146363183 Computed
860 Sqrt 29 Computed
-268 Square 71824 Computed
-243 Fibonacci -1 Computed
-422 CheckPrime 0 Computed
714 Factorial 9170 Computed
915 Cube 766060875 Computed
39 Sqrt 6 Computed
285 Square 81225 Computed
-422 Fibonacci -1 Computed
12 CheckPrime 0 Computed
151 Factorial 4084 Computed
-294 Cube -25412184 Computed
-326 Sqrt 18 Computed
-826 Square 682276 Computed
-385 Fibonacci -1 Computed
183 CheckPrime 0 Computed
-966 Factorial 0 Computed
918 Cube 773620632 Computed
-519 Sqrt 22 Computed
78 Square 6084 Computed
222 Fibonacci 978 Computed
596 CheckPrime 0 Computed
393 Factorial 1833 Computed
-20 Cube -8000 Computed
-388 Sqrt 19 Computed
-555 Square 308025 Computed
539 Fibonacci 647 Computed
-943 CheckPrime 0 Computed
-725 Factorial 0 Computed
522 Cube 142236648 Computed
107 Sqrt 10 Computed
-255 Square 65025 Computed
695 Fibonacci 6562 Computed
-339 CheckPrime 0 Computed
-848 Factorial 0 Computed
138 Cube 2628072 Computed
-836 Sqrt 28 Computed
-222 Square 49284 Computed
873 Fibonacci 6740 Computed
670 CheckPrime 0 Computed
57 Factorial 7997 Computed
-522 Cube -142236648 Computed
974 Sqrt 31 Computed
297 Square 88209 Computed
-762 Fibonacci -1 Computed
576 CheckPrime 0 Computed
-495 Factorial 0 Computed
232 Cube 12487168 Computed
451 Sqrt 21 Computed
-476 Square 226576 Computed
-153 Fibonacci -1 Computed
-893 CheckPrime 0 Computed
853 Factorial 2076 Computed
16 Cube 4096 Computed
-277 Sqrt 16 Computed
464 Square 215296 Computed
-627 Fibonacci -1 Computed
-988 CheckPrime 0 Computed
-966 Factorial 0 Computed
-167 Cube -4657463 Computed
864 Sqrt 29 Computed
933 Square 870489 Computed
-912 Fibonacci -1 Computed
-444 CheckPrime 0 Computed
-700 Factorial 0 Computed
-307 Cube -28934443 Computed
575 Sqrt 23 Computed
-163 Square 26569 Computed
-34 Fibonacci -1 Computed
-423 CheckPrime 0 Computed
259 Factorial 7844 Computed
786 Cube 485587656 Computed
-953 Sqrt 30 Computed
423 Square 178929 Computed
805 Fibonacci 1883 Computed
919 CheckPrime 1 Computed
896 Factorial 4130 Computed
-316 Cube -31554496 Computed
988 Sqrt 31 Computed
38 Square 1444 Computed
786 Fibonacci 7657 Computed
-791 CheckPrime 0 Computed
243 Factorial 6461 Computed
904 Cube 738763264 Computed
-733 Sqrt 27 Computed
-928 Square 861184 Computed
-498 Fibonacci -1 Computed
-406 CheckPrime 0 Computed
48 Factorial 3184 Computed
-752 Cube -425259008 Computed
-520 Sqrt 22 Computed
-955 Square 912025 Computed
-189 Fibonacci -1 Computed
-787 CheckPrime 0 Computed
414 Factorial 6293 Computed
203 Cube 8365427 Computed
-704 Sqrt 26 Computed
405 Square 164025 Computed
-961 Fibonacci -1 Computed
277 CheckPrime 1 Computed
556 Factorial 9145 Computed
319 Cube 32461759 Computed
-998 Sqrt 31 Computed
167 Square 27889 Computed
533 Fibonacci 5994 Computed
458 CheckPrime 0 Computed
-650 Factorial 0 Computed
-249 Cube -15438249 Computed
293 Sqrt 17 Computed
73 Square 5329 Computed
-520 Fibonacci -1 Computed
-440 CheckPrime 0 Computed
321 Factorial 2722 Computed
-223 Cube -11089567 Computed
741 Sqrt 27 Computed
-43 Square 1849 Computed
-945 Fibonacci -1 Computed
627 CheckPrime 0 Computed
-460 Factorial 0 Computed
365 Cube 48627125 Computed
-875 Sqrt 29 Computed
-663 Square 439569 Computed
-847 Fibonacci -1 Computed
611 CheckPrime 0 Computed
328 Factorial 9750 Computed
382 Cube 55742968 Computed
-873 Sqrt 29 Computed
46 Square 2116 Computed
541 Fibonacci 4689 Computed
-919 CheckPrime 0 Computed
460 Factorial 4820 Computed
-883 Cube -688465387 Computed
825 Sqrt 28 Computed
401 Square 160801 Computed
-957 Fibonacci -1 Computed
-504 CheckPrime 0 Computed
-306 Factorial 0 Computed
983 Cube 949862087 Computed
908 Sqrt 30 Computed
151 Square 22801 Computed
970 Fibonacci 2163 Computed
-349 CheckPrime 0 Computed
743 Factorial 9537 Computed
-433 Cube -81182737 Computed
753 Sqrt 27 Computed
-891 Square 793881 Computed
279 Fibonacci 4041 Computed
-728 CheckPrime 0 Computed
-3 Factorial 0 Computed
-947 Cube -849278123 Computed
-951 Sqrt 30 Computed
304 Square 92416 Computed
144 Fibonacci 5269 Computed
-883 CheckPrime 0 Computed
552 Factorial 243 Computed
506 Cube 129554216 Computed
867 Sqrt 29 Computed
-740 Square 547600 Computed
31 Fibonacci 9887 Computed
602 CheckPrime 0 Computed
-120 Factorial 0 Computed
837 Cube 586376253 Computed
198 Sqrt 14 Computed
-709 Square 502681 Computed
381 Fibonacci 2942 Computed
851 CheckPrime 0 Computed
790 Factorial 1950 Computed
-919 Cube -776151559 Computed
-191 Sqrt 13 Computed
874 Square 763876 Computed
666 Fibonacci 2343 Computed
661 CheckPrime 1 Computed
-498 Factorial 0 Computed
-301 Cube -27270901 Computed
343 Sqrt 18 Computed
484 Square 234256 Computed
373 Fibonacci 4974 Computed
-316 CheckPrime 0 Computed
-999 Factorial 0 Computed
487 Cube 115501303 Computed
581 Sqrt 24 Computed
634 Square 401956 Computed
-944 Fibonacci -1 Computed
216 CheckPrime 0 Computed
-272 Factorial 0 Computed
-110 Cube -1331000 Computed
141 Sqrt 11 Computed
573 Square 328329 Computed
-773 Fibonacci -1 Computed
937 CheckPrime 1 Computed
-371 Factorial 0 Computed
-67 Cube -300763 Computed
-240 Sqrt 15 Computed
-350 Square 122500 Computed
360 Fibonacci 2590 Computed
-143 CheckPrime 0 Computed
790 Factorial 1950 Computed
-825 Cube -561515625 Computed
-584 Sqrt 24 Computed
-618 Square 381924 Computed
66 Fibonacci 7414 Computed
-48 CheckPrime 0 Computed
-467 Factorial 0 Computed
539 Cube 156590819 Computed
345 Sqrt 18 Computed
469 Square 219961 Computed
-992 Fibonacci -1 Computed
407 CheckPrime 0 Computed
-140 Factorial 0 Computed
-170 Cube -4913000 Computed
974 Sqrt 31 Computed
-428 Square 183184 Computed
77 Fibonacci 8552 Computed
-91 CheckPrime 0 Computed
905 Factorial 4130 Computed
-538 Cube -155720872 Computed
430 Sqrt 20 Computed
423 Square 178929 Computed
854 Fibonacci 1838 Computed
-229 CheckPrime 0 Computed
479 Factorial 9356 Computed
-202 Cube -8242408 Computed
-523 Sqrt 22 Computed
285 Square 81225 Computed
825 Fibonacci 3967 Computed
-716 CheckPrime 0 Computed
-694 Factorial 0 Computed
626 Cube 245314376 Computed
71 Sqrt 8 Computed
-921 Square 848241 Computed
-750 Fibonacci -1 Computed
-371 CheckPrime 0 Computed
863 Factorial 4415 Computed
492 Cube 119095488 Computed
929 Sqrt 30 Computed
-15 Square 225 Computed
-566 Fibonacci -1 Computed
-821 CheckPrime 0 Computed
-830 Factorial 0 Computed
-930 Cube -804357000 Computed
-960 Sqrt 30 Computed
342 Square 116964 Computed
-843 Fibonacci -1 Computed
359 CheckPrime 1 Computed
172 Factorial 5522 Computed
-821 Cube -553387661 Computed
-517 Sqrt 22 Computed
56 Square 3136 Computed
-519 Fibonacci -1 Computed
-682 CheckPrime 0 Computed
794 Factorial 7530 Computed
-341 Cube -39651821 Computed
133 Sqrt 11 Computed
190 Square 36100 Computed
-546 Fibonacci -1 Computed
-252 CheckPrime 0 Computed
976 Factorial 7361 Computed
938 Cube 825293672 Computed
451 Sqrt 21 Computed
-963 Square 927369 Computed
-644 Fibonacci -1 Computed
716 CheckPrime 0 Computed
697 Factorial 3831 Computed
-223 Cube -11089567 Computed
-232 Sqrt 15 Computed
454 Square 206116 Computed
-695 Fibonacci -1 Computed
989 CheckPrime 0 Computed
279 Factorial 7123 Computed
627 Cube 246491883 Computed
271 Sqrt 16 Computed
725 Square 525625 Computed
-361 Fibonacci -1 Computed
-142 CheckPrime 0 Computed
-138 Factorial 0 Computed
926 Cube 794022776 Computed
248 Sqrt 15 Computed
-280 Square 78400 Computed
-221 Fibonacci -1 Computed
149 CheckPrime 1 Computed
554 Factorial 7494 Computed
706 Cube 351895816 Computed
-142 Sqrt 11 Computed
830 Square 688900 Computed
862 Fibonacci 8808 Computed
778 CheckPrime 0 Computed
788 Factorial 9193 Computed
277 Cube 21253933 Computed
785 Sqrt 28 Computed
753 Square 567009 Computed
-71 Fibonacci -1 Computed
491 CheckPrime 1 Computed
-323 Factorial 0 Computed
631 Cube 251239591 Computed
129 Sqrt 11 Computed
-454 Square 206116 Computed
808 Fibonacci 2909 Computed
263 CheckPrime 1 Computed
502 Factorial 5077 Computed
-828 Cube -567663552 Computed
511 Sqrt 22 Computed
158 Square 24964 Computed
723 Fibonacci 2828 Computed
-594 CheckPrime 0 Computed
314 Factorial 8297 Computed
-667 Cube -296740963 Computed
-332 Sqrt 18 Computed
297 Square 88209 Computed
-594 Fibonacci -1 Computed
677 CheckPrime 1 Computed
597 Factorial 5168 Computed
9 Cube 729 Computed
497 Sqrt 22 Computed
453 Square 205209 Computed
578 Fibonacci 6131 Computed
409 CheckPrime 1 Computed
555 Factorial 429 Computed
-28 Cube -21952 Computed
-319 Sqrt 17 Computed
-870 Square 756900 Computed
-955 Fibonacci -1 Computed
-110 CheckPrime 0 Computed
614 Factorial 4080 Computed
711 Cube 359425431 Computed
750 Sqrt 27 Computed
-59 Square 3481 Computed
262 Fibonacci 9816 Computed
594 CheckPrime 0 Computed
391 Factorial 8679 Computed
871 Cube 660776311 Computed
-82 Sqrt 9 Computed
537 Square 288369 Computed
-497 Fibonacci -1 Computed
-823 CheckPrime 0 Computed
461 Factorial 8014 Computed
-657 Cube -283593393 Computed
532 Sqrt 23 Computed
208 Square 43264 Computed
896 Fibonacci 8793 Computed
-939 CheckPrime 0 Computed
967 Factorial 9852 Computed
-459 Cube -96702579 Computed
173 Sqrt 13 Computed
-511 Square 261121 Computed
-433 Fibonacci -1 Computed
477 CheckPrime 0 Computed
-965 Factorial 0 Computed
-368 Cube -49836032 Computed
521 Sqrt 22 Computed
-880 Square 774400 Computed
-697 Fibonacci -1 Computed
63 CheckPrime 0 Computed
-348 Factorial 0 Computed
387 Cube 57960603 Computed
221 Sqrt 14 Computed
600 Square 360000 Computed
122 Fibonacci 8017 Computed
-180 CheckPrime 0 Computed
741 Factorial 2519 Computed
-779 Cube -472729139 Computed
713 Sqrt 26 Computed
-429 Square 184041 Computed
-584 Fibonacci -1 Computed
-698 CheckPrime 0 Computed
-354 Factorial 0 Computed
-218 Cube -10360232 Computed
-830 Sqrt 28 Computed
-647 Square 418609 Computed
-876 Fibonacci -1 Computed
-497 CheckPrime 0 Computed
281 Factorial 4905 Computed
342 Cube 40001688 Computed
-30 Sqrt 5 Computed
-573 Square 328329 Computed
-814 Fibonacci -1 Computed
-855 CheckPrime 0 Computed
860 Factorial 1944 Computed
-781 Cube -476379541 Computed
-278 Sqrt 16 Computed
-668 Square 446224 Computed
-812 Fibonacci -1 Computed
399 CheckPrime 0 Computed
516 Factorial 5733 Computed
-491 Cube -118370771 Computed
-950 Sqrt 30 Computed
-796 Square 633616 Computed
861 Fibonacci 616 Computed
-861 CheckPrime 0 Computed
318 Factorial 9052 Computed
-573 Cube -188132517 Computed
-516 Sqrt 22 Computed
-157 Square 24649 Computed
-341 Fibonacci -1 Computed
-190 CheckPrime 0 Computed
54 Factorial 5837 Computed
12 Cube 1728 Computed
-636 Sqrt 25 Computed
-236 Square 55696 Computed
-814 Fibonacci -1 Computed
95 CheckPrime 0 Computed
139 Factorial 2749 Computed
-945 Cube -843908625 Computed
335 Sqrt 18 Computed
137 Square 18769 Computed
-423 Fibonacci -1 Computed
283 CheckPrime 1 Computed
39 Factorial 1625 Computed
538 Cube 155720872 Computed
-61 Sqrt 7 Computed
278 Square 77284 Computed
302 Fibonacci 5064 Computed
380 CheckPrime 0 Computed
113 Factorial 5705 Computed
471 Cube 104487111 Computed
-631 Sqrt 25 Computed
770 Square 592900 Computed
-516 Fibonacci -1 Computed
-841 CheckPrime 0 Computed
-62 Factorial 0 Computed
-482 Cube -111980168 Computed
-110 Sqrt 10 Computed
-279 Square 77841 Computed
577 Fibonacci 1955 Computed
-288 CheckPrime 0 Computed
-426 Factorial 0 Computed
116 Cube 1560896 Computed
666 Sqrt 25 Computed
-701 Square 491401 Computed
508 Fibonacci 9907 Computed
-653 CheckPrime 0 Computed
-258 Factorial 0 Computed
816 Cube 543338496 Computed
484 Sqrt 22 Computed
-140 Square 19600 Computed
-530 Fibonacci -1 Computed
460 CheckPrime 0 Computed
-795 Factorial 0 Computed
-315 Cube -31255875 Computed
-842 Sqrt 29 Computed
-994 Square 988036 Computed
-894 Fibonacci -1 Computed
-38 CheckPrime 0 Computed
-767 Factorial 0 Computed
-741 Cube -406869021 Computed
-737 Sqrt 27 Computed
43 Square 1849 Computed
699 Fibonacci 3877 Computed
630 CheckPrime 0 Computed
-201 Factorial 0 Computed
-332 Cube -36594368 Computed
-48 Sqrt 6 Computed
120 Square 14400 Computed
198 Fibonacci 8319 Computed
-938 CheckPrime 0 Computed
491 Factorial 5167 Computed
-71 Cube -357911 Computed
-542 Sqrt 23 Computed
292 Square 85264 Computed
953 Fibonacci 1085 Computed
-575 CheckPrime 0 Computed
-969 Factorial 0 Computed
523 Cube 143055667 Computed
346 Sqrt 18 Computed
325 Square 105625 Computed
-758 Fibonacci -1 Computed
-428 CheckPrime 0 Computed
580 Factorial 6609 Computed
468 Cube 102503232 Computed
816 Sqrt 28 Computed
-614 Square 376996 Computed
-738 Fibonacci -1 Computed
-44 CheckPrime 0 Computed
-120 Factorial 0 Computed
-71 Cube -357911 Computed
-725 Sqrt 26 Computed
633 Square 400689 Computed
785 Fibonacci 7259 Computed
357 CheckPrime 0 Computed
889 Factorial 3163 Computed
177 Cube 5545233 Computed
-937 Sqrt 30 Computed
-742 Square 550564 Computed
-266 Fibonacci -1 Computed
250 CheckPrime 0 Computed
-190 Factorial 0 Computed
717 Cube 368601813 Computed
-113 Sqrt 10 Computed
-885 Square 783225 Computed
782 Fibonacci 3510 Computed
-883 CheckPrime 0 Computed
-454 Factorial 0 Computed
-828 Cube -567663552 Computed
-152 Sqrt 12 Computed
-898 Square 806404 Computed
-879 Fibonacci -1 Computed
-855 CheckPrime 0 Computed
-453 Factorial 0 Computed
-761 Cube -440711081 Computed
-470 Sqrt 21 Computed
-683 Square 466489 Computed
-544 Fibonacci -1 Computed
-318 CheckPrime 0 Computed
369 Factorial 4450 Computed
-552 Cube -168196608 Computed
64 Sqrt 8 Computed
-898 Square 806404 Computed
71 Fibonacci 5753 Computed
-464 CheckPrime 0 Computed
57 Factorial 7997 Computed
955 Cube 870983875 Computed
499 Sqrt 22 Computed
-708 Square 501264 Computed
-538 Fibonacci -1 Computed
-178 CheckPrime 0 Computed
-487 Factorial 0 Computed
244 Cube 14526784 Computed
-319 Sqrt 17 Computed
219 Square 47961 Computed
438 Fibonacci 6947 Computed
-126 CheckPrime 0 Computed
541 Factorial 1152 Computed
923 Cube 786330467 Computed
-437 Sqrt 20 Computed
-972 Square 944784 Computed
-73 Fibonacci -1 Computed
520 CheckPrime 0 Computed
-849 Factorial 0 Computed
972 Cube 918330048 Computed
96 Sqrt 9 Computed
307 Square 94249 Computed
-536 Fibonacci -1 Computed
-476 CheckPrime 0 Computed
-483 Factorial 0 Computed
-822 Cube -555412248 Computed
272 Sqrt 16 Computed
-630 Square 396900 Computed
-4 Fibonacci -1 Computed
-92 CheckPrime 0 Computed
-345 Factorial 0 Computed
343 Cube 40353607 Computed
-238 Sqrt 15 Computed
997 Square 994009 Computed
836 Fibonacci 8686 Computed
702 CheckPrime 0 Computed
860 Factorial 1944 Computed
948 Cube 851971392 Computed
4 Sqrt 2 Computed
-856 Square 732736 Computed
-227 Fibonacci -1 Computed
982 CheckPrime 0 Computed
-343 Factorial 0 Computed
148 Cube 3241792 Computed
230 Sqrt 15 Computed
563 Square 316969 Computed
389 Fibonacci 3651 Computed
-458 CheckPrime 0 Computed
-110 Factorial 0 Computed
-782 Cube -478211768 Computed
956 Sqrt 30 Computed
238 Square 56644 Computed
82 Fibonacci 3035 Computed
971 CheckPrime 1 Computed
607 Factorial 4881 Computed
-823 Cube -557441767 Computed
-781 Sqrt 27 Computed
223 Square 49729 Computed
-884 Fibonacci -1 Computed
345 CheckPrime 0 Computed
-211 Factorial 0 Computed
-629 Cube -248858189 Computed
553 Sqrt 23 Computed
-921 Square 848241 Computed
-462 Fibonacci -1 Computed
118 CheckPrime 0 Computed
126 Factorial 7919 Computed
-249 Cube -15438249 Computed
22 Sqrt 4 Computed
546 Square 298116 Computed
-888 Fibonacci -1 Computed
619 CheckPrime 1 Computed
606 Factorial 1191 Computed
649 Cube 273359449 Computed
-983 Sqrt 31 Computed
579 Square 335241 Computed
-619 Fibonacci -1 Computed
-357 CheckPrime 0 Computed
203 Factorial 5328 Computed
-29 Cube -24389 Computed
653 Sqrt 25 Computed
-361 Square 130321 Computed
-597 Fibonacci -1 Computed
-768 CheckPrime 0 Computed
-367 Factorial 0 Computed
536 Cube 153990656 Computed
-161 Sqrt 12 Computed
135 Square 18225 Computed
369 Fibonacci 9467 Computed
-615 CheckPrime 0 Computed
576 Factorial 6571 Computed
862 Cube 640503928 Computed
-648 Sqrt 25 Computed
-377 Square 142129 Computed
-339 Fibonacci -1 Computed
-204 CheckPrime 0 Computed
235 Factorial 8385 Computed
-566 Cube -181321496 Computed
269 Sqrt 16 Computed
-741 Square 549081 Computed
-585 Fibonacci -1 Computed
-418 CheckPrime 0 Computed
-215 Factorial 0 Computed
226 Cube 11543176 Computed
-421 Sqrt 20 Computed
-556 Square 309136 Computed
114 Fibonacci 8883 Computed
-231 CheckPrime 0 Computed
567 Factorial 4027 Computed
105 Cube 1157625 Computed
934 Sqrt 30 Computed
344 Square 118336 Computed
-497 Fibonacci -1 Computed
112 CheckPrime 0 Computed
-692 Factorial 0 Computed
505 Cube 128787625 Computed
-375 Sqrt 19 Computed
553 Square 305809 Computed
-865 Fibonacci -1 Computed
409 CheckPrime 1 Computed
-57 Factorial 0 Computed
-561 Cube -176558481 Computed
-588 Sqrt 24 Computed
-447 Square 199809 Computed
-702 Fibonacci -1 Computed
-387 CheckPrime 0 Computed
-727 Factorial 0 Computed
-581 Cube -196122941 Computed
20 Sqrt 4 Computed
358 Square 128164 Computed
533 Fibonacci 5994 Computed
-889 CheckPrime 0 Computed
-110 Factorial 0 Computed
-231 Cube -12326391 Computed
31 Sqrt 5 Computed
-315 Square 99225 Computed
-747 Fibonacci -1 Computed
-456 CheckPrime 0 Computed
90 Factorial 7477 Computed
493 Cube 119823157 Computed
-813 Sqrt 28 Computed
460 Square 211600 Computed
-121 Fibonacci -1 Computed
-788 CheckPrime 0 Computed
-575 Factorial 0 Computed
113 Cube 1442897 Computed
760 Sqrt 27 Computed
345 Square 119025 Computed
992 Fibonacci 9248 Computed
844 CheckPrime 0 Computed
914 Factorial 3268 Computed
-625 Cube -244140625 Computed
171 Sqrt 13 Computed
961 Square 923521 Computed
-308 Fibonacci -1 Computed
876 CheckPrime 0 Computed
321 Factorial 2722 Computed
273 Cube 20346417 Computed
-228 Sqrt 15 Computed
-250 Square 62500 Computed
-698 Fibonacci -1 Computed
195 CheckPrime 0 Computed
867 Factorial 6239 Computed
-870 Cube -658503000 Computed
46 Sqrt 6 Computed
-173 Square 29929 Computed
234 Fibonacci 3649 Computed
-586 CheckPrime 0 Computed
-446 Factorial 0 Computed
392 Cube 60236288 Computed
58 Sqrt 7 Computed
977 Square 954529 Computed
-921 Fibonacci -1 Computed
-634 CheckPrime 0 Computed
-854 Factorial 0 Computed
909 Cube 751089429 Computed
440 Sqrt 20 Computed
642 Square 412164 Computed
-166 Fibonacci -1 Computed
-122 CheckPrime 0 Computed
594 Factorial 8992 Computed
568 Cube 183250432 Computed
44 Sqrt 6 Computed
-464 Square 215296 Computed
