338 NextPrime 347 Computed
790 Square 624100 Computed
-199 Fibonacci -1 Computed
492 Sqrt 22 Computed
526 CheckPrime 0 Computed
739 Fibonacci 7731 Computed
941 Square 885481 Computed
-423 Square 178929 Computed
-638 Sqrt 25 Computed
469 NextPrime 479 Computed
327 Fibonacci 343 Computed
-479 Cube -109902239 Computed
742 NextPrime 743 Computed
-756 NextPrime 2 Computed
418 CheckPrime 0 Computed
380 Cube 54872000 Computed
45 Cube 91125 Computed
101 Cube 1030301 Computed
501 NextPrime 503 Computed
-116 Fibonacci -1 Computed
-299 CheckPrime 0 Computed
985 Square 970225 Computed
-511 Square 261121 Computed
-165 Sqrt 12 Computed
441 Fibonacci 6808 Computed
958 Sqrt 30 Computed
-877 Sqrt 29 Computed
-210 Cube -9261000 Computed
501 Fibonacci 7631 Computed
-428 NextPrime 2 Computed
-314 NextPrime 2 Computed
-536 Sqrt 23 Computed
-583 CheckPrime 0 Computed
6 Sqrt 2 Computed
34 CheckPrime 0 Computed
268 Sqrt 16 Computed
-325 CheckPrime 0 Computed
227 Sqrt 15 Computed
-191 Cube -6967871 Computed
591 Square 349281 Computed
-399 Fibonacci -1 Computed
-99 NextPrime 2 Computed
-436 CheckPrime 0 Computed
-113 NextPrime 2 Computed
-755 Sqrt 27 Computed
-761 NextPrime 2 Computed
763 NextPrime 769 Computed
-497 Fibonacci -1 Computed
713 Cube 362467097 Computed
-651 Cube -275894451 Computed
560 NextPrime 563 Computed
643 NextPrime 647 Computed
-241 Sqrt 15 Computed
-334 Fibonacci -1 Computed
820 Sqrt 28 Computed
-978 Sqrt 31 Computed
769 Sqrt 27 Computed
-737 Sqrt 27 Computed
515 NextPrime 521 Computed
125 Sqrt 11 Computed
-890 NextPrime 2 Computed
-174 NextPrime 2 Computed
-638 Cube -259694072 Computed
713 NextPrime 719 Computed
-943 Sqrt 30 Computed
-435 Square 189225 Computed
146 CheckPrime 0 Computed
-764 Fibonacci -1 Computed
386 NextPrime 389 Computed
-455 NextPrime 2 Computed
498 Fibonacci 8364 Computed
811 Square 657721 Computed
21 Sqrt 4 Computed
849 NextPrime 853 Computed
871 CheckPrime 0 Computed
-661 Square 436921 Computed
724 Sqrt 26 Computed
733 Cube 393832837 Computed
818 Fibonacci 1734 Computed
-13 CheckPrime 0 Computed
248 Fibonacci 572 Computed
455 NextPrime 457 Computed
-293 CheckPrime 0 Computed
-695 Fibonacci -1 Computed
22 Cube 10648 Computed
675 Square 455625 Computed
629 Square 395641 Computed
-953 NextPrime 2 Computed
568 Sqrt 23 Computed
575 Sqrt 23 Computed
-297 Cube -26198073 Computed
134 NextPrime 137 Computed
-19 Cube -6859 Computed
152 Fibonacci 8028 Computed
-570 Fibonacci -1 Computed
-321 Sqrt 17 Computed
391 Sqrt 19 Computed
814 Cube 539353144 Computed
-513 Sqrt 22 Computed
786 CheckPrime 0 Computed
-313 Sqrt 17 Computed
-35 Cube -42875 Computed
-450 NextPrime 2 Computed
984 Sqrt 31 Computed
446 Sqrt 21 Computed
-613 Cube -230346397 Computed
515 Cube 136590875 Computed
509 CheckPrime 1 Computed
485 Fibonacci 7589 Computed
-536 Fibonacci -1 Computed
-820 Square 672400 Computed
-330 NextPrime 2 Computed
-915 Sqrt 30 Computed
614 Square 376996 Computed
-528 Cube -147197952 Computed
-98 Cube -941192 Computed
572 NextPrime 577 Computed
576 Fibonacci 4176 Computed
-843 Fibonacci -1 Computed
832 Fibonacci 7074 Computed
6 CheckPrime 0 Computed
770 Square 592900 Computed
695 Cube 335702375 Computed
-282 NextPrime 2 Computed
-402 NextPrime 2 Computed
535 Cube 153130375 Computed
190 CheckPrime 0 Computed
173 Fibonacci 5993 Computed
-727 Sqrt 26 Computed
135 CheckPrime 0 Computed
-510 NextPrime 2 Computed
-155 NextPrime 2 Computed
572 Sqrt 23 Computed
781 Sqrt 27 Computed
-698 Square 487204 Computed
679 Cube 313046839 Computed
952 CheckPrime 0 Computed
912 Square 831744 Computed
938 NextPrime 941 Computed
-953 Cube -865523177 Computed
326 Fibonacci 1720 Computed
803 NextPrime 809 Computed
-881 Cube -683797841 Computed
18 Cube 5832 Computed
272 NextPrime 277 Computed
104 Square 10816 Computed
-254 NextPrime 2 Computed
-299 CheckPrime 0 Computed
-210 Sqrt 14 Computed
-140 Sqrt 11 Computed
724 Square 524176 Computed
-731 Fibonacci -1 Computed
-589 Cube -204336469 Computed
545 CheckPrime 0 Computed
424 CheckPrime 0 Computed
355 Sqrt 18 Computed
-594 Fibonacci -1 Computed
-613 NextPrime 2 Computed
-649 Square 421201 Computed
565 NextPrime 569 Computed
-557 NextPrime 2 Computed
278 Sqrt 16 Computed
675 NextPrime 677 Computed
834 Cube 580093704 Computed
-527 NextPrime 2 Computed
-190 Fibonacci -1 Computed
-941 Sqrt 30 Computed
610 Fibonacci 3900 Computed
966 Fibonacci 1269 Computed
567 Sqrt 23 Computed
-278 Cube -21484952 Computed
-801 Cube -513922401 Computed
244 Square 59536 Computed
-89 CheckPrime 0 Computed
-399 CheckPrime 0 Computed
-511 Cube -133432831 Computed
762 Square 580644 Computed
594 Sqrt 24 Computed
-437 CheckPrime 0 Computed
-332 Cube -36594368 Computed
-545 NextPrime 2 Computed
556 Cube 171879616 Computed
999 NextPrime 1009 Computed
-865 Fibonacci -1 Computed
-527 NextPrime 2 Computed
677 NextPrime 683 Computed
-394 CheckPrime 0 Computed
505 Square 255025 Computed
-330 CheckPrime 0 Computed
312 Cube 30371328 Computed
693 CheckPrime 0 Computed
-260 Square 67600 Computed
-266 Cube -18821096 Computed
-750 Sqrt 27 Computed
445 Fibonacci 9794 Computed
-681 Fibonacci -1 Computed
-372 Fibonacci -1 Computed
-741 NextPrime 2 Computed
-689 CheckPrime 0 Computed
-168 CheckPrime 0 Computed
-226 NextPrime 2 Computed
212 NextPrime 223 Computed
-772 Fibonacci -1 Computed
-785 CheckPrime 0 Computed
712 Sqrt 26 Computed
-647 Sqrt 25 Computed
279 Sqrt 16 Computed
-36 Square 1296 Computed
-520 NextPrime 2 Computed
-872 Square 760384 Computed
848 Cube 609800192 Computed
-793 CheckPrime 0 Computed
-946 Sqrt 30 Computed
965 NextPrime 967 Computed
-832 Fibonacci -1 Computed
956 CheckPrime 0 Computed
-539 Square 290521 Computed
-486 Square 236196 Computed
-277 NextPrime 2 Computed
182 Fibonacci 6477 Computed
-936 Fibonacci -1 Computed
-345 NextPrime 2 Computed
763 Fibonacci 4056 Computed
500 Square 250000 Computed
-686 NextPrime 2 Computed
287 NextPrime 293 Computed
-318 NextPrime 2 Computed
683 Fibonacci 8121 Computed
-460 Sqrt 21 Computed
-339 NextPrime 2 Computed
127 Sqrt 11 Computed
567 Fibonacci 6331 Computed
578 CheckPrime 0 Computed
605 Sqrt 24 Computed
997 NextPrime 1009 Computed
-100 Square 10000 Computed
815 Square 664225 Computed
-897 NextPrime 2 Computed
186 Cube 6434856 Computed
28 Square 784 Computed
762 NextPrime 769 Computed
-892 Cube -709732288 Computed
82 Square 6724 Computed
-200 Cube -8000000 Computed
24 Sqrt 4 Computed
-861 Cube -638277381 Computed
-51 Sqrt 7 Computed
875 CheckPrime 0 Computed
-223 NextPrime 2 Computed
-961 NextPrime 2 Computed
-608 Sqrt 24 Computed
628 Cube 247673152 Computed
280 CheckPrime 0 Computed
683 Fibonacci 8121 Computed
-7 Fibonacci -1 Computed
-490 Cube -117649000 Computed
-25 CheckPrime 0 Computed
-12 Fibonacci -1 Computed
-680 Sqrt 26 Computed
905 Sqrt 30 Computed
-131 Sqrt 11 Computed
-475 NextPrime 2 Computed
-259 NextPrime 2 Computed
182 Fibonacci 6477 Computed
814 NextPrime 821 Computed
928 Fibonacci 1722 Computed
-373 Sqrt 19 Computed
556 Cube 171879616 Computed
585 Fibonacci 4571 Computed
-54 Cube -157464 Computed
460 NextPrime 461 Computed
74 CheckPrime 0 Computed
-449 Sqrt 21 Computed
954 Square 910116 Computed
568 NextPrime 569 Computed
92 Cube 778688 Computed
-685 Fibonacci -1 Computed
-890 Fibonacci -1 Computed
936 Sqrt 30 Computed
755 Cube 430368875 Computed
-524 Fibonacci -1 Computed
226 Sqrt 15 Computed
-64 CheckPrime 0 Computed
785 Cube 483736625 Computed
-617 NextPrime 2 Computed
-680 Fibonacci -1 Computed
-875 NextPrime 2 Computed
-825 Sqrt 28 Computed
-647 Sqrt 25 Computed
248 Square 61504 Computed
484 NextPrime 487 Computed
738 Fibonacci 1855 Computed
242 Fibonacci 5691 Computed
744 Square 553536 Computed
-785 Cube -483736625 Computed
757 NextPrime 761 Computed
-860 Fibonacci -1 Computed
805 Square 648025 Computed
499 CheckPrime 1 Computed
367 NextPrime 373 Computed
739 CheckPrime 1 Computed
-765 Fibonacci -1 Computed
475 CheckPrime 0 Computed
881 Fibonacci 9880 Computed
-602 Sqrt 24 Computed
872 Square 760384 Computed
882 Square 777924 Computed
-96 Square 9216 Computed
-805 Sqrt 28 Computed
786 Cube 485587656 Computed
-401 Sqrt 20 Computed
-757 Cube -433798093 Computed
-544 CheckPrime 0 Computed
-440 Fibonacci -1 Computed
379 Cube 54439939 Computed
463 Fibonacci 7197 Computed
-952 Square 906304 Computed
-385 CheckPrime 0 Computed
-257 Fibonacci -1 Computed
673 NextPrime 677 Computed
157 Fibonacci 3285 Computed
-37 Square 1369 Computed
973 Cube 921167317 Computed
881 NextPrime 883 Computed
157 NextPrime 163 Computed
21 CheckPrime 0 Computed
599 CheckPrime 1 Computed
-438 CheckPrime 0 Computed
-239 Cube -13651919 Computed
699 Cube 341532099 Computed
-841 Cube -594823321 Computed
73 Square 5329 Computed
-380 Fibonacci -1 Computed
361 Fibonacci 732 Computed
354 Sqrt 18 Computed
-205 Fibonacci -1 Computed
687 CheckPrime 0 Computed
-461 Square 212521 Computed
-587 CheckPrime 0 Computed
800 Square 640000 Computed
-604 NextPrime 2 Computed
731 NextPrime 733 Computed
-340 Fibonacci -1 Computed
1 Sqrt 1 Computed
65 Fibonacci 5245 Computed
733 NextPrime 739 Computed
923 CheckPrime 0 Computed
-503 Sqrt 22 Computed
-327 Cube -34965783 Computed
260 Cube 17576000 Computed
47 Cube 103823 Computed
264 CheckPrime 0 Computed
-444 NextPrime 2 Computed
-633 CheckPrime 0 Computed
-404 Cube -65939264 Computed
365 Cube 48627125 Computed
174 Square 30276 Computed
245 NextPrime 251 Computed
317 Sqrt 17 Computed
-298 CheckPrime 0 Computed
691 NextPrime 701 Computed
103 Square 10609 Computed
-112 Sqrt 10 Computed
769 Cube 454756609 Computed
-393 Sqrt 19 Computed
799 CheckPrime 0 Computed
684 NextPrime 691 Computed
-203 Fibonacci -1 Computed
630 Square 396900 Computed
687 Cube 324242703 Computed
646 Fibonacci 2146 Computed
31 Square 961 Computed
-168 Cube -4741632 Computed
-920 NextPrime 2 Computed
-354 Square 125316 Computed
980 Cube 941192000 Computed
967 Fibonacci 9848 Computed
163 Cube 4330747 Computed
-451 Square 203401 Computed
408 Cube 67917312 Computed
577 CheckPrime 1 Computed
-670 Sqrt 25 Computed
402 Square 161604 Computed
278 Sqrt 16 Computed
811 Fibonacci 3546 Computed
247 Sqrt 15 Computed
179 Fibonacci 7743 Computed
-423 CheckPrime 0 Computed
443 CheckPrime 1 Computed
-630 NextPrime 2 Computed
-914 CheckPrime 0 Computed
-441 CheckPrime 0 Computed
121 Fibonacci 4065 Computed
-321 Fibonacci -1 Computed
20 Square 400 Computed
721 Square 519841 Computed
871 Square 758641 Computed
967 Sqrt 31 Computed
459 NextPrime 461 Computed
21 Cube 9261 Computed
890 CheckPrime 0 Computed
408 Fibonacci 4264 Computed
-940 CheckPrime 0 Computed
765 Fibonacci 2280 Computed
837 Square 700569 Computed
-984 NextPrime 2 Computed
-682 Square 465124 Computed
998 Sqrt 31 Computed
7 CheckPrime 1 Computed
-962 Fibonacci -1 Computed
218 NextPrime 223 Computed
629 Sqrt 25 Computed
35 Cube 42875 Computed
-45 Cube -91125 Computed
-924 Fibonacci -1 Computed
-538 Cube -155720872 Computed
-488 Cube -116214272 Computed
-437 Square 190969 Computed
10 CheckPrime 0 Computed
366 CheckPrime 0 Computed
51 Fibonacci 5452 Computed
759 Fibonacci 5662 Computed
967 Fibonacci 9848 Computed
-58 Fibonacci -1 Computed
463 NextPrime 467 Computed
631 Cube 251239591 Computed
937 Sqrt 30 Computed
-31 CheckPrime 0 Computed
44 Square 1936 Computed
413 Cube 70444997 Computed
383 Fibonacci 9368 Computed
-425 Fibonacci -1 Computed
-84 Square 7056 Computed
843 Sqrt 29 Computed
713 CheckPrime 0 Computed
727 Fibonacci 2073 Computed
-950 NextPrime 2 Computed
507 Cube 130323843 Computed
-883 Fibonacci -1 Computed
391 Square 152881 Computed
604 CheckPrime 0 Computed
-366 Sqrt 19 Computed
-598 Sqrt 24 Computed
745 Square 555025 Computed
-413 CheckPrime 0 Computed
-301 CheckPrime 0 Computed
-59 CheckPrime 0 Computed
-728 NextPrime 2 Computed
20 CheckPrime 0 Computed
36 Sqrt 6 Computed
-637 CheckPrime 0 Computed
-119 Sqrt 10 Computed
-532 NextPrime 2 Computed
348 CheckPrime 0 Computed
201 Sqrt 14 Computed
-860 Sqrt 29 Computed
-276 CheckPrime 0 Computed
-430 Fibonacci -1 Computed
578 Square 334084 Computed
107 Square 11449 Computed
238 Fibonacci 2759 Computed
-546 CheckPrime 0 Computed
-261 CheckPrime 0 Computed
-336 Fibonacci -1 Computed
320 NextPrime 331 Computed
-24 Fibonacci -1 Computed
-649 Cube -273359449 Computed
238 Cube 13481272 Computed
-162 CheckPrime 0 Computed
682 NextPrime 683 Computed
91 Sqrt 9 Computed
-124 CheckPrime 0 Computed
686 Fibonacci 6346 Computed
762 Sqrt 27 Computed
-9 Square 81 Computed
-582 CheckPrime 0 Computed
42 Cube 74088 Computed
947 Square 896809 Computed
91 Fibonacci 5754 Computed
-804 Fibonacci -1 Computed
134 CheckPrime 0 Computed
-153 Square 23409 Computed
-322 NextPrime 2 Computed
-331 Fibonacci -1 Computed
858 Cube 631628712 Computed
-931 Square 866761 Computed
720 Sqrt 26 Computed
823 Fibonacci 4461 Computed
-878 CheckPrime 0 Computed
-994 Square 988036 Computed
-23 Cube -12167 Computed
771 Square 594441 Computed
485 Sqrt 22 Computed
-620 Square 384400 Computed
70 Fibonacci 2940 Computed
-169 Sqrt 13 Computed
-237 Sqrt 15 Computed
680 NextPrime 683 Computed
493 Fibonacci 6053 Computed
981 Fibonacci 3243 Computed
873 NextPrime 877 Computed
861 Square 741321 Computed
-821 NextPrime 2 Computed
810 Square 656100 Computed
-258 CheckPrime 0 Computed
514 Sqrt 22 Computed
-571 CheckPrime 0 Computed
518 Fibonacci 3464 Computed
945 Square 893025 Computed
987 Sqrt 31 Computed
-803 Square 644809 Computed
-425 Cube -76765625 Computed
-496 Sqrt 22 Computed
706 Cube 351895816 Computed
-733 Cube -393832837 Computed
-374 CheckPrime 0 Computed
908 Fibonacci 5274 Computed
935 Cube 817400375 Computed
991 Sqrt 31 Computed
47 CheckPrime 1 Computed
-132 Square 17424 Computed
938 Fibonacci 7181 Computed
479 Fibonacci 2861 Computed
294 Cube 25412184 Computed
795 Cube 502459875 Computed
936 CheckPrime 0 Computed
-836 Cube -584277056 Computed
-337 CheckPrime 0 Computed
778 NextPrime 787 Computed
304 CheckPrime 0 Computed
-456 Fibonacci -1 Computed
-95 CheckPrime 0 Computed
96 CheckPrime 0 Computed
359 NextPrime 367 Computed
224 Sqrt 14 Computed
271 Sqrt 16 Computed
-248 NextPrime 2 Computed
-476 Square 226576 Computed
80 CheckPrime 0 Computed
-39 Square 1521 Computed
-730 Fibonacci -1 Computed
477 Square 227529 Computed
141 Square 19881 Computed
-440 Fibonacci -1 Computed
406 CheckPrime 0 Computed
462 Cube 98611128 Computed
-439 CheckPrime 0 Computed
-544 CheckPrime 0 Computed
-638 Fibonacci -1 Computed
716 CheckPrime 0 Computed
211 NextPrime 223 Computed
-264 Fibonacci -1 Computed
856 Cube 627222016 Computed
-637 NextPrime 2 Computed
208 Square 43264 Computed
-457 NextPrime 2 Computed
-228 CheckPrime 0 Computed
-232 Fibonacci -1 Computed
893 NextPrime 907 Computed
-242 Fibonacci -1 Computed
994 CheckPrime 0 Computed
298 CheckPrime 0 Computed
-913 Fibonacci -1 Computed
-820 Sqrt 28 Computed
728 Fibonacci 9161 Computed
900 Sqrt 30 Computed
-477 Square 227529 Computed
-908 Cube -748613312 Computed
324 Square 104976 Computed
-538 CheckPrime 0 Computed
-482 Fibonacci -1 Computed
550 Sqrt 23 Computed
381 Fibonacci 2942 Computed
148 Fibonacci 4749 Computed
964 Fibonacci 2663 Computed
-452 Sqrt 21 Computed
-135 Cube -2460375 Computed
64 Sqrt 8 Computed
372 Sqrt 19 Computed
317 Square 100489 Computed
-780 Cube -474552000 Computed
-43 NextPrime 2 Computed
809 Square 654481 Computed
-319 Cube -32461759 Computed
-132 Sqrt 11 Computed
-367 Square 134689 Computed
-577 NextPrime 2 Computed
-257 Sqrt 16 Computed
-189 NextPrime 2 Computed
-101 CheckPrime 0 Computed
85 Sqrt 9 Computed
453 NextPrime 457 Computed
-905 Square 819025 Computed
465 Fibonacci 2277 Computed
-424 Sqrt 20 Computed
21 Fibonacci 973 Computed
-222 NextPrime 2 Computed
460 Square 211600 Computed
977 Sqrt 31 Computed
639 Sqrt 25 Computed
