840 Factorial 6497 Computed
360 Cube 46656000 Computed
-372 Sqrt 19 Computed
475 NextPrime 479 Computed
-469 Square 219961 Computed
-358 CheckPrime 0 Computed
-347 Factorial 0 Computed
262 Cube 17984728 Computed
53 Sqrt 7 Computed
-111 NextPrime 2 Computed
666 Square 443556 Computed
202 CheckPrime 0 Computed
-506 Factorial 0 Computed
-262 Cube -17984728 Computed
-413 Sqrt 20 Computed
-915 NextPrime 2 Computed
617 Square 380689 Computed
759 CheckPrime 0 Computed
-686 Factorial 0 Computed
380 Cube 54872000 Computed
-659 Sqrt 25 Computed
897 NextPrime 907 Computed
134 Square 17956 Computed
325 CheckPrime 0 Computed
-953 Factorial 0 Computed
745 Cube 413493625 Computed
-869 Sqrt 29 Computed
-214 NextPrime 2 Computed
-129 Square 16641 Computed
-978 CheckPrime 0 Computed
-23 Factorial 0 Computed
763 Cube 444194947 Computed
114 Sqrt 10 Computed
-446 NextPrime 2 Computed
596 Square 355216 Computed
-260 CheckPrime 0 Computed
-336 Factorial 0 Computed
-7 Cube -343 Computed
-849 Sqrt 29 Computed
344 NextPrime 347 Computed
-29 Square 841 Computed
377 CheckPrime 0 Computed
-142 Factorial 0 Computed
-568 Cube -183250432 Computed
788 Sqrt 28 Computed
-498 NextPrime 2 Computed
-811 Square 657721 Computed
-773 CheckPrime 0 Computed
-886 Factorial 0 Computed
-699 Cube -341532099 Computed
648 Sqrt 25 Computed
-977 NextPrime 2 Computed
-934 Square 872356 Computed
91 CheckPrime 0 Computed
-694 Factorial 0 Computed
872 Cube 663054848 Computed
-227 Sqrt 15 Computed
287 NextPrime 293 Computed
538 Square 289444 Computed
668 CheckPrime 0 Computed
-282 Factorial 0 Computed
141 Cube 2803221 Computed
-132 Sqrt 11 Computed
392 NextPrime 397 Computed
394 Square 155236 Computed
-881 CheckPrime 0 Computed
-101 Factorial 0 Computed
-722 Cube -376367048 Computed
-256 Sqrt 16 Computed
-807 NextPrime 2 Computed
-788 Square 620944 Computed
254 CheckPrime 0 Computed
-251 Factorial 0 Computed
612 Cube 229220928 Computed
-883 Sqrt 29 Computed
-702 NextPrime 2 Computed
-970 Square 940900 Computed
-365 CheckPrime 0 Computed
-105 Factorial 0 Computed
-229 Cube -12008989 Computed
-683 Sqrt 26 Computed
697 NextPrime 701 Computed
240 Square 57600 Computed
425 CheckPrime 0 Computed
583 Factorial 311 Computed
-210 Cube -9261000 Computed
973 Sqrt 31 Computed
-761 NextPrime 2 Computed
226 Square 51076 Computed
-730 CheckPrime 0 Computed
490 Factorial 7668 Computed
167 Cube 4657463 Computed
154 Sqrt 12 Computed
-819 NextPrime 2 Computed
-256 Square 65536 Computed
-990 CheckPrime 0 Computed
925 Factorial 2655 Computed
-747 Cube -416832723 Computed
-459 Sqrt 21 Computed
-45 NextPrime 2 Computed
-645 Square 416025 Computed
-86 CheckPrime 0 Computed
-256 Factorial 0 Computed
-584 Cube -199176704 Computed
908 Sqrt 30 Computed
-205 NextPrime 2 Computed
-672 Square 451584 Computed
39 CheckPrime 0 Computed
-615 Factorial 0 Computed
638 Cube 259694072 Computed
-363 Sqrt 19 Computed
-225 NextPrime 2 Computed
-595 Square 354025 Computed
511 CheckPrime 0 Computed
-812 Factorial 0 Computed
-174 Cube -5268024 Computed
773 Sqrt 27 Computed
-410 NextPrime 2 Computed
169 Square 28561 Computed
279 CheckPrime 0 Computed
-465 Factorial 0 Computed
879 Cube 679151439 Computed
1000 Sqrt 31 Computed
-807 NextPrime 2 Computed
-846 Square 715716 Computed
-496 CheckPrime 0 Computed
773 Factorial 9100 Computed
-360 Cube -46656000 Computed
-443 Sqrt 21 Computed
-733 NextPrime 2 Computed
786 Square 617796 Computed
337 CheckPrime 1 Computed
-382 Factorial 0 Computed
-289 Cube -24137569 Computed
866 Sqrt 29 Computed
-367 NextPrime 2 Computed
-247 Square 61009 Computed
-291 CheckPrime 0 Computed
-748 Factorial 0 Computed
-825 Cube -561515625 Computed
-434 Sqrt 20 Computed
-729 NextPrime 2 Computed
-179 Square 32041 Computed
-740 CheckPrime 0 Computed
413 Factorial 8856 Computed
187 Cube 6539203 Computed
-496 Sqrt 22 Computed
301 NextPrime 307 Computed
248 Square 61504 Computed
-475 CheckPrime 0 Computed
973 Factorial 7638 Computed
999 Cube 997002999 Computed
-178 Sqrt 13 Computed
438 NextPrime 439 Computed
742 Square 550564 Computed
537 CheckPrime 0 Computed
870 Factorial 2672 Computed
-248 Cube -15252992 Computed
-228 Sqrt 15 Computed
-1000 NextPrime 2 Computed
22 Square 484 Computed
237 CheckPrime 0 Computed
-918 Factorial 0 Computed
-779 Cube -472729139 Computed
-792 Sqrt 28 Computed
830 NextPrime 839 Computed
-905 Square 819025 Computed
737 CheckPrime 0 Computed
538 Factorial 5171 Computed
-540 Cube -157464000 Computed
-635 Sqrt 25 Computed
-363 NextPrime 2 Computed
63 Square 3969 Computed
-94 CheckPrime 0 Computed
540 Factorial 5938 Computed
-37 Cube -50653 Computed
400 Sqrt 20 Computed
-205 NextPrime 2 Computed
-739 Square 546121 Computed
-550 CheckPrime 0 Computed
-581 Factorial 0 Computed
458 Cube 96071912 Computed
-208 Sqrt 14 Computed
340 NextPrime 347 Computed
136 Square 18496 Computed
-929 CheckPrime 0 Computed
49 Factorial 6421 Computed
868 Cube 653972032 Computed
596 Sqrt 24 Computed
-785 NextPrime 2 Computed
549 Square 301401 Computed
-936 CheckPrime 0 Computed
-675 Factorial 0 Computed
481 Cube 111284641 Computed
156 Sqrt 12 Computed
-541 NextPrime 2 Computed
773 Square 597529 Computed
639 CheckPrime 0 Computed
948 Factorial 8703 Computed
-398 Cube -63044792 Computed
-98 Sqrt 9 Computed
-463 NextPrime 2 Computed
922 Square 850084 Computed
974 CheckPrime 0 Computed
-280 Factorial 0 Computed
-289 Cube -24137569 Computed
789 Sqrt 28 Computed
814 NextPrime 821 Computed
378 Square 142884 Computed
225 CheckPrime 0 Computed
-651 Factorial 0 Computed
97 Cube 912673 Computed
-910 Sqrt 30 Computed
514 NextPrime 521 Computed
-221 Square 48841 Computed
622 CheckPrime 0 Computed
-582 Factorial 0 Computed
-196 Cube -7529536 Computed
-927 Sqrt 30 Computed
423 NextPrime 431 Computed
-766 Square 586756 Computed
246 CheckPrime 0 Computed
685 Factorial 5359 Computed
-846 Cube -605495736 Computed
306 Sqrt 17 Computed
-379 NextPrime 2 Computed
-29 Square 841 Computed
-229 CheckPrime 0 Computed
-265 Factorial 0 Computed
-801 Cube -513922401 Computed
-966 Sqrt 31 Computed
637 NextPrime 641 Computed
-550 Square 302500 Computed
-622 CheckPrime 0 Computed
-168 Factorial 0 Computed
121 Cube 1771561 Computed
279 Sqrt 16 Computed
500 NextPrime 503 Computed
-108 Square 11664 Computed
683 CheckPrime 1 Computed
-589 Factorial 0 Computed
68 Cube 314432 Computed
584 Sqrt 24 Computed
-305 NextPrime 2 Computed
-412 Square 169744 Computed
-213 CheckPrime 0 Computed
-40 Factorial 0 Computed
-213 Cube -9663597 Computed
532 Sqrt 23 Computed
-318 NextPrime 2 Computed
913 Square 833569 Computed
442 CheckPrime 0 Computed
-149 Factorial 0 Computed
-769 Cube -454756609 Computed
925 Sqrt 30 Computed
-220 NextPrime 2 Computed
48 Square 2304 Computed
-335 CheckPrime 0 Computed
855 Factorial 6731 Computed
-762 Cube -442450728 Computed
-384 Sqrt 19 Computed
-143 NextPrime 2 Computed
233 Square 54289 Computed
107 CheckPrime 1 Computed
593 Factorial 3776 Computed
-653 Cube -278445077 Computed
639 Sqrt 25 Computed
734 NextPrime 739 Computed
336 Square 112896 Computed
117 CheckPrime 0 Computed
528 Factorial 2933 Computed
219 Cube 10503459 Computed
-558 Sqrt 23 Computed
-545 NextPrime 2 Computed
665 Square 442225 Computed
473 CheckPrime 0 Computed
-704 Factorial 0 Computed
-607 Cube -223648543 Computed
688 Sqrt 26 Computed
-736 NextPrime 2 Computed
374 Square 139876 Computed
-9 CheckPrime 0 Computed
349 Factorial 9477 Computed
396 Cube 62099136 Computed
200 Sqrt 14 Computed
-582 NextPrime 2 Computed
212 Square 44944 Computed
-370 CheckPrime 0 Computed
369 Factorial 4450 Computed
-463 Cube -99252847 Computed
182 Sqrt 13 Computed
439 NextPrime 443 Computed
947 Square 896809 Computed
-516 CheckPrime 0 Computed
-294 Factorial 0 Computed
-364 Cube -48228544 Computed
590 Sqrt 24 Computed
512 NextPrime 521 Computed
-872 Square 760384 Computed
-949 CheckPrime 0 Computed
483 Factorial 4561 Computed
-718 Cube -370146232 Computed
-265 Sqrt 16 Computed
-850 NextPrime 2 Computed
-932 Square 868624 Computed
445 CheckPrime 0 Computed
822 Factorial 9041 Computed
-6 Cube -216 Computed
42 Sqrt 6 Computed
258 NextPrime 263 Computed
-455 Square 207025 Computed
-598 CheckPrime 0 Computed
575 Factorial 2799 Computed
-373 Cube -51895117 Computed
-959 Sqrt 30 Computed
218 NextPrime 223 Computed
-742 Square 550564 Computed
909 CheckPrime 0 Computed
799 Factorial 4182 Computed
-383 Cube -56181887 Computed
-698 Sqrt 26 Computed
-987 NextPrime 2 Computed
861 Square 741321 Computed
-937 CheckPrime 0 Computed
-116 Factorial 0 Computed
222 Cube 10941048 Computed
-975 Sqrt 31 Computed
-219 NextPrime 2 Computed
873 Square 762129 Computed
219 CheckPrime 0 Computed
171 Factorial 380 Computed
689 Cube 327082769 Computed
237 Sqrt 15 Computed
-711 NextPrime 2 Computed
-983 Square 966289 Computed
775 CheckPrime 0 Computed
-594 Factorial 0 Computed
970 Cube 912673000 Computed
-316 Sqrt 17 Computed
249 NextPrime 251 Computed
400 Square 160000 Computed
-781 CheckPrime 0 Computed
598 Factorial 8807 Computed
-168 Cube -4741632 Computed
826 Sqrt 28 Computed
-870 NextPrime 2 Computed
-432 Square 186624 Computed
-827 CheckPrime 0 Computed
726 Factorial 4435 Computed
-806 Cube -523606616 Computed
-876 Sqrt 29 Computed
887 NextPrime 907 Computed
-548 Square 300304 Computed
192 CheckPrime 0 Computed
742 Factorial 4147 Computed
-875 Cube -669921875 Computed
-835 Sqrt 28 Computed
865 NextPrime 877 Computed
523 Square 273529 Computed
96 CheckPrime 0 Computed
-359 Factorial 0 Computed
-100 Cube -1000000 Computed
227 Sqrt 15 Computed
-704 NextPrime 2 Computed
-537 Square 288369 Computed
-243 CheckPrime 0 Computed
718 Factorial 8176 Computed
-285 Cube -23149125 Computed
516 Sqrt 22 Computed
-821 NextPrime 2 Computed
-811 Square 657721 Computed
-372 CheckPrime 0 Computed
-504 Factorial 0 Computed
-12 Cube -1728 Computed
808 Sqrt 28 Computed
-902 NextPrime 2 Computed
25 Square 625 Computed
-224 CheckPrime 0 Computed
-308 Factorial 0 Computed
-878 Cube -676836152 Computed
-85 Sqrt 9 Computed
-672 NextPrime 2 Computed
902 Square 813604 Computed
775 CheckPrime 0 Computed
-940 Factorial 0 Computed
-466 Cube -101194696 Computed
80 Sqrt 8 Computed
-884 NextPrime 2 Computed
-516 Square 266256 Computed
-430 CheckPrime 0 Computed
-485 Factorial 0 Computed
440 Cube 85184000 Computed
-72 Sqrt 8 Computed
559 NextPrime 563 Computed
957 Square 915849 Computed
-733 CheckPrime 0 Computed
228 Factorial 6392 Computed
-954 Cube -868250664 Computed
-529 Sqrt 23 Computed
-220 NextPrime 2 Computed
266 Square 70756 Computed
409 CheckPrime 1 Computed
-139 Factorial 0 Computed
968 Cube 907039232 Computed
-789 Sqrt 28 Computed
423 NextPrime 431 Computed
378 Square 142884 Computed
459 CheckPrime 0 Computed
266 Factorial 3769 Computed
-14 Cube -2744 Computed
-292 Sqrt 17 Computed
-627 NextPrime 2 Computed
-383 Square 146689 Computed
-627 CheckPrime 0 Computed
-775 Factorial 0 Computed
413 Cube 70444997 Computed
192 Sqrt 13 Computed
798 NextPrime 809 Computed
360 Square 129600 Computed
123 CheckPrime 0 Computed
906 Factorial 1905 Computed
-818 Cube -547343432 Computed
548 Sqrt 23 Computed
-247 NextPrime 2 Computed
356 Square 126736 Computed
-409 CheckPrime 0 Computed
-656 Factorial 0 Computed
537 Cube 154854153 Computed
-527 Sqrt 22 Computed
122 NextPrime 127 Computed
345 Square 119025 Computed
-511 CheckPrime 0 Computed
-743 Factorial 0 Computed
-660 Cube -287496000 Computed
-553 Sqrt 23 Computed
833 NextPrime 839 Computed
698 Square 487204 Computed
-192 CheckPrime 0 Computed
22 Factorial 9852 Computed
893 Cube 712121957 Computed
-104 Sqrt 10 Computed
48 NextPrime 53 Computed
873 Square 762129 Computed
-389 CheckPrime 0 Computed
48 Factorial 3184 Computed
-449 Cube -90518849 Computed
-690 Sqrt 26 Computed
-953 NextPrime 2 Computed
310 Square 96100 Computed
895 CheckPrime 0 Computed
15 Factorial 7528 Computed
543 Cube 160103007 Computed
-166 Sqrt 12 Computed
-774 NextPrime 2 Computed
-42 Square 1764 Computed
-369 CheckPrime 0 Computed
-903 Factorial 0 Computed
914 Cube 763551944 Computed
442 Sqrt 21 Computed
698 NextPrime 701 Computed
972 Square 944784 Computed
925 CheckPrime 0 Computed
-117 Factorial 0 Computed
-681 Cube -315821241 Computed
-855 Sqrt 29 Computed
49 NextPrime 53 Computed
709 Square 502681 Computed
-723 CheckPrime 0 Computed
916 Factorial 6935 Computed
719 Cube 371694959 Computed
954 Sqrt 30 Computed
815 NextPrime 821 Computed
-301 Square 90601 Computed
669 CheckPrime 0 Computed
-876 Factorial 0 Computed
-453 Cube -92959677 Computed
934 Sqrt 30 Computed
253 NextPrime 257 Computed
639 Square 408321 Computed
462 CheckPrime 0 Computed
756 Factorial 7531 Computed
830 Cube 571787000 Computed
-258 Sqrt 16 Computed
529 NextPrime 541 Computed
822 Square 675684 Computed
768 CheckPrime 0 Computed
-283 Factorial 0 Computed
908 Cube 748613312 Computed
-479 Sqrt 21 Computed
-300 NextPrime 2 Computed
429 Square 184041 Computed
101 CheckPrime 1 Computed
-416 Factorial 0 Computed
-555 Cube -170953875 Computed
573 Sqrt 23 Computed
743 NextPrime 751 Computed
9 Square 81 Computed
-174 CheckPrime 0 Computed
-223 Factorial 0 Computed
-5 Cube -125 Computed
-471 Sqrt 21 Computed
-865 NextPrime 2 Computed
-111 Square 12321 Computed
-264 CheckPrime 0 Computed
-67 Factorial 0 Computed
618 Cube 236029032 Computed
-387 Sqrt 19 Computed
-27 NextPrime 2 Computed
-710 Square 504100 Computed
-60 CheckPrime 0 Computed
-403 Factorial 0 Computed
-806 Cube -523606616 Computed
634 Sqrt 25 Computed
46 NextPrime 47 Computed
-387 Square 149769 Computed
891 CheckPrime 0 Computed
-214 Factorial 0 Computed
713 Cube 362467097 Computed
164 Sqrt 12 Computed
558 NextPrime 563 Computed
466 Square 217156 Computed
-292 CheckPrime 0 Computed
854 Factorial 7683 Computed
877 Cube 674526133 Computed
-795 Sqrt 28 Computed
-707 NextPrime 2 Computed
337 Square 113569 Computed
260 CheckPrime 0 Computed
267 Factorial 9023 Computed
-738 Cube -401947272 Computed
-412 Sqrt 20 Computed
-750 NextPrime 2 Computed
-882 Square 777924 Computed
345 CheckPrime 0 Computed
-607 Factorial 0 Computed
720 Cube 373248000 Computed
-191 Sqrt 13 Computed
-516 NextPrime 2 Computed
228 Square 51984 Computed
-22 CheckPrime 0 Computed
-118 Factorial 0 Computed
83 Cube 571787 Computed
-540 Sqrt 23 Computed
802 NextPrime 809 Computed
-568 Square 322624 Computed
-676 CheckPrime 0 Computed
214 Factorial 5326 Computed
647 Cube 270840023 Computed
703 Sqrt 26 Computed
-913 NextPrime 2 Computed
-25 Square 625 Computed
353 CheckPrime 1 Computed
-9 Factorial 0 Computed
-788 Cube -489303872 Computed
-630 Sqrt 25 Computed
-197 NextPrime 2 Computed
794 Square 630436 Computed
667 CheckPrime 0 Computed
-540 Factorial 0 Computed
-615 Cube -232608375 Computed
-458 Sqrt 21 Computed
331 NextPrime 337 Computed
63 Square 3969 Computed
750 CheckPrime 0 Computed
936 Factorial 9569 Computed
198 Cube 7762392 Computed
195 Sqrt 13 Computed
-69 NextPrime 2 Computed
-474 Square 224676 Computed
-980 CheckPrime 0 Computed
265 Factorial 3351 Computed
840 Cube 592704000 Computed
305 Sqrt 17 Computed
-921 NextPrime 2 Computed
412 Square 169744 Computed
695 CheckPrime 0 Computed
-990 Factorial 0 Computed
31 Cube 29791 Computed
-26 Sqrt 5 Computed
580 NextPrime 587 Computed
-394 Square 155236 Computed
-384 CheckPrime 0 Computed
-394 Factorial 0 Computed
197 Cube 7645373 Computed
-871 Sqrt 29 Computed
853 NextPrime 857 Computed
-945 Square 893025 Computed
-208 CheckPrime 0 Computed
-653 Factorial 0 Computed
760 Cube 438976000 Computed
-78 Sqrt 8 Computed
469 NextPrime 479 Computed
35 Square 1225 Computed
633 CheckPrime 0 Computed
813 Factorial 1757 Computed
-461 Cube -97972181 Computed
-180 Sqrt 13 Computed
-899 NextPrime 2 Computed
788 Square 620944 Computed
-92 CheckPrime 0 Computed
-230 Factorial 0 Computed
575 Cube 190109375 Computed
-636 Sqrt 25 Computed
725 NextPrime 727 Computed
869 Square 755161 Computed
86 CheckPrime 0 Computed
-739 Factorial 0 Computed
770 Cube 456533000 Computed
-177 Sqrt 13 Computed
840 NextPrime 853 Computed
-293 Square 85849 Computed
575 CheckPrime 0 Computed
117 Factorial 6701 Computed
87 Cube 658503 Computed
721 Sqrt 26 Computed
-824 NextPrime 2 Computed
-73 Square 5329 Computed
-656 CheckPrime 0 Computed
314 Factorial 8297 Computed
964 Cube 895841344 Computed
-230 Sqrt 15 Computed
982 NextPrime 983 Computed
-757 Square 573049 Computed
319 CheckPrime 0 Computed
186 Factorial 8125 Computed
-650 Cube -274625000 Computed
-896 Sqrt 29 Computed
-616 NextPrime 2 Computed
-982 Square 964324 Computed
834 CheckPrime 0 Computed
735 Factorial 2348 Computed
15 Cube 3375 Computed
895 Sqrt 29 Computed
453 NextPrime 457 Computed
250 Square 62500 Computed
-19 CheckPrime 0 Computed
130 Factorial 610 Computed
-423 Cube -75686967 Computed
658 Sqrt 25 Computed
-232 NextPrime 2 Computed
-895 Square 801025 Computed
291 CheckPrime 0 Computed
32 Factorial 8878 Computed
-42 Cube -74088 Computed
-383 Sqrt 19 Computed
205 NextPrime 211 Computed
-881 Square 776161 Computed
499 CheckPrime 1 Computed
287 Factorial 1870 Computed
-500 Cube -125000000 Computed
-23 Sqrt 4 Computed
122 NextPrime 127 Computed
150 Square 22500 Computed
315 CheckPrime 0 Computed
914 Factorial 3268 Computed
938 Cube 825293672 Computed
-456 Sqrt 21 Computed
-805 NextPrime 2 Computed
813 Square 660969 Computed
-811 CheckPrime 0 Computed
-20 Factorial 0 Computed
-672 Cube -303464448 Computed
-703 Sqrt 26 Computed
851 NextPrime 853 Computed
952 Square 906304 Computed
778 CheckPrime 0 Computed
649 Factorial 179 Computed
-754 Cube -428661064 Computed
449 Sqrt 21 Computed
696 NextPrime 701 Computed
-422 Square 178084 Computed
359 CheckPrime 1 Computed
334 Factorial 2719 Computed
249 Cube 15438249 Computed
-838 Sqrt 28 Computed
233 NextPrime 239 Computed
-594 Square 352836 Computed
-526 CheckPrime 0 Computed
985 Factorial 3403 Computed
822 Cube 555412248 Computed
-180 Sqrt 13 Computed
-674 NextPrime 2 Computed
-167 Square 27889 Computed
867 CheckPrime 0 Computed
-546 Factorial 0 Computed
-581 Cube -196122941 Computed
652 Sqrt 25 Computed
882 NextPrime 883 Computed
775 Square 600625 Computed
-478 CheckPrime 0 Computed
-403 Factorial 0 Computed
571 Cube 186169411 Computed
973 Sqrt 31 Computed
-741 NextPrime 2 Computed
729 Square 531441 Computed
-242 CheckPrime 0 Computed
-366 Factorial 0 Computed
-77 Cube -456533 Computed
-108 Sqrt 10 Computed
-259 NextPrime 2 Computed
-607 Square 368449 Computed
24 CheckPrime 0 Computed
-849 Factorial 0 Computed
457 Cube 95443993 Computed
573 Sqrt 23 Computed
34 NextPrime 37 Computed
126 Square 15876 Computed
101 CheckPrime 1 Computed
402 Factorial 9050 Computed
776 Cube 467288576 Computed
-43 Sqrt 6 Computed
-272 NextPrime 2 Computed
582 Square 338724 Computed
211 CheckPrime 1 Computed
943 Factorial 5045 Computed
954 Cube 868250664 Computed
-406 Sqrt 20 Computed
-499 NextPrime 2 Computed
-690 Square 476100 Computed
98 CheckPrime 0 Computed
121 Factorial 2584 Computed
-545 Cube -161878625 Computed
-213 Sqrt 14 Computed
90 NextPrime 97 Computed
-21 Square 441 Computed
427 CheckPrime 0 Computed
111 Factorial 7927 Computed
234 Cube 12812904 Computed
383 Sqrt 19 Computed
-156 NextPrime 2 Computed
993 Square 986049 Computed
989 CheckPrime 0 Computed
-65 Factorial 0 Computed
-121 Cube -1771561 Computed
-196 Sqrt 14 Computed
173 NextPrime 179 Computed
-646 Square 417316 Computed
649 CheckPrime 0 Computed
-991 Factorial 0 Computed
-549 Cube -165469149 Computed
73 Sqrt 8 Computed
-740 NextPrime 2 Computed
75 Square 5625 Computed
466 CheckPrime 0 Computed
973 Factorial 7638 Computed
-471 Cube -104487111 Computed
-339 Sqrt 18 Computed
-729 NextPrime 2 Computed
-220 Square 48400 Computed
-940 CheckPrime 0 Computed
700 Factorial 5835 Computed
800 Cube 512000000 Computed
-641 Sqrt 25 Computed
-975 NextPrime 2 Computed
-48 Square 2304 Computed
-213 CheckPrime 0 Computed
53 Factorial 2509 Computed
503 Cube 127263527 Computed
996 Sqrt 31 Computed
-20 NextPrime 2 Computed
366 Square 133956 Computed
608 CheckPrime 0 Computed
-234 Factorial 0 Computed
746 Cube 415160936 Computed
385 Sqrt 19 Computed
588 NextPrime 593 Computed
-818 Square 669124 Computed
632 CheckPrime 0 Computed
57 Factorial 7997 Computed
-908 Cube -748613312 Computed
480 Sqrt 21 Computed
24 NextPrime 29 Computed
-20 Square 400 Computed
-899 CheckPrime 0 Computed
-687 Factorial 0 Computed
487 Cube 115501303 Computed
714 Sqrt 26 Computed
390 NextPrime 397 Computed
-378 Square 142884 Computed
271 CheckPrime 1 Computed
297 Factorial 3285 Computed
951 Cube 860085351 Computed
74 Sqrt 8 Computed
417 NextPrime 419 Computed
180 Square 32400 Computed
674 CheckPrime 0 Computed
517 Factorial 1980 Computed
287 Cube 23639903 Computed
167 Sqrt 12 Computed
204 NextPrime 211 Computed
902 Square 813604 Computed
875 CheckPrime 0 Computed
43 Factorial 254 Computed
-890 Cube -704969000 Computed
765 Sqrt 27 Computed
-453 NextPrime 2 Computed
-676 Square 456976 Computed
380 CheckPrime 0 Computed
151 Factorial 4084 Computed
630 Cube 250047000 Computed
-547 Sqrt 23 Computed
-208 NextPrime 2 Computed
-169 Square 28561 Computed
807 CheckPrime 0 Computed
432 Factorial 1225 Computed
683 Cube 318611987 Computed
75 Sqrt 8 Computed
886 NextPrime 887 Computed
-656 Square 430336 Computed
772 CheckPrime 0 Computed
591 Factorial 590 Computed
-2 Cube -8 Computed
-504 Sqrt 22 Computed
-174 NextPrime 2 Computed
-628 Square 394384 Computed
-87 CheckPrime 0 Computed
-606 Factorial 0 Computed
353 Cube 43986977 Computed
-497 Sqrt 22 Computed
-644 NextPrime 2 Computed
-821 Square 674041 Computed
980 CheckPrime 0 Computed
791 Factorial 6608 Computed
-467 Cube -101847563 Computed
-875 Sqrt 29 Computed
25 NextPrime 29 Computed
21 Square 441 Computed
-769 CheckPrime 0 Computed
-6 Factorial 0 Computed
898 Cube 724150792 Computed
-690 Sqrt 26 Computed
-382 NextPrime 2 Computed
231 Square 53361 Computed
-634 CheckPrime 0 Computed
761 Factorial 8743 Computed
-637 Cube -258474853 Computed
182 Sqrt 13 Computed
-38 NextPrime 2 Computed
-845 Square 714025 Computed
662 CheckPrime 0 Computed
-842 Factorial 0 Computed
82 Cube 551368 Computed
291 Sqrt 17 Computed
747 NextPrime 751 Computed
771 Square 594441 Computed
-58 CheckPrime 0 Computed
-359 Factorial 0 Computed
235 Cube 12977875 Computed
-162 Sqrt 12 Computed
780 NextPrime 787 Computed
259 Square 67081 Computed
-967 CheckPrime 0 Computed
184 Factorial 6062 Computed
-492 Cube -119095488 Computed
-737 Sqrt 27 Computed
152 NextPrime 157 Computed
186 Square 34596 Computed
-628 CheckPrime 0 Computed
627 Factorial 3264 Computed
822 Cube 555412248 Computed
-630 Sqrt 25 Computed
-555 NextPrime 2 Computed
-66 Square 4356 Computed
499 CheckPrime 1 Computed
198 Factorial 5251 Computed
-561 Cube -176558481 Computed
446 Sqrt 21 Computed
-561 NextPrime 2 Computed
-912 Square 831744 Computed
122 CheckPrime 0 Computed
986 Factorial 4430 Computed
-417 Cube -72511713 Computed
500 Sqrt 22 Computed
-890 NextPrime 2 Computed
868 Square 753424 Computed
665 CheckPrime 0 Computed
-710 Factorial 0 Computed
-44 Cube -85184 Computed
283 Sqrt 16 Computed
-425 NextPrime 2 Computed
-609 Square 370881 Computed
593 CheckPrime 1 Computed
682 Factorial 7225 Computed
833 Cube 578009537 Computed
431 Sqrt 20 Computed
-689 NextPrime 2 Computed
869 Square 755161 Computed
485 CheckPrime 0 Computed
-872 Factorial 0 Computed
-610 Cube -226981000 Computed
-188 Sqrt 13 Computed
-468 NextPrime 2 Computed
956 Square 913936 Computed
169 CheckPrime 0 Computed
-406 Factorial 0 Computed
-659 Cube -286191179 Computed
156 Sqrt 12 Computed
-817 NextPrime 2 Computed
-833 Square 693889 Computed
-156 CheckPrime 0 Computed
320 Factorial 9764 Computed
-162 Cube -4251528 Computed
-245 Sqrt 15 Computed
700 NextPrime 701 Computed
958 Square 917764 Computed
-663 CheckPrime 0 Computed
101 Factorial 343 Computed
-676 Cube -308915776 Computed
445 Sqrt 21 Computed
-475 NextPrime 2 Computed
180 Square 32400 Computed
-500 CheckPrime 0 Computed
779 Factorial 9632 Computed
-466 Cube -101194696 Computed
265 Sqrt 16 Computed
404 NextPrime 409 Computed
58 Square 3364 Computed
-828 CheckPrime 0 Computed
44 Factorial 1203 Computed
941 Cube 833237621 Computed
277 Sqrt 16 Computed
-496 NextPrime 2 Computed
-175 Square 30625 Computed
484 CheckPrime 0 Computed
848 Factorial 8687 Computed
195 Cube 7414875 Computed
126 Sqrt 11 Computed
805 NextPrime 809 Computed
747 Square 558009 Computed
11 CheckPrime 1 Computed
130 Factorial 610 Computed
277 Cube 21253933 Computed
-419 Sqrt 20 Computed
-757 NextPrime 2 Computed
816 Square 665856 Computed
937 CheckPrime 1 Computed
408 Factorial 7838 Computed
570 Cube 185193000 Computed
-717 Sqrt 26 Computed
507 NextPrime 509 Computed
-805 Square 648025 Computed
776 CheckPrime 0 Computed
-959 Factorial 0 Computed
-346 Cube -41421736 Computed
-390 Sqrt 19 Computed
208 NextPrime 211 Computed
241 Square 58081 Computed
-673 CheckPrime 0 Computed
26 Factorial 7642 Computed
-797 Cube -506261573 Computed
-521 Sqrt 22 Computed
73 NextPrime 79 Computed
63 Square 3969 Computed
891 CheckPrime 0 Computed
770 Factorial 1804 Computed
957 Cube 876467493 Computed
-246 Sqrt 15 Computed
830 NextPrime 839 Computed
630 Square 396900 Computed
420 CheckPrime 0 Computed
773 Factorial 9100 Computed
554 Cube 170031464 Computed
391 Sqrt 19 Computed
381 NextPrime 383 Computed
297 Square 88209 Computed
54 CheckPrime 0 Computed
872 Factorial 321 Computed
207 Cube 8869743 Computed
-175 Sqrt 13 Computed
-361 NextPrime 2 Computed
931 Square 866761 Computed
193 CheckPrime 1 Computed
-723 Factorial 0 Computed
377 Cube 53582633 Computed
-588 Sqrt 24 Computed
763 NextPrime 769 Computed
763 Square 582169 Computed
-958 CheckPrime 0 Computed
298 Factorial 1576 Computed
306 Cube 28652616 Computed
971 Sqrt 31 Computed
75 NextPrime 79 Computed
-189 Square 35721 Computed
286 CheckPrime 0 Computed
-253 Factorial 0 Computed
869 Cube 656234909 Computed
-689 Sqrt 26 Computed
923 NextPrime 929 Computed
190 Square 36100 Computed
182 CheckPrime 0 Computed
-811 Factorial 0 Computed
96 Cube 884736 Computed
-298 Sqrt 17 Computed
-557 NextPrime 2 Computed
233 Square 54289 Computed
66 CheckPrime 0 Computed
-29 Factorial 0 Computed
-784 Cube -481890304 Computed
146 Sqrt 12 Computed
178 NextPrime 179 Computed
284 Square 80656 Computed
-463 CheckPrime 0 Computed
-980 Factorial 0 Computed
-644 Cube -267089984 Computed
-322 Sqrt 17 Computed
306 NextPrime 307 Computed
-720 Square 518400 Computed
-740 CheckPrime 0 Computed
-57 Factorial 0 Computed
-875 Cube -669921875 Computed
157 Sqrt 12 Computed
6 NextPrime 7 Computed
-219 Square 47961 Computed
-999 CheckPrime 0 Computed
-360 Factorial 0 Computed
-252 Cube -16003008 Computed
860 Sqrt 29 Computed
-845 NextPrime 2 Computed
967 Square 935089 Computed
748 CheckPrime 0 Computed
-920 Factorial 0 Computed
587 Cube 202262003 Computed
-645 Sqrt 25 Computed
-847 NextPrime 2 Computed
968 Square 937024 Computed
184 CheckPrime 0 Computed
-487 Factorial 0 Computed
-142 Cube -2863288 Computed
8 Sqrt 2 Computed
896 NextPrime 907 Computed
865 Square 748225 Computed
-524 CheckPrime 0 Computed
231 Factorial 1298 Computed
754 Cube 428661064 Computed
-278 Sqrt 16 Computed
273 NextPrime 277 Computed
61 Square 3721 Computed
735 CheckPrime 0 Computed
-341 Factorial 0 Computed
-560 Cube -175616000 Computed
-97 Sqrt 9 Computed
-111 NextPrime 2 Computed
-564 Square 318096 Computed
-330 CheckPrime 0 Computed
-473 Factorial 0 Computed
763 Cube 444194947 Computed
-688 Sqrt 26 Computed
753 NextPrime 757 Computed
676 Square 456976 Computed
901 CheckPrime 0 Computed
-503 Factorial 0 Computed
-194 Cube -7301384 Computed
-70 Sqrt 8 Computed
-973 NextPrime 2 Computed
-10 Square 100 Computed
-953 CheckPrime 0 Computed
-363 Factorial 0 Computed
-440 Cube -85184000 Computed
-549 Sqrt 23 Computed
501 NextPrime 503 Computed
223 Square 49729 Computed
722 CheckPrime 0 Computed
-309 Factorial 0 Computed
810 Cube 531441000 Computed
-893 Sqrt 29 Computed
374 NextPrime 379 Computed
157 Square 24649 Computed
-289 CheckPrime 0 Computed
925 Factorial 2655 Computed
435 Cube 82312875 Computed
-136 Sqrt 11 Computed
595 NextPrime 599 Computed
941 Square 885481 Computed
912 CheckPrime 0 Computed
749 Factorial 535 Computed
684 Cube 320013504 Computed
561 Sqrt 23 Computed
781 NextPrime 787 Computed
911 Square 829921 Computed
-605 CheckPrime 0 Computed
941 Factorial 9319 Computed
-468 Cube -102503232 Computed
912 Sqrt 30 Computed
-356 NextPrime 2 Computed
-112 Square 12544 Computed
440 CheckPrime 0 Computed
536 Factorial 5980 Computed
766 Cube 449455096 Computed
-208 Sqrt 14 Computed
-799 NextPrime 2 Computed
662 Square 438244 Computed
-772 CheckPrime 0 Computed
599 Factorial 9649 Computed
231 Cube 12326391 Computed
-989 Sqrt 31 Computed
-365 NextPrime 2 Computed
434 Square 188356 Computed
437 CheckPrime 0 Computed
651 Factorial 8888 Computed
381 Cube 55306341 Computed
-162 Sqrt 12 Computed
-454 NextPrime 2 Computed
620 Square 384400 Computed
-876 CheckPrime 0 Computed
47 Factorial 6715 Computed
-852 Cube -618470208 Computed
-956 Sqrt 30 Computed
910 NextPrime 911 Computed
693 Square 480249 Computed
61 CheckPrime 1 Computed
-135 Factorial 0 Computed
-355 Cube -44738875 Computed
-605 Sqrt 24 Computed
-437 NextPrime 2 Computed
188 Square 35344 Computed
-279 CheckPrime 0 Computed
67 Factorial 6620 Computed
272 Cube 20123648 Computed
253 Sqrt 15 Computed
914 NextPrime 919 Computed
683 Square 466489 Computed
289 CheckPrime 0 Computed
425 Factorial 8229 Computed
-547 Cube -163667323 Computed
-387 Sqrt 19 Computed
-910 NextPrime 2 Computed
-763 Square 582169 Computed
311 CheckPrime 1 Computed
926 Factorial 5172 Computed
-880 Cube -681472000 Computed
192 Sqrt 13 Computed
953 NextPrime 967 Computed
589 Square 346921 Computed
-975 CheckPrime 0 Computed
163 Factorial 7617 Computed
138 Cube 2628072 Computed
20 Sqrt 4 Computed
-996 NextPrime 2 Computed
634 Square 401956 Computed
193 CheckPrime 1 Computed
-304 Factorial 0 Computed
322 Cube 33386248 Computed
-694 Sqrt 26 Computed
769 NextPrime 773 Computed
-752 Square 565504 Computed
-406 CheckPrime 0 Computed
647 Factorial 6075 Computed
-952 Cube -862801408 Computed
-111 Sqrt 10 Computed
797 NextPrime 809 Computed
-241 Square 58081 Computed
357 CheckPrime 0 Computed
-649 Factorial 0 Computed
-45 Cube -91125 Computed
-889 Sqrt 29 Computed
747 NextPrime 751 Computed
-799 Square 638401 Computed
762 CheckPrime 0 Computed
-548 Factorial 0 Computed
-353 Cube -43986977 Computed
389 Sqrt 19 Computed
461 NextPrime 463 Computed
296 Square 87616 Computed
-702 CheckPrime 0 Computed
323 Factorial 781 Computed
-124 Cube -1906624 Computed
-166 Sqrt 12 Computed
138 NextPrime 139 Computed
-725 Square 525625 Computed
-813 CheckPrime 0 Computed
624 Factorial 7810 Computed
-481 Cube -111284641 Computed
552 Sqrt 23 Computed
-231 NextPrime 2 Computed
-996 Square 992016 Computed
-349 CheckPrime 0 Computed
-682 Factorial 0 Computed
543 Cube 160103007 Computed
-862 Sqrt 29 Computed
-693 NextPrime 2 Computed
-105 Square 11025 Computed
490 CheckPrime 0 Computed
593 Factorial 3776 Computed
635 Cube 256047875 Computed
362 Sqrt 19 Computed
-674 NextPrime 2 Computed
-746 Square 556516 Computed
790 CheckPrime 0 Computed
-275 Factorial 0 Computed
-774 Cube -463684824 Computed
692 Sqrt 26 Computed
-214 NextPrime 2 Computed
-350 Square 122500 Computed
697 CheckPrime 0 Computed
-490 Factorial 0 Computed
12 Cube 1728 Computed
208 Sqrt 14 Computed
151 NextPrime 157 Computed
-596 Square 355216 Computed
-233 CheckPrime 0 Computed
215 Factorial 8168 Computed
-721 Cube -374805361 Computed
583 Sqrt 24 Computed
-616 NextPrime 2 Computed
393 Square 154449 Computed
474 CheckPrime 0 Computed
-715 Factorial 0 Computed
-341 Cube -39651821 Computed
251 Sqrt 15 Computed
-952 NextPrime 2 Computed
969 Square 938961 Computed
192 CheckPrime 0 Computed
61 Factorial 6738 Computed
457 Cube 95443993 Computed
747 Sqrt 27 Computed
751 NextPrime 757 Computed
-360 Square 129600 Computed
-687 CheckPrime 0 Computed
-782 Factorial 0 Computed
315 Cube 31255875 Computed
-22 Sqrt 4 Computed
739 NextPrime 743 Computed
-509 Square 259081 Computed
-777 CheckPrime 0 Computed
-657 Factorial 0 Computed
145 Cube 3048625 Computed
955 Sqrt 30 Computed
-489 NextPrime 2 Computed
425 Square 180625 Computed
277 CheckPrime 1 Computed
818 Factorial 8424 Computed
-604 Cube -220348864 Computed
358 Sqrt 18 Computed
788 NextPrime 797 Computed
-908 Square 824464 Computed
421 CheckPrime 1 Computed
755 Factorial 7991 Computed
122 Cube 1815848 Computed
-973 Sqrt 31 Computed
-947 NextPrime 2 Computed
741 Square 549081 Computed
-191 CheckPrime 0 Computed
278 Factorial 8247 Computed
870 Cube 658503000 Computed
-76 Sqrt 8 Computed
-267 NextPrime 2 Computed
-786 Square 617796 Computed
-903 CheckPrime 0 Computed
-407 Factorial 0 Computed
992 Cube 976191488 Computed
479 Sqrt 21 Computed
176 NextPrime 179 Computed
-746 Square 556516 Computed
-225 CheckPrime 0 Computed
408 Factorial 7838 Computed
-981 Cube -944076141 Computed
728 Sqrt 26 Computed
-602 NextPrime 2 Computed
981 Square 962361 Computed
365 CheckPrime 0 Computed
184 Factorial 6062 Computed
438 Cube 84027672 Computed
-918 Sqrt 30 Computed
-462 NextPrime 2 Computed
-390 Square 152100 Computed
495 CheckPrime 0 Computed
-988 Factorial 0 Computed
-849 Cube -611960049 Computed
-738 Sqrt 27 Computed
-318 NextPrime 2 Computed
145 Square 21025 Computed
386 CheckPrime 0 Computed
962 Factorial 958 Computed
-47 Cube -103823 Computed
-8 Sqrt 2 Computed
953 NextPrime 967 Computed
-92 Square 8464 Computed
559 CheckPrime 0 Computed
753 Factorial 9009 Computed
-107 Cube -1225043 Computed
-515 Sqrt 22 Computed
-586 NextPrime 2 Computed
196 Square 38416 Computed
74 CheckPrime 0 Computed
649 Factorial 179 Computed
941 Cube 833237621 Computed
-526 Sqrt 22 Computed
-244 NextPrime 2 Computed
735 Square 540225 Computed
548 CheckPrime 0 Computed
43 Factorial 254 Computed
914 Cube 763551944 Computed
545 Sqrt 23 Computed
628 NextPrime 631 Computed
850 Square 722500 Computed
493 CheckPrime 0 Computed
551 Factorial 7968 Computed
-736 Cube -398688256 Computed
-770 Sqrt 27 Computed
-422 NextPrime 2 Computed
893 Square 797449 Computed
-263 CheckPrime 0 Computed
810 Factorial 6856 Computed
-439 Cube -84604519 Computed
-319 Sqrt 17 Computed
796 NextPrime 797 Computed
134 Square 17956 Computed
280 CheckPrime 0 Computed
-669 Factorial 0 Computed
-967 Cube -904231063 Computed
409 Sqrt 20 Computed
-604 NextPrime 2 Computed
332 Square 110224 Computed
549 CheckPrime 0 Computed
-262 Factorial 0 Computed
755 Cube 430368875 Computed
-746 Sqrt 27 Computed
-101 NextPrime 2 Computed
-650 Square 422500 Computed
-919 CheckPrime 0 Computed
-901 Factorial 0 Computed
95 Cube 857375 Computed
147 Sqrt 12 Computed
-930 NextPrime 2 Computed
-938 Square 879844 Computed
-593 CheckPrime 0 Computed
171 Factorial 380 Computed
-980 Cube -941192000 Computed
-995 Sqrt 31 Computed
-746 NextPrime 2 Computed
-12 Square 144 Computed
-815 CheckPrime 0 Computed
-844 Factorial 0 Computed
-805 Cube -521660125 Computed
778 Sqrt 27 Computed
903 NextPrime 907 Computed
-760 Square 577600 Computed
-376 CheckPrime 0 Computed
977 Factorial 1164 Computed
-837 Cube -586376253 Computed
466 Sqrt 21 Computed
-701 NextPrime 2 Computed
-871 Square 758641 Computed
-660 CheckPrime 0 Computed
-992 Factorial 0 Computed
282 Cube 22425768 Computed
95 Sqrt 9 Computed
-575 NextPrime 2 Computed
368 Square 135424 Computed
875 CheckPrime 0 Computed
762 Factorial 202 Computed
-318 Cube -32157432 Computed
-253 Sqrt 15 Computed
830 NextPrime 839 Computed
-347 Square 120409 Computed
602 CheckPrime 0 Computed
347 Factorial 6289 Computed
-205 Cube -8615125 Computed
618 Sqrt 24 Computed
-522 NextPrime 2 Computed
914 Square 835396 Computed
-702 CheckPrime 0 Computed
59 Factorial 9795 Computed
-156 Cube -3796416 Computed
485 Sqrt 22 Computed
-818 NextPrime 2 Computed
-118 Square 13924 Computed
875 CheckPrime 0 Computed
215 Factorial 8168 Computed
-245 Cube -14706125 Computed
343 Sqrt 18 Computed
-390 NextPrime 2 Computed
-415 Square 172225 Computed
105 CheckPrime 0 Computed
4 Factorial 24 Computed
443 Cube 86938307 Computed
483 Sqrt 21 Computed
-463 NextPrime 2 Computed
348 Square 121104 Computed
83 CheckPrime 1 Computed
-142 Factorial 0 Computed
41 Cube 68921 Computed
-657 Sqrt 25 Computed
-93 NextPrime 2 Computed
460 Square 211600 Computed
-328 CheckPrime 0 Computed
-352 Factorial 0 Computed
-722 Cube -376367048 Computed
-285 Sqrt 16 Computed
-695 NextPrime 2 Computed
317 Square 100489 Computed
657 CheckPrime 0 Computed
-65 Factorial 0 Computed
-958 Cube -879217912 Computed
-361 Sqrt 19 Computed
498 NextPrime 499 Computed
547 Square 299209 Computed
-805 CheckPrime 0 Computed
373 Factorial 1188 Computed
947 Cube 849278123 Computed
963 Sqrt 31 Computed
