100146 Sqrt 316 Computed
100139 Sqrt 316 Computed
100171 Sqrt 316 Computed
100099 Sqrt 316 Computed
100111 Sqrt 316 Computed
100047 Sqrt 316 Computed
100012 Sqrt 316 Computed
100011 Sqrt 316 Computed
100202 Sqrt 316 Computed
100224 Sqrt 316 Computed
100078 Sqrt 316 Computed
100010 Sqrt 316 Computed
100167 Sqrt 316 Computed
100193 Sqrt 316 Computed
100214 Sqrt 316 Computed
100018 Sqrt 316 Computed
100034 Sqrt 316 Computed
100043 Sqrt 316 Computed
100179 Sqrt 316 Computed
100167 Sqrt 316 Computed
100082 Sqrt 316 Computed
100195 Sqrt 316 Computed
100042 Sqrt 316 Computed
100203 Sqrt 316 Computed
100054 Sqrt 316 Computed
100079 Sqrt 316 Computed
100012 Sqrt 316 Computed
100027 Sqrt 316 Computed
100034 Sqrt 316 Computed
100144 Sqrt 316 Computed
100066 Sqrt 316 Computed
100167 Sqrt 316 Computed
100014 Sqrt 316 Computed
100027 Sqrt 316 Computed
100105 Sqrt 316 Computed
100046 Sqrt 316 Computed
100018 Sqrt 316 Computed
100179 Sqrt 316 Computed
100122 Sqrt 316 Computed
100118 Sqrt 316 Computed
100043 Sqrt 316 Computed
100051 Sqrt 316 Computed
100192 Sqrt 316 Computed
100147 Sqrt 316 Computed
100208 Sqrt 316 Computed
100076 Sqrt 316 Computed
100178 Sqrt 316 Computed
100179 Sqrt 316 Computed
100219 Sqrt 316 Computed
100127 Sqrt 316 Computed
100146 Sqrt 316 Computed
100139 Sqrt 316 Computed
100171 Sqrt 316 Computed
100099 Sqrt 316 Computed
100111 Sqrt 316 Computed
100047 Sqrt 316 Computed
100012 Sqrt 316 Computed
100011 Sqrt 316 Computed
100202 Sqrt 316 Computed
100224 Sqrt 316 Computed
100078 Sqrt 316 Computed
100010 Sqrt 316 Computed
100167 Sqrt 316 Computed
100193 Sqrt 316 Computed
100214 Sqrt 316 Computed
100018 Sqrt 316 Computed
100034 Sqrt 316 Computed
100043 Sqrt 316 Computed
100179 Sqrt 316 Computed
100167 Sqrt 316 Computed
100082 Sqrt 316 Computed
100195 Sqrt 316 Computed
100042 Sqrt 316 Computed
100203 Sqrt 316 Computed
100054 Sqrt 316 Computed
100079 Sqrt 316 Computed
100012 Sqrt 316 Computed
100027 Sqrt 316 Computed
100034 Sqrt 316 Computed
100144 Sqrt 316 Computed
100066 Sqrt 316 Computed
100167 Sqrt 316 Computed
100014 Sqrt 316 Computed
100027 Sqrt 316 Computed
100105 Sqrt 316 Computed
100046 Sqrt 316 Computed
100018 Sqrt 316 Computed
100179 Sqrt 316 Computed
100122 Sqrt 316 Computed
100118 Sqrt 316 Computed
100043 Sqrt 316 Computed
100051 Sqrt 316 Computed
100192 Sqrt 316 Computed
100147 Sqrt 316 Computed
100208 Sqrt 316 Computed
100076 Sqrt 316 Computed
100178 Sqrt 316 Computed
100179 Sqrt 316 Computed
100219 Sqrt 316 Computed
100127 Sqrt 316 Computed
