-228 CheckPrime 0 Computed
-323 NextPrime 2 Computed
182 Cube 6028568 Computed
779 CheckPrime 0 Computed
260 CheckPrime 0 Computed
-69 Factorial 0 Computed
-506 Factorial 0 Computed
253 Factorial 7105 Computed
130 NextPrime 131 Computed
32 Cube 32768 Computed
488 Factorial 9075 Computed
-36 Cube -46656 Computed
725 NextPrime 727 Computed
-69 NextPrime 2 Computed
-438 NextPrime 2 Computed
-327 Cube -34965783 Computed
-856 NextPrime 2 Computed
-436 CheckPrime 0 Computed
-662 Factorial 0 Computed
-788 Cube -489303872 Computed
401 NextPrime 409 Computed
791 NextPrime 797 Computed
159 Factorial 3741 Computed
-187 NextPrime 2 Computed
682 Factorial 7225 Computed
392 CheckPrime 0 Computed
808 Factorial 8145 Computed
52 Factorial 9644 Computed
-503 NextPrime 2 Computed
260 Factorial 4948 Computed
-301 Cube -27270901 Computed
-844 Cube -601211584 Computed
778 NextPrime 787 Computed
157 Factorial 2388 Computed
341 Cube 39651821 Computed
-291 NextPrime 2 Computed
451 CheckPrime 0 Computed
-949 Cube -854670349 Computed
57 CheckPrime 0 Computed
-402 NextPrime 2 Computed
-641 NextPrime 2 Computed
-404 Factorial 0 Computed
-773 CheckPrime 0 Computed
-884 NextPrime 2 Computed
-110 Cube -1331000 Computed
-950 Cube -857375000 Computed
-82 Cube -551368 Computed
-205 Factorial 0 Computed
38 Factorial 3366 Computed
-169 CheckPrime 0 Computed
246 CheckPrime 0 Computed
-680 Factorial 0 Computed
-512 CheckPrime 0 Computed
911 CheckPrime 1 Computed
-659 NextPrime 2 Computed
305 Cube 28372625 Computed
773 Cube 461889917 Computed
108 Factorial 8379 Computed
3 CheckPrime 1 Computed
-292 Cube -24897088 Computed
616 CheckPrime 0 Computed
14 Cube 2744 Computed
158 CheckPrime 0 Computed
-202 Factorial 0 Computed
916 NextPrime 919 Computed
-401 NextPrime 2 Computed
-392 NextPrime 2 Computed
770 Factorial 1804 Computed
591 Cube 206425071 Computed
509 NextPrime 521 Computed
-638 Cube -259694072 Computed
887 CheckPrime 1 Computed
608 Factorial 5667 Computed
-627 NextPrime 2 Computed
-436 NextPrime 2 Computed
-566 NextPrime 2 Computed
-11 NextPrime 2 Computed
15 Factorial 7528 Computed
933 NextPrime 937 Computed
-551 Cube -167284151 Computed
-161 CheckPrime 0 Computed
-257 CheckPrime 0 Computed
-448 Cube -89915392 Computed
676 Cube 308915776 Computed
684 NextPrime 691 Computed
704 Factorial 1833 Computed
-530 NextPrime 2 Computed
400 Cube 64000000 Computed
-29 CheckPrime 0 Computed
936 Factorial 9569 Computed
-485 Cube -114084125 Computed
-435 CheckPrime 0 Computed
322 NextPrime 331 Computed
28 CheckPrime 0 Computed
584 NextPrime 587 Computed
-565 Factorial 0 Computed
-810 Factorial 0 Computed
756 CheckPrime 0 Computed
-711 Factorial 0 Computed
-897 CheckPrime 0 Computed
-708 Factorial 0 Computed
105 CheckPrime 0 Computed
-915 NextPrime 2 Computed
-475 CheckPrime 0 Computed
-813 Factorial 0 Computed
604 NextPrime 607 Computed
485 NextPrime 487 Computed
817 Factorial 4692 Computed
358 NextPrime 359 Computed
-336 CheckPrime 0 Computed
-468 NextPrime 2 Computed
446 Factorial 9144 Computed
-313 Factorial 0 Computed
360 NextPrime 367 Computed
-961 CheckPrime 0 Computed
-967 CheckPrime 0 Computed
634 Cube 254840104 Computed
-381 CheckPrime 0 Computed
-90 CheckPrime 0 Computed
700 NextPrime 701 Computed
180 NextPrime 181 Computed
43 Cube 79507 Computed
983 Cube 949862087 Computed
327 CheckPrime 0 Computed
772 Cube 460099648 Computed
-412 Cube -69934528 Computed
247 Factorial 4648 Computed
-347 Factorial 0 Computed
272 Factorial 4615 Computed
879 CheckPrime 0 Computed
-705 Factorial 0 Computed
18 Factorial 6853 Computed
178 NextPrime 179 Computed
90 Factorial 7477 Computed
530 NextPrime 541 Computed
988 Cube 964430272 Computed
264 NextPrime 269 Computed
402 CheckPrime 0 Computed
-855 CheckPrime 0 Computed
312 Factorial 745 Computed
443 NextPrime 449 Computed
-685 NextPrime 2 Computed
-461 Cube -97972181 Computed
616 Factorial 1795 Computed
-623 CheckPrime 0 Computed
924 CheckPrime 0 Computed
-46 CheckPrime 0 Computed
635 Cube 256047875 Computed
-259 Factorial 0 Computed
-675 Cube -307546875 Computed
289 Cube 24137569 Computed
-541 Factorial 0 Computed
584 Cube 199176704 Computed
-4 Cube -64 Computed
-406 Cube -66923416 Computed
83 Factorial 9799 Computed
-193 Factorial 0 Computed
-686 Cube -322828856 Computed
649 CheckPrime 0 Computed
844 NextPrime 853 Computed
-516 Factorial 0 Computed
-55 Factorial 0 Computed
-443 NextPrime 2 Computed
-873 CheckPrime 0 Computed
526 Factorial 3318 Computed
958 Factorial 8517 Computed
-505 NextPrime 2 Computed
651 Factorial 8888 Computed
-374 Factorial 0 Computed
352 CheckPrime 0 Computed
96 Factorial 418 Computed
835 Factorial 8542 Computed
159 NextPrime 163 Computed
-114 Cube -1481544 Computed
-445 NextPrime 2 Computed
-685 NextPrime 2 Computed
-65 Cube -274625 Computed
135 NextPrime 137 Computed
-963 CheckPrime 0 Computed
-3 CheckPrime 0 Computed
-56 NextPrime 2 Computed
-266 Cube -18821096 Computed
-559 CheckPrime 0 Computed
-67 Cube -300763 Computed
910 Factorial 4840 Computed
623 Factorial 1387 Computed
303 CheckPrime 0 Computed
623 NextPrime 631 Computed
-839 Cube -590589719 Computed
-382 Cube -55742968 Computed
-864 Cube -644972544 Computed
16 NextPrime 17 Computed
-507 NextPrime 2 Computed
-223 Cube -11089567 Computed
-453 Cube -92959677 Computed
123 Factorial 480 Computed
625 NextPrime 631 Computed
314 Cube 30959144 Computed
115 NextPrime 127 Computed
-565 NextPrime 2 Computed
-240 CheckPrime 0 Computed
76 CheckPrime 0 Computed
781 CheckPrime 0 Computed
-773 CheckPrime 0 Computed
-12 CheckPrime 0 Computed
-258 CheckPrime 0 Computed
-821 Factorial 0 Computed
-875 Cube -669921875 Computed
-679 NextPrime 2 Computed
560 Factorial 4553 Computed
-166 Factorial 0 Computed
757 Factorial 6384 Computed
84 CheckPrime 0 Computed
513 Factorial 497 Computed
969 CheckPrime 0 Computed
-994 Cube -982107784 Computed
77 CheckPrime 0 Computed
-624 NextPrime 2 Computed
412 Factorial 9922 Computed
-26 Factorial 0 Computed
-80 Cube -512000 Computed
30 NextPrime 31 Computed
-787 Cube -487443403 Computed
90 Cube 729000 Computed
55 NextPrime 59 Computed
6 Factorial 720 Computed
-83 Factorial 0 Computed
453 CheckPrime 0 Computed
512 Cube 134217728 Computed
515 NextPrime 521 Computed
-522 Cube -142236648 Computed
465 Factorial 9487 Computed
789 NextPrime 797 Computed
273 CheckPrime 0 Computed
-909 Factorial 0 Computed
-685 CheckPrime 0 Computed
-767 NextPrime 2 Computed
492 Factorial 9022 Computed
-315 NextPrime 2 Computed
587 CheckPrime 1 Computed
-832 Cube -575930368 Computed
-55 NextPrime 2 Computed
-991 CheckPrime 0 Computed
876 CheckPrime 0 Computed
37 NextPrime 41 Computed
-787 NextPrime 2 Computed
-258 NextPrime 2 Computed
707 CheckPrime 0 Computed
440 NextPrime 443 Computed
599 CheckPrime 1 Computed
-240 Factorial 0 Computed
-506 NextPrime 2 Computed
676 NextPrime 677 Computed
704 Factorial 1833 Computed
228 Factorial 6392 Computed
-318 NextPrime 2 Computed
827 NextPrime 829 Computed
-375 Factorial 0 Computed
-573 Cube -188132517 Computed
965 Factorial 8071 Computed
-629 Cube -248858189 Computed
959 Cube 881974079 Computed
989 Cube 967361669 Computed
-8 CheckPrime 0 Computed
439 Factorial 4409 Computed
-739 CheckPrime 0 Computed
64 Cube 262144 Computed
-376 Factorial 0 Computed
506 CheckPrime 0 Computed
-136 Cube -2515456 Computed
-922 NextPrime 2 Computed
-592 NextPrime 2 Computed
-820 Cube -551368000 Computed
-426 Factorial 0 Computed
-302 Cube -27543608 Computed
315 CheckPrime 0 Computed
-717 CheckPrime 0 Computed
-630 CheckPrime 0 Computed
-599 Factorial 0 Computed
-970 Cube -912673000 Computed
-934 CheckPrime 0 Computed
257 Cube 16974593 Computed
660 NextPrime 661 Computed
185 NextPrime 191 Computed
-614 Factorial 0 Computed
209 Factorial 770 Computed
-504 Factorial 0 Computed
-541 CheckPrime 0 Computed
550 Cube 166375000 Computed
-133 Cube -2352637 Computed
392 CheckPrime 0 Computed
-680 CheckPrime 0 Computed
682 CheckPrime 0 Computed
-704 CheckPrime 0 Computed
-203 NextPrime 2 Computed
309 Cube 29503629 Computed
-779 CheckPrime 0 Computed
-59 NextPrime 2 Computed
617 Cube 234885113 Computed
-277 Cube -21253933 Computed
955 CheckPrime 0 Computed
-541 Cube -158340421 Computed
616 NextPrime 617 Computed
-87 Cube -658503 Computed
-53 Cube -148877 Computed
557 Factorial 7535 Computed
-348 Cube -42144192 Computed
-5 Factorial 0 Computed
45 CheckPrime 0 Computed
136 NextPrime 137 Computed
944 Cube 841232384 Computed
-556 CheckPrime 0 Computed
333 Cube 36926037 Computed
-31 Factorial 0 Computed
-92 Factorial 0 Computed
166 CheckPrime 0 Computed
243 Cube 14348907 Computed
-674 Cube -306182024 Computed
-472 CheckPrime 0 Computed
-882 CheckPrime 0 Computed
-476 NextPrime 2 Computed
981 NextPrime 983 Computed
-349 Factorial 0 Computed
745 Factorial 9629 Computed
-313 CheckPrime 0 Computed
64 NextPrime 67 Computed
-647 Factorial 0 Computed
404 CheckPrime 0 Computed
175 CheckPrime 0 Computed
641 CheckPrime 1 Computed
836 CheckPrime 0 Computed
-679 Cube -313046839 Computed
-615 Cube -232608375 Computed
-707 Cube -353393243 Computed
568 Factorial 3519 Computed
635 CheckPrime 0 Computed
-854 CheckPrime 0 Computed
818 Cube 547343432 Computed
-564 Factorial 0 Computed
-299 CheckPrime 0 Computed
-731 Factorial 0 Computed
848 Cube 609800192 Computed
735 NextPrime 739 Computed
445 Factorial 423 Computed
231 Cube 12326391 Computed
-436 Factorial 0 Computed
-670 CheckPrime 0 Computed
-98 Factorial 0 Computed
-540 Cube -157464000 Computed
192 Factorial 6012 Computed
293 CheckPrime 1 Computed
-40 NextPrime 2 Computed
6 NextPrime 7 Computed
-948 Cube -851971392 Computed
29 NextPrime 31 Computed
-202 Factorial 0 Computed
-292 NextPrime 2 Computed
837 CheckPrime 0 Computed
-738 CheckPrime 0 Computed
37 Factorial 7962 Computed
-678 CheckPrime 0 Computed
396 Cube 62099136 Computed
-400 Cube -64000000 Computed
177 CheckPrime 0 Computed
-872 Factorial 0 Computed
-911 CheckPrime 0 Computed
-849 CheckPrime 0 Computed
-118 Cube -1643032 Computed
667 Cube 296740963 Computed
63 CheckPrime 0 Computed
995 Cube 985074875 Computed
297 Cube 26198073 Computed
-882 Cube -686128968 Computed
-162 Factorial 0 Computed
98 CheckPrime 0 Computed
-707 NextPrime 2 Computed
577 NextPrime 587 Computed
305 Factorial 2453 Computed
200 CheckPrime 0 Computed
788 Cube 489303872 Computed
28 NextPrime 29 Computed
-848 CheckPrime 0 Computed
-286 Cube -23393656 Computed
-314 Cube -30959144 Computed
295 CheckPrime 0 Computed
-616 Cube -233744896 Computed
592 CheckPrime 0 Computed
419 NextPrime 421 Computed
353 Cube 43986977 Computed
-437 CheckPrime 0 Computed
-597 NextPrime 2 Computed
404 Cube 65939264 Computed
920 Cube 778688000 Computed
678 Cube 311665752 Computed
725 Factorial 9306 Computed
-148 Factorial 0 Computed
335 Cube 37595375 Computed
268 Factorial 4698 Computed
-450 NextPrime 2 Computed
-330 CheckPrime 0 Computed
