10002 NextPrime 10007 Computed
10002 Fibonacci 1325 Computed
10001 NextPrime 10007 Computed
10001 Fibonacci 3042 Computed
10001 NextPrime 10007 FromCache
10000 Fibonacci 8256 Computed
10000 NextPrime 10007 Computed
10000 Fibonacci 8256 FromCache
10001 NextPrime 10007 FromCache
10001 Fibonacci 3042 FromCache
